    Checking semio-framework-async v0.1.0 (/Users/ueli/Documents/semio/🧰️framework/🔨️modules/⏳️async/📦️packages/🦀️rust)
    Checking semio-framework-ui-styling v0.1.0 (/Users/ueli/Documents/semio/🧰️framework/🔨️modules/🖱️ui/🎨️styling/📦️packages/🦀️rust)
    Checking lazy_static v1.5.0
    Checking byteorder v1.5.0
    Checking gltf-json v1.4.1
   Compiling semio-framework-ui v0.1.0 (/Users/ueli/Documents/semio/🧰️framework/🔨️modules/🖱️ui/📦️packages/🦀️rust)
    Checking bitflags v2.11.1
    Checking semio-framework-os-kernel-neural-engine v0.1.0 (/Users/ueli/Documents/semio/🧰️framework/🛍️products/💻️os/🔨️modules/🧠️neural/⚙️engine/📦️packages/🦀️rust)
    Checking semio-framework-number v0.1.0 (/Users/ueli/Documents/semio/🧰️framework/🔨️modules/🔢️number/📦️packages/🦀️rust)
    Checking semio-framework-pack v0.1.0 (/Users/ueli/Documents/semio/🧰️framework/🔨️modules/🎒️pack/📦️packages/🦀️rust)
    Checking semio-framework-job v0.1.0 (/Users/ueli/Documents/semio/🧰️framework/🔨️modules/🧵️job/📦️packages/🦀️rust)
    Checking semio-framework-ui-contract v0.1.0 (/Users/ueli/Documents/semio/🧰️framework/🔨️modules/🖱️ui/🧬️contract/📦️packages/🦀️rust)
    Checking gltf v1.4.1
    Checking wit-bindgen v0.57.1
    Checking semio-framework-actor v0.1.0 (/Users/ueli/Documents/semio/🧰️framework/🔨️modules/🎭️actor/📦️packages/🦀️rust)
    Checking semio-framework-os-kernel v0.1.0 (/Users/ueli/Documents/semio/🧰️framework/🛍️products/💻️os/📦️packages/🦀️rust)
    Checking semio-framework-ui-scene v0.1.0 (/Users/ueli/Documents/semio/🧰️framework/🔨️modules/🖱️ui/🎬️scene/📦️packages/🦀️rust)
    Checking semio-framework-ui-runtime v0.1.0 (/Users/ueli/Documents/semio/🧰️framework/🔨️modules/🖱️ui/🧠️runtime/📦️packages/🦀️rust)
    Checking semio-framework-mesh-engine v0.1.0 (/Users/ueli/Documents/semio/🧰️framework/🔨️modules/🔺️mesh-engine/📦️packages/🦀️rust)
    Checking semio-framework-schema v0.1.0 (/Users/ueli/Documents/semio/🧰️framework/🔨️modules/🧬️schema/📦️packages/🦀️rust)
    Checking semio-framework-3d v0.1.0 (/Users/ueli/Documents/semio/🧰️framework/🔨️modules/🧊️3d/📦️packages/🦀️rust)
    Checking semio-framework-graph v0.1.0 (/Users/ueli/Documents/semio/🧰️framework/🔨️modules/🕸️graph/📦️packages/🦀️rust)
    Checking semio-framework v0.1.0 (/Users/ueli/Documents/semio/🧰️framework/📦️packages/🦀️rust)
    Checking semio-framework-plugin v0.1.0 (/Users/ueli/Documents/semio/🧰️framework/🛍️products/💻️os/🔨️modules/🔌️plugin/📦️packages/🦀️rust)
    Checking semio-s-plugin-stdio v0.1.0 (/Users/ueli/Documents/semio/✏️s/🔌️plugins/🗄️stdio/📦️packages/🦀️rust)
    Finished `release` profile [optimized] target(s) in 4m 30s
