    Checking slab v0.4.12
   Compiling memchr v2.8.0
    Checking futures-core v0.3.32
    Checking futures-sink v0.3.32
    Checking futures-task v0.3.32
   Compiling itoa v1.0.18
    Checking zip v2.4.2
    Checking tokio v1.52.3
    Checking semio-framework-pack v0.1.0 (/Users/ueli/Documents/semio/🧰️framework/🔨️modules/🎒️pack/📦️packages/🦀️rust)
   Compiling serde v1.0.228
    Checking semio-framework-hash v0.1.0 (/Users/ueli/Documents/semio/🧰️framework/🔨️modules/#⃣hash/📦️packages/🦀️rust)
   Compiling semio-framework-os-kernel-dsl-derive v0.1.0 (/Users/ueli/Documents/semio/🧰️framework/🛍️products/💻️os/🔨️modules/🗣️dsl/✨️derive/📦️packages/🦀️rust)
    Checking semio-framework-ui-styling v0.1.0 (/Users/ueli/Documents/semio/🧰️framework/🔨️modules/🖱️ui/🎨️styling/📦️packages/🦀️rust)
   Compiling leb128fmt v0.1.0
   Compiling unicode-xid v0.2.6
   Compiling log v0.4.29
   Compiling id-arena v2.3.0
    Checking semio-framework-ui-contract v0.1.0 (/Users/ueli/Documents/semio/🧰️framework/🔨️modules/🖱️ui/🧬️contract/📦️packages/🦀️rust)
   Compiling inflections v1.1.1
   Compiling heck v0.5.0
   Compiling wit-bindgen-rust v0.57.1
   Compiling prettyplease v0.2.37
    Checking futures-util v0.3.32
    Checking semio-framework-job v0.1.0 (/Users/ueli/Documents/semio/🧰️framework/🔨️modules/🧵️job/📦️packages/🦀️rust)
   Compiling semio-framework-ui v0.1.0 (/Users/ueli/Documents/semio/🧰️framework/🔨️modules/🖱️ui/📦️packages/🦀️rust)
    Checking lazy_static v1.5.0
   Compiling serde_json v1.0.149
   Compiling wasm-encoder v0.247.0
    Checking byteorder v1.5.0
   Compiling wit-bindgen-rust-macro v0.57.1
    Checking semio-framework-ui-scene v0.1.0 (/Users/ueli/Documents/semio/🧰️framework/🔨️modules/🖱️ui/🎬️scene/📦️packages/🦀️rust)
   Compiling macro-string v0.2.0
   Compiling gltf-derive v1.4.1
   Compiling pkg-config v0.3.33
   Compiling wit-bindgen v0.57.1
   Compiling vcpkg v0.2.15
    Checking gltf-json v1.4.1
   Compiling semio-framework-schema v0.1.0 (/Users/ueli/Documents/semio/🧰️framework/🔨️modules/🧬️schema/📦️packages/🦀️rust)
    Checking semio-framework-actor v0.1.0 (/Users/ueli/Documents/semio/🧰️framework/🔨️modules/🎭️actor/📦️packages/🦀️rust)
    Checking semio-framework-os-kernel v0.1.0 (/Users/ueli/Documents/semio/🧰️framework/🛍️products/💻️os/📦️packages/🦀️rust)
   Compiling semio-framework-schema-derive v0.1.0 (/Users/ueli/Documents/semio/🧰️framework/🔨️modules/🧬️schema/✨️derive/📦️packages/🦀️rust)
   Compiling semio-framework-dispatch-macros v0.1.0 (/Users/ueli/Documents/semio/🧰️framework/🔨️modules/🔀️dispatch/📦️packages/🦀️rust)
    Checking bitflags v2.11.1
   Compiling wit-parser v0.247.0
   Compiling semio-framework-graph v0.1.0 (/Users/ueli/Documents/semio/🧰️framework/🔨️modules/🕸️graph/📦️packages/🦀️rust)
    Checking semio-framework-ui-runtime v0.1.0 (/Users/ueli/Documents/semio/🧰️framework/🔨️modules/🖱️ui/🧠️runtime/📦️packages/🦀️rust)
    Checking semio-framework-os-kernel-neural-engine v0.1.0 (/Users/ueli/Documents/semio/🧰️framework/🛍️products/💻️os/🔨️modules/🧠️neural/⚙️engine/📦️packages/🦀️rust)
    Checking semio-framework-number v0.1.0 (/Users/ueli/Documents/semio/🧰️framework/🔨️modules/🔢️number/📦️packages/🦀️rust)
   Compiling wasm-metadata v0.247.0
    Checking semio-framework-3d v0.1.0 (/Users/ueli/Documents/semio/🧰️framework/🔨️modules/🧊️3d/📦️packages/🦀️rust)
    Checking semio-framework-math v0.1.0 (/Users/ueli/Documents/semio/🧰️framework/🔨️modules/🧮️math/📦️packages/🦀️rust)
   Compiling libz-sys v1.1.29
    Checking gltf v1.4.1
   Compiling wit-bindgen-core v0.57.1
   Compiling wit-component v0.247.0
    Checking semio-framework-mesh-engine v0.1.0 (/Users/ueli/Documents/semio/🧰️framework/🔨️modules/🔺️mesh-engine/📦️packages/🦀️rust)
    Checking semio-framework v0.1.0 (/Users/ueli/Documents/semio/🧰️framework/📦️packages/🦀️rust)
    Checking semio-framework-plugin v0.1.0 (/Users/ueli/Documents/semio/🧰️framework/🛍️products/💻️os/🔨️modules/🔌️plugin/📦️packages/🦀️rust)
    Checking semio-s-plugin-stdio v0.1.0 (/Users/ueli/Documents/semio/✏️s/🔌️plugins/🗄️stdio/📦️packages/🦀️rust)
    Finished `dev` profile [unoptimized] target(s) in 3m 44s
