   Compiling proc-macro2 v1.0.106
   Compiling unicode-ident v1.0.24
   Compiling quote v1.0.45
   Compiling zmij v1.0.21
   Compiling serde_core v1.0.228
   Compiling serde v1.0.228
   Compiling find-msvc-tools v0.1.9
   Compiling shlex v1.3.0
    Checking arrayvec v0.7.6
   Compiling serde_json v1.0.149
    Checking cfg-if v1.0.4
    Checking memchr v2.8.0
    Checking itoa v1.0.18
   Compiling libc v0.2.186
   Compiling cc v1.2.62
    Checking simd-adler32 v0.3.9
   Compiling foldhash v0.2.0
    Checking semio-framework-trace v0.1.0 (/Users/ueli/Documents/semio/🧰️framework/🔨️modules/⏱️trace/📦️packages/🦀️rust)
   Compiling crc32fast v1.5.0
    Checking adler2 v2.0.1
   Compiling equivalent v1.0.2
    Checking arrayref v0.3.9
   Compiling blake3 v1.8.5
    Checking constant_time_eq v0.4.2
   Compiling hashbrown v0.17.1
   Compiling anyhow v1.0.104
    Checking miniz_oxide v0.8.9
   Compiling thiserror v2.0.18
   Compiling semver v1.0.28
   Compiling bitflags v2.11.1
    Checking polycool v0.4.0
   Compiling indexmap v2.14.0
    Checking smallvec v1.15.1
    Checking bumpalo v3.20.2
   Compiling zip v2.4.2
    Checking pin-project-lite v0.2.17
    Checking log v0.4.29
   Compiling syn v2.0.117
    Checking base64 v0.22.1
   Compiling wasmparser v0.247.0
    Checking kurbo v0.13.1
    Checking flate2 v1.1.9
    Checking zopfli v0.8.3
    Checking mio v1.2.1
   Compiling serde_derive v1.0.228
   Compiling thiserror-impl v2.0.18
   Compiling futures-macro v0.3.32
   Compiling tokio-macros v2.7.0
   Compiling displaydoc v0.2.5
    Checking socket2 v0.6.4
    Checking slab v0.4.12
    Checking futures-core v0.3.32
   Compiling prettyplease v0.2.37
    Checking futures-sink v0.3.32
    Checking futures-task v0.3.32
    Checking semio-framework-async v0.1.0 (/Users/ueli/Documents/semio/🧰️framework/🔨️modules/⏳️async/📦️packages/🦀️rust)
    Checking semio-framework-replication v0.1.0 (/Users/ueli/Documents/semio/🧰️framework/🔨️modules/📡️replication/📦️packages/🦀️rust)
    Checking tokio v1.52.3
    Checking semio-framework-geometry v0.1.0 (/Users/ueli/Documents/semio/🧰️framework/🔨️modules/📐️geometry/📦️packages/🦀️rust)
   Compiling semio-framework-os-kernel-dsl-derive v0.1.0 (/Users/ueli/Documents/semio/🧰️framework/🛍️products/💻️os/🔨️modules/🗣️dsl/✨️derive/📦️packages/🦀️rust)
    Checking semio-framework-hash v0.1.0 (/Users/ueli/Documents/semio/🧰️framework/🔨️modules/#⃣hash/📦️packages/🦀️rust)
   Compiling leb128fmt v0.1.0
    Checking futures-util v0.3.32
   Compiling id-arena v2.3.0
    Checking semio-framework-pack v0.1.0 (/Users/ueli/Documents/semio/🧰️framework/🔨️modules/🎒️pack/📦️packages/🦀️rust)
    Checking semio-framework-ui-styling v0.1.0 (/Users/ueli/Documents/semio/🧰️framework/🔨️modules/🖱️ui/🎨️styling/📦️packages/🦀️rust)
   Compiling unicode-xid v0.2.6
   Compiling inflections v1.1.1
   Compiling wit-bindgen-rust v0.57.1
   Compiling heck v0.5.0
   Compiling wasm-encoder v0.247.0
    Checking semio-framework-job v0.1.0 (/Users/ueli/Documents/semio/🧰️framework/🔨️modules/🧵️job/📦️packages/🦀️rust)
   Compiling wit-bindgen-rust-macro v0.57.1
    Checking lazy_static v1.5.0
    Checking semio-framework-os-kernel v0.1.0 (/Users/ueli/Documents/semio/🧰️framework/🛍️products/💻️os/📦️packages/🦀️rust)
    Checking byteorder v1.5.0
    Checking semio-framework-ui-contract v0.1.0 (/Users/ueli/Documents/semio/🧰️framework/🔨️modules/🖱️ui/🧬️contract/📦️packages/🦀️rust)
   Compiling semio-framework-ui v0.1.0 (/Users/ueli/Documents/semio/🧰️framework/🔨️modules/🖱️ui/📦️packages/🦀️rust)
   Compiling macro-string v0.2.0
   Compiling wit-parser v0.247.0
   Compiling gltf-derive v1.4.1
   Compiling vcpkg v0.2.15
    Checking gltf-json v1.4.1
   Compiling wasm-metadata v0.247.0
   Compiling semio-framework-schema v0.1.0 (/Users/ueli/Documents/semio/🧰️framework/🔨️modules/🧬️schema/📦️packages/🦀️rust)
   Compiling pkg-config v0.3.33
   Compiling wit-bindgen v0.57.1
    Checking semio-framework-actor v0.1.0 (/Users/ueli/Documents/semio/🧰️framework/🔨️modules/🎭️actor/📦️packages/🦀️rust)
   Compiling semio-framework-dispatch-macros v0.1.0 (/Users/ueli/Documents/semio/🧰️framework/🔨️modules/🔀️dispatch/📦️packages/🦀️rust)
   Compiling semio-framework-schema-derive v0.1.0 (/Users/ueli/Documents/semio/🧰️framework/🔨️modules/🧬️schema/✨️derive/📦️packages/🦀️rust)
   Compiling semio-framework-graph v0.1.0 (/Users/ueli/Documents/semio/🧰️framework/🔨️modules/🕸️graph/📦️packages/🦀️rust)
    Checking semio-framework-os-kernel-neural-engine v0.1.0 (/Users/ueli/Documents/semio/🧰️framework/🛍️products/💻️os/🔨️modules/🧠️neural/⚙️engine/📦️packages/🦀️rust)
    Checking semio-framework-ui-scene v0.1.0 (/Users/ueli/Documents/semio/🧰️framework/🔨️modules/🖱️ui/🎬️scene/📦️packages/🦀️rust)
    Checking semio-framework-ui-runtime v0.1.0 (/Users/ueli/Documents/semio/🧰️framework/🔨️modules/🖱️ui/🧠️runtime/📦️packages/🦀️rust)
   Compiling wit-bindgen-core v0.57.1
    Checking semio-framework-number v0.1.0 (/Users/ueli/Documents/semio/🧰️framework/🔨️modules/🔢️number/📦️packages/🦀️rust)
    Checking gltf v1.4.1
   Compiling wit-component v0.247.0
   Compiling libz-sys v1.1.29
    Checking semio-framework-math v0.1.0 (/Users/ueli/Documents/semio/🧰️framework/🔨️modules/🧮️math/📦️packages/🦀️rust)
    Checking semio-framework-3d v0.1.0 (/Users/ueli/Documents/semio/🧰️framework/🔨️modules/🧊️3d/📦️packages/🦀️rust)
    Checking semio-framework-mesh-engine v0.1.0 (/Users/ueli/Documents/semio/🧰️framework/🔨️modules/🔺️mesh-engine/📦️packages/🦀️rust)
    Checking semio-framework v0.1.0 (/Users/ueli/Documents/semio/🧰️framework/📦️packages/🦀️rust)
    Checking semio-framework-plugin v0.1.0 (/Users/ueli/Documents/semio/🧰️framework/🛍️products/💻️os/🔨️modules/🔌️plugin/📦️packages/🦀️rust)
    Checking semio-s-plugin-stdio v0.1.0 (/Users/ueli/Documents/semio/✏️s/🔌️plugins/🗄️stdio/📦️packages/🦀️rust)
    Finished `release` profile [optimized] target(s) in 9m 29s
