🧰️framework/🛍️products/💻️os/🔨️modules/🗣️dsl/🫀️core/⚡️implementations/🦀️rust/../../../🫀️core/⚡️implementations/🦀️rust/📦️lib.rs:1083:21: warning: unused variable: `len`: help: if this is intentional, prefix it with an underscore: `_len`
warning: `semio-framework-os-kernel-dsl-core` (lib) generated 1 warning (run `cargo fix --lib -p semio-framework-os-kernel-dsl-core` to apply 1 suggestion)
🧰️framework/🛍️products/💻️os/🔨️modules/🗣️dsl/🖋️notation/⚡️implementations/🦀️rust/../../../🖋️notation/⚡️implementations/🦀️rust/📦️lib.rs:269:4: warning: function `print_edge_label` is never used
warning: `semio-framework-os-kernel-dsl-notation` (lib) generated 1 warning
    Checking semio-framework-os-kernel-math-graph-manifest v0.1.0 (/Users/ueli/Documents/semio/🧰️framework/🔨️modules/🧮️math/🕸️graph/🛂️manifest/⚡️implementations/🦀️rust)
    Checking semio-framework-os-kernel-3d-brep v0.1.0 (/Users/ueli/Documents/semio/✏️s/🔨️modules/🧊️3d/📐️brep/⚡️implementations/🦀️rust)
🧰️framework/🛍️products/💻️os/🔨️modules/🔌️plugin/⚡️implementations/🦀️rust/../../../../../../../🧰️framework/🛍️products/💻️os/🔨️modules/🔌️plugin/⚡️implementations/🦀️rust/📦️lib.rs:3296:68: warning: unnecessary qualification
warning: `semio-framework-plugin` (lib) generated 1 warning (run `cargo fix --lib -p semio-framework-plugin` to apply 1 suggestion)
🧰️framework/🛍️products/💻️os/🔨️modules/🏪️store/🔄️sync/⚡️implementations/🦀️rust/../../../🔄️sync/⚡️implementations/🦀️rust/📦️lib.rs:19:5: warning: unused import: `serde_json::Value`
🧰️framework/🛍️products/💻️os/🔨️modules/🏪️store/🔄️sync/⚡️implementations/🦀️rust/../../../🔄️sync/⚡️implementations/🦀️rust/📦️lib.rs:481:16: warning: unnecessary qualification
🧰️framework/🛍️products/💻️os/🔨️modules/🏪️store/🔄️sync/⚡️implementations/🦀️rust/../../../🔄️sync/⚡️implementations/🦀️rust/📦️lib.rs:482:24: warning: unnecessary qualification
🧰️framework/🛍️products/💻️os/🔨️modules/🏪️store/🔄️sync/⚡️implementations/🦀️rust/../../../🔄️sync/⚡️implementations/🦀️rust/📦️lib.rs:492:16: warning: unnecessary qualification
🧰️framework/🛍️products/💻️os/🔨️modules/🏪️store/🔄️sync/⚡️implementations/🦀️rust/../../../🔄️sync/⚡️implementations/🦀️rust/📦️lib.rs:493:24: warning: unnecessary qualification
🧰️framework/🛍️products/💻️os/🔨️modules/🏪️store/🔄️sync/⚡️implementations/🦀️rust/../../../🔄️sync/⚡️implementations/🦀️rust/📦️lib.rs:553:41: warning: unnecessary qualification
🧰️framework/🛍️products/💻️os/🔨️modules/🏪️store/🔄️sync/⚡️implementations/🦀️rust/../../../🔄️sync/⚡️implementations/🦀️rust/📦️lib.rs:735:42: warning: unnecessary qualification
🧰️framework/🛍️products/💻️os/🔨️modules/🏪️store/🔄️sync/⚡️implementations/🦀️rust/../../../🔄️sync/⚡️implementations/🦀️rust/📦️lib.rs:739:38: warning: unnecessary qualification
🧰️framework/🛍️products/💻️os/🔨️modules/🏪️store/🔄️sync/⚡️implementations/🦀️rust/../../../🔄️sync/⚡️implementations/🦀️rust/📦️lib.rs:1208:37: warning: unnecessary qualification
🧰️framework/🛍️products/💻️os/🔨️modules/🏪️store/🔄️sync/⚡️implementations/🦀️rust/../../../🔄️sync/⚡️implementations/🦀️rust/📦️lib.rs:1208:100: warning: unnecessary qualification
🧰️framework/🛍️products/💻️os/🔨️modules/🏪️store/🔄️sync/⚡️implementations/🦀️rust/../../../🔄️sync/⚡️implementations/🦀️rust/📦️lib.rs:1275:37: warning: unnecessary qualification
🧰️framework/🛍️products/💻️os/🔨️modules/🏪️store/🔄️sync/⚡️implementations/🦀️rust/../../../🔄️sync/⚡️implementations/🦀️rust/📦️lib.rs:153:9: warning: structure field `pendingOperations` should have a snake case name: help: convert the identifier to snake case: `pending_operations`
    Checking semio-framework-os-kernel-space v0.1.0 (/Users/ueli/Documents/semio/🧰️framework/🛍️products/💻️os/🔨️modules/🪐️space/⚡️implementations/🦀️rust)
    Checking semio-framework-os-kernel-workflow v0.1.0 (/Users/ueli/Documents/semio/🧰️framework/🛍️products/💻️os/🔨️modules/🔁️workflow/⚡️implementations/🦀️rust)
warning: `semio-framework-os-kernel-store-sync` (lib) generated 12 warnings (run `cargo fix --lib -p semio-framework-os-kernel-store-sync` to apply 11 suggestions)
    Checking semio-s-2d v0.1.0 (/Users/ueli/Documents/semio/✏️s/🔨️modules/◻2d/📦️packages/🦀️rust)
    Checking semio-framework-os-kernel-playbook v0.1.0 (/Users/ueli/Documents/semio/🧰️framework/🛍️products/💻️os/🔨️modules/📖️playbook/⚡️implementations/🦀️rust)
🧰️framework/🔨️modules/🗺️surface/🗺️tiled-map/⚡️implementations/🦀️rust/../../../🗺️tiled-map/⚡️implementations/🦀️rust/📦️lib.rs:103:39: warning: unnecessary qualification
🧰️framework/🔨️modules/🗺️surface/🗺️tiled-map/⚡️implementations/🦀️rust/../../../🗺️tiled-map/⚡️implementations/🦀️rust/📦️lib.rs:103:74: warning: unnecessary qualification
🧰️framework/🔨️modules/🗺️surface/🗺️tiled-map/⚡️implementations/🦀️rust/../../../🗺️tiled-map/⚡️implementations/🦀️rust/📦️lib.rs:148:29: warning: unnecessary qualification
🧰️framework/🔨️modules/🗺️surface/🗺️tiled-map/⚡️implementations/🦀️rust/../../../🗺️tiled-map/⚡️implementations/🦀️rust/📦️lib.rs:148:64: warning: unnecessary qualification
🧰️framework/🔨️modules/🗺️surface/🗺️tiled-map/⚡️implementations/🦀️rust/../../../🗺️tiled-map/⚡️implementations/🦀️rust/📦️lib.rs:153:39: warning: unnecessary qualification
🧰️framework/🔨️modules/🗺️surface/🗺️tiled-map/⚡️implementations/🦀️rust/../../../🗺️tiled-map/⚡️implementations/🦀️rust/📦️lib.rs:153:74: warning: unnecessary qualification
🧰️framework/🔨️modules/🗺️surface/🗺️tiled-map/⚡️implementations/🦀️rust/../../../🗺️tiled-map/⚡️implementations/🦀️rust/📦️lib.rs:166:32: warning: unnecessary qualification
🧰️framework/🔨️modules/🗺️surface/🗺️tiled-map/⚡️implementations/🦀️rust/../../../🗺️tiled-map/⚡️implementations/🦀️rust/📦️lib.rs:166:67: warning: unnecessary qualification
🧰️framework/🔨️modules/🗺️surface/🗺️tiled-map/⚡️implementations/🦀️rust/../../../🗺️tiled-map/⚡️implementations/🦀️rust/📦️lib.rs:184:57: warning: unnecessary qualification
🧰️framework/🔨️modules/🗺️surface/🗺️tiled-map/⚡️implementations/🦀️rust/../../../🗺️tiled-map/⚡️implementations/🦀️rust/📦️lib.rs:184:92: warning: unnecessary qualification
🧰️framework/🔨️modules/🗺️surface/🗺️tiled-map/⚡️implementations/🦀️rust/../../../🗺️tiled-map/⚡️implementations/🦀️rust/📦️lib.rs:199:46: warning: unnecessary qualification
🧰️framework/🔨️modules/🗺️surface/🗺️tiled-map/⚡️implementations/🦀️rust/../../../🗺️tiled-map/⚡️implementations/🦀️rust/📦️lib.rs:202:59: warning: unnecessary qualification
🧰️framework/🔨️modules/🗺️surface/🗺️tiled-map/⚡️implementations/🦀️rust/../../../🗺️tiled-map/⚡️implementations/🦀️rust/📦️lib.rs:214:54: warning: unnecessary qualification
🧰️framework/🔨️modules/🗺️surface/🗺️tiled-map/⚡️implementations/🦀️rust/../../../🗺️tiled-map/⚡️implementations/🦀️rust/📦️lib.rs:219:46: warning: unnecessary qualification
🧰️framework/🔨️modules/🗺️surface/🗺️tiled-map/⚡️implementations/🦀️rust/../../../🗺️tiled-map/⚡️implementations/🦀️rust/📦️lib.rs:219:81: warning: unnecessary qualification
🧰️framework/🔨️modules/🗺️surface/🗺️tiled-map/⚡️implementations/🦀️rust/../../../🗺️tiled-map/⚡️implementations/🦀️rust/📦️lib.rs:243:34: warning: unnecessary qualification
🧰️framework/🔨️modules/🗺️surface/🗺️tiled-map/⚡️implementations/🦀️rust/../../../🗺️tiled-map/⚡️implementations/🦀️rust/📦️lib.rs:243:69: warning: unnecessary qualification
🧰️framework/🔨️modules/🗺️surface/🗺️tiled-map/⚡️implementations/🦀️rust/../../../🗺️tiled-map/⚡️implementations/🦀️rust/📦️lib.rs:1081:25: warning: unnecessary qualification
🧰️framework/🔨️modules/🗺️surface/🗺️tiled-map/⚡️implementations/🦀️rust/../../../🗺️tiled-map/⚡️implementations/🦀️rust/📦️lib.rs:1088:6: warning: unnecessary qualification
🧰️framework/🔨️modules/🗺️surface/🗺️tiled-map/⚡️implementations/🦀️rust/../../../🗺️tiled-map/⚡️implementations/🦀️rust/📦️lib.rs:1354:17: warning: unnecessary qualification
🧰️framework/🔨️modules/🗺️surface/🗺️tiled-map/⚡️implementations/🦀️rust/../../../🗺️tiled-map/⚡️implementations/🦀️rust/📦️lib.rs:1355:19: warning: unnecessary qualification
🧰️framework/🔨️modules/🗺️surface/🗺️tiled-map/⚡️implementations/🦀️rust/../../../🗺️tiled-map/⚡️implementations/🦀️rust/📦️lib.rs:1359:53: warning: unnecessary qualification
🧰️framework/🔨️modules/🗺️surface/🗺️tiled-map/⚡️implementations/🦀️rust/../../../🗺️tiled-map/⚡️implementations/🦀️rust/📦️lib.rs:1382:17: warning: unnecessary qualification
🧰️framework/🔨️modules/🗺️surface/🗺️tiled-map/⚡️implementations/🦀️rust/../../../🗺️tiled-map/⚡️implementations/🦀️rust/📦️lib.rs:1501:24: warning: unnecessary qualification
🧰️framework/🔨️modules/🗺️surface/🗺️tiled-map/⚡️implementations/🦀️rust/../../../🗺️tiled-map/⚡️implementations/🦀️rust/📦️lib.rs:1541:32: warning: unnecessary qualification
🧰️framework/🔨️modules/🗺️surface/🗺️tiled-map/⚡️implementations/🦀️rust/../../../🗺️tiled-map/⚡️implementations/🦀️rust/📦️lib.rs:1803:59: warning: unnecessary qualification
🧰️framework/🔨️modules/🗺️surface/🗺️tiled-map/⚡️implementations/🦀️rust/../../../🗺️tiled-map/⚡️implementations/🦀️rust/📦️lib.rs:2496:17: warning: unnecessary qualification
🧰️framework/🔨️modules/🗺️surface/🗺️tiled-map/⚡️implementations/🦀️rust/../../../🗺️tiled-map/⚡️implementations/🦀️rust/📦️lib.rs:2695:43: warning: unnecessary qualification
🧰️framework/🔨️modules/🗺️surface/🗺️tiled-map/⚡️implementations/🦀️rust/../../../🗺️tiled-map/⚡️implementations/🦀️rust/📦️lib.rs:2710:13: warning: unnecessary qualification
🧰️framework/🔨️modules/🗺️surface/🗺️tiled-map/⚡️implementations/🦀️rust/../../../🗺️tiled-map/⚡️implementations/🦀️rust/📦️lib.rs:2820:21: warning: unnecessary qualification
🧰️framework/🔨️modules/🗺️surface/🗺️tiled-map/⚡️implementations/🦀️rust/../../../🗺️tiled-map/⚡️implementations/🦀️rust/📦️lib.rs:2855:6: warning: unnecessary qualification
warning: `semio-framework-os-kernel-surface-tiled-map` (lib) generated 31 warnings (run `cargo fix --lib -p semio-framework-os-kernel-surface-tiled-map` to apply 31 suggestions)
    Checking semio-s-plugin-sourcing v0.1.0 (/Users/ueli/Documents/semio/✏️s/🔌️plugins/🪵️sourcing/📦️packages/🦀️rust)
🧰️framework/🛍️products/💻️os/🔨️modules/🪐️space/⚡️implementations/🦀️rust/../../../../../../../🧰️framework/🛍️products/💻️os/🔨️modules/🪐️space/⚡️implementations/🦀️rust/📦️lib.rs:438:59: error[E0599]: no associated function or constant named `envelope_id` found for struct `CollectionProjection` in the current scope: associated function or constant not found in `CollectionProjection`
🧰️framework/🛍️products/💻️os/🔨️modules/🪐️space/⚡️implementations/🦀️rust/../../../../../../../🧰️framework/🛍️products/💻️os/🔨️modules/🪐️space/⚡️implementations/🦀️rust/📦️lib.rs:102:59: error[E0599]: no associated function or constant named `envelope_id` found for struct `SpaceProjection` in the current scope: associated function or constant not found in `SpaceProjection`
🧰️framework/🛍️products/💻️os/🔨️modules/🔁️workflow/⚡️implementations/🦀️rust/../../../../../../../🧰️framework/🛍️products/💻️os/🔨️modules/🔁️workflow/⚡️implementations/🦀️rust/📦️lib.rs:1778:59: error[E0599]: no associated function or constant named `envelope_id` found for struct `RunDocument` in the current scope: associated function or constant not found in `RunDocument`
✏️s/🔌️plugins/🪵️sourcing/📦️packages/🦀️rust/././../../🎛️apps/🗂️curate/🎚️config/🦀️component.rs:17:59: error[E0599]: no associated function or constant named `envelope_id` found for struct `config::SourcingCurateConfig` in the current scope: associated function or constant not found in `config::SourcingCurateConfig`
🧰️framework/🛍️products/💻️os/🔨️modules/📖️playbook/⚡️implementations/🦀️rust/../../../../../../../🧰️framework/🛍️products/💻️os/🔨️modules/📖️playbook/⚡️implementations/🦀️rust/📦️lib.rs:147:59: error[E0599]: no associated function or constant named `envelope_id` found for struct `PlaybookSpec` in the current scope: associated function or constant not found in `PlaybookSpec`
✏️s/🔌️plugins/🪵️sourcing/📦️packages/🦀️rust/././../../🗿️artifacts/🗂️curate/🦀️component.rs:117:68: error[E0599]: no associated function or constant named `envelope_id` found for struct `artifacts::curate::component::CurateDocument` in the current scope: associated function or constant not found in `artifacts::curate::component::CurateDocument`
🧰️framework/🛍️products/💻️os/🔨️modules/🔁️workflow/⚡️implementations/🦀️rust/../../../../../../../🧰️framework/🛍️products/💻️os/🔨️modules/🔁️workflow/⚡️implementations/🦀️rust/📦️lib.rs:1018:59: error[E0599]: no associated function or constant named `envelope_id` found for struct `WorkflowDocument` in the current scope: associated function or constant not found in `WorkflowDocument`
    Checking semio-s-kernel-flow-extension-draw v0.1.0 (/Users/ueli/Documents/semio/🧰️framework/🛍️products/💻️os/🔨️modules/🌊️flow/⚡️implementations/🦀️rust/🧩️extensions/🖍️draw)
    Checking semio-framework-os-kernel-math-graph v0.1.0 (/Users/ueli/Documents/semio/🧰️framework/🔨️modules/🧮️math/🕸️graph/⚡️implementations/🦀️rust)
    Checking semio-framework-os-kernel-math-graph-dsl v0.1.0 (/Users/ueli/Documents/semio/🧰️framework/🔨️modules/🧮️math/🕸️graph/🗣️dsl/⚡️implementations/🦀️rust)
error: could not compile `semio-framework-os-kernel-space` (lib) due to 4 previous errors
warning: build failed, waiting for other jobs to finish...
error: could not compile `semio-framework-os-kernel-playbook` (lib) due to 2 previous errors
🧰️framework/🛍️products/💻️os/🔨️modules/🔁️workflow/⚡️implementations/🦀️rust/../../../../../../../🧰️framework/🛍️products/💻️os/🔨️modules/🔁️workflow/⚡️implementations/🦀️rust/📦️lib.rs:628:59: error[E0599]: no associated function or constant named `envelope_id` found for struct `WorkflowFixture` in the current scope: associated function or constant not found in `WorkflowFixture`
🧰️framework/🛍️products/💻️os/🔨️modules/🔁️workflow/⚡️implementations/🦀️rust/../../../../../../../🧰️framework/🛍️products/💻️os/🔨️modules/🔁️workflow/⚡️implementations/🦀️rust/📦️lib.rs:454:59: error[E0599]: no associated function or constant named `envelope_id` found for struct `Workflow` in the current scope: associated function or constant not found in `Workflow`
error: could not compile `semio-s-plugin-sourcing` (lib) due to 4 previous errors
🧰️framework/🔨️modules/🧮️math/🕸️graph/🗣️dsl/⚡️implementations/🦀️rust/../../../../🕸️graph/🗣️dsl/⚡️implementations/🦀️rust/📦️lib.rs:849:15: error[E0004]: non-exhaustive patterns: `TokenKind::EdgeArrow` not covered: pattern `TokenKind::EdgeArrow` not covered
error: could not compile `semio-framework-os-kernel-math-graph-dsl` (lib) due to 1 previous error
error: could not compile `semio-framework-os-kernel-workflow` (lib) due to 8 previous errors
