🧰️framework/🛍️products/💻️os/🔨️modules/🗣️dsl/🫀️core/⚡️implementations/🦀️rust/../../../🫀️core/⚡️implementations/🦀️rust/📦️lib.rs:1083:21: warning: unused variable: `len`: help: if this is intentional, prefix it with an underscore: `_len`
warning: `semio-framework-os-kernel-dsl-core` (lib) generated 1 warning (run `cargo fix --lib -p semio-framework-os-kernel-dsl-core` to apply 1 suggestion)
🧰️framework/🛍️products/💻️os/🔨️modules/🗣️dsl/🖋️notation/⚡️implementations/🦀️rust/../../../🖋️notation/⚡️implementations/🦀️rust/📦️lib.rs:269:4: warning: function `print_edge_label` is never used
warning: `semio-framework-os-kernel-dsl-notation` (lib) generated 1 warning
🧰️framework/🛍️products/💻️os/🔨️modules/🔌️plugin/⚡️implementations/🦀️rust/../../../../../../../🧰️framework/🛍️products/💻️os/🔨️modules/🔌️plugin/⚡️implementations/🦀️rust/📦️lib.rs:3296:68: warning: unnecessary qualification
    Checking semio-framework-os-kernel-space v0.1.0 (/Users/ueli/Documents/semio/🧰️framework/🛍️products/💻️os/🔨️modules/🪐️space/⚡️implementations/🦀️rust)
    Checking semio-framework-os-kernel-workflow v0.1.0 (/Users/ueli/Documents/semio/🧰️framework/🛍️products/💻️os/🔨️modules/🔁️workflow/⚡️implementations/🦀️rust)
warning: `semio-framework-plugin` (lib) generated 1 warning (run `cargo fix --lib -p semio-framework-plugin` to apply 1 suggestion)
🧰️framework/🛍️products/💻️os/🔨️modules/🏪️store/🔄️sync/⚡️implementations/🦀️rust/../../../🔄️sync/⚡️implementations/🦀️rust/📦️lib.rs:19:5: warning: unused import: `serde_json::Value`
🧰️framework/🛍️products/💻️os/🔨️modules/🏪️store/🔄️sync/⚡️implementations/🦀️rust/../../../🔄️sync/⚡️implementations/🦀️rust/📦️lib.rs:481:16: warning: unnecessary qualification
🧰️framework/🛍️products/💻️os/🔨️modules/🏪️store/🔄️sync/⚡️implementations/🦀️rust/../../../🔄️sync/⚡️implementations/🦀️rust/📦️lib.rs:482:24: warning: unnecessary qualification
🧰️framework/🛍️products/💻️os/🔨️modules/🏪️store/🔄️sync/⚡️implementations/🦀️rust/../../../🔄️sync/⚡️implementations/🦀️rust/📦️lib.rs:492:16: warning: unnecessary qualification
🧰️framework/🛍️products/💻️os/🔨️modules/🏪️store/🔄️sync/⚡️implementations/🦀️rust/../../../🔄️sync/⚡️implementations/🦀️rust/📦️lib.rs:493:24: warning: unnecessary qualification
🧰️framework/🛍️products/💻️os/🔨️modules/🏪️store/🔄️sync/⚡️implementations/🦀️rust/../../../🔄️sync/⚡️implementations/🦀️rust/📦️lib.rs:553:41: warning: unnecessary qualification
🧰️framework/🛍️products/💻️os/🔨️modules/🏪️store/🔄️sync/⚡️implementations/🦀️rust/../../../🔄️sync/⚡️implementations/🦀️rust/📦️lib.rs:735:42: warning: unnecessary qualification
🧰️framework/🛍️products/💻️os/🔨️modules/🏪️store/🔄️sync/⚡️implementations/🦀️rust/../../../🔄️sync/⚡️implementations/🦀️rust/📦️lib.rs:739:38: warning: unnecessary qualification
🧰️framework/🛍️products/💻️os/🔨️modules/🏪️store/🔄️sync/⚡️implementations/🦀️rust/../../../🔄️sync/⚡️implementations/🦀️rust/📦️lib.rs:1208:37: warning: unnecessary qualification
🧰️framework/🛍️products/💻️os/🔨️modules/🏪️store/🔄️sync/⚡️implementations/🦀️rust/../../../🔄️sync/⚡️implementations/🦀️rust/📦️lib.rs:1208:100: warning: unnecessary qualification
🧰️framework/🛍️products/💻️os/🔨️modules/🏪️store/🔄️sync/⚡️implementations/🦀️rust/../../../🔄️sync/⚡️implementations/🦀️rust/📦️lib.rs:1275:37: warning: unnecessary qualification
🧰️framework/🛍️products/💻️os/🔨️modules/🏪️store/🔄️sync/⚡️implementations/🦀️rust/../../../🔄️sync/⚡️implementations/🦀️rust/📦️lib.rs:153:9: warning: structure field `pendingOperations` should have a snake case name: help: convert the identifier to snake case: `pending_operations`
warning: `semio-framework-os-kernel-store-sync` (lib) generated 12 warnings (run `cargo fix --lib -p semio-framework-os-kernel-store-sync` to apply 11 suggestions)
🧰️framework/🛍️products/💻️os/🔨️modules/🪐️space/⚡️implementations/🦀️rust/../../../../../../../🧰️framework/🛍️products/💻️os/🔨️modules/🪐️space/⚡️implementations/🦀️rust/📦️lib.rs:438:59: error[E0599]: no associated function or constant named `envelope_id` found for struct `CollectionProjection` in the current scope: associated function or constant not found in `CollectionProjection`
🧰️framework/🛍️products/💻️os/🔨️modules/🪐️space/⚡️implementations/🦀️rust/../../../../../../../🧰️framework/🛍️products/💻️os/🔨️modules/🪐️space/⚡️implementations/🦀️rust/📦️lib.rs:102:59: error[E0599]: no associated function or constant named `envelope_id` found for struct `SpaceProjection` in the current scope: associated function or constant not found in `SpaceProjection`
🧰️framework/🛍️products/💻️os/🔨️modules/🔁️workflow/⚡️implementations/🦀️rust/../../../../../../../🧰️framework/🛍️products/💻️os/🔨️modules/🔁️workflow/⚡️implementations/🦀️rust/📦️lib.rs:1778:59: error[E0599]: no associated function or constant named `envelope_id` found for struct `RunDocument` in the current scope: associated function or constant not found in `RunDocument`
🧰️framework/🛍️products/💻️os/🔨️modules/🔁️workflow/⚡️implementations/🦀️rust/../../../../../../../🧰️framework/🛍️products/💻️os/🔨️modules/🔁️workflow/⚡️implementations/🦀️rust/📦️lib.rs:1018:59: error[E0599]: no associated function or constant named `envelope_id` found for struct `WorkflowDocument` in the current scope: associated function or constant not found in `WorkflowDocument`
error: could not compile `semio-framework-os-kernel-space` (lib) due to 4 previous errors
warning: build failed, waiting for other jobs to finish...
🧰️framework/🛍️products/💻️os/🔨️modules/🔁️workflow/⚡️implementations/🦀️rust/../../../../../../../🧰️framework/🛍️products/💻️os/🔨️modules/🔁️workflow/⚡️implementations/🦀️rust/📦️lib.rs:628:59: error[E0599]: no associated function or constant named `envelope_id` found for struct `WorkflowFixture` in the current scope: associated function or constant not found in `WorkflowFixture`
🧰️framework/🛍️products/💻️os/🔨️modules/🔁️workflow/⚡️implementations/🦀️rust/../../../../../../../🧰️framework/🛍️products/💻️os/🔨️modules/🔁️workflow/⚡️implementations/🦀️rust/📦️lib.rs:454:59: error[E0599]: no associated function or constant named `envelope_id` found for struct `Workflow` in the current scope: associated function or constant not found in `Workflow`
error: could not compile `semio-framework-os-kernel-workflow` (lib) due to 8 previous errors
