🧰️framework/🛍️products/💻️os/🔨️modules/🗣️dsl/🫀️core/⚡️implementations/🦀️rust/../../../🫀️core/⚡️implementations/🦀️rust/📦️lib.rs:1083:21: warning: unused variable: `len`: help: if this is intentional, prefix it with an underscore: `_len`
warning: `semio-framework-os-kernel-dsl-core` (lib) generated 1 warning (run `cargo fix --lib -p semio-framework-os-kernel-dsl-core` to apply 1 suggestion)
🧰️framework/🛍️products/💻️os/🔨️modules/🗣️dsl/🖋️notation/⚡️implementations/🦀️rust/../../../🖋️notation/⚡️implementations/🦀️rust/📦️lib.rs:269:4: warning: function `print_edge_label` is never used
warning: `semio-framework-os-kernel-dsl-notation` (lib) generated 1 warning
    Checking semio-framework-os-kernel-pack-format v0.1.0 (/Users/ueli/Documents/semio/🧰️framework/🛍️products/💻️os/🔨️modules/🎒️pack/📐️format/⚡️implementations/🦀️rust)
    Checking semio-framework-os-kernel-protocol-command v0.1.0 (/Users/ueli/Documents/semio/🧰️framework/🛍️products/💻️os/🔨️modules/📡️protocol/🎮️command/⚡️implementations/🦀️rust)
   Compiling semio-framework-os-kernel-dsl-derive v0.1.0 (/Users/ueli/Documents/semio/🧰️framework/🛍️products/💻️os/🔨️modules/🗣️dsl/✨️derive/⚡️implementations/🦀️rust)
    Checking semio-framework-compiler-syntax v0.1.0 (/Users/ueli/Documents/semio/🧰️framework/🔨️modules/📚️compiler/📖️syntax/⚡️implementations/🦀️rust)
   Compiling semio-framework-os-kernel-surface-tiled-map v0.1.0 (/Users/ueli/Documents/semio/🧰️framework/🔨️modules/🗺️surface/🗺️tiled-map/⚡️implementations/🦀️rust)
   Compiling semio-framework-os-kernel-surface-terrain v0.1.0 (/Users/ueli/Documents/semio/🧰️framework/🔨️modules/🗺️surface/🏔️terrain/⚡️implementations/🦀️rust)
    Checking semio-framework-compiler-math v0.1.0 (/Users/ueli/Documents/semio/🧰️framework/🔨️modules/📚️compiler/🧮️math/⚡️implementations/🦀️rust)
    Checking semio-framework-os-kernel-protocol-format v0.1.0 (/Users/ueli/Documents/semio/🧰️framework/🛍️products/💻️os/🔨️modules/📡️protocol/📐️format/⚡️implementations/🦀️rust)
    Checking semio-framework-os-kernel-pack-io v0.1.0 (/Users/ueli/Documents/semio/🧰️framework/🛍️products/💻️os/🔨️modules/🎒️pack/🔌️io/⚡️implementations/🦀️rust)
    Checking semio-framework-os-kernel-pack-async v0.1.0 (/Users/ueli/Documents/semio/🧰️framework/🛍️products/💻️os/🔨️modules/🎒️pack/⏳️async/⚡️implementations/🦀️rust)
    Checking semio-framework-os-kernel-pack-value v0.1.0 (/Users/ueli/Documents/semio/🧰️framework/🛍️products/💻️os/🔨️modules/🎒️pack/🔢️value/⚡️implementations/🦀️rust)
    Checking semio-framework-os-kernel-protocol-causal v0.1.0 (/Users/ueli/Documents/semio/🧰️framework/🛍️products/💻️os/🔨️modules/📡️protocol/🔗️causal/⚡️implementations/🦀️rust)
    Checking semio-framework-os-kernel-protocol-crdt v0.1.0 (/Users/ueli/Documents/semio/🧰️framework/🛍️products/💻️os/🔨️modules/📡️protocol/🔀️crdt/⚡️implementations/🦀️rust)
    Checking semio-framework-compiler-svg v0.1.0 (/Users/ueli/Documents/semio/🧰️framework/🔨️modules/📚️compiler/📤️svg/⚡️implementations/🦀️rust)
    Checking semio-framework-os-kernel-protocol-history v0.1.0 (/Users/ueli/Documents/semio/🧰️framework/🛍️products/💻️os/🔨️modules/📡️protocol/📜️history/⚡️implementations/🦀️rust)
warning: failed running `"xcrun" "--sdk" "macosx" "--show-sdk-path"` to find MacOSX.sdk
    Checking semio-framework-os-kernel-pack-http v0.1.0 (/Users/ueli/Documents/semio/🧰️framework/🛍️products/💻️os/🔨️modules/🎒️pack/🌐️http/⚡️implementations/🦀️rust)
    Checking semio-framework-os-kernel-protocol-wire v0.1.0 (/Users/ueli/Documents/semio/🧰️framework/🛍️products/💻️os/🔨️modules/📡️protocol/📡️wire/⚡️implementations/🦀️rust)
    Checking semio-framework-os-kernel-protocol-channel v0.1.0 (/Users/ueli/Documents/semio/🧰️framework/🛍️products/💻️os/🔨️modules/📡️protocol/🧵️channel/⚡️implementations/🦀️rust)
    Checking semio-framework-compiler v0.1.0 (/Users/ueli/Documents/semio/🧰️framework/🔨️modules/📚️compiler/⚡️implementations/🦀️rust)
error: linking with `cc` failed: exit status: 69
    Checking semio-framework-os-kernel-pack-index v0.1.0 (/Users/ueli/Documents/semio/🧰️framework/🛍️products/💻️os/🔨️modules/🎒️pack/🔢️index/⚡️implementations/🦀️rust)
warning: `semio-framework-os-kernel-dsl-derive` (lib) generated 1 warning
error: could not compile `semio-framework-os-kernel-dsl-derive` (lib) due to 1 previous error; 1 warning emitted
warning: build failed, waiting for other jobs to finish...
