warning: unused extern crate
 --> 🧰️framework/🛍️products/💻️os/📦️packages/🦀️rust/📦️glue.rs:7:1
  |
7 | extern crate self as dsl_grammar;
  | ^^^^^^^^^^^^^^^^^^^^^^^^^^^^^^^^^ unused
  |
  = note: `-W unused-extern-crates` implied by `-W rust-2018-idioms`
  = help: to override `-W rust-2018-idioms` add `#[allow(unused_extern_crates)]`
help: remove the unused `extern crate`
  |
7 - extern crate self as dsl_grammar;
  |

warning: unused extern crate
  --> 🧰️framework/🛍️products/💻️os/📦️packages/🦀️rust/📦️glue.rs:11:1
   |
11 | extern crate self as pack;
   | ^^^^^^^^^^^^^^^^^^^^^^^^^^ unused
   |
help: remove the unused `extern crate`
   |
11 - extern crate self as pack;
   |

warning: unused extern crate
  --> 🧰️framework/🛍️products/💻️os/📦️packages/🦀️rust/📦️glue.rs:12:1
   |
12 | extern crate self as spr;
   | ^^^^^^^^^^^^^^^^^^^^^^^^^ unused
   |
help: remove the unused `extern crate`
   |
12 - extern crate self as spr;
   |

warning: unused extern crate
  --> 🧰️framework/🛍️products/💻️os/📦️packages/🦀️rust/📦️glue.rs:13:1
   |
13 | extern crate self as vcs;
   | ^^^^^^^^^^^^^^^^^^^^^^^^^ unused
   |
help: remove the unused `extern crate`
   |
13 - extern crate self as vcs;
   |

warning: unexpected `cfg` condition value: `js`
   --> 🧰️framework/🛍️products/💻️os/📦️packages/🦀️rust/./../../🔨️modules/🗣️dsl/🫀️core/🦀️component.rs:345:11
    |
345 | #[cfg(all(feature = "js", target_arch = "wasm32"))]
    |           ^^^^^^^^^^^^^^
    |
    = note: expected values for `feature` are: `default`, `deflate`, `sync`, `ureq`, and `worker`
    = help: consider adding `js` as a feature in `Cargo.toml`
    = note: see <https://doc.rust-lang.org/nightly/rustc/check-cfg/cargo-specifics.html> for more information about checking conditional configuration
    = note: `#[warn(unexpected_cfgs)]` on by default

warning: unexpected `cfg` condition value: `js`
   --> 🧰️framework/🛍️products/💻️os/📦️packages/🦀️rust/./../../🔨️modules/🗣️dsl/🫀️core/🦀️component.rs:351:11
    |
351 | #[cfg(all(feature = "js", target_arch = "wasm32"))]
    |           ^^^^^^^^^^^^^^
    |
    = note: expected values for `feature` are: `default`, `deflate`, `sync`, `ureq`, and `worker`
    = help: consider adding `js` as a feature in `Cargo.toml`
    = note: see <https://doc.rust-lang.org/nightly/rustc/check-cfg/cargo-specifics.html> for more information about checking conditional configuration

warning: ambiguous glob re-exports
   --> 🧰️framework/🛍️products/💻️os/📦️packages/🦀️rust/📦️glue.rs:185:9
    |
185 | pub use crate::os_dsl::*;
    |         ^^^^^^^^^^^^^^^^ the name `canonicalize` in the value namespace is first re-exported here
...
198 | pub use crate::os_dsl::grammar::*;
    |         ------------------------- but the name `canonicalize` in the value namespace is also re-exported here
    |
    = note: `#[warn(ambiguous_glob_reexports)]` on by default

warning: ambiguous glob re-exports
   --> 🧰️framework/🛍️products/💻️os/📦️packages/🦀️rust/📦️glue.rs:185:9
    |
185 | pub use crate::os_dsl::*;
    |         ^^^^^^^^^^^^^^^^ the name `test_support` in the type namespace is first re-exported here
186 | pub use crate::os_store::*;
    |         ------------------ but the name `test_support` in the type namespace is also re-exported here

warning: ambiguous glob re-exports
   --> 🧰️framework/🛍️products/💻️os/📦️packages/🦀️rust/📦️glue.rs:185:9
    |
185 | pub use crate::os_dsl::*;
    |         ^^^^^^^^^^^^^^^^ the name `core` in the type namespace is first re-exported here
...
188 | pub use crate::os_pack::*;
    |         ----------------- but the name `core` in the type namespace is also re-exported here

warning: ambiguous glob re-exports
   --> 🧰️framework/🛍️products/💻️os/📦️packages/🦀️rust/📦️glue.rs:185:9
    |
185 | pub use crate::os_dsl::*;
    |         ^^^^^^^^^^^^^^^^ the name `Symbol` in the type namespace is first re-exported here
...
198 | pub use crate::os_dsl::grammar::*;
    |         ------------------------- but the name `Symbol` in the type namespace is also re-exported here

warning: ambiguous glob re-exports
   --> 🧰️framework/🛍️products/💻️os/📦️packages/🦀️rust/📦️glue.rs:187:9
    |
187 | pub use crate::os_spr::*;
    |         ^^^^^^^^^^^^^^^^ the name `cli` in the type namespace is first re-exported here
...
194 | pub use crate::os_semio::*;
    |         ------------------ but the name `cli` in the type namespace is also re-exported here

warning: ambiguous glob re-exports
   --> 🧰️framework/🛍️products/💻️os/📦️packages/🦀️rust/📦️glue.rs:187:9
    |
187 | pub use crate::os_spr::*;
    |         ^^^^^^^^^^^^^^^^ the name `format` in the type namespace is first re-exported here
188 | pub use crate::os_pack::*;
    |         ----------------- but the name `format` in the type namespace is also re-exported here

warning: ambiguous glob re-exports
   --> 🧰️framework/🛍️products/💻️os/📦️packages/🦀️rust/📦️glue.rs:187:9
    |
187 | pub use crate::os_spr::*;
    |         ^^^^^^^^^^^^^^^^ the name `io` in the type namespace is first re-exported here
188 | pub use crate::os_pack::*;
    |         ----------------- but the name `io` in the type namespace is also re-exported here

warning: ambiguous glob re-exports
   --> 🧰️framework/🛍️products/💻️os/📦️packages/🦀️rust/📦️glue.rs:187:9
    |
187 | pub use crate::os_spr::*;
    |         ^^^^^^^^^^^^^^^^ the name `testkit` in the type namespace is first re-exported here
188 | pub use crate::os_pack::*;
    |         ----------------- but the name `testkit` in the type namespace is also re-exported here

warning: ambiguous glob re-exports
   --> 🧰️framework/🛍️products/💻️os/📦️packages/🦀️rust/📦️glue.rs:188:9
    |
187 | pub use crate::os_spr::*;
    |         ---------------- but the name `read_varint_u64` in the value namespace is also re-exported here
188 | pub use crate::os_pack::*;
    |         ^^^^^^^^^^^^^^^^^ the name `read_varint_u64` in the value namespace is first re-exported here

warning: ambiguous glob re-exports
   --> 🧰️framework/🛍️products/💻️os/📦️packages/🦀️rust/📦️glue.rs:188:9
    |
187 | pub use crate::os_spr::*;
    |         ---------------- but the name `write_varint_u64` in the value namespace is also re-exported here
188 | pub use crate::os_pack::*;
    |         ^^^^^^^^^^^^^^^^^ the name `write_varint_u64` in the value namespace is first re-exported here

warning: ambiguous glob re-exports
   --> 🧰️framework/🛍️products/💻️os/📦️packages/🦀️rust/📦️glue.rs:188:9
    |
187 | pub use crate::os_spr::*;
    |         ---------------- but the name `recover_file` in the value namespace is also re-exported here
188 | pub use crate::os_pack::*;
    |         ^^^^^^^^^^^^^^^^^ the name `recover_file` in the value namespace is first re-exported here

warning: ambiguous glob re-exports
   --> 🧰️framework/🛍️products/💻️os/📦️packages/🦀️rust/📦️glue.rs:188:9
    |
187 | pub use crate::os_spr::*;
    |         ---------------- but the name `RecoveryReport` in the type namespace is also re-exported here
188 | pub use crate::os_pack::*;
    |         ^^^^^^^^^^^^^^^^^ the name `RecoveryReport` in the type namespace is first re-exported here

warning: ambiguous glob re-exports
   --> 🧰️framework/🛍️products/💻️os/📦️packages/🦀️rust/📦️glue.rs:188:9
    |
187 | pub use crate::os_spr::*;
    |         ---------------- but the name `VerificationLevel` in the type namespace is also re-exported here
188 | pub use crate::os_pack::*;
    |         ^^^^^^^^^^^^^^^^^ the name `VerificationLevel` in the type namespace is first re-exported here

warning: ambiguous glob re-exports
   --> 🧰️framework/🛍️products/💻️os/📦️packages/🦀️rust/📦️glue.rs:188:9
    |
187 | pub use crate::os_spr::*;
    |         ---------------- but the name `WriteOptions` in the type namespace is also re-exported here
188 | pub use crate::os_pack::*;
    |         ^^^^^^^^^^^^^^^^^ the name `WriteOptions` in the type namespace is first re-exported here

warning: ambiguous glob re-exports
   --> 🧰️framework/🛍️products/💻️os/📦️packages/🦀️rust/📦️glue.rs:188:9
    |
187 | pub use crate::os_spr::*;
    |         ---------------- but the name `DecodeOptions` in the type namespace is also re-exported here
188 | pub use crate::os_pack::*;
    |         ^^^^^^^^^^^^^^^^^ the name `DecodeOptions` in the type namespace is first re-exported here

warning: ambiguous glob re-exports
   --> 🧰️framework/🛍️products/💻️os/📦️packages/🦀️rust/📦️glue.rs:188:9
    |
187 | pub use crate::os_spr::*;
    |         ---------------- but the name `EncodeOptions` in the type namespace is also re-exported here
188 | pub use crate::os_pack::*;
    |         ^^^^^^^^^^^^^^^^^ the name `EncodeOptions` in the type namespace is first re-exported here

warning: ambiguous glob re-exports
   --> 🧰️framework/🛍️products/💻️os/📦️packages/🦀️rust/📦️glue.rs:198:9
    |
186 | pub use crate::os_store::*;
    |         ------------------ but the name `Alternative` in the type namespace is also re-exported here
...
198 | pub use crate::os_dsl::grammar::*;
    |         ^^^^^^^^^^^^^^^^^^^^^^^^^ the name `Alternative` in the type namespace is first re-exported here

warning: unused import: `crate::os_dsl::core::*`
   --> 🧰️framework/🛍️products/💻️os/📦️packages/🦀️rust/📦️glue.rs:199:9
    |
199 | pub use crate::os_dsl::core::*;
    |         ^^^^^^^^^^^^^^^^^^^^^^
    |
    = note: `#[warn(unused_imports)]` (part of `#[warn(unused)]`) on by default

warning: unused variable: `len`
    --> 🧰️framework/🛍️products/💻️os/📦️packages/🦀️rust/./../../🔨️modules/🗣️dsl/🫀️core/🦀️component.rs:1083:21
     |
1083 |                 let len = end_j - i;
     |                     ^^^ help: if this is intentional, prefix it with an underscore: `_len`
     |
     = note: `#[warn(unused_variables)]` (part of `#[warn(unused)]`) on by default

warning: function `print_edge_label` is never used
   --> 🧰️framework/🛍️products/💻️os/📦️packages/🦀️rust/./../../🔨️modules/🗣️dsl/🖋️notation/🦀️component.rs:269:4
    |
269 | fn print_edge_label(label: &EdgeLabel, out: &mut String) {
    |    ^^^^^^^^^^^^^^^^
    |
    = note: `#[warn(dead_code)]` (part of `#[warn(unused)]`) on by default

warning: method `set_envelope` is never used
    --> 🧰️framework/🛍️products/💻️os/📦️packages/🦀️rust/./../../🔨️modules/🏪️store/🦀️component.rs:2125:19
     |
2019 | / impl<P, Operation> DocumentStore<P, Operation>
2020 | | where
2021 | |     P: Clone + Serialize + DeserializeOwned + DocumentPack,
2022 | |     Operation: Clone + Serialize + DeserializeOwned + self::Operation<P> + OpBinary + OpText,
     | |_____________________________________________________________________________________________- method in this implementation
...
2125 |       pub(crate) fn set_envelope(&mut self, envelope: DocumentEnvelope<P, Operation>, applied_edit_ids: Vec<String>) {
     |                     ^^^^^^^^^^^^

warning: `semio-framework-os-kernel` (lib) generated 27 warnings (run `cargo fix --lib -p semio-framework-os-kernel` to apply 6 suggestions)
    Checking semio-framework-ui v0.1.0 (/Users/ueli/Documents/semio/🧰️framework/🔨️modules/🖱️ui/📦️packages/🦀️rust)
warning: unused import: `std::sync::OnceLock`
  --> 🧰️framework/🔨️modules/📚️compiler/📦️packages/🦀️rust/../../🦀️component.rs:13:5
   |
13 | use std::sync::OnceLock;
   |     ^^^^^^^^^^^^^^^^^^^
   |
   = note: `#[warn(unused_imports)]` (part of `#[warn(unused)]`) on by default

warning: `semio-framework-compiler` (lib) generated 1 warning (run `cargo fix --lib -p semio-framework-compiler` to apply 1 suggestion)
error[E0432]: unresolved import `kernel_3d_scene`
 --> 🧰️framework/🔨️modules/🖱️ui/📦️packages/🦀️rust/🎯️targets/🧊️wgpu/🦀️draw.rs:7:5
  |
7 | use kernel_3d_scene::ScenePass3d;
  |     ^^^^^^^^^^^^^^^
  |
help: a similar path exists
  |
7 | use super::kernel_3d_scene::ScenePass3d;
  |     +++++++

warning: unused import: `Level`
 --> 🧰️framework/🔨️modules/🖱️ui/📦️packages/🦀️rust/🎯️targets/🧊️wgpu/🦀️draw.rs:5:38
  |
5 | use crate::wgpu::theme::{GlassStyle, Level, Rgba, Theme};
  |                                      ^^^^^
  |
  = note: `#[warn(unused_imports)]` (part of `#[warn(unused)]`) on by default

warning: unused import: `crate::wgpu::IconName`
  --> 🧰️framework/🔨️modules/🖱️ui/📦️packages/🦀️rust/🎯️targets/🧊️wgpu/🦀️events.rs:17:5
   |
17 | use crate::wgpu::IconName;
   |     ^^^^^^^^^^^^^^^^^^^^^

warning: unnecessary qualification
  --> 🧰️framework/🔨️modules/🖱️ui/📦️packages/🦀️rust/🎯️targets/🧊️wgpu/🦀️engine.rs:94:52
   |
94 |     pub fn set_window_kind_icons(&mut self, icons: std::collections::HashMap<String, IconName>) {
   |                                                    ^^^^^^^^^^^^^^^^^^^^^^^^^^^^^^^^^^^^^^^^^^^
   |
   = note: requested on the command line with `-W unused-qualifications`
help: remove the unnecessary path segments
   |
94 -     pub fn set_window_kind_icons(&mut self, icons: std::collections::HashMap<String, IconName>) {
94 +     pub fn set_window_kind_icons(&mut self, icons: HashMap<String, IconName>) {
   |

warning: unused import: `Level`
 --> 🧰️framework/🔨️modules/🖱️ui/📦️packages/🦀️rust/🎯️targets/🧊️wgpu/🦀️widgets.rs:9:26
  |
9 | use crate::wgpu::theme::{Level, Rgba, Theme};
  |                          ^^^^^

warning: unused import: `render_select_menu`
   --> 🧰️framework/🔨️modules/🖱️ui/📦️packages/🦀️rust/🎯️targets/🧊️wgpu/🦀️widgets.rs:438:42
    |
438 | use crate::wgpu::select::{render_select, render_select_menu};
    |                                          ^^^^^^^^^^^^^^^^^^

For more information about this error, try `rustc --explain E0432`.
warning: `semio-framework-ui` (lib) generated 5 warnings
error: could not compile `semio-framework-ui` (lib) due to 1 previous error; 5 warnings emitted
