🧰️framework/🛍️products/💻️os/📦️packages/🦀️rust/📦️glue.rs:7:1: warning: unused extern crate: unused
🧰️framework/🛍️products/💻️os/📦️packages/🦀️rust/📦️glue.rs:11:1: warning: unused extern crate: unused
🧰️framework/🛍️products/💻️os/📦️packages/🦀️rust/📦️glue.rs:12:1: warning: unused extern crate: unused
🧰️framework/🛍️products/💻️os/📦️packages/🦀️rust/📦️glue.rs:13:1: warning: unused extern crate: unused
🧰️framework/🛍️products/💻️os/📦️packages/🦀️rust/./../../🔨️modules/🗣️dsl/🫀️core/🦀️component.rs:345:11: warning: unexpected `cfg` condition value: `js`
🧰️framework/🛍️products/💻️os/📦️packages/🦀️rust/./../../🔨️modules/🗣️dsl/🫀️core/🦀️component.rs:351:11: warning: unexpected `cfg` condition value: `js`
🧰️framework/🛍️products/💻️os/📦️packages/🦀️rust/📦️glue.rs:185:9: warning: ambiguous glob re-exports: the name `canonicalize` in the value namespace is first re-exported here
🧰️framework/🛍️products/💻️os/📦️packages/🦀️rust/📦️glue.rs:185:9: warning: ambiguous glob re-exports: the name `test_support` in the type namespace is first re-exported here
🧰️framework/🛍️products/💻️os/📦️packages/🦀️rust/📦️glue.rs:185:9: warning: ambiguous glob re-exports: the name `core` in the type namespace is first re-exported here
🧰️framework/🛍️products/💻️os/📦️packages/🦀️rust/📦️glue.rs:185:9: warning: ambiguous glob re-exports: the name `Symbol` in the type namespace is first re-exported here
🧰️framework/🛍️products/💻️os/📦️packages/🦀️rust/📦️glue.rs:187:9: warning: ambiguous glob re-exports: the name `cli` in the type namespace is first re-exported here
🧰️framework/🛍️products/💻️os/📦️packages/🦀️rust/📦️glue.rs:187:9: warning: ambiguous glob re-exports: the name `format` in the type namespace is first re-exported here
🧰️framework/🛍️products/💻️os/📦️packages/🦀️rust/📦️glue.rs:187:9: warning: ambiguous glob re-exports: the name `io` in the type namespace is first re-exported here
🧰️framework/🛍️products/💻️os/📦️packages/🦀️rust/📦️glue.rs:187:9: warning: ambiguous glob re-exports: the name `testkit` in the type namespace is first re-exported here
🧰️framework/🛍️products/💻️os/📦️packages/🦀️rust/📦️glue.rs:188:9: warning: ambiguous glob re-exports: the name `read_varint_u64` in the value namespace is first re-exported here
🧰️framework/🛍️products/💻️os/📦️packages/🦀️rust/📦️glue.rs:188:9: warning: ambiguous glob re-exports: the name `write_varint_u64` in the value namespace is first re-exported here
🧰️framework/🛍️products/💻️os/📦️packages/🦀️rust/📦️glue.rs:188:9: warning: ambiguous glob re-exports: the name `recover_file` in the value namespace is first re-exported here
🧰️framework/🛍️products/💻️os/📦️packages/🦀️rust/📦️glue.rs:188:9: warning: ambiguous glob re-exports: the name `RecoveryReport` in the type namespace is first re-exported here
🧰️framework/🛍️products/💻️os/📦️packages/🦀️rust/📦️glue.rs:188:9: warning: ambiguous glob re-exports: the name `VerificationLevel` in the type namespace is first re-exported here
🧰️framework/🛍️products/💻️os/📦️packages/🦀️rust/📦️glue.rs:188:9: warning: ambiguous glob re-exports: the name `WriteOptions` in the type namespace is first re-exported here
🧰️framework/🛍️products/💻️os/📦️packages/🦀️rust/📦️glue.rs:188:9: warning: ambiguous glob re-exports: the name `DecodeOptions` in the type namespace is first re-exported here
🧰️framework/🛍️products/💻️os/📦️packages/🦀️rust/📦️glue.rs:188:9: warning: ambiguous glob re-exports: the name `EncodeOptions` in the type namespace is first re-exported here
🧰️framework/🛍️products/💻️os/📦️packages/🦀️rust/📦️glue.rs:198:9: warning: ambiguous glob re-exports: the name `Alternative` in the type namespace is first re-exported here
🧰️framework/🛍️products/💻️os/📦️packages/🦀️rust/📦️glue.rs:199:9: warning: unused import: `crate::os_dsl::core::*`
🧰️framework/🛍️products/💻️os/📦️packages/🦀️rust/./../../🔨️modules/🗣️dsl/🫀️core/🦀️component.rs:1083:21: warning: unused variable: `len`: help: if this is intentional, prefix it with an underscore: `_len`
🧰️framework/🛍️products/💻️os/📦️packages/🦀️rust/./../../🔨️modules/🗣️dsl/🖋️notation/🦀️component.rs:269:4: warning: function `print_edge_label` is never used
🧰️framework/🛍️products/💻️os/📦️packages/🦀️rust/./../../🔨️modules/🏪️store/🦀️component.rs:2075:19: warning: method `set_envelope` is never used
warning: `semio-framework-os-kernel` (lib) generated 27 warnings (run `cargo fix --lib -p semio-framework-os-kernel` to apply 6 suggestions)
🧰️framework/🛍️products/💻️os/🔨️modules/🔌️plugin/📦️packages/🦀️rust/📦️glue.rs:5:1: warning: unused extern crate: unused
🧰️framework/🛍️products/💻️os/🔨️modules/🔌️plugin/📦️packages/🦀️rust/📦️glue.rs:6:1: warning: unused extern crate: unused
🧰️framework/🛍️products/💻️os/🔨️modules/🔌️plugin/📦️packages/🦀️rust/../../🦀️component.rs:3327:61: warning: unnecessary qualification
🧰️framework/🛍️products/💻️os/🔨️modules/🔌️plugin/📦️packages/🦀️rust/../../🦀️component.rs:4872:34: warning: unused variable: `app`: help: try ignoring the field: `app: _`
🧰️framework/🛍️products/💻️os/🔨️modules/🔌️plugin/📦️packages/🦀️rust/../../🦀️component.rs:4822:34: warning: unused variable: `app`: help: try ignoring the field: `app: _`
🧰️framework/🛍️products/💻️os/🔨️modules/🔌️plugin/📦️packages/🦀️rust/../../🦀️component.rs:4833:34: warning: unused variable: `app`: help: try ignoring the field: `app: _`
🧰️framework/🛍️products/💻️os/🔨️modules/🔌️plugin/📦️packages/🦀️rust/../../🦀️component.rs:4847:34: warning: unused variable: `app`: help: try ignoring the field: `app: _`
🧰️framework/🛍️products/💻️os/🔨️modules/🔌️plugin/📦️packages/🦀️rust/../../🦀️component.rs:4857:34: warning: unused variable: `app`: help: try ignoring the field: `app: _`
🧰️framework/🛍️products/💻️os/🔨️modules/🔌️plugin/📦️packages/🦀️rust/../../🦀️component.rs:4600:38: warning: unused variable: `app`: help: try ignoring the field: `app: _`
🧰️framework/🛍️products/💻️os/🔨️modules/🔌️plugin/📦️packages/🦀️rust/../../🦀️component.rs:4791:34: warning: unused variable: `app`: help: try ignoring the field: `app: _`
🧰️framework/🛍️products/💻️os/🔨️modules/🔌️plugin/📦️packages/🦀️rust/../../🦀️component.rs:4480:42: warning: unused variable: `app`: help: try ignoring the field: `app: _`
🧰️framework/🛍️products/💻️os/🔨️modules/🔌️plugin/📦️packages/🦀️rust/../../🦀️component.rs:4564:38: warning: unused variable: `app`: help: try ignoring the field: `app: _`
🧰️framework/🛍️products/💻️os/🔨️modules/🔌️plugin/📦️packages/🦀️rust/../../🦀️component.rs:1679:17: warning: unused variable: `app`: help: if this is intentional, prefix it with an underscore: `_app`
warning: `semio-framework-plugin` (lib) generated 13 warnings (run `cargo fix --lib -p semio-framework-plugin` to apply 13 suggestions)
🧰️framework/🛍️products/💻️os/🖥️host/📦️packages/🦀️rust/📦️glue.rs:5:1: warning: unused extern crate: unused
🧰️framework/🛍️products/💻️os/🖥️host/📦️packages/🦀️rust/📦️glue.rs:6:1: warning: unused extern crate: unused
🧰️framework/🛍️products/💻️os/🖥️host/📦️packages/🦀️rust/📦️glue.rs:8:1: warning: unused extern crate: unused
🧰️framework/🛍️products/💻️os/🖥️host/📦️packages/🦀️rust/📦️glue.rs:9:1: warning: unused extern crate: unused
🧰️framework/🛍️products/💻️os/🖥️host/📦️packages/🦀️rust/../../🦀️component.rs:2533:53: warning: unnecessary qualification
🧰️framework/🛍️products/💻️os/🖥️host/📦️packages/🦀️rust/../../🦀️component.rs:2534:37: warning: unnecessary qualification
🧰️framework/🛍️products/💻️os/🖥️host/📦️packages/🦀️rust/../../🦀️component.rs:2535:53: warning: unnecessary qualification
🧰️framework/🛍️products/💻️os/🖥️host/📦️packages/🦀️rust/../../🦀️component.rs:2536:37: warning: unnecessary qualification
🧰️framework/🛍️products/💻️os/🖥️host/📦️packages/🦀️rust/../../🦀️component.rs:4:1: warning: the `#![feature]` attribute can only be used at the crate root
🧰️framework/🛍️products/💻️os/🖥️host/📦️packages/🦀️rust/📦️glue.rs:2:12: warning: feature `linkage` is declared but not used
warning: `semio-framework-os` (lib) generated 10 warnings (run `cargo fix --lib -p semio-framework-os` to apply 8 suggestions)
    Checking semio-s-plugin-lowpoly v0.1.0 (/Users/ueli/Documents/semio/✏️s/🔌️plugins/💠️lowpoly/📦️packages/🦀️rust)
✏️s/🔌️plugins/💠️lowpoly/📦️packages/🦀️rust/./././../../🗿️artifacts/💠️lowpoly/⚙️engine/🧵️media/🦀️component.rs:44:32: error[E0433]: cannot find `HalfedgeMesh` in `semio_s_3d`: could not find `HalfedgeMesh` in `semio_s_3d`
✏️s/🔌️plugins/💠️lowpoly/📦️packages/🦀️rust/././../../🎛️apps/💠️lowpoly/🦀️component.rs:327:27: error[E0424]: expected value, found module `self`: `self` value is a keyword only available in methods with a `self` parameter
✏️s/🔌️plugins/💠️lowpoly/📦️packages/🦀️rust/././../../🎛️apps/💠️lowpoly/🦀️component.rs:336:34: error[E0424]: expected value, found module `self`: `self` value is a keyword only available in methods with a `self` parameter
✏️s/🔌️plugins/💠️lowpoly/📦️packages/🦀️rust/././../../🎛️apps/💠️lowpoly/🦀️component.rs:340:13: error[E0424]: expected value, found module `self`: `self` value is a keyword only available in methods with a `self` parameter
✏️s/🔌️plugins/💠️lowpoly/📦️packages/🦀️rust/././../../🎛️apps/💠️lowpoly/🦀️component.rs:342:29: error[E0424]: expected value, found module `self`: `self` value is a keyword only available in methods with a `self` parameter
✏️s/🔌️plugins/💠️lowpoly/📦️packages/🦀️rust/././../../🎛️apps/💠️lowpoly/🧭️view/🦀️component.rs:177:62: error[E0425]: cannot find type `MirrorAxis` in crate `semio_s_3d`: not found in `semio_s_3d`
✏️s/🔌️plugins/💠️lowpoly/📦️packages/🦀️rust/././../../🎛️apps/💠️lowpoly/🧭️view/🦀️component.rs:179:26: error[E0433]: cannot find `MirrorAxis` in `semio_s_3d`: could not find `MirrorAxis` in `semio_s_3d`
✏️s/🔌️plugins/💠️lowpoly/📦️packages/🦀️rust/././../../🎛️apps/💠️lowpoly/🧭️view/🦀️component.rs:180:26: error[E0433]: cannot find `MirrorAxis` in `semio_s_3d`: could not find `MirrorAxis` in `semio_s_3d`
✏️s/🔌️plugins/💠️lowpoly/📦️packages/🦀️rust/././../../🎛️apps/💠️lowpoly/🧭️view/🦀️component.rs:181:26: error[E0433]: cannot find `MirrorAxis` in `semio_s_3d`: could not find `MirrorAxis` in `semio_s_3d`
✏️s/🔌️plugins/💠️lowpoly/📦️packages/🦀️rust/././../../🎛️apps/💠️lowpoly/🖌️session/🦀️component.rs:60:42: error[E0425]: cannot find type `MeshKernelError` in crate `semio_s_3d`: not found in `semio_s_3d`
error: could not compile `semio-s-plugin-lowpoly` (lib) due to 10 previous errors
