    Blocking waiting for file lock on package cache
    Blocking waiting for file lock on package cache
    Blocking waiting for file lock on build directory
    Checking semio-framework-os-kernel v0.1.0 (/Users/ueli/Documents/semio/🧰️framework/🛍️products/💻️os/📦️packages/🦀️rust)
🧰️framework/🛍️products/💻️os/📦️packages/🦀️rust/📦️glue.rs:7:1: warning: unused extern crate: unused
🧰️framework/🛍️products/💻️os/📦️packages/🦀️rust/📦️glue.rs:11:1: warning: unused extern crate: unused
🧰️framework/🛍️products/💻️os/📦️packages/🦀️rust/📦️glue.rs:12:1: warning: unused extern crate: unused
🧰️framework/🛍️products/💻️os/📦️packages/🦀️rust/📦️glue.rs:13:1: warning: unused extern crate: unused
🧰️framework/🛍️products/💻️os/📦️packages/🦀️rust/./../../🔨️modules/🗣️dsl/🫀️core/🦀️component.rs:345:11: warning: unexpected `cfg` condition value: `js`
🧰️framework/🛍️products/💻️os/📦️packages/🦀️rust/./../../🔨️modules/🗣️dsl/🫀️core/🦀️component.rs:351:11: warning: unexpected `cfg` condition value: `js`
🧰️framework/🛍️products/💻️os/📦️packages/🦀️rust/📦️glue.rs:185:9: warning: ambiguous glob re-exports: the name `canonicalize` in the value namespace is first re-exported here
🧰️framework/🛍️products/💻️os/📦️packages/🦀️rust/📦️glue.rs:185:9: warning: ambiguous glob re-exports: the name `test_support` in the type namespace is first re-exported here
🧰️framework/🛍️products/💻️os/📦️packages/🦀️rust/📦️glue.rs:185:9: warning: ambiguous glob re-exports: the name `core` in the type namespace is first re-exported here
🧰️framework/🛍️products/💻️os/📦️packages/🦀️rust/📦️glue.rs:185:9: warning: ambiguous glob re-exports: the name `Symbol` in the type namespace is first re-exported here
🧰️framework/🛍️products/💻️os/📦️packages/🦀️rust/📦️glue.rs:187:9: warning: ambiguous glob re-exports: the name `apply_collection_operation` in the value namespace is first re-exported here
🧰️framework/🛍️products/💻️os/📦️packages/🦀️rust/📦️glue.rs:187:9: warning: ambiguous glob re-exports: the name `collection_diff_from_operation` in the value namespace is first re-exported here
🧰️framework/🛍️products/💻️os/📦️packages/🦀️rust/📦️glue.rs:187:9: warning: ambiguous glob re-exports: the name `invert_collection_operation` in the value namespace is first re-exported here
🧰️framework/🛍️products/💻️os/📦️packages/🦀️rust/📦️glue.rs:187:9: warning: ambiguous glob re-exports: the name `Identified` in the type namespace is first re-exported here
🧰️framework/🛍️products/💻️os/📦️packages/🦀️rust/📦️glue.rs:187:9: warning: ambiguous glob re-exports: the name `Patchable` in the type namespace is first re-exported here
🧰️framework/🛍️products/💻️os/📦️packages/🦀️rust/📦️glue.rs:187:9: warning: ambiguous glob re-exports: the name `cli` in the type namespace is first re-exported here
🧰️framework/🛍️products/💻️os/📦️packages/🦀️rust/📦️glue.rs:187:9: warning: ambiguous glob re-exports: the name `format` in the type namespace is first re-exported here
🧰️framework/🛍️products/💻️os/📦️packages/🦀️rust/📦️glue.rs:187:9: warning: ambiguous glob re-exports: the name `io` in the type namespace is first re-exported here
🧰️framework/🛍️products/💻️os/📦️packages/🦀️rust/📦️glue.rs:187:9: warning: ambiguous glob re-exports: the name `testkit` in the type namespace is first re-exported here
🧰️framework/🛍️products/💻️os/📦️packages/🦀️rust/📦️glue.rs:188:9: warning: ambiguous glob re-exports: the name `read_varint_u64` in the value namespace is first re-exported here
🧰️framework/🛍️products/💻️os/📦️packages/🦀️rust/📦️glue.rs:188:9: warning: ambiguous glob re-exports: the name `write_varint_u64` in the value namespace is first re-exported here
🧰️framework/🛍️products/💻️os/📦️packages/🦀️rust/📦️glue.rs:188:9: warning: ambiguous glob re-exports: the name `recover_file` in the value namespace is first re-exported here
🧰️framework/🛍️products/💻️os/📦️packages/🦀️rust/📦️glue.rs:188:9: warning: ambiguous glob re-exports: the name `RecoveryReport` in the type namespace is first re-exported here
🧰️framework/🛍️products/💻️os/📦️packages/🦀️rust/📦️glue.rs:188:9: warning: ambiguous glob re-exports: the name `VerificationLevel` in the type namespace is first re-exported here
🧰️framework/🛍️products/💻️os/📦️packages/🦀️rust/📦️glue.rs:188:9: warning: ambiguous glob re-exports: the name `WriteOptions` in the type namespace is first re-exported here
🧰️framework/🛍️products/💻️os/📦️packages/🦀️rust/📦️glue.rs:188:9: warning: ambiguous glob re-exports: the name `DecodeOptions` in the type namespace is first re-exported here
🧰️framework/🛍️products/💻️os/📦️packages/🦀️rust/📦️glue.rs:188:9: warning: ambiguous glob re-exports: the name `EncodeOptions` in the type namespace is first re-exported here
🧰️framework/🛍️products/💻️os/📦️packages/🦀️rust/📦️glue.rs:192:9: warning: ambiguous glob re-exports: the name `ItemPatch` in the type namespace is first re-exported here
🧰️framework/🛍️products/💻️os/📦️packages/🦀️rust/📦️glue.rs:192:9: warning: ambiguous glob re-exports: the name `CollectionDiff` in the type namespace is first re-exported here
🧰️framework/🛍️products/💻️os/📦️packages/🦀️rust/📦️glue.rs:192:9: warning: ambiguous glob re-exports: the name `CollectionOperation` in the type namespace is first re-exported here
🧰️framework/🛍️products/💻️os/📦️packages/🦀️rust/📦️glue.rs:198:9: warning: ambiguous glob re-exports: the name `Alternative` in the type namespace is first re-exported here
🧰️framework/🛍️products/💻️os/📦️packages/🦀️rust/📦️glue.rs:199:9: warning: unused import: `crate::os_dsl::core::*`
🧰️framework/🛍️products/💻️os/📦️packages/🦀️rust/./../../🔨️modules/🗣️dsl/🫀️core/🦀️component.rs:1083:21: warning: unused variable: `len`: help: if this is intentional, prefix it with an underscore: `_len`
🧰️framework/🛍️products/💻️os/📦️packages/🦀️rust/./../../🔨️modules/🗣️dsl/🖋️notation/🦀️component.rs:269:4: warning: function `print_edge_label` is never used
🧰️framework/🛍️products/💻️os/📦️packages/🦀️rust/./../../🔨️modules/🏪️store/🦀️component.rs:2075:19: warning: method `set_envelope` is never used
warning: `semio-framework-os-kernel` (lib) generated 35 warnings (run `cargo fix --lib -p semio-framework-os-kernel` to apply 6 suggestions)
    Checking semio-framework-ui v0.1.0 (/Users/ueli/Documents/semio/🧰️framework/🔨️modules/🖱️ui/📦️packages/🦀️rust)
    Checking semio-framework-math v0.1.0 (/Users/ueli/Documents/semio/🧰️framework/🔨️modules/🧮️math/📦️packages/🦀️rust)
    Checking semio-framework-core v0.1.0 (/Users/ueli/Documents/semio/🧰️framework/📦️packages/🦀️rust)
    Checking semio-s-3d v0.1.0 (/Users/ueli/Documents/semio/✏️s/🔨️modules/🧊️3d/📦️packages/🦀️rust)
    Checking semio-framework-plugin v0.1.0 (/Users/ueli/Documents/semio/🧰️framework/🛍️products/💻️os/🔨️modules/🔌️plugin/📦️packages/🦀️rust)
🧰️framework/🛍️products/💻️os/🔨️modules/🔌️plugin/📦️packages/🦀️rust/📦️glue.rs:5:1: warning: unused extern crate: unused
🧰️framework/🛍️products/💻️os/🔨️modules/🔌️plugin/📦️packages/🦀️rust/📦️glue.rs:6:1: warning: unused extern crate: unused
🧰️framework/🛍️products/💻️os/🔨️modules/🔌️plugin/📦️packages/🦀️rust/../../🦀️component.rs:3327:61: warning: unnecessary qualification
🧰️framework/🛍️products/💻️os/🔨️modules/🔌️plugin/📦️packages/🦀️rust/../../🦀️component.rs:1679:17: warning: unused variable: `app`: help: if this is intentional, prefix it with an underscore: `_app`
🧰️framework/🛍️products/💻️os/🔨️modules/🔌️plugin/📦️packages/🦀️rust/../../🦀️component.rs:4870:34: warning: unused variable: `app`: help: try ignoring the field: `app: _`
🧰️framework/🛍️products/💻️os/🔨️modules/🔌️plugin/📦️packages/🦀️rust/../../🦀️component.rs:4820:34: warning: unused variable: `app`: help: try ignoring the field: `app: _`
🧰️framework/🛍️products/💻️os/🔨️modules/🔌️plugin/📦️packages/🦀️rust/../../🦀️component.rs:4789:34: warning: unused variable: `app`: help: try ignoring the field: `app: _`
🧰️framework/🛍️products/💻️os/🔨️modules/🔌️plugin/📦️packages/🦀️rust/../../🦀️component.rs:4598:38: warning: unused variable: `app`: help: try ignoring the field: `app: _`
🧰️framework/🛍️products/💻️os/🔨️modules/🔌️plugin/📦️packages/🦀️rust/../../🦀️component.rs:4562:38: warning: unused variable: `app`: help: try ignoring the field: `app: _`
🧰️framework/🛍️products/💻️os/🔨️modules/🔌️plugin/📦️packages/🦀️rust/../../🦀️component.rs:4478:42: warning: unused variable: `app`: help: try ignoring the field: `app: _`
🧰️framework/🛍️products/💻️os/🔨️modules/🔌️plugin/📦️packages/🦀️rust/../../🦀️component.rs:4831:34: warning: unused variable: `app`: help: try ignoring the field: `app: _`
🧰️framework/🛍️products/💻️os/🔨️modules/🔌️plugin/📦️packages/🦀️rust/../../🦀️component.rs:4845:34: warning: unused variable: `app`: help: try ignoring the field: `app: _`
🧰️framework/🛍️products/💻️os/🔨️modules/🔌️plugin/📦️packages/🦀️rust/../../🦀️component.rs:4855:34: warning: unused variable: `app`: help: try ignoring the field: `app: _`
warning: `semio-framework-plugin` (lib) generated 13 warnings (run `cargo fix --lib -p semio-framework-plugin` to apply 13 suggestions)
    Checking semio-framework-os v0.1.0 (/Users/ueli/Documents/semio/🧰️framework/🛍️products/💻️os/🖥️host/📦️packages/🦀️rust)
🧰️framework/🛍️products/💻️os/🖥️host/📦️packages/🦀️rust/../../🦀️component.rs:3280:5: error: visibility `pub` is not followed by an item: the visibility
🧰️framework/🛍️products/💻️os/🖥️host/📦️packages/🦀️rust/../../🦀️component.rs:3280:9: error: expected item, found `#`: expected item
🧰️framework/🛍️products/💻️os/🖥️host/📦️packages/🦀️rust/📦️glue.rs:7:1: warning: unused extern crate: unused
🧰️framework/🛍️products/💻️os/🖥️host/📦️packages/🦀️rust/📦️glue.rs:8:1: warning: unused extern crate: unused
🧰️framework/🛍️products/💻️os/🖥️host/📦️packages/🦀️rust/📦️glue.rs:9:1: warning: unused extern crate: unused
🧰️framework/🛍️products/💻️os/🖥️host/📦️packages/🦀️rust/📦️glue.rs:19:9: warning: unused import: `host_core::*`
warning: `semio-framework-os` (lib) generated 4 warnings
error: could not compile `semio-framework-os` (lib) due to 2 previous errors; 4 warnings emitted
