    Checking semio-framework-os-kernel v0.1.0 (/Users/ueli/Documents/semio/🧰️framework/🛍️products/💻️os/📦️packages/🦀️rust)
🧰️framework/🛍️products/💻️os/📦️packages/🦀️rust/📦️glue.rs:7:1: warning: unused extern crate: unused
🧰️framework/🛍️products/💻️os/📦️packages/🦀️rust/📦️glue.rs:11:1: warning: unused extern crate: unused
🧰️framework/🛍️products/💻️os/📦️packages/🦀️rust/📦️glue.rs:12:1: warning: unused extern crate: unused
🧰️framework/🛍️products/💻️os/📦️packages/🦀️rust/📦️glue.rs:13:1: warning: unused extern crate: unused
🧰️framework/🛍️products/💻️os/📦️packages/🦀️rust/./../../🔨️modules/🗣️dsl/🫀️core/🦀️component.rs:345:11: warning: unexpected `cfg` condition value: `js`
🧰️framework/🛍️products/💻️os/📦️packages/🦀️rust/./../../🔨️modules/🗣️dsl/🫀️core/🦀️component.rs:351:11: warning: unexpected `cfg` condition value: `js`
🧰️framework/🛍️products/💻️os/📦️packages/🦀️rust/📦️glue.rs:185:9: warning: ambiguous glob re-exports: the name `canonicalize` in the value namespace is first re-exported here
🧰️framework/🛍️products/💻️os/📦️packages/🦀️rust/📦️glue.rs:185:9: warning: ambiguous glob re-exports: the name `test_support` in the type namespace is first re-exported here
🧰️framework/🛍️products/💻️os/📦️packages/🦀️rust/📦️glue.rs:185:9: warning: ambiguous glob re-exports: the name `core` in the type namespace is first re-exported here
🧰️framework/🛍️products/💻️os/📦️packages/🦀️rust/📦️glue.rs:185:9: warning: ambiguous glob re-exports: the name `Symbol` in the type namespace is first re-exported here
🧰️framework/🛍️products/💻️os/📦️packages/🦀️rust/📦️glue.rs:187:9: warning: ambiguous glob re-exports: the name `cli` in the type namespace is first re-exported here
🧰️framework/🛍️products/💻️os/📦️packages/🦀️rust/📦️glue.rs:187:9: warning: ambiguous glob re-exports: the name `format` in the type namespace is first re-exported here
🧰️framework/🛍️products/💻️os/📦️packages/🦀️rust/📦️glue.rs:187:9: warning: ambiguous glob re-exports: the name `io` in the type namespace is first re-exported here
🧰️framework/🛍️products/💻️os/📦️packages/🦀️rust/📦️glue.rs:187:9: warning: ambiguous glob re-exports: the name `testkit` in the type namespace is first re-exported here
🧰️framework/🛍️products/💻️os/📦️packages/🦀️rust/📦️glue.rs:188:9: warning: ambiguous glob re-exports: the name `read_varint_u64` in the value namespace is first re-exported here
🧰️framework/🛍️products/💻️os/📦️packages/🦀️rust/📦️glue.rs:188:9: warning: ambiguous glob re-exports: the name `write_varint_u64` in the value namespace is first re-exported here
🧰️framework/🛍️products/💻️os/📦️packages/🦀️rust/📦️glue.rs:188:9: warning: ambiguous glob re-exports: the name `recover_file` in the value namespace is first re-exported here
🧰️framework/🛍️products/💻️os/📦️packages/🦀️rust/📦️glue.rs:188:9: warning: ambiguous glob re-exports: the name `RecoveryReport` in the type namespace is first re-exported here
🧰️framework/🛍️products/💻️os/📦️packages/🦀️rust/📦️glue.rs:188:9: warning: ambiguous glob re-exports: the name `VerificationLevel` in the type namespace is first re-exported here
🧰️framework/🛍️products/💻️os/📦️packages/🦀️rust/📦️glue.rs:188:9: warning: ambiguous glob re-exports: the name `WriteOptions` in the type namespace is first re-exported here
🧰️framework/🛍️products/💻️os/📦️packages/🦀️rust/📦️glue.rs:188:9: warning: ambiguous glob re-exports: the name `DecodeOptions` in the type namespace is first re-exported here
🧰️framework/🛍️products/💻️os/📦️packages/🦀️rust/📦️glue.rs:188:9: warning: ambiguous glob re-exports: the name `EncodeOptions` in the type namespace is first re-exported here
🧰️framework/🛍️products/💻️os/📦️packages/🦀️rust/📦️glue.rs:198:9: warning: ambiguous glob re-exports: the name `Alternative` in the type namespace is first re-exported here
🧰️framework/🛍️products/💻️os/📦️packages/🦀️rust/📦️glue.rs:199:9: warning: unused import: `crate::os_dsl::core::*`
🧰️framework/🛍️products/💻️os/📦️packages/🦀️rust/./../../🔨️modules/🗣️dsl/🫀️core/🦀️component.rs:1083:21: warning: unused variable: `len`: help: if this is intentional, prefix it with an underscore: `_len`
🧰️framework/🛍️products/💻️os/📦️packages/🦀️rust/./../../🔨️modules/🗣️dsl/🖋️notation/🦀️component.rs:269:4: warning: function `print_edge_label` is never used
🧰️framework/🛍️products/💻️os/📦️packages/🦀️rust/./../../🔨️modules/🏪️store/🦀️component.rs:2075:19: warning: method `set_envelope` is never used
warning: `semio-framework-os-kernel` (lib) generated 27 warnings (run `cargo fix --lib -p semio-framework-os-kernel` to apply 6 suggestions)
    Checking semio-framework-ui v0.1.0 (/Users/ueli/Documents/semio/🧰️framework/🔨️modules/🖱️ui/📦️packages/🦀️rust)
    Checking semio-framework-math v0.1.0 (/Users/ueli/Documents/semio/🧰️framework/🔨️modules/🧮️math/📦️packages/🦀️rust)
    Checking semio-framework-core v0.1.0 (/Users/ueli/Documents/semio/🧰️framework/📦️packages/🦀️rust)
    Checking semio-framework-plugin v0.1.0 (/Users/ueli/Documents/semio/🧰️framework/🛍️products/💻️os/🔨️modules/🔌️plugin/📦️packages/🦀️rust)
🧰️framework/🛍️products/💻️os/🔨️modules/🔌️plugin/📦️packages/🦀️rust/📦️glue.rs:5:1: warning: unused extern crate: unused
🧰️framework/🛍️products/💻️os/🔨️modules/🔌️plugin/📦️packages/🦀️rust/📦️glue.rs:6:1: warning: unused extern crate: unused
🧰️framework/🛍️products/💻️os/🔨️modules/🔌️plugin/📦️packages/🦀️rust/../../🦀️component.rs:3327:61: warning: unnecessary qualification
🧰️framework/🛍️products/💻️os/🔨️modules/🔌️plugin/📦️packages/🦀️rust/../../🦀️component.rs:4870:34: warning: unused variable: `app`: help: try ignoring the field: `app: _`
🧰️framework/🛍️products/💻️os/🔨️modules/🔌️plugin/📦️packages/🦀️rust/../../🦀️component.rs:4820:34: warning: unused variable: `app`: help: try ignoring the field: `app: _`
🧰️framework/🛍️products/💻️os/🔨️modules/🔌️plugin/📦️packages/🦀️rust/../../🦀️component.rs:4831:34: warning: unused variable: `app`: help: try ignoring the field: `app: _`
🧰️framework/🛍️products/💻️os/🔨️modules/🔌️plugin/📦️packages/🦀️rust/../../🦀️component.rs:4845:34: warning: unused variable: `app`: help: try ignoring the field: `app: _`
🧰️framework/🛍️products/💻️os/🔨️modules/🔌️plugin/📦️packages/🦀️rust/../../🦀️component.rs:4598:38: warning: unused variable: `app`: help: try ignoring the field: `app: _`
🧰️framework/🛍️products/💻️os/🔨️modules/🔌️plugin/📦️packages/🦀️rust/../../🦀️component.rs:4855:34: warning: unused variable: `app`: help: try ignoring the field: `app: _`
🧰️framework/🛍️products/💻️os/🔨️modules/🔌️plugin/📦️packages/🦀️rust/../../🦀️component.rs:4562:38: warning: unused variable: `app`: help: try ignoring the field: `app: _`
🧰️framework/🛍️products/💻️os/🔨️modules/🔌️plugin/📦️packages/🦀️rust/../../🦀️component.rs:4789:34: warning: unused variable: `app`: help: try ignoring the field: `app: _`
🧰️framework/🛍️products/💻️os/🔨️modules/🔌️plugin/📦️packages/🦀️rust/../../🦀️component.rs:4478:42: warning: unused variable: `app`: help: try ignoring the field: `app: _`
🧰️framework/🛍️products/💻️os/🔨️modules/🔌️plugin/📦️packages/🦀️rust/../../🦀️component.rs:1679:17: warning: unused variable: `app`: help: if this is intentional, prefix it with an underscore: `_app`
warning: `semio-framework-plugin` (lib) generated 13 warnings (run `cargo fix --lib -p semio-framework-plugin` to apply 13 suggestions)
    Checking semio-s-plugin-architect v0.1.0 (/Users/ueli/Documents/semio/✏️s/🔌️plugins/🏛️architect/📦️packages/🦀️rust)
✏️s/🔌️plugins/🏛️architect/📦️packages/🦀️rust/././../../🗿️artifacts/🏛️program/🗄️registers/🦀️component.rs:547:5: error[E0407]: method `diff_patch` is not a member of trait `Patchable`: not a member of trait `Patchable`
✏️s/🔌️plugins/🏛️architect/📦️packages/🦀️rust/././../../🗿️artifacts/🏛️program/🗄️registers/🦀️component.rs:65:13: error[E0407]: method `diff_patch` is not a member of trait `Patchable`: not a member of trait `Patchable`
✏️s/🔌️plugins/🏛️architect/📦️packages/🦀️rust/././../../🗿️artifacts/🏛️program/🔧️op/🦀️component.rs:161:5: error[E0407]: method `diff_patch` is not a member of trait `Patchable`: not a member of trait `Patchable`
✏️s/🔌️plugins/🏛️architect/📦️packages/🦀️rust/././../../🗿️artifacts/🏛️program/🗄️registers/🦀️component.rs:61:54: error[E0053]: method `apply_patch` has an incompatible type for trait: expected `registers::ComplianceRecordPatch`, found `()`
✏️s/🔌️plugins/🏛️architect/📦️packages/🦀️rust/././../../🗿️artifacts/🏛️program/🗄️registers/🦀️component.rs:61:54: error[E0053]: method `apply_patch` has an incompatible type for trait: expected `registers::BenchmarkRecordPatch`, found `()`
✏️s/🔌️plugins/🏛️architect/📦️packages/🦀️rust/././../../🗿️artifacts/🏛️program/🗄️registers/🦀️component.rs:61:54: error[E0053]: method `apply_patch` has an incompatible type for trait: expected `registers::ConstraintRecordPatch`, found `()`
✏️s/🔌️plugins/🏛️architect/📦️packages/🦀️rust/././../../🗿️artifacts/🏛️program/🗄️registers/🦀️component.rs:61:54: error[E0053]: method `apply_patch` has an incompatible type for trait: expected `registers::GovernancePatch`, found `()`
✏️s/🔌️plugins/🏛️architect/📦️packages/🦀️rust/././../../🗿️artifacts/🏛️program/🗄️registers/🦀️component.rs:61:54: error[E0053]: method `apply_patch` has an incompatible type for trait: expected `registers::ApprovalRecordPatch`, found `()`
✏️s/🔌️plugins/🏛️architect/📦️packages/🦀️rust/././../../🗿️artifacts/🏛️program/🔧️op/🦀️component.rs:146:54: error[E0053]: method `apply_patch` has an incompatible type for trait: expected `TraceLinkPatch`, found `()`
✏️s/🔌️plugins/🏛️architect/📦️packages/🦀️rust/././../../🗿️artifacts/🏛️program/🗄️registers/🦀️component.rs:61:54: error[E0053]: method `apply_patch` has an incompatible type for trait: expected `registers::AssumptionPatch`, found `()`
✏️s/🔌️plugins/🏛️architect/📦️packages/🦀️rust/././../../🗿️artifacts/🏛️program/🗄️registers/🦀️component.rs:61:54: error[E0053]: method `apply_patch` has an incompatible type for trait: expected `registers::TemplateRecordPatch`, found `()`
✏️s/🔌️plugins/🏛️architect/📦️packages/🦀️rust/././../../🗿️artifacts/🏛️program/🗄️registers/🦀️component.rs:61:54: error[E0053]: method `apply_patch` has an incompatible type for trait: expected `registers::AuditEventPatch`, found `()`
✏️s/🔌️plugins/🏛️architect/📦️packages/🦀️rust/././../../🗿️artifacts/🏛️program/🗄️registers/🦀️component.rs:61:54: error[E0053]: method `apply_patch` has an incompatible type for trait: expected `registers::IssuePatch`, found `()`
✏️s/🔌️plugins/🏛️architect/📦️packages/🦀️rust/././../../🗿️artifacts/🏛️program/🗄️registers/🦀️component.rs:61:54: error[E0053]: method `apply_patch` has an incompatible type for trait: expected `registers::SurveyPatch`, found `()`
✏️s/🔌️plugins/🏛️architect/📦️packages/🦀️rust/././../../🗿️artifacts/🏛️program/🗄️registers/🦀️component.rs:61:54: error[E0053]: method `apply_patch` has an incompatible type for trait: expected `registers::MeetingRecordPatch`, found `()`
✏️s/🔌️plugins/🏛️architect/📦️packages/🦀️rust/././../../🗿️artifacts/🏛️program/🗄️registers/🦀️component.rs:61:54: error[E0053]: method `apply_patch` has an incompatible type for trait: expected `registers::WorkshopPatch`, found `()`
✏️s/🔌️plugins/🏛️architect/📦️packages/🦀️rust/././../../🗿️artifacts/🏛️program/🗄️registers/🦀️component.rs:61:54: error[E0053]: method `apply_patch` has an incompatible type for trait: expected `registers::KnowledgeRecordPatch`, found `()`
✏️s/🔌️plugins/🏛️architect/📦️packages/🦀️rust/././../../🗿️artifacts/🏛️program/🗄️registers/🦀️component.rs:61:54: error[E0053]: method `apply_patch` has an incompatible type for trait: expected `registers::ReportRecordPatch`, found `()`
✏️s/🔌️plugins/🏛️architect/📦️packages/🦀️rust/././../../🗿️artifacts/🏛️program/🗄️registers/🦀️component.rs:61:54: error[E0053]: method `apply_patch` has an incompatible type for trait: expected `registers::AnalysisRecordPatch`, found `()`
✏️s/🔌️plugins/🏛️architect/📦️packages/🦀️rust/././../../🗿️artifacts/🏛️program/🗄️registers/🦀️component.rs:529:56: error[E0053]: method `apply_patch` has an incompatible type for trait: expected `registers::ProgramMetaPatch`, found `()`
✏️s/🔌️plugins/🏛️architect/📦️packages/🦀️rust/././../../🗿️artifacts/🏛️program/🗄️registers/🦀️component.rs:61:54: error[E0053]: method `apply_patch` has an incompatible type for trait: expected `registers::CollaborationRecordPatch`, found `()`
✏️s/🔌️plugins/🏛️architect/📦️packages/🦀️rust/././../../🗿️artifacts/🏛️program/🗄️registers/🦀️component.rs:61:54: error[E0053]: method `apply_patch` has an incompatible type for trait: expected `registers::StatusRecordPatch`, found `()`
✏️s/🔌️plugins/🏛️architect/📦️packages/🦀️rust/././../../🗿️artifacts/🏛️program/🗄️registers/🦀️component.rs:61:54: error[E0053]: method `apply_patch` has an incompatible type for trait: expected `registers::ValidationRecordPatch`, found `()`
✏️s/🔌️plugins/🏛️architect/📦️packages/🦀️rust/././../../🗿️artifacts/🏛️program/🗄️registers/🦀️component.rs:61:54: error[E0053]: method `apply_patch` has an incompatible type for trait: expected `registers::ProjectDefinitionPatch`, found `()`
✏️s/🔌️plugins/🏛️architect/📦️packages/🦀️rust/././../../🗿️artifacts/🏛️program/🗄️registers/🦀️component.rs:61:54: error[E0053]: method `apply_patch` has an incompatible type for trait: expected `registers::DecisionPatch`, found `()`
✏️s/🔌️plugins/🏛️architect/📦️packages/🦀️rust/././../../🗿️artifacts/🏛️program/🗄️registers/🦀️component.rs:61:54: error[E0053]: method `apply_patch` has an incompatible type for trait: expected `registers::ChangeRecordPatch`, found `()`
✏️s/🔌️plugins/🏛️architect/📦️packages/🦀️rust/././../../🗿️artifacts/🏛️program/🗄️registers/🦀️component.rs:61:54: error[E0053]: method `apply_patch` has an incompatible type for trait: expected `registers::DocumentRecordPatch`, found `()`
✏️s/🔌️plugins/🏛️architect/📦️packages/🦀️rust/././../../🗿️artifacts/🏛️program/🗄️registers/🦀️component.rs:61:54: error[E0053]: method `apply_patch` has an incompatible type for trait: expected `registers::StakeholderPatch`, found `()`
✏️s/🔌️plugins/🏛️architect/📦️packages/🦀️rust/././../../🗿️artifacts/🏛️program/🗄️registers/🦀️component.rs:61:54: error[E0053]: method `apply_patch` has an incompatible type for trait: expected `registers::ScenarioPatch`, found `()`
✏️s/🔌️plugins/🏛️architect/📦️packages/🦀️rust/././../../🗿️artifacts/🏛️program/🗄️registers/🦀️component.rs:61:54: error[E0053]: method `apply_patch` has an incompatible type for trait: expected `registers::QualityRecordPatch`, found `()`
✏️s/🔌️plugins/🏛️architect/📦️packages/🦀️rust/././../../🗿️artifacts/🏛️program/🗄️registers/🦀️component.rs:61:54: error[E0053]: method `apply_patch` has an incompatible type for trait: expected `registers::PerformanceCriterionPatch`, found `()`
✏️s/🔌️plugins/🏛️architect/📦️packages/🦀️rust/././../../🗿️artifacts/🏛️program/🗄️registers/🦀️component.rs:61:54: error[E0053]: method `apply_patch` has an incompatible type for trait: expected `registers::UserProfilePatch`, found `()`
✏️s/🔌️plugins/🏛️architect/📦️packages/🦀️rust/././../../🗿️artifacts/🏛️program/🗄️registers/🦀️component.rs:61:54: error[E0053]: method `apply_patch` has an incompatible type for trait: expected `registers::ConflictPatch`, found `()`
✏️s/🔌️plugins/🏛️architect/📦️packages/🦀️rust/././../../🗿️artifacts/🏛️program/🗄️registers/🦀️component.rs:61:54: error[E0053]: method `apply_patch` has an incompatible type for trait: expected `registers::ActivityPatch`, found `()`
✏️s/🔌️plugins/🏛️architect/📦️packages/🦀️rust/././../../🗿️artifacts/🏛️program/🗄️registers/🦀️component.rs:61:54: error[E0053]: method `apply_patch` has an incompatible type for trait: expected `registers::PriorityRecordPatch`, found `()`
✏️s/🔌️plugins/🏛️architect/📦️packages/🦀️rust/././../../🗿️artifacts/🏛️program/🗄️registers/🦀️component.rs:61:54: error[E0053]: method `apply_patch` has an incompatible type for trait: expected `registers::RequirementPatch`, found `()`
✏️s/🔌️plugins/🏛️architect/📦️packages/🦀️rust/././../../🗿️artifacts/🏛️program/🗄️registers/🦀️component.rs:61:54: error[E0053]: method `apply_patch` has an incompatible type for trait: expected `registers::FunctionPatch`, found `()`
✏️s/🔌️plugins/🏛️architect/📦️packages/🦀️rust/././../../🗿️artifacts/🏛️program/🗄️registers/🦀️component.rs:61:54: error[E0053]: method `apply_patch` has an incompatible type for trait: expected `registers::DeliveryConstraintPatch`, found `()`
✏️s/🔌️plugins/🏛️architect/📦️packages/🦀️rust/././../../🗿️artifacts/🏛️program/🗄️registers/🦀️component.rs:61:54: error[E0053]: method `apply_patch` has an incompatible type for trait: expected `registers::SearchFilterPatch`, found `()`
✏️s/🔌️plugins/🏛️architect/📦️packages/🦀️rust/././../../🗿️artifacts/🏛️program/🗄️registers/🦀️component.rs:61:54: error[E0053]: method `apply_patch` has an incompatible type for trait: expected `registers::ProgramElementPatch`, found `()`
✏️s/🔌️plugins/🏛️architect/📦️packages/🦀️rust/././../../🗿️artifacts/🏛️program/🗄️registers/🦀️component.rs:61:54: error[E0053]: method `apply_patch` has an incompatible type for trait: expected `registers::FlexibilityRequirementPatch`, found `()`
✏️s/🔌️plugins/🏛️architect/📦️packages/🦀️rust/././../../🗿️artifacts/🏛️program/🗄️registers/🦀️component.rs:61:54: error[E0053]: method `apply_patch` has an incompatible type for trait: expected `registers::ScheduleRequirementPatch`, found `()`
✏️s/🔌️plugins/🏛️architect/📦️packages/🦀️rust/././../../🗿️artifacts/🏛️program/🗄️registers/🦀️component.rs:61:54: error[E0053]: method `apply_patch` has an incompatible type for trait: expected `registers::OptionEvaluationPatch`, found `()`
✏️s/🔌️plugins/🏛️architect/📦️packages/🦀️rust/././../../🗿️artifacts/🏛️program/🗄️registers/🦀️component.rs:61:54: error[E0053]: method `apply_patch` has an incompatible type for trait: expected `SustainabilityRequirementPatch`, found `()`
✏️s/🔌️plugins/🏛️architect/📦️packages/🦀️rust/././../../🗿️artifacts/🏛️program/🗄️registers/🦀️component.rs:61:54: error[E0053]: method `apply_patch` has an incompatible type for trait: expected `registers::CostRequirementPatch`, found `()`
✏️s/🔌️plugins/🏛️architect/📦️packages/🦀️rust/././../../🗿️artifacts/🏛️program/🗄️registers/🦀️component.rs:61:54: error[E0053]: method `apply_patch` has an incompatible type for trait: expected `registers::ResilienceRequirementPatch`, found `()`
✏️s/🔌️plugins/🏛️architect/📦️packages/🦀️rust/././../../🗿️artifacts/🏛️program/🗄️registers/🦀️component.rs:61:54: error[E0053]: method `apply_patch` has an incompatible type for trait: expected `registers::RiskPatch`, found `()`
✏️s/🔌️plugins/🏛️architect/📦️packages/🦀️rust/././../../🗿️artifacts/🏛️program/🗄️registers/🦀️component.rs:61:54: error[E0053]: method `apply_patch` has an incompatible type for trait: expected `registers::QuantityRequirementPatch`, found `()`
✏️s/🔌️plugins/🏛️architect/📦️packages/🦀️rust/././../../🗿️artifacts/🏛️program/🗄️registers/🦀️component.rs:61:54: error[E0053]: method `apply_patch` has an incompatible type for trait: expected `registers::CommunicationRequirementPatch`, found `()`
✏️s/🔌️plugins/🏛️architect/📦️packages/🦀️rust/././../../🗿️artifacts/🏛️program/🗄️registers/🦀️component.rs:61:54: error[E0053]: method `apply_patch` has an incompatible type for trait: expected `registers::InformationRequirementPatch`, found `()`
✏️s/🔌️plugins/🏛️architect/📦️packages/🦀️rust/././../../🗿️artifacts/🏛️program/🗄️registers/🦀️component.rs:61:54: error[E0053]: method `apply_patch` has an incompatible type for trait: expected `registers::WayfindingRequirementPatch`, found `()`
✏️s/🔌️plugins/🏛️architect/📦️packages/🦀️rust/././../../🗿️artifacts/🏛️program/🗄️registers/🦀️component.rs:61:54: error[E0053]: method `apply_patch` has an incompatible type for trait: expected `registers::SiteContextPatch`, found `()`
✏️s/🔌️plugins/🏛️architect/📦️packages/🦀️rust/././../../🗿️artifacts/🏛️program/🗄️registers/🦀️component.rs:61:54: error[E0053]: method `apply_patch` has an incompatible type for trait: expected `registers::RelationshipPatch`, found `()`
✏️s/🔌️plugins/🏛️architect/📦️packages/🦀️rust/././../../🗿️artifacts/🏛️program/🗄️registers/🦀️component.rs:61:54: error[E0053]: method `apply_patch` has an incompatible type for trait: expected `OrganizationalRequirementPatch`, found `()`
✏️s/🔌️plugins/🏛️architect/📦️packages/🦀️rust/././../../🗿️artifacts/🏛️program/🗄️registers/🦀️component.rs:61:54: error[E0053]: method `apply_patch` has an incompatible type for trait: expected `InfrastructureRequirementPatch`, found `()`
✏️s/🔌️plugins/🏛️architect/📦️packages/🦀️rust/././../../🗿️artifacts/🏛️program/🗄️registers/🦀️component.rs:61:54: error[E0053]: method `apply_patch` has an incompatible type for trait: expected `registers::SecurityRequirementPatch`, found `()`
✏️s/🔌️plugins/🏛️architect/📦️packages/🦀️rust/././../../🗿️artifacts/🏛️program/🗄️registers/🦀️component.rs:61:54: error[E0053]: method `apply_patch` has an incompatible type for trait: expected `registers::RegulatoryRequirementPatch`, found `()`
✏️s/🔌️plugins/🏛️architect/📦️packages/🦀️rust/././../../🗿️artifacts/🏛️program/🗄️registers/🦀️component.rs:61:54: error[E0053]: method `apply_patch` has an incompatible type for trait: expected `registers::SafetyRequirementPatch`, found `()`
✏️s/🔌️plugins/🏛️architect/📦️packages/🦀️rust/././../../🗿️artifacts/🏛️program/🗄️registers/🦀️component.rs:61:54: error[E0053]: method `apply_patch` has an incompatible type for trait: expected `registers::HumanFactorRequirementPatch`, found `()`
✏️s/🔌️plugins/🏛️architect/📦️packages/🦀️rust/././../../🗿️artifacts/🏛️program/🗄️registers/🦀️component.rs:61:54: error[E0053]: method `apply_patch` has an incompatible type for trait: expected `registers::GrowthPlanPatch`, found `()`
✏️s/🔌️plugins/🏛️architect/📦️packages/🦀️rust/././../../🗿️artifacts/🏛️program/🗄️registers/🦀️component.rs:61:54: error[E0053]: method `apply_patch` has an incompatible type for trait: expected `registers::AccessibilityRequirementPatch`, found `()`
✏️s/🔌️plugins/🏛️architect/📦️packages/🦀️rust/././../../🗿️artifacts/🏛️program/🗄️registers/🦀️component.rs:61:54: error[E0053]: method `apply_patch` has an incompatible type for trait: expected `registers::AdjacencyPatch`, found `()`
✏️s/🔌️plugins/🏛️architect/📦️packages/🦀️rust/././../../🗿️artifacts/🏛️program/🗄️registers/🦀️component.rs:61:54: error[E0053]: method `apply_patch` has an incompatible type for trait: expected `registers::EnvironmentalRequirementPatch`, found `()`
✏️s/🔌️plugins/🏛️architect/📦️packages/🦀️rust/././../../🗿️artifacts/🏛️program/🗄️registers/🦀️component.rs:61:54: error[E0053]: method `apply_patch` has an incompatible type for trait: expected `registers::StorageRequirementPatch`, found `()`
✏️s/🔌️plugins/🏛️architect/📦️packages/🦀️rust/././../../🗿️artifacts/🏛️program/🗄️registers/🦀️component.rs:61:54: error[E0053]: method `apply_patch` has an incompatible type for trait: expected `registers::ServiceRequirementPatch`, found `()`
✏️s/🔌️plugins/🏛️architect/📦️packages/🦀️rust/././../../🗿️artifacts/🏛️program/🗄️registers/🦀️component.rs:61:54: error[E0053]: method `apply_patch` has an incompatible type for trait: expected `registers::ProcessPatch`, found `()`
✏️s/🔌️plugins/🏛️architect/📦️packages/🦀️rust/././../../🗿️artifacts/🏛️program/🗄️registers/🦀️component.rs:61:54: error[E0053]: method `apply_patch` has an incompatible type for trait: expected `registers::EquipmentPatch`, found `()`
✏️s/🔌️plugins/🏛️architect/📦️packages/🦀️rust/././../../🗿️artifacts/🏛️program/🗄️registers/🦀️component.rs:61:54: error[E0053]: method `apply_patch` has an incompatible type for trait: expected `registers::AccessRulePatch`, found `()`
✏️s/🔌️plugins/🏛️architect/📦️packages/🦀️rust/././../../🗿️artifacts/🏛️program/🗄️registers/🦀️component.rs:61:54: error[E0053]: method `apply_patch` has an incompatible type for trait: expected `registers::ResourcePatch`, found `()`
✏️s/🔌️plugins/🏛️architect/📦️packages/🦀️rust/././../../🗿️artifacts/🏛️program/🗄️registers/🦀️component.rs:61:54: error[E0053]: method `apply_patch` has an incompatible type for trait: expected `registers::PrivacyRequirementPatch`, found `()`
✏️s/🔌️plugins/🏛️architect/📦️packages/🦀️rust/././../../🗿️artifacts/🏛️program/🗄️registers/🦀️component.rs:61:54: error[E0053]: method `apply_patch` has an incompatible type for trait: expected `registers::OperationalRequirementPatch`, found `()`
✏️s/🔌️plugins/🏛️architect/📦️packages/🦀️rust/././../../🗿️artifacts/🏛️program/🗄️registers/🦀️component.rs:61:54: error[E0053]: method `apply_patch` has an incompatible type for trait: expected `registers::FlowRequirementPatch`, found `()`
✏️s/🔌️plugins/🏛️architect/📦️packages/🦀️rust/././../../🗿️artifacts/🏛️program/🔧️op/🦀️component.rs:327:33: error[E0599]: no method named `diff_patch` found for struct `registers::ProgramMeta` in the current scope: method not found in `registers::ProgramMeta`
✏️s/🔌️plugins/🏛️architect/📦️packages/🦀️rust/././../../🗿️artifacts/🏛️program/🔧️op/🦀️component.rs:334:33: error[E0599]: no method named `diff_patch` found for struct `registers::ProjectDefinition` in the current scope: method not found in `registers::ProjectDefinition`
✏️s/🔌️plugins/🏛️architect/📦️packages/🦀️rust/././../../🗿️artifacts/🏛️program/🔧️op/🦀️component.rs:341:33: error[E0599]: no method named `diff_patch` found for struct `registers::Governance` in the current scope: method not found in `registers::Governance`
error: could not compile `semio-s-plugin-architect` (lib) due to 141 previous errors
