    Checking semio-framework-os-kernel v0.1.0 (/Users/ueli/Documents/semio/🧰️framework/🛍️products/💻️os/📦️packages/🦀️rust)
warning: unused extern crate
 --> 🧰️framework/🛍️products/💻️os/📦️packages/🦀️rust/📦️glue.rs:7:1
  |
7 | extern crate self as dsl_grammar;
  | ^^^^^^^^^^^^^^^^^^^^^^^^^^^^^^^^^ unused
  |
  = note: `-W unused-extern-crates` implied by `-W rust-2018-idioms`
  = help: to override `-W rust-2018-idioms` add `#[allow(unused_extern_crates)]`
help: remove the unused `extern crate`
  |
7 - extern crate self as dsl_grammar;
  |

warning: unused extern crate
  --> 🧰️framework/🛍️products/💻️os/📦️packages/🦀️rust/📦️glue.rs:11:1
   |
11 | extern crate self as pack;
   | ^^^^^^^^^^^^^^^^^^^^^^^^^^ unused
   |
help: remove the unused `extern crate`
   |
11 - extern crate self as pack;
   |

warning: unused extern crate
  --> 🧰️framework/🛍️products/💻️os/📦️packages/🦀️rust/📦️glue.rs:12:1
   |
12 | extern crate self as spr;
   | ^^^^^^^^^^^^^^^^^^^^^^^^^ unused
   |
help: remove the unused `extern crate`
   |
12 - extern crate self as spr;
   |

warning: unused extern crate
  --> 🧰️framework/🛍️products/💻️os/📦️packages/🦀️rust/📦️glue.rs:13:1
   |
13 | extern crate self as vcs;
   | ^^^^^^^^^^^^^^^^^^^^^^^^^ unused
   |
help: remove the unused `extern crate`
   |
13 - extern crate self as vcs;
   |

warning: private item shadows public glob re-export
   --> 🧰️framework/🛍️products/💻️os/📦️packages/🦀️rust/📦️glue.rs:14:1
    |
 14 | extern crate self as semio_format;
    | ^^^^^^^^^^^^^^^^^^^^^^^^^^^^^^^^^^
    |
note: the name `semio_format` in the type namespace is supposed to be publicly re-exported here
   --> 🧰️framework/🛍️products/💻️os/📦️packages/🦀️rust/📦️glue.rs:186:9
    |
186 | pub use crate::os_store::*;
    |         ^^^^^^^^^^^^^^^^^^
note: but the private item here shadows it
   --> 🧰️framework/🛍️products/💻️os/📦️packages/🦀️rust/📦️glue.rs:14:1
    |
 14 | extern crate self as semio_format;
    | ^^^^^^^^^^^^^^^^^^^^^^^^^^^^^^^^^^
    = note: `#[warn(hidden_glob_reexports)]` on by default

warning: unexpected `cfg` condition value: `js`
   --> 🧰️framework/🛍️products/💻️os/📦️packages/🦀️rust/./../../🔨️modules/🗣️dsl/🫀️core/🦀️component.rs:345:11
    |
345 | #[cfg(all(feature = "js", target_arch = "wasm32"))]
    |           ^^^^^^^^^^^^^^
    |
    = note: expected values for `feature` are: `default`, `deflate`, `sync`, `ureq`, and `worker`
    = help: consider adding `js` as a feature in `Cargo.toml`
    = note: see <https://doc.rust-lang.org/nightly/rustc/check-cfg/cargo-specifics.html> for more information about checking conditional configuration
    = note: `#[warn(unexpected_cfgs)]` on by default

warning: unexpected `cfg` condition value: `js`
   --> 🧰️framework/🛍️products/💻️os/📦️packages/🦀️rust/./../../🔨️modules/🗣️dsl/🫀️core/🦀️component.rs:351:11
    |
351 | #[cfg(all(feature = "js", target_arch = "wasm32"))]
    |           ^^^^^^^^^^^^^^
    |
    = note: expected values for `feature` are: `default`, `deflate`, `sync`, `ureq`, and `worker`
    = help: consider adding `js` as a feature in `Cargo.toml`
    = note: see <https://doc.rust-lang.org/nightly/rustc/check-cfg/cargo-specifics.html> for more information about checking conditional configuration

warning: unnecessary qualification
    --> 🧰️framework/🛍️products/💻️os/📦️packages/🦀️rust/./../../🔨️modules/🏪️store/🦀️component.rs:2304:32
     |
2304 | ...   let committed: std::collections::HashSet<String> = self.envelope.vcs.changes.iter().flat_map(|change| change.edit_ids.iter()...
     |                      ^^^^^^^^^^^^^^^^^^^^^^^^^^^^^^^^^
     |
     = note: requested on the command line with `-W unused-qualifications`
help: remove the unnecessary path segments
     |
2304 -                 let committed: std::collections::HashSet<String> = self.envelope.vcs.changes.iter().flat_map(|change| change.edit_ids.iter().cloned()).collect();
2304 +                 let committed: HashSet<String> = self.envelope.vcs.changes.iter().flat_map(|change| change.edit_ids.iter().cloned()).collect();
     |

warning: ambiguous glob re-exports
   --> 🧰️framework/🛍️products/💻️os/📦️packages/🦀️rust/📦️glue.rs:185:9
    |
185 | pub use crate::os_dsl::*;
    |         ^^^^^^^^^^^^^^^^ the name `canonicalize` in the value namespace is first re-exported here
...
198 | pub use crate::os_dsl::grammar::*;
    |         ------------------------- but the name `canonicalize` in the value namespace is also re-exported here
    |
    = note: `#[warn(ambiguous_glob_reexports)]` on by default

warning: ambiguous glob re-exports
   --> 🧰️framework/🛍️products/💻️os/📦️packages/🦀️rust/📦️glue.rs:185:9
    |
185 | pub use crate::os_dsl::*;
    |         ^^^^^^^^^^^^^^^^ the name `test_support` in the type namespace is first re-exported here
186 | pub use crate::os_store::*;
    |         ------------------ but the name `test_support` in the type namespace is also re-exported here

warning: ambiguous glob re-exports
   --> 🧰️framework/🛍️products/💻️os/📦️packages/🦀️rust/📦️glue.rs:185:9
    |
185 | pub use crate::os_dsl::*;
    |         ^^^^^^^^^^^^^^^^ the name `core` in the type namespace is first re-exported here
...
188 | pub use crate::os_pack::*;
    |         ----------------- but the name `core` in the type namespace is also re-exported here

warning: ambiguous glob re-exports
   --> 🧰️framework/🛍️products/💻️os/📦️packages/🦀️rust/📦️glue.rs:185:9
    |
185 | pub use crate::os_dsl::*;
    |         ^^^^^^^^^^^^^^^^ the name `Symbol` in the type namespace is first re-exported here
...
198 | pub use crate::os_dsl::grammar::*;
    |         ------------------------- but the name `Symbol` in the type namespace is also re-exported here

warning: ambiguous glob re-exports
   --> 🧰️framework/🛍️products/💻️os/📦️packages/🦀️rust/📦️glue.rs:187:9
    |
187 | pub use crate::os_spr::*;
    |         ^^^^^^^^^^^^^^^^ the name `apply_collection_operation` in the value namespace is first re-exported here
...
192 | pub use crate::os_vcs::*;
    |         ---------------- but the name `apply_collection_operation` in the value namespace is also re-exported here

warning: ambiguous glob re-exports
   --> 🧰️framework/🛍️products/💻️os/📦️packages/🦀️rust/📦️glue.rs:187:9
    |
187 | pub use crate::os_spr::*;
    |         ^^^^^^^^^^^^^^^^ the name `collection_diff_from_operation` in the value namespace is first re-exported here
...
192 | pub use crate::os_vcs::*;
    |         ---------------- but the name `collection_diff_from_operation` in the value namespace is also re-exported here

warning: ambiguous glob re-exports
   --> 🧰️framework/🛍️products/💻️os/📦️packages/🦀️rust/📦️glue.rs:187:9
    |
187 | pub use crate::os_spr::*;
    |         ^^^^^^^^^^^^^^^^ the name `invert_collection_operation` in the value namespace is first re-exported here
...
192 | pub use crate::os_vcs::*;
    |         ---------------- but the name `invert_collection_operation` in the value namespace is also re-exported here

warning: ambiguous glob re-exports
   --> 🧰️framework/🛍️products/💻️os/📦️packages/🦀️rust/📦️glue.rs:187:9
    |
187 | pub use crate::os_spr::*;
    |         ^^^^^^^^^^^^^^^^ the name `Identified` in the type namespace is first re-exported here
...
192 | pub use crate::os_vcs::*;
    |         ---------------- but the name `Identified` in the type namespace is also re-exported here

warning: ambiguous glob re-exports
   --> 🧰️framework/🛍️products/💻️os/📦️packages/🦀️rust/📦️glue.rs:187:9
    |
187 | pub use crate::os_spr::*;
    |         ^^^^^^^^^^^^^^^^ the name `Patchable` in the type namespace is first re-exported here
...
192 | pub use crate::os_vcs::*;
    |         ---------------- but the name `Patchable` in the type namespace is also re-exported here

warning: ambiguous glob re-exports
   --> 🧰️framework/🛍️products/💻️os/📦️packages/🦀️rust/📦️glue.rs:187:9
    |
187 | pub use crate::os_spr::*;
    |         ^^^^^^^^^^^^^^^^ the name `cli` in the type namespace is first re-exported here
...
194 | pub use crate::os_semio::*;
    |         ------------------ but the name `cli` in the type namespace is also re-exported here

warning: ambiguous glob re-exports
   --> 🧰️framework/🛍️products/💻️os/📦️packages/🦀️rust/📦️glue.rs:187:9
    |
187 | pub use crate::os_spr::*;
    |         ^^^^^^^^^^^^^^^^ the name `format` in the type namespace is first re-exported here
188 | pub use crate::os_pack::*;
    |         ----------------- but the name `format` in the type namespace is also re-exported here

warning: ambiguous glob re-exports
   --> 🧰️framework/🛍️products/💻️os/📦️packages/🦀️rust/📦️glue.rs:187:9
    |
187 | pub use crate::os_spr::*;
    |         ^^^^^^^^^^^^^^^^ the name `io` in the type namespace is first re-exported here
188 | pub use crate::os_pack::*;
    |         ----------------- but the name `io` in the type namespace is also re-exported here

warning: ambiguous glob re-exports
   --> 🧰️framework/🛍️products/💻️os/📦️packages/🦀️rust/📦️glue.rs:187:9
    |
187 | pub use crate::os_spr::*;
    |         ^^^^^^^^^^^^^^^^ the name `testkit` in the type namespace is first re-exported here
188 | pub use crate::os_pack::*;
    |         ----------------- but the name `testkit` in the type namespace is also re-exported here

warning: ambiguous glob re-exports
   --> 🧰️framework/🛍️products/💻️os/📦️packages/🦀️rust/📦️glue.rs:188:9
    |
187 | pub use crate::os_spr::*;
    |         ---------------- but the name `read_varint_u64` in the value namespace is also re-exported here
188 | pub use crate::os_pack::*;
    |         ^^^^^^^^^^^^^^^^^ the name `read_varint_u64` in the value namespace is first re-exported here

warning: ambiguous glob re-exports
   --> 🧰️framework/🛍️products/💻️os/📦️packages/🦀️rust/📦️glue.rs:188:9
    |
187 | pub use crate::os_spr::*;
    |         ---------------- but the name `write_varint_u64` in the value namespace is also re-exported here
188 | pub use crate::os_pack::*;
    |         ^^^^^^^^^^^^^^^^^ the name `write_varint_u64` in the value namespace is first re-exported here

warning: ambiguous glob re-exports
   --> 🧰️framework/🛍️products/💻️os/📦️packages/🦀️rust/📦️glue.rs:188:9
    |
187 | pub use crate::os_spr::*;
    |         ---------------- but the name `recover_file` in the value namespace is also re-exported here
188 | pub use crate::os_pack::*;
    |         ^^^^^^^^^^^^^^^^^ the name `recover_file` in the value namespace is first re-exported here

warning: ambiguous glob re-exports
   --> 🧰️framework/🛍️products/💻️os/📦️packages/🦀️rust/📦️glue.rs:188:9
    |
187 | pub use crate::os_spr::*;
    |         ---------------- but the name `RecoveryReport` in the type namespace is also re-exported here
188 | pub use crate::os_pack::*;
    |         ^^^^^^^^^^^^^^^^^ the name `RecoveryReport` in the type namespace is first re-exported here

warning: ambiguous glob re-exports
   --> 🧰️framework/🛍️products/💻️os/📦️packages/🦀️rust/📦️glue.rs:188:9
    |
187 | pub use crate::os_spr::*;
    |         ---------------- but the name `VerificationLevel` in the type namespace is also re-exported here
188 | pub use crate::os_pack::*;
    |         ^^^^^^^^^^^^^^^^^ the name `VerificationLevel` in the type namespace is first re-exported here

warning: ambiguous glob re-exports
   --> 🧰️framework/🛍️products/💻️os/📦️packages/🦀️rust/📦️glue.rs:188:9
    |
187 | pub use crate::os_spr::*;
    |         ---------------- but the name `WriteOptions` in the type namespace is also re-exported here
188 | pub use crate::os_pack::*;
    |         ^^^^^^^^^^^^^^^^^ the name `WriteOptions` in the type namespace is first re-exported here

warning: ambiguous glob re-exports
   --> 🧰️framework/🛍️products/💻️os/📦️packages/🦀️rust/📦️glue.rs:188:9
    |
187 | pub use crate::os_spr::*;
    |         ---------------- but the name `DecodeOptions` in the type namespace is also re-exported here
188 | pub use crate::os_pack::*;
    |         ^^^^^^^^^^^^^^^^^ the name `DecodeOptions` in the type namespace is first re-exported here

warning: ambiguous glob re-exports
   --> 🧰️framework/🛍️products/💻️os/📦️packages/🦀️rust/📦️glue.rs:188:9
    |
187 | pub use crate::os_spr::*;
    |         ---------------- but the name `EncodeOptions` in the type namespace is also re-exported here
188 | pub use crate::os_pack::*;
    |         ^^^^^^^^^^^^^^^^^ the name `EncodeOptions` in the type namespace is first re-exported here

warning: ambiguous glob re-exports
   --> 🧰️framework/🛍️products/💻️os/📦️packages/🦀️rust/📦️glue.rs:192:9
    |
187 | pub use crate::os_spr::*;
    |         ---------------- but the name `ItemPatch` in the type namespace is also re-exported here
...
192 | pub use crate::os_vcs::*;
    |         ^^^^^^^^^^^^^^^^ the name `ItemPatch` in the type namespace is first re-exported here

warning: ambiguous glob re-exports
   --> 🧰️framework/🛍️products/💻️os/📦️packages/🦀️rust/📦️glue.rs:192:9
    |
187 | pub use crate::os_spr::*;
    |         ---------------- but the name `CollectionDiff` in the type namespace is also re-exported here
...
192 | pub use crate::os_vcs::*;
    |         ^^^^^^^^^^^^^^^^ the name `CollectionDiff` in the type namespace is first re-exported here

warning: ambiguous glob re-exports
   --> 🧰️framework/🛍️products/💻️os/📦️packages/🦀️rust/📦️glue.rs:192:9
    |
187 | pub use crate::os_spr::*;
    |         ---------------- but the name `CollectionOperation` in the type namespace is also re-exported here
...
192 | pub use crate::os_vcs::*;
    |         ^^^^^^^^^^^^^^^^ the name `CollectionOperation` in the type namespace is first re-exported here

warning: ambiguous glob re-exports
   --> 🧰️framework/🛍️products/💻️os/📦️packages/🦀️rust/📦️glue.rs:198:9
    |
186 | pub use crate::os_store::*;
    |         ------------------ but the name `Alternative` in the type namespace is also re-exported here
...
198 | pub use crate::os_dsl::grammar::*;
    |         ^^^^^^^^^^^^^^^^^^^^^^^^^ the name `Alternative` in the type namespace is first re-exported here

warning: unused import: `crate::os_dsl::core::*`
   --> 🧰️framework/🛍️products/💻️os/📦️packages/🦀️rust/📦️glue.rs:199:9
    |
199 | pub use crate::os_dsl::core::*;
    |         ^^^^^^^^^^^^^^^^^^^^^^
    |
    = note: `#[warn(unused_imports)]` (part of `#[warn(unused)]`) on by default

error[E0308]: mismatched types
    --> 🧰️framework/🛍️products/💻️os/📦️packages/🦀️rust/./../../🔨️modules/🏪️store/🦀️component.rs:3093:24
     |
3089 |     fn checkout(&mut self, checkpoint_id: &str, alternative_id: &str) -> Result<(), VcsError> {
     |                                                                          -------------------- expected `Result<(), VcsError>` because of return type
...
3093 |                 return self.dispatch(DocumentCommand::SwitchAlternative { alternative_id: alternative_id.to_string() });
     |                        ^^^^^^^^^^^^^^^^^^^^^^^^^^^^^^^^^^^^^^^^^^^^^^^^^^^^^^^^^^^^^^^^^^^^^^^^^^^^^^^^^^^^^^^^^^^^^^^^ expected `Result<(), VcsError>`, found `Result<CommandReceipt, VcsError>`
     |
     = note: expected enum `Result<(), _>`
                found enum `Result<CommandReceipt, _>`

error[E0308]: mismatched types
    --> 🧰️framework/🛍️products/💻️os/📦️packages/🦀️rust/./../../🔨️modules/🏪️store/🦀️component.rs:2356:9
     |
2351 |     pub fn dispatch_text(&mut self, command_text: &str) -> Result<(), VcsError>
     |                                                            -------------------- expected `Result<(), VcsError>` because of return type
...
2356 |         self.dispatch(command)
     |         ^^^^^^^^^^^^^^^^^^^^^^ expected `Result<(), VcsError>`, found `Result<CommandReceipt, VcsError>`
     |
     = note: expected enum `Result<(), _>`
                found enum `Result<CommandReceipt, _>`

error[E0308]: mismatched types
    --> 🧰️framework/🛍️products/💻️os/📦️packages/🦀️rust/./../../🔨️modules/🏪️store/🦀️component.rs:2117:38
     |
2115 | ...f, command: DocumentCommand<Operation>) -> Result<(), VcsError> {
     |                                               -------------------- expected `Result<(), VcsError>` because of return type
2116 | ...
2117 | ...ndo => self.dispatch(DocumentCommand::UndoWithPolicy { policy: UndoPolicy::ExactBaseOnly, semantic_command: None }),
     |           ^^^^^^^^^^^^^^^^^^^^^^^^^^^^^^^^^^^^^^^^^^^^^^^^^^^^^^^^^^^^^^^^^^^^^^^^^^^^^^^^^^^^^^^^^^^^^^^^^^^^^^^^^^^^ expected `Result<(), VcsError>`, found `Result<CommandReceipt, VcsError>`
     |
     = note: expected enum `Result<(), _>`
                found enum `Result<CommandReceipt, _>`

error[E0308]: mismatched types
    --> 🧰️framework/🛍️products/💻️os/📦️packages/🦀️rust/./../../🔨️modules/🏪️store/🦀️component.rs:3123:9
     |
3122 |     fn undo(&mut self) -> Result<(), VcsError> {
     |                           -------------------- expected `Result<(), VcsError>` because of return type
3123 |         self.dispatch(DocumentCommand::Undo)
     |         ^^^^^^^^^^^^^^^^^^^^^^^^^^^^^^^^^^^^ expected `Result<(), VcsError>`, found `Result<CommandReceipt, VcsError>`
     |
     = note: expected enum `Result<(), _>`
                found enum `Result<CommandReceipt, _>`

error[E0308]: mismatched types
    --> 🧰️framework/🛍️products/💻️os/📦️packages/🦀️rust/./../../🔨️modules/🏪️store/🦀️component.rs:3096:9
     |
3089 |     fn checkout(&mut self, checkpoint_id: &str, alternative_id: &str) -> Result<(), VcsError> {
     |                                                                          -------------------- expected `Result<(), VcsError>` because of return type
...
3096 |         self.dispatch(DocumentCommand::CheckoutCheckpoint { checkpoint_id: checkpoint_id.to_string() })
     |         ^^^^^^^^^^^^^^^^^^^^^^^^^^^^^^^^^^^^^^^^^^^^^^^^^^^^^^^^^^^^^^^^^^^^^^^^^^^^^^^^^^^^^^^^^^^^^^^ expected `Result<(), VcsError>`, found `Result<CommandReceipt, VcsError>`
     |
     = note: expected enum `Result<(), _>`
                found enum `Result<CommandReceipt, _>`

error[E0308]: mismatched types
    --> 🧰️framework/🛍️products/💻️os/📦️packages/🦀️rust/./../../🔨️modules/🏪️store/🦀️component.rs:2366:9
     |
2361 |     pub fn dispatch_binary(&mut self, command_bytes: &[u8]) -> Result<(), VcsError>
     |                                                                -------------------- expected `Result<(), VcsError>` because of return type
...
2366 |         self.dispatch(command)
     |         ^^^^^^^^^^^^^^^^^^^^^^ expected `Result<(), VcsError>`, found `Result<CommandReceipt, VcsError>`
     |
     = note: expected enum `Result<(), _>`
                found enum `Result<CommandReceipt, _>`

error[E0308]: mismatched types
    --> 🧰️framework/🛍️products/💻️os/📦️packages/🦀️rust/./../../🔨️modules/🏪️store/🦀️component.rs:3127:9
     |
3126 |     fn redo(&mut self) -> Result<(), VcsError> {
     |                           -------------------- expected `Result<(), VcsError>` because of return type
3127 |         self.dispatch(DocumentCommand::Redo)
     |         ^^^^^^^^^^^^^^^^^^^^^^^^^^^^^^^^^^^^ expected `Result<(), VcsError>`, found `Result<CommandReceipt, VcsError>`
     |
     = note: expected enum `Result<(), _>`
                found enum `Result<CommandReceipt, _>`

error[E0277]: the trait bound `causal::OperationEnvelope: serde::Deserialize<'de>` is not satisfied
    --> 🧰️framework/🛍️products/💻️os/📦️packages/🦀️rust/./../../🔨️modules/🏪️store/🦀️component.rs:118:19
     |
 118 |         envelope: crate::os_spr::OperationEnvelope,
     |                   ^^^^^^^^^^^^^^^^^^^^^^^^^^^^^^^^ unsatisfied trait bound
     |
help: the trait `Deserialize<'_>` is not implemented for `causal::OperationEnvelope`
    --> 🧰️framework/🛍️products/💻️os/📦️packages/🦀️rust/./../../🔨️modules/📡️spr/🔗️causal/🦀️component.rs:33:1
     |
  33 | pub struct OperationEnvelope {
     | ^^^^^^^^^^^^^^^^^^^^^^^^^^^^
     = note: for local types consider adding `#[derive(serde::Deserialize)]` to your `causal::OperationEnvelope` type
     = note: for types from other crates check whether the crate offers a `serde` feature flag
     = help: the following other types implement trait `Deserialize<'de>`:
               &'a Path
               &'a [u8]
               &'a str
               ()
               (T,)
               (T0, T1)
               (T0, T1, T2)
               (T0, T1, T2, T3)
             and 230 others
note: required by a bound in `next_element`
    --> /Users/ueli/.cargo/registry/src/index.crates.io-1949cf8c6b5b557f/serde_core-1.0.228/src/de/mod.rs:1771:12
     |
1769 |     fn next_element<T>(&mut self) -> Result<Option<T>, Self::Error>
     |        ------------ required by a bound in this associated function
1770 |     where
1771 |         T: Deserialize<'de>,
     |            ^^^^^^^^^^^^^^^^ required by this bound in `SeqAccess::next_element`
     = note: the full name for the type has been written to '/Users/ueli/Documents/semio/target/debug/deps/semio_framework_os_kernel-5951c69bcee66389.long-type-14179950856361815037.txt'
     = note: consider using `--verbose` to print the full type name to the console

error[E0277]: the trait bound `causal::OperationEnvelope: serde::Deserialize<'de>` is not satisfied
    --> 🧰️framework/🛍️products/💻️os/📦️packages/🦀️rust/./../../🔨️modules/🏪️store/🦀️component.rs:118:19
     |
 118 |         envelope: crate::os_spr::OperationEnvelope,
     |                   ^^^^^^^^^^^^^^^^^^^^^^^^^^^^^^^^ unsatisfied trait bound
     |
help: the trait `Deserialize<'_>` is not implemented for `causal::OperationEnvelope`
    --> 🧰️framework/🛍️products/💻️os/📦️packages/🦀️rust/./../../🔨️modules/📡️spr/🔗️causal/🦀️component.rs:33:1
     |
  33 | pub struct OperationEnvelope {
     | ^^^^^^^^^^^^^^^^^^^^^^^^^^^^
     = note: for local types consider adding `#[derive(serde::Deserialize)]` to your `causal::OperationEnvelope` type
     = note: for types from other crates check whether the crate offers a `serde` feature flag
     = help: the following other types implement trait `Deserialize<'de>`:
               &'a Path
               &'a [u8]
               &'a str
               ()
               (T,)
               (T0, T1)
               (T0, T1, T2)
               (T0, T1, T2, T3)
             and 230 others
note: required by a bound in `next_value`
    --> /Users/ueli/.cargo/registry/src/index.crates.io-1949cf8c6b5b557f/serde_core-1.0.228/src/de/mod.rs:1916:12
     |
1914 |     fn next_value<V>(&mut self) -> Result<V, Self::Error>
     |        ---------- required by a bound in this associated function
1915 |     where
1916 |         V: Deserialize<'de>,
     |            ^^^^^^^^^^^^^^^^ required by this bound in `MapAccess::next_value`
     = note: the full name for the type has been written to '/Users/ueli/Documents/semio/target/debug/deps/semio_framework_os_kernel-5951c69bcee66389.long-type-14179950856361815037.txt'
     = note: consider using `--verbose` to print the full type name to the console

error[E0277]: the trait bound `causal::OperationEnvelope: serde::Deserialize<'de>` is not satisfied
  --> 🧰️framework/🛍️products/💻️os/📦️packages/🦀️rust/./../../🔨️modules/🏪️store/🦀️component.rs:80:46
   |
80 | #[derive(Clone, Debug, PartialEq, Serialize, Deserialize)]
   |                                              ^^^^^^^^^^^ unsatisfied trait bound
   |
help: the trait `Deserialize<'_>` is not implemented for `causal::OperationEnvelope`
  --> 🧰️framework/🛍️products/💻️os/📦️packages/🦀️rust/./../../🔨️modules/📡️spr/🔗️causal/🦀️component.rs:33:1
   |
33 | pub struct OperationEnvelope {
   | ^^^^^^^^^^^^^^^^^^^^^^^^^^^^
   = note: for local types consider adding `#[derive(serde::Deserialize)]` to your `causal::OperationEnvelope` type
   = note: for types from other crates check whether the crate offers a `serde` feature flag
   = help: the following other types implement trait `Deserialize<'de>`:
             &'a Path
             &'a [u8]
             &'a str
             ()
             (T,)
             (T0, T1)
             (T0, T1, T2)
             (T0, T1, T2, T3)
           and 230 others
note: required by a bound in `os_vcs::_::_serde::__private228::de::missing_field`
  --> /Users/ueli/.cargo/registry/src/index.crates.io-1949cf8c6b5b557f/serde-1.0.228/src/private/de.rs:26:8
   |
24 | pub fn missing_field<'de, V, E>(field: &'static str) -> Result<V, E>
   |        ------------- required by a bound in this function
25 | where
26 |     V: Deserialize<'de>,
   |        ^^^^^^^^^^^^^^^^ required by this bound in `missing_field`
   = note: the full name for the type has been written to '/Users/ueli/Documents/semio/target/debug/deps/semio_framework_os_kernel-5951c69bcee66389.long-type-14179950856361815037.txt'
   = note: consider using `--verbose` to print the full type name to the console
   = note: this error originates in the derive macro `Deserialize` (in Nightly builds, run with -Z macro-backtrace for more info)

error[E0277]: the trait bound `causal::OperationEnvelope: serde::Serialize` is not satisfied
    --> 🧰️framework/🛍️products/💻️os/📦️packages/🦀️rust/./../../🔨️modules/🏪️store/🦀️component.rs:118:9
     |
 118 |         envelope: crate::os_spr::OperationEnvelope,
     |         ^^^^^^^^----------------------------------
     |         |
     |         unsatisfied trait bound
     |         required by a bound introduced by this call
     |
help: the trait `os_vcs::_::_serde::Serialize` is not implemented for `causal::OperationEnvelope`
    --> 🧰️framework/🛍️products/💻️os/📦️packages/🦀️rust/./../../🔨️modules/📡️spr/🔗️causal/🦀️component.rs:33:1
     |
  33 | pub struct OperationEnvelope {
     | ^^^^^^^^^^^^^^^^^^^^^^^^^^^^
     = note: for local types consider adding `#[derive(serde::Serialize)]` to your `causal::OperationEnvelope` type
     = note: for types from other crates check whether the crate offers a `serde` feature flag
     = help: the following other types implement trait `os_vcs::_::_serde::Serialize`:
               &'a T
               &'a mut T
               ()
               (T,)
               (T0, T1)
               (T0, T1, T2)
               (T0, T1, T2, T3)
               (T0, T1, T2, T3, T4)
             and 191 others
note: required by a bound in `os_vcs::_::_serde::ser::SerializeStruct::serialize_field`
    --> /Users/ueli/.cargo/registry/src/index.crates.io-1949cf8c6b5b557f/serde_core-1.0.228/src/ser/mod.rs:1917:21
     |
1915 |     fn serialize_field<T>(&mut self, key: &'static str, value: &T) -> Result<(), Self::Error>
     |        --------------- required by a bound in this associated function
1916 |     where
1917 |         T: ?Sized + Serialize;
     |                     ^^^^^^^^^ required by this bound in `SerializeStruct::serialize_field`

error[E0004]: non-exhaustive patterns: `&os_store::component::DocumentCommand::IngestRemote { .. }` and `&os_store::component::DocumentCommand::PruneDrafts` not covered
    --> 🧰️framework/🛍️products/💻️os/📦️packages/🦀️rust/./../../🔨️modules/🏪️store/🦀️component.rs:1500:11
     |
1500 |     match command {
     |           ^^^^^^^ patterns `&os_store::component::DocumentCommand::IngestRemote { .. }` and `&os_store::component::DocumentCommand::PruneDrafts` not covered
     |
note: `os_store::component::DocumentCommand<Op>` defined here
    --> 🧰️framework/🛍️products/💻️os/📦️packages/🦀️rust/./../../🔨️modules/🏪️store/🦀️component.rs:82:10
     |
  82 | pub enum DocumentCommand<Operation> {
     |          ^^^^^^^^^^^^^^^
...
 117 |     IngestRemote {
     |     ------------ not covered
...
 121 |     PruneDrafts,
     |     ----------- not covered
     = note: the matched value is of type `&os_store::component::DocumentCommand<Op>`
help: ensure that all possible cases are being handled by adding a match arm with a wildcard pattern, a match arm with multiple or-patterns as shown, or multiple match arms
     |
1547 ~         },
1548 +         &os_store::component::DocumentCommand::IngestRemote { .. } | &os_store::component::DocumentCommand::PruneDrafts => todo!()
     |

error[E0004]: non-exhaustive patterns: `&os_store::component::DocumentCommand::IngestRemote { .. }` and `&os_store::component::DocumentCommand::PruneDrafts` not covered
    --> 🧰️framework/🛍️products/💻️os/📦️packages/🦀️rust/./../../🔨️modules/🏪️store/🦀️component.rs:1655:15
     |
1655 |         match self {
     |               ^^^^ patterns `&os_store::component::DocumentCommand::IngestRemote { .. }` and `&os_store::component::DocumentCommand::PruneDrafts` not covered
     |
note: `os_store::component::DocumentCommand<Op>` defined here
    --> 🧰️framework/🛍️products/💻️os/📦️packages/🦀️rust/./../../🔨️modules/🏪️store/🦀️component.rs:82:10
     |
  82 | pub enum DocumentCommand<Operation> {
     |          ^^^^^^^^^^^^^^^
...
 117 |     IngestRemote {
     |     ------------ not covered
...
 121 |     PruneDrafts,
     |     ----------- not covered
     = note: the matched value is of type `&os_store::component::DocumentCommand<Op>`
help: ensure that all possible cases are being handled by adding a match arm with a wildcard pattern, a match arm with multiple or-patterns as shown, or multiple match arms
     |
1707 ~             },
1708 +             &os_store::component::DocumentCommand::IngestRemote { .. } | &os_store::component::DocumentCommand::PruneDrafts => todo!()
     |

warning: unused variable: `len`
    --> 🧰️framework/🛍️products/💻️os/📦️packages/🦀️rust/./../../🔨️modules/🗣️dsl/🫀️core/🦀️component.rs:1083:21
     |
1083 |                 let len = end_j - i;
     |                     ^^^ help: if this is intentional, prefix it with an underscore: `_len`
     |
     = note: `#[warn(unused_variables)]` (part of `#[warn(unused)]`) on by default

Some errors have detailed explanations: E0004, E0277, E0308.
For more information about an error, try `rustc --explain E0004`.
warning: `semio-framework-os-kernel` (lib) generated 35 warnings
error: could not compile `semio-framework-os-kernel` (lib) due to 13 previous errors; 35 warnings emitted
