   Compiling semio-framework-os-kernel-dsl-derive v0.1.0 (/Users/ueli/Documents/semio/🧰️framework/🛍️products/💻️os/🔨️modules/🗣️dsl/✨️derive/📦️packages/🦀️rust)
    Checking semio-framework-ui-styling v0.1.0 (/Users/ueli/Documents/semio/🧰️framework/🔨️modules/🖱️ui/🎨️styling/📦️packages/🦀️rust)
🧰️framework/🛍️products/💻️os/🔨️modules/🗣️dsl/🫀️core/⚡️implementations/🦀️rust/../../../🫀️core/⚡️implementations/🦀️rust/📦️lib.rs:1083:21: warning: unused variable: `len`: help: if this is intentional, prefix it with an underscore: `_len`
    Checking tokio v1.52.3
warning: `semio-framework-os-kernel-dsl-core` (lib) generated 1 warning (run `cargo fix --lib -p semio-framework-os-kernel-dsl-core` to apply 1 suggestion)
🧰️framework/🛍️products/💻️os/🔨️modules/🗣️dsl/🖋️notation/⚡️implementations/🦀️rust/../../../🖋️notation/⚡️implementations/🦀️rust/📦️lib.rs:269:4: warning: function `print_edge_label` is never used
warning: `semio-framework-os-kernel-dsl-notation` (lib) generated 1 warning
    Checking semio-framework-os-kernel-pack-async v0.1.0 (/Users/ueli/Documents/semio/🧰️framework/🛍️products/💻️os/🔨️modules/🎒️pack/⏳️async/⚡️implementations/🦀️rust)
    Checking semio-framework-os-kernel-dsl-grammar v0.1.0 (/Users/ueli/Documents/semio/🧰️framework/🛍️products/💻️os/🔨️modules/🗣️dsl/📖️grammar/⚡️implementations/🦀️rust)
    Checking semio-framework-os-kernel-pack-http v0.1.0 (/Users/ueli/Documents/semio/🧰️framework/🛍️products/💻️os/🔨️modules/🎒️pack/🌐️http/⚡️implementations/🦀️rust)
    Checking semio-framework-os-kernel-pack v0.1.0 (/Users/ueli/Documents/semio/🧰️framework/🛍️products/💻️os/🔨️modules/🎒️pack/⚡️implementations/🦀️rust)
    Checking semio-framework-os-kernel-dsl v0.1.0 (/Users/ueli/Documents/semio/🧰️framework/🛍️products/💻️os/🔨️modules/🗣️dsl/⚡️implementations/🦀️rust)
    Checking semio-framework-ui v0.1.0 (/Users/ueli/Documents/semio/🧰️framework/🔨️modules/🖱️ui/📦️packages/🦀️rust)
    Checking semio-framework-core v0.1.0 (/Users/ueli/Documents/semio/🧰️framework/📦️packages/🦀️rust)
    Checking semio-framework-os-kernel v0.1.0 (/Users/ueli/Documents/semio/🧰️framework/🛍️products/💻️os/📦️packages/🦀️rust)
error[E0753]: expected outer doc comment
 --> 🧰️framework/🛍️products/💻️os/📦️packages/🦀️rust/./../../🔨️modules/🗣️dsl/🦀️component.rs:2:1
  |
2 | //! 🧬️ `dsl` — facade for the token-native declarative DSL engine. Technologies depend on this one
  | ^^^^^^^^^^^^^^^^^^^^^^^^^^^^^^^^^^^^^^^^^^^^^^^^^^^^^^^^^^^^^^^^^^^^^^^^^^^^^^^^^^^^^^^^^^^^^^^^^^
  |
  = note: inner doc comments like this (starting with `//!` or `/*!`) can only appear before items
help: you might have meant to write a regular comment
  |
2 - //! 🧬️ `dsl` — facade for the token-native declarative DSL engine. Technologies depend on this one
2 + // 🧬️ `dsl` — facade for the token-native declarative DSL engine. Technologies depend on this one
  |

error[E0753]: expected outer doc comment
 --> 🧰️framework/🛍️products/💻️os/📦️packages/🦀️rust/./../../🔨️modules/🗣️dsl/🦀️component.rs:3:1
  |
3 | //! crate (plus `vcs` for the `DocumentDsl`/`OpText` trait definitions themselves) to get the
  | ^^^^^^^^^^^^^^^^^^^^^^^^^^^^^^^^^^^^^^^^^^^^^^^^^^^^^^^^^^^^^^^^^^^^^^^^^^^^^^^^^^^^^^^^^^^^^
  |
  = note: inner doc comments like this (starting with `//!` or `/*!`) can only appear before items
help: you might have meant to write a regular comment
  |
3 - //! crate (plus `vcs` for the `DocumentDsl`/`OpText` trait definitions themselves) to get the
3 + // crate (plus `vcs` for the `DocumentDsl`/`OpText` trait definitions themselves) to get the
  |

error[E0753]: expected outer doc comment
 --> 🧰️framework/🛍️products/💻️os/📦️packages/🦀️rust/./../../🔨️modules/🗣️dsl/🦀️component.rs:4:1
  |
4 | //! derive macros, the `DslField` binding trait primitive Rust types implement, and the `__rt`
  | ^^^^^^^^^^^^^^^^^^^^^^^^^^^^^^^^^^^^^^^^^^^^^^^^^^^^^^^^^^^^^^^^^^^^^^^^^^^^^^^^^^^^^^^^^^^^^^
  |
  = note: inner doc comments like this (starting with `//!` or `/*!`) can only appear before items
help: you might have meant to write a regular comment
  |
4 - //! derive macros, the `DslField` binding trait primitive Rust types implement, and the `__rt`
4 + // derive macros, the `DslField` binding trait primitive Rust types implement, and the `__rt`
  |

error[E0753]: expected outer doc comment
  --> 🧰️framework/🛍️products/💻️os/📦️packages/🦀️rust/./../../🔨️modules/🗣️dsl/🦀️component.rs:5:1
   |
 5 | //! runtime the generated code calls into.
   | ^^^^^^^^^^^^^^^^^^^^^^^^^^^^^^^^^^^^^^^^^^
...
16 | use std::collections::HashMap;
   | ------------------------------ the inner doc comment doesn't annotate this `use` import
   |
help: to annotate the `use` import, change the doc comment from inner to outer style
   |
 5 - //! runtime the generated code calls into.
 5 + /// runtime the generated code calls into.
   |

error[E0432]: unresolved import `dsl_grammar`
 --> 🧰️framework/🛍️products/💻️os/📦️packages/🦀️rust/./../../🔨️modules/🗣️dsl/🦀️component.rs:1:9
  |
1 | pub use dsl_grammar::{parse_grammar, print_grammar, verify_protocol_bytes, GrammarFile, SemioDialect, Recognizer};
  |         ^^^^^^^^^^^ use of unresolved module or unlinked crate `dsl_grammar`
  |
  = help: if you wanted to use a crate named `dsl_grammar`, use `cargo add dsl_grammar` to add it to your `Cargo.toml`

error[E0432]: unresolved import `dsl_core`
 --> 🧰️framework/🛍️products/💻️os/📦️packages/🦀️rust/./../../🔨️modules/🗣️dsl/🧬️schema/🦀️component.rs:8:5
  |
8 | use dsl_core::{format_f64, lex, parse_f64, Limits, SpannedToken, TextError, TextSpan, TokenClass, TokenKind};
  |     ^^^^^^^^ use of unresolved module or unlinked crate `dsl_core`
  |
  = help: if you wanted to use a crate named `dsl_core`, use `cargo add dsl_core` to add it to your `Cargo.toml`

warning: unused extern crate
 --> 🧰️framework/🛍️products/💻️os/📦️packages/🦀️rust/📦️glue.rs:8:1
  |
8 | extern crate self as pack;
  | ^^^^^^^^^^^^^^^^^^^^^^^^^^ unused
  |
  = note: `-W unused-extern-crates` implied by `-W rust-2018-idioms`
  = help: to override `-W rust-2018-idioms` add `#[allow(unused_extern_crates)]`
help: remove the unused `extern crate`
  |
8 - extern crate self as pack;
  |

warning: unused extern crate
 --> 🧰️framework/🛍️products/💻️os/📦️packages/🦀️rust/📦️glue.rs:9:1
  |
9 | extern crate self as spr;
  | ^^^^^^^^^^^^^^^^^^^^^^^^^ unused
  |
help: remove the unused `extern crate`
  |
9 - extern crate self as spr;
  |

warning: unused extern crate
  --> 🧰️framework/🛍️products/💻️os/📦️packages/🦀️rust/📦️glue.rs:10:1
   |
10 | extern crate self as vcs;
   | ^^^^^^^^^^^^^^^^^^^^^^^^^ unused
   |
help: remove the unused `extern crate`
   |
10 - extern crate self as vcs;
   |

warning: unexpected `cfg` condition value: `js`
   --> 🧰️framework/🛍️products/💻️os/📦️packages/🦀️rust/./../../🔨️modules/🗣️dsl/🫀️core/🦀️component.rs:345:11
    |
345 | #[cfg(all(feature = "js", target_arch = "wasm32"))]
    |           ^^^^^^^^^^^^^^
    |
    = note: expected values for `feature` are: `default`, `deflate`, `sync`, `ureq`, and `worker`
    = help: consider adding `js` as a feature in `Cargo.toml`
    = note: see <https://doc.rust-lang.org/nightly/rustc/check-cfg/cargo-specifics.html> for more information about checking conditional configuration
    = note: `#[warn(unexpected_cfgs)]` on by default

warning: unexpected `cfg` condition value: `js`
   --> 🧰️framework/🛍️products/💻️os/📦️packages/🦀️rust/./../../🔨️modules/🗣️dsl/🫀️core/🦀️component.rs:351:11
    |
351 | #[cfg(all(feature = "js", target_arch = "wasm32"))]
    |           ^^^^^^^^^^^^^^
    |
    = note: expected values for `feature` are: `default`, `deflate`, `sync`, `ureq`, and `worker`
    = help: consider adding `js` as a feature in `Cargo.toml`
    = note: see <https://doc.rust-lang.org/nightly/rustc/check-cfg/cargo-specifics.html> for more information about checking conditional configuration

warning: ambiguous glob re-exports
   --> 🧰️framework/🛍️products/💻️os/📦️packages/🦀️rust/📦️glue.rs:174:9
    |
174 | pub use crate::os_dsl::*;
    |         ^^^^^^^^^^^^^^^^ the name `test_support` in the type namespace is first re-exported here
175 | pub use crate::os_store::*;
    |         ------------------ but the name `test_support` in the type namespace is also re-exported here
    |
    = note: `#[warn(ambiguous_glob_reexports)]` on by default

warning: ambiguous glob re-exports
   --> 🧰️framework/🛍️products/💻️os/📦️packages/🦀️rust/📦️glue.rs:174:9
    |
174 | pub use crate::os_dsl::*;
    |         ^^^^^^^^^^^^^^^^ the name `core` in the type namespace is first re-exported here
...
177 | pub use crate::os_pack::*;
    |         ----------------- but the name `core` in the type namespace is also re-exported here

warning: ambiguous glob re-exports
   --> 🧰️framework/🛍️products/💻️os/📦️packages/🦀️rust/📦️glue.rs:176:9
    |
176 | pub use crate::os_spr::*;
    |         ^^^^^^^^^^^^^^^^ the name `apply_collection_operation` in the value namespace is first re-exported here
177 | pub use crate::os_pack::*;
178 | pub use crate::os_vcs::*;
    |         ---------------- but the name `apply_collection_operation` in the value namespace is also re-exported here

warning: ambiguous glob re-exports
   --> 🧰️framework/🛍️products/💻️os/📦️packages/🦀️rust/📦️glue.rs:176:9
    |
176 | pub use crate::os_spr::*;
    |         ^^^^^^^^^^^^^^^^ the name `collection_diff_from_operation` in the value namespace is first re-exported here
177 | pub use crate::os_pack::*;
178 | pub use crate::os_vcs::*;
    |         ---------------- but the name `collection_diff_from_operation` in the value namespace is also re-exported here

warning: ambiguous glob re-exports
   --> 🧰️framework/🛍️products/💻️os/📦️packages/🦀️rust/📦️glue.rs:176:9
    |
176 | pub use crate::os_spr::*;
    |         ^^^^^^^^^^^^^^^^ the name `invert_collection_operation` in the value namespace is first re-exported here
177 | pub use crate::os_pack::*;
178 | pub use crate::os_vcs::*;
    |         ---------------- but the name `invert_collection_operation` in the value namespace is also re-exported here

warning: ambiguous glob re-exports
   --> 🧰️framework/🛍️products/💻️os/📦️packages/🦀️rust/📦️glue.rs:176:9
    |
176 | pub use crate::os_spr::*;
    |         ^^^^^^^^^^^^^^^^ the name `Identified` in the type namespace is first re-exported here
177 | pub use crate::os_pack::*;
178 | pub use crate::os_vcs::*;
    |         ---------------- but the name `Identified` in the type namespace is also re-exported here

warning: ambiguous glob re-exports
   --> 🧰️framework/🛍️products/💻️os/📦️packages/🦀️rust/📦️glue.rs:176:9
    |
176 | pub use crate::os_spr::*;
    |         ^^^^^^^^^^^^^^^^ the name `Patchable` in the type namespace is first re-exported here
177 | pub use crate::os_pack::*;
178 | pub use crate::os_vcs::*;
    |         ---------------- but the name `Patchable` in the type namespace is also re-exported here

warning: ambiguous glob re-exports
   --> 🧰️framework/🛍️products/💻️os/📦️packages/🦀️rust/📦️glue.rs:176:9
    |
176 | pub use crate::os_spr::*;
    |         ^^^^^^^^^^^^^^^^ the name `cli` in the type namespace is first re-exported here
177 | pub use crate::os_pack::*;
    |         ----------------- but the name `cli` in the type namespace is also re-exported here

warning: ambiguous glob re-exports
   --> 🧰️framework/🛍️products/💻️os/📦️packages/🦀️rust/📦️glue.rs:176:9
    |
176 | pub use crate::os_spr::*;
    |         ^^^^^^^^^^^^^^^^ the name `format` in the type namespace is first re-exported here
177 | pub use crate::os_pack::*;
    |         ----------------- but the name `format` in the type namespace is also re-exported here

warning: ambiguous glob re-exports
   --> 🧰️framework/🛍️products/💻️os/📦️packages/🦀️rust/📦️glue.rs:176:9
    |
176 | pub use crate::os_spr::*;
    |         ^^^^^^^^^^^^^^^^ the name `io` in the type namespace is first re-exported here
177 | pub use crate::os_pack::*;
    |         ----------------- but the name `io` in the type namespace is also re-exported here

warning: ambiguous glob re-exports
   --> 🧰️framework/🛍️products/💻️os/📦️packages/🦀️rust/📦️glue.rs:176:9
    |
176 | pub use crate::os_spr::*;
    |         ^^^^^^^^^^^^^^^^ the name `testkit` in the type namespace is first re-exported here
177 | pub use crate::os_pack::*;
    |         ----------------- but the name `testkit` in the type namespace is also re-exported here

warning: ambiguous glob re-exports
   --> 🧰️framework/🛍️products/💻️os/📦️packages/🦀️rust/📦️glue.rs:177:9
    |
176 | pub use crate::os_spr::*;
    |         ---------------- but the name `recover_file` in the value namespace is also re-exported here
177 | pub use crate::os_pack::*;
    |         ^^^^^^^^^^^^^^^^^ the name `recover_file` in the value namespace is first re-exported here

warning: ambiguous glob re-exports
   --> 🧰️framework/🛍️products/💻️os/📦️packages/🦀️rust/📦️glue.rs:177:9
    |
176 | pub use crate::os_spr::*;
    |         ---------------- but the name `RecoveryReport` in the type namespace is also re-exported here
177 | pub use crate::os_pack::*;
    |         ^^^^^^^^^^^^^^^^^ the name `RecoveryReport` in the type namespace is first re-exported here

warning: ambiguous glob re-exports
   --> 🧰️framework/🛍️products/💻️os/📦️packages/🦀️rust/📦️glue.rs:177:9
    |
176 | pub use crate::os_spr::*;
    |         ---------------- but the name `VerificationLevel` in the type namespace is also re-exported here
177 | pub use crate::os_pack::*;
    |         ^^^^^^^^^^^^^^^^^ the name `VerificationLevel` in the type namespace is first re-exported here

warning: ambiguous glob re-exports
   --> 🧰️framework/🛍️products/💻️os/📦️packages/🦀️rust/📦️glue.rs:177:9
    |
176 | pub use crate::os_spr::*;
    |         ---------------- but the name `WriteOptions` in the type namespace is also re-exported here
177 | pub use crate::os_pack::*;
    |         ^^^^^^^^^^^^^^^^^ the name `WriteOptions` in the type namespace is first re-exported here

warning: ambiguous glob re-exports
   --> 🧰️framework/🛍️products/💻️os/📦️packages/🦀️rust/📦️glue.rs:177:9
    |
176 | pub use crate::os_spr::*;
    |         ---------------- but the name `DecodeOptions` in the type namespace is also re-exported here
177 | pub use crate::os_pack::*;
    |         ^^^^^^^^^^^^^^^^^ the name `DecodeOptions` in the type namespace is first re-exported here

warning: ambiguous glob re-exports
   --> 🧰️framework/🛍️products/💻️os/📦️packages/🦀️rust/📦️glue.rs:177:9
    |
176 | pub use crate::os_spr::*;
    |         ---------------- but the name `EncodeOptions` in the type namespace is also re-exported here
177 | pub use crate::os_pack::*;
    |         ^^^^^^^^^^^^^^^^^ the name `EncodeOptions` in the type namespace is first re-exported here

warning: ambiguous glob re-exports
   --> 🧰️framework/🛍️products/💻️os/📦️packages/🦀️rust/📦️glue.rs:178:9
    |
176 | pub use crate::os_spr::*;
    |         ---------------- but the name `ItemPatch` in the type namespace is also re-exported here
177 | pub use crate::os_pack::*;
178 | pub use crate::os_vcs::*;
    |         ^^^^^^^^^^^^^^^^ the name `ItemPatch` in the type namespace is first re-exported here

warning: ambiguous glob re-exports
   --> 🧰️framework/🛍️products/💻️os/📦️packages/🦀️rust/📦️glue.rs:178:9
    |
176 | pub use crate::os_spr::*;
    |         ---------------- but the name `CollectionDiff` in the type namespace is also re-exported here
177 | pub use crate::os_pack::*;
178 | pub use crate::os_vcs::*;
    |         ^^^^^^^^^^^^^^^^ the name `CollectionDiff` in the type namespace is first re-exported here

warning: ambiguous glob re-exports
   --> 🧰️framework/🛍️products/💻️os/📦️packages/🦀️rust/📦️glue.rs:178:9
    |
176 | pub use crate::os_spr::*;
    |         ---------------- but the name `CollectionOperation` in the type namespace is also re-exported here
177 | pub use crate::os_pack::*;
178 | pub use crate::os_vcs::*;
    |         ^^^^^^^^^^^^^^^^ the name `CollectionOperation` in the type namespace is first re-exported here

error[E0433]: cannot find module or crate `dsl_core` in this scope
    --> 🧰️framework/🛍️products/💻️os/📦️packages/🦀️rust/./../../🔨️modules/🗣️dsl/🧬️schema/🦀️component.rs:2111:9
     |
2111 |         dsl_core::token_classes(&tokens, &keyword_refs)
     |         ^^^^^^^^ use of unresolved module or unlinked crate `dsl_core`
     |
     = help: if you wanted to use a crate named `dsl_core`, use `cargo add dsl_core` to add it to your `Cargo.toml`

error[E0433]: cannot find module or crate `dsl_core` in this scope
    --> 🧰️framework/🛍️products/💻️os/📦️packages/🦀️rust/./../../🔨️modules/🗣️dsl/🧬️schema/🦀️component.rs:1828:16
     |
1828 |             if dsl_core::is_bare_ident(s) {
     |                ^^^^^^^^ use of unresolved module or unlinked crate `dsl_core`
     |
     = help: if you wanted to use a crate named `dsl_core`, use `cargo add dsl_core` to add it to your `Cargo.toml`

error[E0433]: cannot find module or crate `dsl_core` in this scope
    --> 🧰️framework/🛍️products/💻️os/📦️packages/🦀️rust/./../../🔨️modules/🗣️dsl/🧬️schema/🦀️component.rs:1831:35
     |
1831 |                 format!("\"{}\"", dsl_core::escape_text(s))
     |                                   ^^^^^^^^ use of unresolved module or unlinked crate `dsl_core`
     |
     = help: if you wanted to use a crate named `dsl_core`, use `cargo add dsl_core` to add it to your `Cargo.toml`

error[E0433]: cannot find module or crate `dsl_core` in this scope
    --> 🧰️framework/🛍️products/💻️os/📦️packages/🦀️rust/./../../🔨️modules/🗣️dsl/🧬️schema/🦀️component.rs:1569:83
     |
1569 |                         Chunk::Verbatim { content, .. } => push(format!("\"{}\"", dsl_core::escape_text(content)), &mut glued),
     |                                                                                   ^^^^^^^^ use of unresolved module or unlinked crate `dsl_core`
     |
     = help: if you wanted to use a crate named `dsl_core`, use `cargo add dsl_core` to add it to your `Cargo.toml`

error[E0433]: cannot find module or crate `dsl_core` in this scope
    --> 🧰️framework/🛍️products/💻️os/📦️packages/🦀️rust/./../../🔨️modules/🗣️dsl/🧬️schema/🦀️component.rs:2008:62
     |
2008 |         DslValue::String(s) => writer.atom(format!("\"{}\"", dsl_core::escape_text(s))),
     |                                                              ^^^^^^^^ use of unresolved module or unlinked crate `dsl_core`
     |
     = help: if you wanted to use a crate named `dsl_core`, use `cargo add dsl_core` to add it to your `Cargo.toml`

error[E0433]: cannot find module or crate `dsl_notation` in this scope
    --> 🧰️framework/🛍️products/💻️os/📦️packages/🦀️rust/./../../🔨️modules/🗣️dsl/🧬️schema/🦀️component.rs:2044:17
     |
2044 |     writer.atom(dsl_notation::print_edge(&edge));
     |                 ^^^^^^^^^^^^ use of unresolved module or unlinked crate `dsl_notation`
     |
     = help: if you wanted to use a crate named `dsl_notation`, use `cargo add dsl_notation` to add it to your `Cargo.toml`

error[E0433]: cannot find module or crate `dsl_core` in this scope
   --> 🧰️framework/🛍️products/💻️os/📦️packages/🦀️rust/./../../🔨️modules/🗣️dsl/🧬️schema/🦀️component.rs:687:24
    |
687 |             let text = dsl_core::unescape_text(&token.text.as_str(), false).map_err(|e| TextError::new(e, token.span))?;
    |                        ^^^^^^^^ use of unresolved module or unlinked crate `dsl_core`
    |
    = help: if you wanted to use a crate named `dsl_core`, use `cargo add dsl_core` to add it to your `Cargo.toml`

error[E0433]: cannot find module or crate `dsl_core` in this scope
   --> 🧰️framework/🛍️products/💻️os/📦️packages/🦀️rust/./../../🔨️modules/🗣️dsl/🧬️schema/🦀️component.rs:746:27
    |
746 | ...   let suffix_unit = dsl_core::unit_by_symbol(&symbol).ok_or_else(|| TextError::new(format!("unknown unit '{symbol}'"), suffix_t...
    |                         ^^^^^^^^ use of unresolved module or unlinked crate `dsl_core`
    |
    = help: if you wanted to use a crate named `dsl_core`, use `cargo add dsl_core` to add it to your `Cargo.toml`

error[E0433]: cannot find module or crate `dsl_core` in this scope
   --> 🧰️framework/🛍️products/💻️os/📦️packages/🦀️rust/./../../🔨️modules/🗣️dsl/🧬️schema/🦀️component.rs:747:25
    |
747 | ...   let converted = dsl_core::convert(value, suffix_unit, declared).ok_or_else(|| TextError::new(format!("unit '{symbol}' is not ...
    |                       ^^^^^^^^ use of unresolved module or unlinked crate `dsl_core`
    |
    = help: if you wanted to use a crate named `dsl_core`, use `cargo add dsl_core` to add it to your `Cargo.toml`

error[E0433]: cannot find module or crate `dsl_core` in this scope
   --> 🧰️framework/🛍️products/💻️os/📦️packages/🦀️rust/./../../🔨️modules/🗣️dsl/🧬️schema/🦀️component.rs:972:24
    |
972 |             let text = dsl_core::unescape_text(&token.text.as_str(), false).map_err(|e| TextError::new(e, token.span))?;
    |                        ^^^^^^^^ use of unresolved module or unlinked crate `dsl_core`
    |
    = help: if you wanted to use a crate named `dsl_core`, use `cargo add dsl_core` to add it to your `Cargo.toml`

error[E0433]: cannot find module or crate `dsl_notation` in this scope
    --> 🧰️framework/🛍️products/💻️os/📦️packages/🦀️rust/./../../🔨️modules/🗣️dsl/🧬️schema/🦀️component.rs:1062:37
     |
1062 |             let (directed, label) = dsl_notation::decode_fused_edge_arrow(&token.text.as_str())?;
     |                                     ^^^^^^^^^^^^ use of unresolved module or unlinked crate `dsl_notation`
     |
     = help: if you wanted to use a crate named `dsl_notation`, use `cargo add dsl_notation` to add it to your `Cargo.toml`

warning: unused variable: `len`
    --> 🧰️framework/🛍️products/💻️os/📦️packages/🦀️rust/./../../🔨️modules/🗣️dsl/🫀️core/🦀️component.rs:1083:21
     |
1083 |                 let len = end_j - i;
     |                     ^^^ help: if this is intentional, prefix it with an underscore: `_len`
     |
     = note: `#[warn(unused_variables)]` (part of `#[warn(unused)]`) on by default

error[E0433]: cannot find module or crate `dsl_core` in this scope
  --> 🧰️framework/🛍️products/💻️os/📦️packages/🦀️rust/./../../🔨️modules/🗣️dsl/🧬️schema/🦀️component.rs:79:23
   |
79 |     Quantity(&'static dsl_core::UnitSpec),
   |                       ^^^^^^^^ use of unresolved module or unlinked crate `dsl_core`
   |
   = help: if you wanted to use a crate named `dsl_core`, use `cargo add dsl_core` to add it to your `Cargo.toml`

error[E0433]: cannot find module or crate `dsl_core` in this scope
  --> 🧰️framework/🛍️products/💻️os/📦️packages/🦀️rust/./../../🔨️modules/🗣️dsl/🧬️schema/🦀️component.rs:83:20
   |
83 |     Angle(&'static dsl_core::UnitSpec),
   |                    ^^^^^^^^ use of unresolved module or unlinked crate `dsl_core`
   |
   = help: if you wanted to use a crate named `dsl_core`, use `cargo add dsl_core` to add it to your `Cargo.toml`

error[E0433]: cannot find module or crate `dsl_notation` in this scope
    --> 🧰️framework/🛍️products/💻️os/📦️packages/🦀️rust/./../../🔨️modules/🗣️dsl/🧬️schema/🦀️component.rs:2036:16
     |
2036 |     let edge = dsl_notation::EdgeValue {
     |                ^^^^^^^^^^^^ use of unresolved module or unlinked crate `dsl_notation`
     |
     = help: if you wanted to use a crate named `dsl_notation`, use `cargo add dsl_notation` to add it to your `Cargo.toml`

error[E0433]: cannot find module or crate `dsl_core` in this scope
   --> 🧰️framework/🛍️products/💻️os/📦️packages/🦀️rust/./../../🔨️modules/🗣️dsl/🧬️schema/🦀️component.rs:735:59
    |
735 | fn parse_quantity(cursor: &mut Cursor, declared: &'static dsl_core::UnitSpec) -> Result<FieldValue, TextError> {
    |                                                           ^^^^^^^^ use of unresolved module or unlinked crate `dsl_core`
    |
    = help: if you wanted to use a crate named `dsl_core`, use `cargo add dsl_core` to add it to your `Cargo.toml`

error[E0433]: cannot find module or crate `dsl_notation` in this scope
    --> 🧰️framework/🛍️products/💻️os/📦️packages/🦀️rust/./../../🔨️modules/🗣️dsl/🧬️schema/🦀️component.rs:2040:20
     |
2040 |             label: dsl_notation::EdgeLabel { id: wire.edge_label.id.clone(), kind: wire.edge_label.kind.clone() },
     |                    ^^^^^^^^^^^^ use of unresolved module or unlinked crate `dsl_notation`
     |
     = help: if you wanted to use a crate named `dsl_notation`, use `cargo add dsl_notation` to add it to your `Cargo.toml`

error[E0433]: cannot find module or crate `dsl_notation` in this scope
    --> 🧰️framework/🛍️products/💻️os/📦️packages/🦀️rust/./../../🔨️modules/🗣️dsl/🧬️schema/🦀️component.rs:2031:38
     |
2031 |     let map_node = |node: &WireNode| dsl_notation::EdgeNode {
     |                                      ^^^^^^^^^^^^ use of unresolved module or unlinked crate `dsl_notation`
     |
     = help: if you wanted to use a crate named `dsl_notation`, use `cargo add dsl_notation` to add it to your `Cargo.toml`

error[E0433]: cannot find module or crate `dsl_notation` in this scope
    --> 🧰️framework/🛍️products/💻️os/📦️packages/🦀️rust/./../../🔨️modules/🗣️dsl/🧬️schema/🦀️component.rs:2038:55
     |
2038 |         link: wire.edge.as_ref().map(|(directed, to)| dsl_notation::EdgeLink {
     |                                                       ^^^^^^^^^^^^ use of unresolved module or unlinked crate `dsl_notation`
     |
     = help: if you wanted to use a crate named `dsl_notation`, use `cargo add dsl_notation` to add it to your `Cargo.toml`

Some errors have detailed explanations: E0432, E0433, E0753.
For more information about an error, try `rustc --explain E0432`.
warning: `semio-framework-os-kernel` (lib) generated 26 warnings
error: could not compile `semio-framework-os-kernel` (lib) due to 24 previous errors; 26 warnings emitted
