🧰️framework/🛍️products/💻️os/🔨️modules/🗣️dsl/🫀️core/⚡️implementations/🦀️rust/../../../🫀️core/⚡️implementations/🦀️rust/📦️lib.rs:1083:21: warning: unused variable: `len`: help: if this is intentional, prefix it with an underscore: `_len`
warning: `semio-framework-os-kernel-dsl-core` (lib) generated 1 warning (run `cargo fix --lib -p semio-framework-os-kernel-dsl-core` to apply 1 suggestion)
🧰️framework/🛍️products/💻️os/🔨️modules/🗣️dsl/🖋️notation/⚡️implementations/🦀️rust/../../../🖋️notation/⚡️implementations/🦀️rust/📦️lib.rs:269:4: warning: function `print_edge_label` is never used
warning: `semio-framework-os-kernel-dsl-notation` (lib) generated 1 warning
    Checking semio-framework-plugin v0.1.0 (/Users/ueli/Documents/semio/🧰️framework/🛍️products/💻️os/🔨️modules/🔌️plugin/⚡️implementations/🦀️rust)
    Checking semio-framework-os-kernel-store-sync v0.1.0 (/Users/ueli/Documents/semio/🧰️framework/🛍️products/💻️os/🔨️modules/🏪️store/🔄️sync/⚡️implementations/🦀️rust)
    Checking semio-framework-os-kernel-3d-brep v0.1.0 (/Users/ueli/Documents/semio/✏️s/🔨️modules/🧊️3d/📐️brep/⚡️implementations/🦀️rust)
🧰️framework/🔨️modules/🗺️surface/🗺️tiled-map/⚡️implementations/🦀️rust/../../../🗺️tiled-map/⚡️implementations/🦀️rust/📦️lib.rs:103:39: warning: unnecessary qualification
🧰️framework/🔨️modules/🗺️surface/🗺️tiled-map/⚡️implementations/🦀️rust/../../../🗺️tiled-map/⚡️implementations/🦀️rust/📦️lib.rs:103:74: warning: unnecessary qualification
🧰️framework/🔨️modules/🗺️surface/🗺️tiled-map/⚡️implementations/🦀️rust/../../../🗺️tiled-map/⚡️implementations/🦀️rust/📦️lib.rs:148:29: warning: unnecessary qualification
🧰️framework/🔨️modules/🗺️surface/🗺️tiled-map/⚡️implementations/🦀️rust/../../../🗺️tiled-map/⚡️implementations/🦀️rust/📦️lib.rs:148:64: warning: unnecessary qualification
🧰️framework/🔨️modules/🗺️surface/🗺️tiled-map/⚡️implementations/🦀️rust/../../../🗺️tiled-map/⚡️implementations/🦀️rust/📦️lib.rs:153:39: warning: unnecessary qualification
🧰️framework/🔨️modules/🗺️surface/🗺️tiled-map/⚡️implementations/🦀️rust/../../../🗺️tiled-map/⚡️implementations/🦀️rust/📦️lib.rs:153:74: warning: unnecessary qualification
🧰️framework/🔨️modules/🗺️surface/🗺️tiled-map/⚡️implementations/🦀️rust/../../../🗺️tiled-map/⚡️implementations/🦀️rust/📦️lib.rs:166:32: warning: unnecessary qualification
🧰️framework/🔨️modules/🗺️surface/🗺️tiled-map/⚡️implementations/🦀️rust/../../../🗺️tiled-map/⚡️implementations/🦀️rust/📦️lib.rs:166:67: warning: unnecessary qualification
🧰️framework/🔨️modules/🗺️surface/🗺️tiled-map/⚡️implementations/🦀️rust/../../../🗺️tiled-map/⚡️implementations/🦀️rust/📦️lib.rs:184:57: warning: unnecessary qualification
🧰️framework/🔨️modules/🗺️surface/🗺️tiled-map/⚡️implementations/🦀️rust/../../../🗺️tiled-map/⚡️implementations/🦀️rust/📦️lib.rs:184:92: warning: unnecessary qualification
🧰️framework/🔨️modules/🗺️surface/🗺️tiled-map/⚡️implementations/🦀️rust/../../../🗺️tiled-map/⚡️implementations/🦀️rust/📦️lib.rs:199:46: warning: unnecessary qualification
🧰️framework/🔨️modules/🗺️surface/🗺️tiled-map/⚡️implementations/🦀️rust/../../../🗺️tiled-map/⚡️implementations/🦀️rust/📦️lib.rs:202:59: warning: unnecessary qualification
🧰️framework/🔨️modules/🗺️surface/🗺️tiled-map/⚡️implementations/🦀️rust/../../../🗺️tiled-map/⚡️implementations/🦀️rust/📦️lib.rs:214:54: warning: unnecessary qualification
🧰️framework/🔨️modules/🗺️surface/🗺️tiled-map/⚡️implementations/🦀️rust/../../../🗺️tiled-map/⚡️implementations/🦀️rust/📦️lib.rs:219:46: warning: unnecessary qualification
🧰️framework/🔨️modules/🗺️surface/🗺️tiled-map/⚡️implementations/🦀️rust/../../../🗺️tiled-map/⚡️implementations/🦀️rust/📦️lib.rs:219:81: warning: unnecessary qualification
🧰️framework/🔨️modules/🗺️surface/🗺️tiled-map/⚡️implementations/🦀️rust/../../../🗺️tiled-map/⚡️implementations/🦀️rust/📦️lib.rs:243:34: warning: unnecessary qualification
🧰️framework/🔨️modules/🗺️surface/🗺️tiled-map/⚡️implementations/🦀️rust/../../../🗺️tiled-map/⚡️implementations/🦀️rust/📦️lib.rs:243:69: warning: unnecessary qualification
🧰️framework/🔨️modules/🗺️surface/🗺️tiled-map/⚡️implementations/🦀️rust/../../../🗺️tiled-map/⚡️implementations/🦀️rust/📦️lib.rs:1081:25: warning: unnecessary qualification
🧰️framework/🔨️modules/🗺️surface/🗺️tiled-map/⚡️implementations/🦀️rust/../../../🗺️tiled-map/⚡️implementations/🦀️rust/📦️lib.rs:1088:6: warning: unnecessary qualification
🧰️framework/🔨️modules/🗺️surface/🗺️tiled-map/⚡️implementations/🦀️rust/../../../🗺️tiled-map/⚡️implementations/🦀️rust/📦️lib.rs:1354:17: warning: unnecessary qualification
🧰️framework/🔨️modules/🗺️surface/🗺️tiled-map/⚡️implementations/🦀️rust/../../../🗺️tiled-map/⚡️implementations/🦀️rust/📦️lib.rs:1355:19: warning: unnecessary qualification
🧰️framework/🔨️modules/🗺️surface/🗺️tiled-map/⚡️implementations/🦀️rust/../../../🗺️tiled-map/⚡️implementations/🦀️rust/📦️lib.rs:1359:53: warning: unnecessary qualification
🧰️framework/🔨️modules/🗺️surface/🗺️tiled-map/⚡️implementations/🦀️rust/../../../🗺️tiled-map/⚡️implementations/🦀️rust/📦️lib.rs:1382:17: warning: unnecessary qualification
🧰️framework/🔨️modules/🗺️surface/🗺️tiled-map/⚡️implementations/🦀️rust/../../../🗺️tiled-map/⚡️implementations/🦀️rust/📦️lib.rs:1501:24: warning: unnecessary qualification
🧰️framework/🔨️modules/🗺️surface/🗺️tiled-map/⚡️implementations/🦀️rust/../../../🗺️tiled-map/⚡️implementations/🦀️rust/📦️lib.rs:1541:32: warning: unnecessary qualification
🧰️framework/🔨️modules/🗺️surface/🗺️tiled-map/⚡️implementations/🦀️rust/../../../🗺️tiled-map/⚡️implementations/🦀️rust/📦️lib.rs:1803:59: warning: unnecessary qualification
🧰️framework/🔨️modules/🗺️surface/🗺️tiled-map/⚡️implementations/🦀️rust/../../../🗺️tiled-map/⚡️implementations/🦀️rust/📦️lib.rs:2496:17: warning: unnecessary qualification
🧰️framework/🔨️modules/🗺️surface/🗺️tiled-map/⚡️implementations/🦀️rust/../../../🗺️tiled-map/⚡️implementations/🦀️rust/📦️lib.rs:2695:43: warning: unnecessary qualification
🧰️framework/🔨️modules/🗺️surface/🗺️tiled-map/⚡️implementations/🦀️rust/../../../🗺️tiled-map/⚡️implementations/🦀️rust/📦️lib.rs:2710:13: warning: unnecessary qualification
🧰️framework/🔨️modules/🗺️surface/🗺️tiled-map/⚡️implementations/🦀️rust/../../../🗺️tiled-map/⚡️implementations/🦀️rust/📦️lib.rs:2820:21: warning: unnecessary qualification
🧰️framework/🔨️modules/🗺️surface/🗺️tiled-map/⚡️implementations/🦀️rust/../../../🗺️tiled-map/⚡️implementations/🦀️rust/📦️lib.rs:2855:6: warning: unnecessary qualification
warning: `semio-framework-os-kernel-surface-tiled-map` (lib) generated 31 warnings (run `cargo fix --lib -p semio-framework-os-kernel-surface-tiled-map` to apply 31 suggestions)
🧰️framework/🛍️products/💻️os/🔨️modules/🔌️plugin/⚡️implementations/🦀️rust/../../../../../../../🧰️framework/🛍️products/💻️os/🔨️modules/🔌️plugin/⚡️implementations/🦀️rust/📦️lib.rs:3296:68: warning: unnecessary qualification
🧰️framework/🛍️products/💻️os/🔨️modules/🏪️store/🔄️sync/⚡️implementations/🦀️rust/../../../🔄️sync/⚡️implementations/🦀️rust/📦️lib.rs:19:5: warning: unused import: `serde_json::Value`
🧰️framework/🛍️products/💻️os/🔨️modules/🏪️store/🔄️sync/⚡️implementations/🦀️rust/../../../🔄️sync/⚡️implementations/🦀️rust/📦️lib.rs:481:16: warning: unnecessary qualification
🧰️framework/🛍️products/💻️os/🔨️modules/🏪️store/🔄️sync/⚡️implementations/🦀️rust/../../../🔄️sync/⚡️implementations/🦀️rust/📦️lib.rs:482:24: warning: unnecessary qualification
🧰️framework/🛍️products/💻️os/🔨️modules/🏪️store/🔄️sync/⚡️implementations/🦀️rust/../../../🔄️sync/⚡️implementations/🦀️rust/📦️lib.rs:492:16: warning: unnecessary qualification
🧰️framework/🛍️products/💻️os/🔨️modules/🏪️store/🔄️sync/⚡️implementations/🦀️rust/../../../🔄️sync/⚡️implementations/🦀️rust/📦️lib.rs:493:24: warning: unnecessary qualification
🧰️framework/🛍️products/💻️os/🔨️modules/🏪️store/🔄️sync/⚡️implementations/🦀️rust/../../../🔄️sync/⚡️implementations/🦀️rust/📦️lib.rs:553:41: warning: unnecessary qualification
🧰️framework/🛍️products/💻️os/🔨️modules/🏪️store/🔄️sync/⚡️implementations/🦀️rust/../../../🔄️sync/⚡️implementations/🦀️rust/📦️lib.rs:735:42: warning: unnecessary qualification
🧰️framework/🛍️products/💻️os/🔨️modules/🏪️store/🔄️sync/⚡️implementations/🦀️rust/../../../🔄️sync/⚡️implementations/🦀️rust/📦️lib.rs:739:38: warning: unnecessary qualification
🧰️framework/🛍️products/💻️os/🔨️modules/🏪️store/🔄️sync/⚡️implementations/🦀️rust/../../../🔄️sync/⚡️implementations/🦀️rust/📦️lib.rs:1208:37: warning: unnecessary qualification
🧰️framework/🛍️products/💻️os/🔨️modules/🏪️store/🔄️sync/⚡️implementations/🦀️rust/../../../🔄️sync/⚡️implementations/🦀️rust/📦️lib.rs:1208:100: warning: unnecessary qualification
🧰️framework/🛍️products/💻️os/🔨️modules/🏪️store/🔄️sync/⚡️implementations/🦀️rust/../../../🔄️sync/⚡️implementations/🦀️rust/📦️lib.rs:1275:37: warning: unnecessary qualification
🧰️framework/🛍️products/💻️os/🔨️modules/🏪️store/🔄️sync/⚡️implementations/🦀️rust/../../../🔄️sync/⚡️implementations/🦀️rust/📦️lib.rs:153:9: warning: structure field `pendingOperations` should have a snake case name: help: convert the identifier to snake case: `pending_operations`
warning: `semio-framework-os-kernel-store-sync` (lib) generated 12 warnings (run `cargo fix --lib -p semio-framework-os-kernel-store-sync` to apply 11 suggestions)
warning: `semio-framework-plugin` (lib) generated 1 warning (run `cargo fix --lib -p semio-framework-plugin` to apply 1 suggestion)
    Checking semio-framework-os v0.1.0 (/Users/ueli/Documents/semio/🧰️framework/🛍️products/💻️os/⚡️implementations/🦀️rust)
    Checking semio-s-plugin-gis v0.1.0 (/Users/ueli/Documents/semio/✏️s/🔌️plugins/🌍️gis/📦️packages/🦀️rust)
    Finished `dev` profile [unoptimized] target(s) in 2.62s
warning: the following packages contain code that will be rejected by a future version of Rust: block v0.1.6
note: to see what the problems were, use the option `--future-incompat-report`, or run `cargo report future-incompatibilities --id 1`
