   Compiling proc-macro2 v1.0.106
   Compiling unicode-ident v1.0.24
   Compiling quote v1.0.45
   Compiling serde_core v1.0.228
   Compiling serde v1.0.228
   Compiling libc v0.2.186
   Compiling libm v0.2.16
    Checking cfg-if v1.0.4
    Checking foldhash v0.2.0
   Compiling thiserror v2.0.18
    Checking memchr v2.8.0
    Checking log v0.4.29
    Checking equivalent v1.0.2
   Compiling zmij v1.0.21
    Checking arrayvec v0.7.6
   Compiling crc32fast v1.5.0
   Compiling shlex v1.3.0
   Compiling find-msvc-tools v0.1.9
    Checking hashbrown v0.17.1
    Checking bitflags v2.11.1
   Compiling jobserver v0.1.35
   Compiling version_check v0.9.5
   Compiling autocfg v1.5.0
    Checking stable_deref_trait v1.2.1
    Checking itoa v1.0.18
