warning: unused extern crate
 --> 🧰️framework/🛍️products/💻️os/📦️packages/🦀️rust/📦️glue.rs:7:1
  |
7 | extern crate self as dsl_grammar;
  | ^^^^^^^^^^^^^^^^^^^^^^^^^^^^^^^^^ unused
  |
  = note: `-W unused-extern-crates` implied by `-W rust-2018-idioms`
  = help: to override `-W rust-2018-idioms` add `#[allow(unused_extern_crates)]`
help: remove the unused `extern crate`
  |
7 - extern crate self as dsl_grammar;
  |

warning: unused extern crate
  --> 🧰️framework/🛍️products/💻️os/📦️packages/🦀️rust/📦️glue.rs:11:1
   |
11 | extern crate self as pack;
   | ^^^^^^^^^^^^^^^^^^^^^^^^^^ unused
   |
help: remove the unused `extern crate`
   |
11 - extern crate self as pack;
   |

warning: unused extern crate
  --> 🧰️framework/🛍️products/💻️os/📦️packages/🦀️rust/📦️glue.rs:12:1
   |
12 | extern crate self as spr;
   | ^^^^^^^^^^^^^^^^^^^^^^^^^ unused
   |
help: remove the unused `extern crate`
   |
12 - extern crate self as spr;
   |

warning: unused extern crate
  --> 🧰️framework/🛍️products/💻️os/📦️packages/🦀️rust/📦️glue.rs:13:1
   |
13 | extern crate self as vcs;
   | ^^^^^^^^^^^^^^^^^^^^^^^^^ unused
   |
help: remove the unused `extern crate`
   |
13 - extern crate self as vcs;
   |

warning: unexpected `cfg` condition value: `js`
   --> 🧰️framework/🛍️products/💻️os/📦️packages/🦀️rust/./../../🔨️modules/🗣️dsl/🫀️core/🦀️component.rs:345:11
    |
345 | #[cfg(all(feature = "js", target_arch = "wasm32"))]
    |           ^^^^^^^^^^^^^^
    |
    = note: expected values for `feature` are: `default`, `deflate`, `sync`, `ureq`, and `worker`
    = help: consider adding `js` as a feature in `Cargo.toml`
    = note: see <https://doc.rust-lang.org/nightly/rustc/check-cfg/cargo-specifics.html> for more information about checking conditional configuration
    = note: `#[warn(unexpected_cfgs)]` on by default

warning: unexpected `cfg` condition value: `js`
   --> 🧰️framework/🛍️products/💻️os/📦️packages/🦀️rust/./../../🔨️modules/🗣️dsl/🫀️core/🦀️component.rs:351:11
    |
351 | #[cfg(all(feature = "js", target_arch = "wasm32"))]
    |           ^^^^^^^^^^^^^^
    |
    = note: expected values for `feature` are: `default`, `deflate`, `sync`, `ureq`, and `worker`
    = help: consider adding `js` as a feature in `Cargo.toml`
    = note: see <https://doc.rust-lang.org/nightly/rustc/check-cfg/cargo-specifics.html> for more information about checking conditional configuration

warning: ambiguous glob re-exports
   --> 🧰️framework/🛍️products/💻️os/📦️packages/🦀️rust/📦️glue.rs:185:9
    |
185 | pub use crate::os_dsl::*;
    |         ^^^^^^^^^^^^^^^^ the name `canonicalize` in the value namespace is first re-exported here
...
198 | pub use crate::os_dsl::grammar::*;
    |         ------------------------- but the name `canonicalize` in the value namespace is also re-exported here
    |
    = note: `#[warn(ambiguous_glob_reexports)]` on by default

warning: ambiguous glob re-exports
   --> 🧰️framework/🛍️products/💻️os/📦️packages/🦀️rust/📦️glue.rs:185:9
    |
185 | pub use crate::os_dsl::*;
    |         ^^^^^^^^^^^^^^^^ the name `test_support` in the type namespace is first re-exported here
186 | pub use crate::os_store::*;
    |         ------------------ but the name `test_support` in the type namespace is also re-exported here

warning: ambiguous glob re-exports
   --> 🧰️framework/🛍️products/💻️os/📦️packages/🦀️rust/📦️glue.rs:185:9
    |
185 | pub use crate::os_dsl::*;
    |         ^^^^^^^^^^^^^^^^ the name `core` in the type namespace is first re-exported here
...
188 | pub use crate::os_pack::*;
    |         ----------------- but the name `core` in the type namespace is also re-exported here

warning: ambiguous glob re-exports
   --> 🧰️framework/🛍️products/💻️os/📦️packages/🦀️rust/📦️glue.rs:185:9
    |
185 | pub use crate::os_dsl::*;
    |         ^^^^^^^^^^^^^^^^ the name `Symbol` in the type namespace is first re-exported here
...
198 | pub use crate::os_dsl::grammar::*;
    |         ------------------------- but the name `Symbol` in the type namespace is also re-exported here

warning: ambiguous glob re-exports
   --> 🧰️framework/🛍️products/💻️os/📦️packages/🦀️rust/📦️glue.rs:187:9
    |
187 | pub use crate::os_spr::*;
    |         ^^^^^^^^^^^^^^^^ the name `cli` in the type namespace is first re-exported here
...
194 | pub use crate::os_semio::*;
    |         ------------------ but the name `cli` in the type namespace is also re-exported here

warning: ambiguous glob re-exports
   --> 🧰️framework/🛍️products/💻️os/📦️packages/🦀️rust/📦️glue.rs:187:9
    |
187 | pub use crate::os_spr::*;
    |         ^^^^^^^^^^^^^^^^ the name `format` in the type namespace is first re-exported here
188 | pub use crate::os_pack::*;
    |         ----------------- but the name `format` in the type namespace is also re-exported here

warning: ambiguous glob re-exports
   --> 🧰️framework/🛍️products/💻️os/📦️packages/🦀️rust/📦️glue.rs:187:9
    |
187 | pub use crate::os_spr::*;
    |         ^^^^^^^^^^^^^^^^ the name `io` in the type namespace is first re-exported here
188 | pub use crate::os_pack::*;
    |         ----------------- but the name `io` in the type namespace is also re-exported here

warning: ambiguous glob re-exports
   --> 🧰️framework/🛍️products/💻️os/📦️packages/🦀️rust/📦️glue.rs:187:9
    |
187 | pub use crate::os_spr::*;
    |         ^^^^^^^^^^^^^^^^ the name `testkit` in the type namespace is first re-exported here
188 | pub use crate::os_pack::*;
    |         ----------------- but the name `testkit` in the type namespace is also re-exported here

warning: ambiguous glob re-exports
   --> 🧰️framework/🛍️products/💻️os/📦️packages/🦀️rust/📦️glue.rs:188:9
    |
187 | pub use crate::os_spr::*;
    |         ---------------- but the name `read_varint_u64` in the value namespace is also re-exported here
188 | pub use crate::os_pack::*;
    |         ^^^^^^^^^^^^^^^^^ the name `read_varint_u64` in the value namespace is first re-exported here

warning: ambiguous glob re-exports
   --> 🧰️framework/🛍️products/💻️os/📦️packages/🦀️rust/📦️glue.rs:188:9
    |
187 | pub use crate::os_spr::*;
    |         ---------------- but the name `write_varint_u64` in the value namespace is also re-exported here
188 | pub use crate::os_pack::*;
    |         ^^^^^^^^^^^^^^^^^ the name `write_varint_u64` in the value namespace is first re-exported here

warning: ambiguous glob re-exports
   --> 🧰️framework/🛍️products/💻️os/📦️packages/🦀️rust/📦️glue.rs:188:9
    |
187 | pub use crate::os_spr::*;
    |         ---------------- but the name `recover_file` in the value namespace is also re-exported here
188 | pub use crate::os_pack::*;
    |         ^^^^^^^^^^^^^^^^^ the name `recover_file` in the value namespace is first re-exported here

warning: ambiguous glob re-exports
   --> 🧰️framework/🛍️products/💻️os/📦️packages/🦀️rust/📦️glue.rs:188:9
    |
187 | pub use crate::os_spr::*;
    |         ---------------- but the name `RecoveryReport` in the type namespace is also re-exported here
188 | pub use crate::os_pack::*;
    |         ^^^^^^^^^^^^^^^^^ the name `RecoveryReport` in the type namespace is first re-exported here

warning: ambiguous glob re-exports
   --> 🧰️framework/🛍️products/💻️os/📦️packages/🦀️rust/📦️glue.rs:188:9
    |
187 | pub use crate::os_spr::*;
    |         ---------------- but the name `VerificationLevel` in the type namespace is also re-exported here
188 | pub use crate::os_pack::*;
    |         ^^^^^^^^^^^^^^^^^ the name `VerificationLevel` in the type namespace is first re-exported here

warning: ambiguous glob re-exports
   --> 🧰️framework/🛍️products/💻️os/📦️packages/🦀️rust/📦️glue.rs:188:9
    |
187 | pub use crate::os_spr::*;
    |         ---------------- but the name `WriteOptions` in the type namespace is also re-exported here
188 | pub use crate::os_pack::*;
    |         ^^^^^^^^^^^^^^^^^ the name `WriteOptions` in the type namespace is first re-exported here

warning: ambiguous glob re-exports
   --> 🧰️framework/🛍️products/💻️os/📦️packages/🦀️rust/📦️glue.rs:188:9
    |
187 | pub use crate::os_spr::*;
    |         ---------------- but the name `DecodeOptions` in the type namespace is also re-exported here
188 | pub use crate::os_pack::*;
    |         ^^^^^^^^^^^^^^^^^ the name `DecodeOptions` in the type namespace is first re-exported here

warning: ambiguous glob re-exports
   --> 🧰️framework/🛍️products/💻️os/📦️packages/🦀️rust/📦️glue.rs:188:9
    |
187 | pub use crate::os_spr::*;
    |         ---------------- but the name `EncodeOptions` in the type namespace is also re-exported here
188 | pub use crate::os_pack::*;
    |         ^^^^^^^^^^^^^^^^^ the name `EncodeOptions` in the type namespace is first re-exported here

warning: ambiguous glob re-exports
   --> 🧰️framework/🛍️products/💻️os/📦️packages/🦀️rust/📦️glue.rs:198:9
    |
186 | pub use crate::os_store::*;
    |         ------------------ but the name `Alternative` in the type namespace is also re-exported here
...
198 | pub use crate::os_dsl::grammar::*;
    |         ^^^^^^^^^^^^^^^^^^^^^^^^^ the name `Alternative` in the type namespace is first re-exported here

warning: unused import: `crate::os_dsl::core::*`
   --> 🧰️framework/🛍️products/💻️os/📦️packages/🦀️rust/📦️glue.rs:199:9
    |
199 | pub use crate::os_dsl::core::*;
    |         ^^^^^^^^^^^^^^^^^^^^^^
    |
    = note: `#[warn(unused_imports)]` (part of `#[warn(unused)]`) on by default

warning: unused variable: `len`
    --> 🧰️framework/🛍️products/💻️os/📦️packages/🦀️rust/./../../🔨️modules/🗣️dsl/🫀️core/🦀️component.rs:1083:21
     |
1083 |                 let len = end_j - i;
     |                     ^^^ help: if this is intentional, prefix it with an underscore: `_len`
     |
     = note: `#[warn(unused_variables)]` (part of `#[warn(unused)]`) on by default

warning: function `print_edge_label` is never used
   --> 🧰️framework/🛍️products/💻️os/📦️packages/🦀️rust/./../../🔨️modules/🗣️dsl/🖋️notation/🦀️component.rs:269:4
    |
269 | fn print_edge_label(label: &EdgeLabel, out: &mut String) {
    |    ^^^^^^^^^^^^^^^^
    |
    = note: `#[warn(dead_code)]` (part of `#[warn(unused)]`) on by default

warning: method `set_envelope` is never used
    --> 🧰️framework/🛍️products/💻️os/📦️packages/🦀️rust/./../../🔨️modules/🏪️store/🦀️component.rs:2125:19
     |
2019 | / impl<P, Operation> DocumentStore<P, Operation>
2020 | | where
2021 | |     P: Clone + Serialize + DeserializeOwned + DocumentPack,
2022 | |     Operation: Clone + Serialize + DeserializeOwned + self::Operation<P> + OpBinary + OpText,
     | |_____________________________________________________________________________________________- method in this implementation
...
2125 |       pub(crate) fn set_envelope(&mut self, envelope: DocumentEnvelope<P, Operation>, applied_edit_ids: Vec<String>) {
     |                     ^^^^^^^^^^^^

warning: `semio-framework-os-kernel` (lib) generated 27 warnings (run `cargo fix --lib -p semio-framework-os-kernel` to apply 6 suggestions)
    Checking semio-framework-ui v0.1.0 (/Users/ueli/Documents/semio/🧰️framework/🔨️modules/🖱️ui/📦️packages/🦀️rust)
warning: unused import: `std::sync::OnceLock`
  --> 🧰️framework/🔨️modules/📚️compiler/📦️packages/🦀️rust/../../🦀️component.rs:13:5
   |
13 | use std::sync::OnceLock;
   |     ^^^^^^^^^^^^^^^^^^^
   |
   = note: `#[warn(unused_imports)]` (part of `#[warn(unused)]`) on by default

warning: `semio-framework-compiler` (lib) generated 1 warning (run `cargo fix --lib -p semio-framework-compiler` to apply 1 suggestion)
warning: unused import: `Level`
 --> 🧰️framework/🔨️modules/🖱️ui/📦️packages/🦀️rust/🎯️targets/🧊️wgpu/🦀️draw.rs:5:38
  |
5 | use crate::wgpu::theme::{GlassStyle, Level, Rgba, Theme};
  |                                      ^^^^^
  |
  = note: `#[warn(unused_imports)]` (part of `#[warn(unused)]`) on by default

warning: unused import: `crate::wgpu::IconName`
  --> 🧰️framework/🔨️modules/🖱️ui/📦️packages/🦀️rust/🎯️targets/🧊️wgpu/🦀️events.rs:17:5
   |
17 | use crate::wgpu::IconName;
   |     ^^^^^^^^^^^^^^^^^^^^^

warning: unnecessary qualification
  --> 🧰️framework/🔨️modules/🖱️ui/📦️packages/🦀️rust/🎯️targets/🧊️wgpu/🦀️engine.rs:94:52
   |
94 |     pub fn set_window_kind_icons(&mut self, icons: std::collections::HashMap<String, IconName>) {
   |                                                    ^^^^^^^^^^^^^^^^^^^^^^^^^^^^^^^^^^^^^^^^^^^
   |
   = note: requested on the command line with `-W unused-qualifications`
help: remove the unnecessary path segments
   |
94 -     pub fn set_window_kind_icons(&mut self, icons: std::collections::HashMap<String, IconName>) {
94 +     pub fn set_window_kind_icons(&mut self, icons: HashMap<String, IconName>) {
   |

warning: unused import: `Level`
 --> 🧰️framework/🔨️modules/🖱️ui/📦️packages/🦀️rust/🎯️targets/🧊️wgpu/🦀️widgets.rs:9:26
  |
9 | use crate::wgpu::theme::{Level, Rgba, Theme};
  |                          ^^^^^

warning: unused import: `render_select_menu`
   --> 🧰️framework/🔨️modules/🖱️ui/📦️packages/🦀️rust/🎯️targets/🧊️wgpu/🦀️widgets.rs:438:42
    |
438 | use crate::wgpu::select::{render_select, render_select_menu};
    |                                          ^^^^^^^^^^^^^^^^^^

warning: `semio-framework-ui` (lib) generated 5 warnings (run `cargo fix --lib -p semio-framework-ui` to apply 5 suggestions)
    Checking semio-framework-core v0.1.0 (/Users/ueli/Documents/semio/🧰️framework/📦️packages/🦀️rust)
    Checking semio-s-3d v0.1.0 (/Users/ueli/Documents/semio/✏️s/🔨️modules/🧊️3d/📦️packages/🦀️rust)
    Checking semio-framework-os-infinite v0.1.0 (/Users/ueli/Documents/semio/🧰️framework/🛍️products/💻️os/🔨️modules/♾️infinite/📦️packages/🦀️rust)
warning: unused extern crate
 --> 🧰️framework/🛍️products/💻️os/🔨️modules/♾️infinite/📦️packages/🦀️rust/📦️glue.rs:6:1
  |
6 | extern crate semio_framework_os_kernel as vcs;
  | ^^^^^^^^^^^^^^^^^^^^^^^^^^^^^^^^^^^^^^^^^^^^^^ unused
  |
  = note: `-W unused-extern-crates` implied by `-W rust-2018-idioms`
  = help: to override `-W rust-2018-idioms` add `#[allow(unused_extern_crates)]`
help: remove the unused `extern crate`
  |
6 - extern crate semio_framework_os_kernel as vcs;
  |

warning: unused extern crate
 --> 🧰️framework/🛍️products/💻️os/🔨️modules/♾️infinite/📦️packages/🦀️rust/📦️glue.rs:7:1
  |
7 | extern crate semio_framework_os_kernel as pack;
  | ^^^^^^^^^^^^^^^^^^^^^^^^^^^^^^^^^^^^^^^^^^^^^^^ unused
  |
help: remove the unused `extern crate`
  |
7 - extern crate semio_framework_os_kernel as pack;
  |

warning: unused extern crate
 --> 🧰️framework/🛍️products/💻️os/🔨️modules/♾️infinite/📦️packages/🦀️rust/📦️glue.rs:8:1
  |
8 | extern crate semio_framework_os_kernel as spr;
  | ^^^^^^^^^^^^^^^^^^^^^^^^^^^^^^^^^^^^^^^^^^^^^^ unused
  |
help: remove the unused `extern crate`
  |
8 - extern crate semio_framework_os_kernel as spr;
  |

warning: unused extern crate
  --> 🧰️framework/🛍️products/💻️os/🔨️modules/♾️infinite/📦️packages/🦀️rust/📦️glue.rs:10:1
   |
10 | extern crate self as infinite_world;
   | ^^^^^^^^^^^^^^^^^^^^^^^^^^^^^^^^^^^^ unused
   |
help: remove the unused `extern crate`
   |
10 - extern crate self as infinite_world;
   |

warning: unused extern crate
  --> 🧰️framework/🛍️products/💻️os/🔨️modules/♾️infinite/📦️packages/🦀️rust/📦️glue.rs:11:1
   |
11 | extern crate self as infinite_canvas;
   | ^^^^^^^^^^^^^^^^^^^^^^^^^^^^^^^^^^^^^ unused
   |
help: remove the unused `extern crate`
   |
11 - extern crate self as infinite_canvas;
   |

warning: unused extern crate
  --> 🧰️framework/🛍️products/💻️os/🔨️modules/♾️infinite/📦️packages/🦀️rust/📦️glue.rs:12:1
   |
12 | extern crate self as infinite_board;
   | ^^^^^^^^^^^^^^^^^^^^^^^^^^^^^^^^^^^^ unused
   |
help: remove the unused `extern crate`
   |
12 - extern crate self as infinite_board;
   |

warning: unnecessary qualification
    --> 🧰️framework/🛍️products/💻️os/🔨️modules/♾️infinite/📦️packages/🦀️rust/../../🦀️component.rs:1871:24
     |
1871 |     let component_ids: std::collections::HashSet<String> = state.component_ids.iter().cloned().collect();
     |                        ^^^^^^^^^^^^^^^^^^^^^^^^^^^^^^^^^
     |
     = note: requested on the command line with `-W unused-qualifications`
help: remove the unnecessary path segments
     |
1871 -     let component_ids: std::collections::HashSet<String> = state.component_ids.iter().cloned().collect();
1871 +     let component_ids: HashSet<String> = state.component_ids.iter().cloned().collect();
     |

warning: unnecessary qualification
    --> 🧰️framework/🛍️products/💻️os/🔨️modules/♾️infinite/📦️packages/🦀️rust/../../🦀️component.rs:1874:23
     |
1874 |     let selected_ids: std::collections::HashSet<String> = state.selected_ids.iter().cloned().collect();
     |                       ^^^^^^^^^^^^^^^^^^^^^^^^^^^^^^^^^
     |
help: remove the unnecessary path segments
     |
1874 -     let selected_ids: std::collections::HashSet<String> = state.selected_ids.iter().cloned().collect();
1874 +     let selected_ids: HashSet<String> = state.selected_ids.iter().cloned().collect();
     |

warning: unnecessary qualification
    --> 🧰️framework/🛍️products/💻️os/🔨️modules/♾️infinite/📦️packages/🦀️rust/../../🦀️component.rs:1875:32
     |
1875 |     let mut object_index_map = std::collections::HashMap::new();
     |                                ^^^^^^^^^^^^^^^^^^^^^^^^^^^^^^
     |
help: remove the unnecessary path segments
     |
1875 -     let mut object_index_map = std::collections::HashMap::new();
1875 +     let mut object_index_map = HashMap::new();
     |

warning: unnecessary qualification
    --> 🧰️framework/🛍️products/💻️os/🔨️modules/♾️infinite/📦️packages/🦀️rust/../../🦀️component.rs:2833:40
     |
2833 |                         let ray_dist = ui_wgpu::wgpu::ray_segment_distance(origin, dir, a, b).unwrap_or(f32::INFINITY);
     |                                        ^^^^^^^^^^^^^^^^^^^^^^^^^^^^^^^^^^^
     |
help: remove the unnecessary path segments
     |
2833 -                         let ray_dist = ui_wgpu::wgpu::ray_segment_distance(origin, dir, a, b).unwrap_or(f32::INFINITY);
2833 +                         let ray_dist = ray_segment_distance(origin, dir, a, b).unwrap_or(f32::INFINITY);
     |

warning: ambiguous glob re-exports
  --> 🧰️framework/🛍️products/💻️os/🔨️modules/♾️infinite/📦️packages/🦀️rust/📦️glue.rs:32:9
   |
32 | pub use component::*;
   |         ^^^^^^^^^^^^ the name `World3dState` in the type namespace is first re-exported here
...
36 | pub use world::*;
   |         -------- but the name `World3dState` in the type namespace is also re-exported here
   |
   = note: `#[warn(ambiguous_glob_reexports)]` on by default

warning: ambiguous glob re-exports
  --> 🧰️framework/🛍️products/💻️os/🔨️modules/♾️infinite/📦️packages/🦀️rust/📦️glue.rs:32:9
   |
32 | pub use component::*;
   |         ^^^^^^^^^^^^ the name `orbit_camera_action` in the value namespace is first re-exported here
...
36 | pub use world::*;
   |         -------- but the name `orbit_camera_action` in the value namespace is also re-exported here

warning: ambiguous glob re-exports
  --> 🧰️framework/🛍️products/💻️os/🔨️modules/♾️infinite/📦️packages/🦀️rust/📦️glue.rs:32:9
   |
32 | pub use component::*;
   |         ^^^^^^^^^^^^ the name `sync_world3d_state` in the value namespace is first re-exported here
...
36 | pub use world::*;
   |         -------- but the name `sync_world3d_state` in the value namespace is also re-exported here

warning: ambiguous glob re-exports
  --> 🧰️framework/🛍️products/💻️os/🔨️modules/♾️infinite/📦️packages/🦀️rust/📦️glue.rs:32:9
   |
32 | pub use component::*;
   |         ^^^^^^^^^^^^ the name `render_world_3d` in the value namespace is first re-exported here
...
36 | pub use world::*;
   |         -------- but the name `render_world_3d` in the value namespace is also re-exported here

warning: ambiguous glob re-exports
  --> 🧰️framework/🛍️products/💻️os/🔨️modules/♾️infinite/📦️packages/🦀️rust/📦️glue.rs:32:9
   |
32 | pub use component::*;
   |         ^^^^^^^^^^^^ the name `world3d_hit_target` in the value namespace is first re-exported here
...
36 | pub use world::*;
   |         -------- but the name `world3d_hit_target` in the value namespace is also re-exported here

warning: ambiguous glob re-exports
  --> 🧰️framework/🛍️products/💻️os/🔨️modules/♾️infinite/📦️packages/🦀️rust/📦️glue.rs:32:9
   |
32 | pub use component::*;
   |         ^^^^^^^^^^^^ the name `handle_world3d_pointer_move` in the value namespace is first re-exported here
...
36 | pub use world::*;
   |         -------- but the name `handle_world3d_pointer_move` in the value namespace is also re-exported here

warning: ambiguous glob re-exports
  --> 🧰️framework/🛍️products/💻️os/🔨️modules/♾️infinite/📦️packages/🦀️rust/📦️glue.rs:32:9
   |
32 | pub use component::*;
   |         ^^^^^^^^^^^^ the name `handle_world3d_paint_actions` in the value namespace is first re-exported here
...
36 | pub use world::*;
   |         -------- but the name `handle_world3d_paint_actions` in the value namespace is also re-exported here

warning: ambiguous glob re-exports
  --> 🧰️framework/🛍️products/💻️os/🔨️modules/♾️infinite/📦️packages/🦀️rust/📦️glue.rs:32:9
   |
32 | pub use component::*;
   |         ^^^^^^^^^^^^ the name `handle_world3d_pointer_button` in the value namespace is first re-exported here
...
36 | pub use world::*;
   |         -------- but the name `handle_world3d_pointer_button` in the value namespace is also re-exported here

warning: ambiguous glob re-exports
  --> 🧰️framework/🛍️products/💻️os/🔨️modules/♾️infinite/📦️packages/🦀️rust/📦️glue.rs:32:9
   |
32 | pub use component::*;
   |         ^^^^^^^^^^^^ the name `handle_world3d_pointer_drag` in the value namespace is first re-exported here
...
36 | pub use world::*;
   |         -------- but the name `handle_world3d_pointer_drag` in the value namespace is also re-exported here

warning: ambiguous glob re-exports
  --> 🧰️framework/🛍️products/💻️os/🔨️modules/♾️infinite/📦️packages/🦀️rust/📦️glue.rs:32:9
   |
32 | pub use component::*;
   |         ^^^^^^^^^^^^ the name `handle_world3d_wheel` in the value namespace is first re-exported here
...
36 | pub use world::*;
   |         -------- but the name `handle_world3d_wheel` in the value namespace is also re-exported here

warning: ambiguous glob re-exports
  --> 🧰️framework/🛍️products/💻️os/🔨️modules/♾️infinite/📦️packages/🦀️rust/📦️glue.rs:32:9
   |
32 | pub use component::*;
   |         ^^^^^^^^^^^^ the name `apply_world_action_preview` in the value namespace is first re-exported here
...
36 | pub use world::*;
   |         -------- but the name `apply_world_action_preview` in the value namespace is also re-exported here

warning: ambiguous glob re-exports
  --> 🧰️framework/🛍️products/💻️os/🔨️modules/♾️infinite/📦️packages/🦀️rust/📦️glue.rs:32:9
   |
32 | pub use component::*;
   |         ^^^^^^^^^^^^ the name `ingest_glb_mesh` in the value namespace is first re-exported here
...
36 | pub use world::*;
   |         -------- but the name `ingest_glb_mesh` in the value namespace is also re-exported here

warning: ambiguous glob re-exports
  --> 🧰️framework/🛍️products/💻️os/🔨️modules/♾️infinite/📦️packages/🦀️rust/📦️glue.rs:32:9
   |
32 | pub use component::*;
   |         ^^^^^^^^^^^^ the name `collect_pending_glb_fetches` in the value namespace is first re-exported here
...
36 | pub use world::*;
   |         -------- but the name `collect_pending_glb_fetches` in the value namespace is also re-exported here

warning: ambiguous glob re-exports
  --> 🧰️framework/🛍️products/💻️os/🔨️modules/♾️infinite/📦️packages/🦀️rust/📦️glue.rs:32:9
   |
32 | pub use component::*;
   |         ^^^^^^^^^^^^ the name `apply_glb_bytes` in the value namespace is first re-exported here
...
36 | pub use world::*;
   |         -------- but the name `apply_glb_bytes` in the value namespace is also re-exported here

warning: ambiguous glob re-exports
  --> 🧰️framework/🛍️products/💻️os/🔨️modules/♾️infinite/📦️packages/🦀️rust/📦️glue.rs:32:9
   |
32 | pub use component::*;
   |         ^^^^^^^^^^^^ the name `fetch_url_bytes` in the value namespace is first re-exported here
...
36 | pub use world::*;
   |         -------- but the name `fetch_url_bytes` in the value namespace is also re-exported here

warning: ambiguous glob re-exports
  --> 🧰️framework/🛍️products/💻️os/🔨️modules/♾️infinite/📦️packages/🦀️rust/📦️glue.rs:32:9
   |
32 | pub use component::*;
   |         ^^^^^^^^^^^^ the name `fetch_pending_glb_meshes` in the value namespace is first re-exported here
...
36 | pub use world::*;
   |         -------- but the name `fetch_pending_glb_meshes` in the value namespace is also re-exported here

warning: ambiguous glob re-exports
  --> 🧰️framework/🛍️products/💻️os/🔨️modules/♾️infinite/📦️packages/🦀️rust/📦️glue.rs:32:9
   |
32 | pub use component::*;
   |         ^^^^^^^^^^^^ the name `apply_reference_image_bytes` in the value namespace is first re-exported here
...
36 | pub use world::*;
   |         -------- but the name `apply_reference_image_bytes` in the value namespace is also re-exported here

warning: ambiguous glob re-exports
  --> 🧰️framework/🛍️products/💻️os/🔨️modules/♾️infinite/📦️packages/🦀️rust/📦️glue.rs:32:9
   |
32 | pub use component::*;
   |         ^^^^^^^^^^^^ the name `fetch_pending_reference_images` in the value namespace is first re-exported here
...
36 | pub use world::*;
   |         -------- but the name `fetch_pending_reference_images` in the value namespace is also re-exported here

warning: ambiguous glob re-exports
  --> 🧰️framework/🛍️products/💻️os/🔨️modules/♾️infinite/📦️packages/🦀️rust/📦️glue.rs:32:9
   |
32 | pub use component::*;
   |         ^^^^^^^^^^^^ the name `collect_pending_terrain_tile_fetches` in the value namespace is first re-exported here
...
36 | pub use world::*;
   |         -------- but the name `collect_pending_terrain_tile_fetches` in the value namespace is also re-exported here

warning: ambiguous glob re-exports
  --> 🧰️framework/🛍️products/💻️os/🔨️modules/♾️infinite/📦️packages/🦀️rust/📦️glue.rs:32:9
   |
32 | pub use component::*;
   |         ^^^^^^^^^^^^ the name `fetch_pending_terrain_tiles` in the value namespace is first re-exported here
...
36 | pub use world::*;
   |         -------- but the name `fetch_pending_terrain_tiles` in the value namespace is also re-exported here

warning: ambiguous glob re-exports
  --> 🧰️framework/🛍️products/💻️os/🔨️modules/♾️infinite/📦️packages/🦀️rust/📦️glue.rs:32:9
   |
32 | pub use component::*;
   |         ^^^^^^^^^^^^ the name `PendingGlbFetch` in the type namespace is first re-exported here
...
36 | pub use world::*;
   |         -------- but the name `PendingGlbFetch` in the type namespace is also re-exported here

warning: ambiguous glob re-exports
  --> 🧰️framework/🛍️products/💻️os/🔨️modules/♾️infinite/📦️packages/🦀️rust/📦️glue.rs:32:9
   |
32 | pub use component::*;
   |         ^^^^^^^^^^^^ the name `PendingTerrainTileFetch` in the type namespace is first re-exported here
...
36 | pub use world::*;
   |         -------- but the name `PendingTerrainTileFetch` in the type namespace is also re-exported here

warning: unnecessary qualification
    --> 🧰️framework/🛍️products/💻️os/🔨️modules/♾️infinite/📦️packages/🦀️rust/../../🌍️world/🦀️component.rs:1871:24
     |
1871 |     let component_ids: std::collections::HashSet<String> = state.component_ids.iter().cloned().collect();
     |                        ^^^^^^^^^^^^^^^^^^^^^^^^^^^^^^^^^
     |
help: remove the unnecessary path segments
     |
1871 -     let component_ids: std::collections::HashSet<String> = state.component_ids.iter().cloned().collect();
1871 +     let component_ids: HashSet<String> = state.component_ids.iter().cloned().collect();
     |

warning: unnecessary qualification
    --> 🧰️framework/🛍️products/💻️os/🔨️modules/♾️infinite/📦️packages/🦀️rust/../../🌍️world/🦀️component.rs:1874:23
     |
1874 |     let selected_ids: std::collections::HashSet<String> = state.selected_ids.iter().cloned().collect();
     |                       ^^^^^^^^^^^^^^^^^^^^^^^^^^^^^^^^^
     |
help: remove the unnecessary path segments
     |
1874 -     let selected_ids: std::collections::HashSet<String> = state.selected_ids.iter().cloned().collect();
1874 +     let selected_ids: HashSet<String> = state.selected_ids.iter().cloned().collect();
     |

warning: unnecessary qualification
    --> 🧰️framework/🛍️products/💻️os/🔨️modules/♾️infinite/📦️packages/🦀️rust/../../🌍️world/🦀️component.rs:1875:32
     |
1875 |     let mut object_index_map = std::collections::HashMap::new();
     |                                ^^^^^^^^^^^^^^^^^^^^^^^^^^^^^^
     |
help: remove the unnecessary path segments
     |
1875 -     let mut object_index_map = std::collections::HashMap::new();
1875 +     let mut object_index_map = HashMap::new();
     |

warning: unnecessary qualification
    --> 🧰️framework/🛍️products/💻️os/🔨️modules/♾️infinite/📦️packages/🦀️rust/../../🌍️world/🦀️component.rs:2833:40
     |
2833 |                         let ray_dist = ui_wgpu::wgpu::ray_segment_distance(origin, dir, a, b).unwrap_or(f32::INFINITY);
     |                                        ^^^^^^^^^^^^^^^^^^^^^^^^^^^^^^^^^^^
     |
help: remove the unnecessary path segments
     |
2833 -                         let ray_dist = ui_wgpu::wgpu::ray_segment_distance(origin, dir, a, b).unwrap_or(f32::INFINITY);
2833 +                         let ray_dist = ray_segment_distance(origin, dir, a, b).unwrap_or(f32::INFINITY);
     |

warning: unused import: `world::*`
  --> 🧰️framework/🛍️products/💻️os/🔨️modules/♾️infinite/📦️packages/🦀️rust/📦️glue.rs:36:9
   |
36 | pub use world::*;
   |         ^^^^^^^^
   |
   = note: `#[warn(unused_imports)]` (part of `#[warn(unused)]`) on by default

warning: unnecessary qualification
   --> 🧰️framework/🛍️products/💻️os/🔨️modules/♾️infinite/📦️packages/🦀️rust/././../../🎲️board/🔌️ports/➡️directed/🦀️component.rs:479:13
    |
479 |             crate::infinite::canvas::theme::merge_color_field(next, v, key);
    |             ^^^^^^^^^^^^^^^^^^^^^^^^^^^^^^^^^^^^^^^^^^^^^^^^^
    |
help: remove the unnecessary path segments
    |
479 -             crate::infinite::canvas::theme::merge_color_field(next, v, key);
479 +             infinite::canvas::theme::merge_color_field(next, v, key);
    |

warning: unnecessary qualification
   --> 🧰️framework/🛍️products/💻️os/🔨️modules/♾️infinite/📦️packages/🦀️rust/././../../🎲️board/🔌️ports/➡️directed/🦀️component.rs:561:33
    |
561 |         pub themed_icon_lookup: crate::infinite::canvas::icon_codec::ThemedSvgLookup,
    |                                 ^^^^^^^^^^^^^^^^^^^^^^^^^^^^^^^^^^^^^^^^^^^^^^^^^^^^
    |
help: remove the unnecessary path segments
    |
561 -         pub themed_icon_lookup: crate::infinite::canvas::icon_codec::ThemedSvgLookup,
561 +         pub themed_icon_lookup: infinite::canvas::icon_codec::ThemedSvgLookup,
    |

warning: unnecessary qualification
   --> 🧰️framework/🛍️products/💻️os/🔨️modules/♾️infinite/📦️packages/🦀️rust/././../../🎲️board/🔌️ports/➡️directed/🦀️component.rs:602:28
    |
602 |             let resolved = crate::infinite::canvas::icon_codec::board_resolve_icon_kind(encoded, self.themed_icon_lookup);
    |                            ^^^^^^^^^^^^^^^^^^^^^^^^^^^^^^^^^^^^^^^^^^^^^^^^^^^^^^^^^^^^
    |
help: remove the unnecessary path segments
    |
602 -             let resolved = crate::infinite::canvas::icon_codec::board_resolve_icon_kind(encoded, self.themed_icon_lookup);
602 +             let resolved = infinite::canvas::icon_codec::board_resolve_icon_kind(encoded, self.themed_icon_lookup);
    |

warning: unnecessary qualification
   --> 🧰️framework/🛍️products/💻️os/🔨️modules/♾️infinite/📦️packages/🦀️rust/././../../🎲️board/🔌️ports/➡️directed/🦀️component.rs:604:17
    |
604 |                 crate::infinite::canvas::icon_codec::BoardResolvedIcon::None => return None,
    |                 ^^^^^^^^^^^^^^^^^^^^^^^^^^^^^^^^^^^^^^^^^^^^^^^^^^^^^^^^^^^^
    |
help: remove the unnecessary path segments
    |
604 -                 crate::infinite::canvas::icon_codec::BoardResolvedIcon::None => return None,
604 +                 infinite::canvas::icon_codec::BoardResolvedIcon::None => return None,
    |

warning: unnecessary qualification
   --> 🧰️framework/🛍️products/💻️os/🔨️modules/♾️infinite/📦️packages/🦀️rust/././../../🎲️board/🔌️ports/➡️directed/🦀️component.rs:605:17
    |
605 | ...   crate::infinite::canvas::icon_codec::BoardResolvedIcon::SvgThemed(s) | crate::infinite::canvas::icon_codec::BoardResolvedIcon...
    |       ^^^^^^^^^^^^^^^^^^^^^^^^^^^^^^^^^^^^^^^^^^^^^^^^^^^^^^^^^^^^^^^^^
    |
help: remove the unnecessary path segments
    |
605 -                 crate::infinite::canvas::icon_codec::BoardResolvedIcon::SvgThemed(s) | crate::infinite::canvas::icon_codec::BoardResolvedIcon::SvgPlain(s) => Self::icon_vector_cache_key(if preserve_original_style { "p" } else { "t" }, s.as_str(), fg, bg),
605 +                 infinite::canvas::icon_codec::BoardResolvedIcon::SvgThemed(s) | crate::infinite::canvas::icon_codec::BoardResolvedIcon::SvgPlain(s) => Self::icon_vector_cache_key(if preserve_original_style { "p" } else { "t" }, s.as_str(), fg, bg),
    |

warning: unnecessary qualification
   --> 🧰️framework/🛍️products/💻️os/🔨️modules/♾️infinite/📦️packages/🦀️rust/././../../🎲️board/🔌️ports/➡️directed/🦀️component.rs:605:88
    |
605 | ...ardResolvedIcon::SvgThemed(s) | crate::infinite::canvas::icon_codec::BoardResolvedIcon::SvgPlain(s) => Self::icon_vector_cache_k...
    |                                    ^^^^^^^^^^^^^^^^^^^^^^^^^^^^^^^^^^^^^^^^^^^^^^^^^^^^^^^^^^^^^^^^
    |
help: remove the unnecessary path segments
    |
605 -                 crate::infinite::canvas::icon_codec::BoardResolvedIcon::SvgThemed(s) | crate::infinite::canvas::icon_codec::BoardResolvedIcon::SvgPlain(s) => Self::icon_vector_cache_key(if preserve_original_style { "p" } else { "t" }, s.as_str(), fg, bg),
605 +                 crate::infinite::canvas::icon_codec::BoardResolvedIcon::SvgThemed(s) | infinite::canvas::icon_codec::BoardResolvedIcon::SvgPlain(s) => Self::icon_vector_cache_key(if preserve_original_style { "p" } else { "t" }, s.as_str(), fg, bg),
    |

warning: unnecessary qualification
   --> 🧰️framework/🛍️products/💻️os/🔨️modules/♾️infinite/📦️packages/🦀️rust/././../../🎲️board/🔌️ports/➡️directed/🦀️component.rs:606:17
    |
606 | ...   crate::infinite::canvas::icon_codec::BoardResolvedIcon::RasterRgba8 { rgba, w, h } => Self::icon_raster_cache_key(rgba, *w, *h),
    |       ^^^^^^^^^^^^^^^^^^^^^^^^^^^^^^^^^^^^^^^^^^^^^^^^^^^^^^^^^^^^^^^^^^^
    |
help: remove the unnecessary path segments
    |
606 -                 crate::infinite::canvas::icon_codec::BoardResolvedIcon::RasterRgba8 { rgba, w, h } => Self::icon_raster_cache_key(rgba, *w, *h),
606 +                 infinite::canvas::icon_codec::BoardResolvedIcon::RasterRgba8 { rgba, w, h } => Self::icon_raster_cache_key(rgba, *w, *h),
    |

warning: unnecessary qualification
   --> 🧰️framework/🛍️products/💻️os/🔨️modules/♾️infinite/📦️packages/🦀️rust/././../../🎲️board/🔌️ports/➡️directed/🦀️component.rs:615:17
    |
615 |                 crate::infinite::canvas::icon_codec::BoardResolvedIcon::None => return None,
    |                 ^^^^^^^^^^^^^^^^^^^^^^^^^^^^^^^^^^^^^^^^^^^^^^^^^^^^^^^^^^^^
    |
help: remove the unnecessary path segments
    |
615 -                 crate::infinite::canvas::icon_codec::BoardResolvedIcon::None => return None,
615 +                 infinite::canvas::icon_codec::BoardResolvedIcon::None => return None,
    |

warning: unnecessary qualification
   --> 🧰️framework/🛍️products/💻️os/🔨️modules/♾️infinite/📦️packages/🦀️rust/././../../🎲️board/🔌️ports/➡️directed/🦀️component.rs:616:17
    |
616 |                 crate::infinite::canvas::icon_codec::BoardResolvedIcon::SvgThemed(s) => {
    |                 ^^^^^^^^^^^^^^^^^^^^^^^^^^^^^^^^^^^^^^^^^^^^^^^^^^^^^^^^^^^^^^^^^
    |
help: remove the unnecessary path segments
    |
616 -                 crate::infinite::canvas::icon_codec::BoardResolvedIcon::SvgThemed(s) => {
616 +                 infinite::canvas::icon_codec::BoardResolvedIcon::SvgThemed(s) => {
    |

warning: unnecessary qualification
   --> 🧰️framework/🛍️products/💻️os/🔨️modules/♾️infinite/📦️packages/🦀️rust/././../../🎲️board/🔌️ports/➡️directed/🦀️component.rs:630:17
    |
630 |                 crate::infinite::canvas::icon_codec::BoardResolvedIcon::SvgPlain(s) => {
    |                 ^^^^^^^^^^^^^^^^^^^^^^^^^^^^^^^^^^^^^^^^^^^^^^^^^^^^^^^^^^^^^^^^
    |
help: remove the unnecessary path segments
    |
630 -                 crate::infinite::canvas::icon_codec::BoardResolvedIcon::SvgPlain(s) => {
630 +                 infinite::canvas::icon_codec::BoardResolvedIcon::SvgPlain(s) => {
    |

warning: unnecessary qualification
   --> 🧰️framework/🛍️products/💻️os/🔨️modules/♾️infinite/📦️packages/🦀️rust/././../../🎲️board/🔌️ports/➡️directed/🦀️component.rs:644:17
    |
644 |                 crate::infinite::canvas::icon_codec::BoardResolvedIcon::RasterRgba8 { rgba, w, h } => {
    |                 ^^^^^^^^^^^^^^^^^^^^^^^^^^^^^^^^^^^^^^^^^^^^^^^^^^^^^^^^^^^^^^^^^^^
    |
help: remove the unnecessary path segments
    |
644 -                 crate::infinite::canvas::icon_codec::BoardResolvedIcon::RasterRgba8 { rgba, w, h } => {
644 +                 infinite::canvas::icon_codec::BoardResolvedIcon::RasterRgba8 { rgba, w, h } => {
    |

warning: unnecessary qualification
   --> 🧰️framework/🛍️products/💻️os/🔨️modules/♾️infinite/📦️packages/🦀️rust/././../../🎲️board/🔌️ports/➡️directed/🦀️component.rs:780:9
    |
780 | ...   crate::infinite::board::normal::undirected::apply_force_graph_layout_to_fixture_v1_value_resolved(fixture, opts, |endpoint, i...
    |       ^^^^^^^^^^^^^^^^^^^^^^^^^^^^^^^^^^^^^^^^^^^^^^^^^^^^^^^^^^^^^^^^^^^^^^^^^^^^^^^^^^^^^^^^^^^^^^^^^
    |
help: remove the unnecessary path segments
    |
780 -         crate::infinite::board::normal::undirected::apply_force_graph_layout_to_fixture_v1_value_resolved(fixture, opts, |endpoint, id_to_index| {
780 +         infinite::board::normal::undirected::apply_force_graph_layout_to_fixture_v1_value_resolved(fixture, opts, |endpoint, id_to_index| {
    |

warning: unnecessary qualification
   --> 🧰️framework/🛍️products/💻️os/🔨️modules/♾️infinite/📦️packages/🦀️rust/././../../🎲️board/🔌️ports/➡️directed/➕️normal/🦀️component.rs:468:31
    |
468 |         fn viewport(&self) -> crate::infinite::canvas::camera::Viewport {
    |                               ^^^^^^^^^^^^^^^^^^^^^^^^^^^^^^^^^^^^^^^^^
    |
help: remove the unnecessary path segments
    |
468 -         fn viewport(&self) -> crate::infinite::canvas::camera::Viewport {
468 +         fn viewport(&self) -> infinite::canvas::camera::Viewport {
    |

warning: unnecessary qualification
   --> 🧰️framework/🛍️products/💻️os/🔨️modules/♾️infinite/📦️packages/🦀️rust/././../../🎲️board/🔌️ports/➡️directed/➕️normal/🦀️component.rs:469:13
    |
469 |             crate::infinite::canvas::camera::Viewport { width: self.width, height: self.height, dpr: self.dpr }
    |             ^^^^^^^^^^^^^^^^^^^^^^^^^^^^^^^^^^^^^^^^^
    |
help: remove the unnecessary path segments
    |
469 -             crate::infinite::canvas::camera::Viewport { width: self.width, height: self.height, dpr: self.dpr }
469 +             infinite::canvas::camera::Viewport { width: self.width, height: self.height, dpr: self.dpr }
    |

warning: unnecessary qualification
   --> 🧰️framework/🛍️products/💻️os/🔨️modules/♾️infinite/📦️packages/🦀️rust/././../../🎲️board/🔌️ports/➡️directed/➕️normal/🦀️component.rs:473:13
    |
473 |             crate::infinite::canvas::camera::camera_content_affine(&self.camera, &self.viewport())
    |             ^^^^^^^^^^^^^^^^^^^^^^^^^^^^^^^^^^^^^^^^^^^^^^^^^^^^^^
    |
help: remove the unnecessary path segments
    |
473 -             crate::infinite::canvas::camera::camera_content_affine(&self.camera, &self.viewport())
473 +             infinite::canvas::camera::camera_content_affine(&self.camera, &self.viewport())
    |

warning: unnecessary qualification
   --> 🧰️framework/🛍️products/💻️os/🔨️modules/♾️infinite/📦️packages/🦀️rust/././../../🎲️board/🔌️ports/➡️directed/➕️normal/🦀️component.rs:643:24
    |
643 |             let zoom = crate::infinite::canvas::camera::clamp_zoom(zoom);
    |                        ^^^^^^^^^^^^^^^^^^^^^^^^^^^^^^^^^^^^^^^^^^^
    |
help: remove the unnecessary path segments
    |
643 -             let zoom = crate::infinite::canvas::camera::clamp_zoom(zoom);
643 +             let zoom = infinite::canvas::camera::clamp_zoom(zoom);
    |

warning: unnecessary qualification
    --> 🧰️framework/🛍️products/💻️os/🔨️modules/♾️infinite/📦️packages/🦀️rust/././../../🎲️board/🔌️ports/➡️directed/➕️normal/🦀️component.rs:2905:13
     |
2905 |             crate::infinite::canvas::camera::world_to_screen(&self.camera, &self.viewport(), p)
     |             ^^^^^^^^^^^^^^^^^^^^^^^^^^^^^^^^^^^^^^^^^^^^^^^^
     |
help: remove the unnecessary path segments
     |
2905 -             crate::infinite::canvas::camera::world_to_screen(&self.camera, &self.viewport(), p)
2905 +             infinite::canvas::camera::world_to_screen(&self.camera, &self.viewport(), p)
     |

warning: unnecessary qualification
    --> 🧰️framework/🛍️products/💻️os/🔨️modules/♾️infinite/📦️packages/🦀️rust/././../../🎲️board/🔌️ports/➡️directed/➕️normal/🦀️component.rs:2909:13
     |
2909 |             crate::infinite::canvas::camera::screen_to_world(&self.camera, &self.viewport(), p)
     |             ^^^^^^^^^^^^^^^^^^^^^^^^^^^^^^^^^^^^^^^^^^^^^^^^
     |
help: remove the unnecessary path segments
     |
2909 -             crate::infinite::canvas::camera::screen_to_world(&self.camera, &self.viewport(), p)
2909 +             infinite::canvas::camera::screen_to_world(&self.camera, &self.viewport(), p)
     |

warning: unnecessary qualification
    --> 🧰️framework/🛍️products/💻️os/🔨️modules/♾️infinite/📦️packages/🦀️rust/././../../🎲️board/🔌️ports/➡️directed/➕️normal/🦀️component.rs:4186:25
     |
4186 |             let mut p = crate::infinite::canvas::BezPath::new();
     |                         ^^^^^^^^^^^^^^^^^^^^^^^^^^^^^^^^^^^^^
     |
help: remove the unnecessary path segments
     |
4186 -             let mut p = crate::infinite::canvas::BezPath::new();
4186 +             let mut p = infinite::canvas::BezPath::new();
     |

warning: unnecessary qualification
    --> 🧰️framework/🛍️products/💻️os/🔨️modules/♾️infinite/📦️packages/🦀️rust/././../../🎲️board/🔌️ports/➡️directed/➕️normal/🦀️component.rs:4706:36
     |
4706 |                     let mut path = crate::infinite::canvas::BezPath::new();
     |                                    ^^^^^^^^^^^^^^^^^^^^^^^^^^^^^^^^^^^^^
     |
help: remove the unnecessary path segments
     |
4706 -                     let mut path = crate::infinite::canvas::BezPath::new();
4706 +                     let mut path = infinite::canvas::BezPath::new();
     |

warning: unnecessary qualification
    --> 🧰️framework/🛍️products/💻️os/🔨️modules/♾️infinite/📦️packages/🦀️rust/././../../🎲️board/🔌️ports/➡️directed/➕️normal/🦀️component.rs:4809:13
     |
4809 |             crate::infinite::canvas::camera::wheel_screen(&mut self.camera, &viewport, sx, sy, delta_y);
     |             ^^^^^^^^^^^^^^^^^^^^^^^^^^^^^^^^^^^^^^^^^^^^^
     |
help: remove the unnecessary path segments
     |
4809 -             crate::infinite::canvas::camera::wheel_screen(&mut self.camera, &viewport, sx, sy, delta_y);
4809 +             infinite::canvas::camera::wheel_screen(&mut self.camera, &viewport, sx, sy, delta_y);
     |

warning: unnecessary qualification
    --> 🧰️framework/🛍️products/💻️os/🔨️modules/♾️infinite/📦️packages/🦀️rust/././../../🎲️board/🔌️ports/➡️directed/➕️normal/🦀️component.rs:5683:10
     |
5683 |     impl crate::infinite::canvas::canvas_content::CanvasContent for BoardHost {
     |          ^^^^^^^^^^^^^^^^^^^^^^^^^^^^^^^^^^^^^^^^^^^^^^^^^^^^^^
     |
help: remove the unnecessary path segments
     |
5683 -     impl crate::infinite::canvas::canvas_content::CanvasContent for BoardHost {
5683 +     impl infinite::canvas::canvas_content::CanvasContent for BoardHost {
     |

warning: unnecessary qualification
    --> 🧰️framework/🛍️products/💻️os/🔨️modules/♾️infinite/📦️packages/🦀️rust/././../../🎲️board/🔌️ports/➡️directed/🕸️dag/🦀️component.rs:2859:48
     |
2859 |         let Ok(value) = serde_json::from_str::<serde_json::Value>(json) else {
     |                                                ^^^^^^^^^^^^^^^^^
     |
help: remove the unnecessary path segments
     |
2859 -         let Ok(value) = serde_json::from_str::<serde_json::Value>(json) else {
2859 +         let Ok(value) = serde_json::from_str::<Value>(json) else {
     |

warning: `semio-framework-os-infinite` (lib) generated 60 warnings (run `cargo fix --lib -p semio-framework-os-infinite` to apply 38 suggestions)
    Finished `dev` profile [unoptimized] target(s) in 8.09s
warning: the following packages contain code that will be rejected by a future version of Rust: block v0.1.6
note: to see what the problems were, use the option `--future-incompat-report`, or run `cargo report future-incompatibilities --id 1`
