warning: unused extern crate
 --> 🧰️framework/🛍️products/💻️os/📦️packages/🦀️rust/📦️glue.rs:7:1
  |
7 | extern crate self as dsl_grammar;
  | ^^^^^^^^^^^^^^^^^^^^^^^^^^^^^^^^^ unused
  |
  = note: `-W unused-extern-crates` implied by `-W rust-2018-idioms`
  = help: to override `-W rust-2018-idioms` add `#[allow(unused_extern_crates)]`
help: remove the unused `extern crate`
  |
7 - extern crate self as dsl_grammar;
  |

warning: unused extern crate
  --> 🧰️framework/🛍️products/💻️os/📦️packages/🦀️rust/📦️glue.rs:11:1
   |
11 | extern crate self as pack;
   | ^^^^^^^^^^^^^^^^^^^^^^^^^^ unused
   |
help: remove the unused `extern crate`
   |
11 - extern crate self as pack;
   |

warning: unused extern crate
  --> 🧰️framework/🛍️products/💻️os/📦️packages/🦀️rust/📦️glue.rs:12:1
   |
12 | extern crate self as spr;
   | ^^^^^^^^^^^^^^^^^^^^^^^^^ unused
   |
help: remove the unused `extern crate`
   |
12 - extern crate self as spr;
   |

warning: unused extern crate
  --> 🧰️framework/🛍️products/💻️os/📦️packages/🦀️rust/📦️glue.rs:13:1
   |
13 | extern crate self as vcs;
   | ^^^^^^^^^^^^^^^^^^^^^^^^^ unused
   |
help: remove the unused `extern crate`
   |
13 - extern crate self as vcs;
   |

warning: unexpected `cfg` condition value: `js`
   --> 🧰️framework/🛍️products/💻️os/📦️packages/🦀️rust/./../../🔨️modules/🗣️dsl/🫀️core/🦀️component.rs:345:11
    |
345 | #[cfg(all(feature = "js", target_arch = "wasm32"))]
    |           ^^^^^^^^^^^^^^
    |
    = note: expected values for `feature` are: `default`, `deflate`, `sync`, `ureq`, and `worker`
    = help: consider adding `js` as a feature in `Cargo.toml`
    = note: see <https://doc.rust-lang.org/nightly/rustc/check-cfg/cargo-specifics.html> for more information about checking conditional configuration
    = note: `#[warn(unexpected_cfgs)]` on by default

warning: unexpected `cfg` condition value: `js`
   --> 🧰️framework/🛍️products/💻️os/📦️packages/🦀️rust/./../../🔨️modules/🗣️dsl/🫀️core/🦀️component.rs:351:11
    |
351 | #[cfg(all(feature = "js", target_arch = "wasm32"))]
    |           ^^^^^^^^^^^^^^
    |
    = note: expected values for `feature` are: `default`, `deflate`, `sync`, `ureq`, and `worker`
    = help: consider adding `js` as a feature in `Cargo.toml`
    = note: see <https://doc.rust-lang.org/nightly/rustc/check-cfg/cargo-specifics.html> for more information about checking conditional configuration

warning: ambiguous glob re-exports
   --> 🧰️framework/🛍️products/💻️os/📦️packages/🦀️rust/📦️glue.rs:185:9
    |
185 | pub use crate::os_dsl::*;
    |         ^^^^^^^^^^^^^^^^ the name `canonicalize` in the value namespace is first re-exported here
...
198 | pub use crate::os_dsl::grammar::*;
    |         ------------------------- but the name `canonicalize` in the value namespace is also re-exported here
    |
    = note: `#[warn(ambiguous_glob_reexports)]` on by default

warning: ambiguous glob re-exports
   --> 🧰️framework/🛍️products/💻️os/📦️packages/🦀️rust/📦️glue.rs:185:9
    |
185 | pub use crate::os_dsl::*;
    |         ^^^^^^^^^^^^^^^^ the name `test_support` in the type namespace is first re-exported here
186 | pub use crate::os_store::*;
    |         ------------------ but the name `test_support` in the type namespace is also re-exported here

warning: ambiguous glob re-exports
   --> 🧰️framework/🛍️products/💻️os/📦️packages/🦀️rust/📦️glue.rs:185:9
    |
185 | pub use crate::os_dsl::*;
    |         ^^^^^^^^^^^^^^^^ the name `core` in the type namespace is first re-exported here
...
188 | pub use crate::os_pack::*;
    |         ----------------- but the name `core` in the type namespace is also re-exported here

warning: ambiguous glob re-exports
   --> 🧰️framework/🛍️products/💻️os/📦️packages/🦀️rust/📦️glue.rs:185:9
    |
185 | pub use crate::os_dsl::*;
    |         ^^^^^^^^^^^^^^^^ the name `Symbol` in the type namespace is first re-exported here
...
198 | pub use crate::os_dsl::grammar::*;
    |         ------------------------- but the name `Symbol` in the type namespace is also re-exported here

warning: ambiguous glob re-exports
   --> 🧰️framework/🛍️products/💻️os/📦️packages/🦀️rust/📦️glue.rs:187:9
    |
187 | pub use crate::os_spr::*;
    |         ^^^^^^^^^^^^^^^^ the name `apply_collection_operation` in the value namespace is first re-exported here
...
192 | pub use crate::os_vcs::*;
    |         ---------------- but the name `apply_collection_operation` in the value namespace is also re-exported here

warning: ambiguous glob re-exports
   --> 🧰️framework/🛍️products/💻️os/📦️packages/🦀️rust/📦️glue.rs:187:9
    |
187 | pub use crate::os_spr::*;
    |         ^^^^^^^^^^^^^^^^ the name `collection_diff_from_operation` in the value namespace is first re-exported here
...
192 | pub use crate::os_vcs::*;
    |         ---------------- but the name `collection_diff_from_operation` in the value namespace is also re-exported here

warning: ambiguous glob re-exports
   --> 🧰️framework/🛍️products/💻️os/📦️packages/🦀️rust/📦️glue.rs:187:9
    |
187 | pub use crate::os_spr::*;
    |         ^^^^^^^^^^^^^^^^ the name `invert_collection_operation` in the value namespace is first re-exported here
...
192 | pub use crate::os_vcs::*;
    |         ---------------- but the name `invert_collection_operation` in the value namespace is also re-exported here

warning: ambiguous glob re-exports
   --> 🧰️framework/🛍️products/💻️os/📦️packages/🦀️rust/📦️glue.rs:187:9
    |
187 | pub use crate::os_spr::*;
    |         ^^^^^^^^^^^^^^^^ the name `Identified` in the type namespace is first re-exported here
...
192 | pub use crate::os_vcs::*;
    |         ---------------- but the name `Identified` in the type namespace is also re-exported here

warning: ambiguous glob re-exports
   --> 🧰️framework/🛍️products/💻️os/📦️packages/🦀️rust/📦️glue.rs:187:9
    |
187 | pub use crate::os_spr::*;
    |         ^^^^^^^^^^^^^^^^ the name `Patchable` in the type namespace is first re-exported here
...
192 | pub use crate::os_vcs::*;
    |         ---------------- but the name `Patchable` in the type namespace is also re-exported here

warning: ambiguous glob re-exports
   --> 🧰️framework/🛍️products/💻️os/📦️packages/🦀️rust/📦️glue.rs:187:9
    |
187 | pub use crate::os_spr::*;
    |         ^^^^^^^^^^^^^^^^ the name `cli` in the type namespace is first re-exported here
...
194 | pub use crate::os_semio::*;
    |         ------------------ but the name `cli` in the type namespace is also re-exported here

warning: ambiguous glob re-exports
   --> 🧰️framework/🛍️products/💻️os/📦️packages/🦀️rust/📦️glue.rs:187:9
    |
187 | pub use crate::os_spr::*;
    |         ^^^^^^^^^^^^^^^^ the name `format` in the type namespace is first re-exported here
188 | pub use crate::os_pack::*;
    |         ----------------- but the name `format` in the type namespace is also re-exported here

warning: ambiguous glob re-exports
   --> 🧰️framework/🛍️products/💻️os/📦️packages/🦀️rust/📦️glue.rs:187:9
    |
187 | pub use crate::os_spr::*;
    |         ^^^^^^^^^^^^^^^^ the name `io` in the type namespace is first re-exported here
188 | pub use crate::os_pack::*;
    |         ----------------- but the name `io` in the type namespace is also re-exported here

warning: ambiguous glob re-exports
   --> 🧰️framework/🛍️products/💻️os/📦️packages/🦀️rust/📦️glue.rs:187:9
    |
187 | pub use crate::os_spr::*;
    |         ^^^^^^^^^^^^^^^^ the name `testkit` in the type namespace is first re-exported here
188 | pub use crate::os_pack::*;
    |         ----------------- but the name `testkit` in the type namespace is also re-exported here

warning: ambiguous glob re-exports
   --> 🧰️framework/🛍️products/💻️os/📦️packages/🦀️rust/📦️glue.rs:188:9
    |
187 | pub use crate::os_spr::*;
    |         ---------------- but the name `read_varint_u64` in the value namespace is also re-exported here
188 | pub use crate::os_pack::*;
    |         ^^^^^^^^^^^^^^^^^ the name `read_varint_u64` in the value namespace is first re-exported here

warning: ambiguous glob re-exports
   --> 🧰️framework/🛍️products/💻️os/📦️packages/🦀️rust/📦️glue.rs:188:9
    |
187 | pub use crate::os_spr::*;
    |         ---------------- but the name `write_varint_u64` in the value namespace is also re-exported here
188 | pub use crate::os_pack::*;
    |         ^^^^^^^^^^^^^^^^^ the name `write_varint_u64` in the value namespace is first re-exported here

warning: ambiguous glob re-exports
   --> 🧰️framework/🛍️products/💻️os/📦️packages/🦀️rust/📦️glue.rs:188:9
    |
187 | pub use crate::os_spr::*;
    |         ---------------- but the name `recover_file` in the value namespace is also re-exported here
188 | pub use crate::os_pack::*;
    |         ^^^^^^^^^^^^^^^^^ the name `recover_file` in the value namespace is first re-exported here

warning: ambiguous glob re-exports
   --> 🧰️framework/🛍️products/💻️os/📦️packages/🦀️rust/📦️glue.rs:188:9
    |
187 | pub use crate::os_spr::*;
    |         ---------------- but the name `RecoveryReport` in the type namespace is also re-exported here
188 | pub use crate::os_pack::*;
    |         ^^^^^^^^^^^^^^^^^ the name `RecoveryReport` in the type namespace is first re-exported here

warning: ambiguous glob re-exports
   --> 🧰️framework/🛍️products/💻️os/📦️packages/🦀️rust/📦️glue.rs:188:9
    |
187 | pub use crate::os_spr::*;
    |         ---------------- but the name `VerificationLevel` in the type namespace is also re-exported here
188 | pub use crate::os_pack::*;
    |         ^^^^^^^^^^^^^^^^^ the name `VerificationLevel` in the type namespace is first re-exported here

warning: ambiguous glob re-exports
   --> 🧰️framework/🛍️products/💻️os/📦️packages/🦀️rust/📦️glue.rs:188:9
    |
187 | pub use crate::os_spr::*;
    |         ---------------- but the name `WriteOptions` in the type namespace is also re-exported here
188 | pub use crate::os_pack::*;
    |         ^^^^^^^^^^^^^^^^^ the name `WriteOptions` in the type namespace is first re-exported here

warning: ambiguous glob re-exports
   --> 🧰️framework/🛍️products/💻️os/📦️packages/🦀️rust/📦️glue.rs:188:9
    |
187 | pub use crate::os_spr::*;
    |         ---------------- but the name `DecodeOptions` in the type namespace is also re-exported here
188 | pub use crate::os_pack::*;
    |         ^^^^^^^^^^^^^^^^^ the name `DecodeOptions` in the type namespace is first re-exported here

warning: ambiguous glob re-exports
   --> 🧰️framework/🛍️products/💻️os/📦️packages/🦀️rust/📦️glue.rs:188:9
    |
187 | pub use crate::os_spr::*;
    |         ---------------- but the name `EncodeOptions` in the type namespace is also re-exported here
188 | pub use crate::os_pack::*;
    |         ^^^^^^^^^^^^^^^^^ the name `EncodeOptions` in the type namespace is first re-exported here

warning: ambiguous glob re-exports
   --> 🧰️framework/🛍️products/💻️os/📦️packages/🦀️rust/📦️glue.rs:192:9
    |
187 | pub use crate::os_spr::*;
    |         ---------------- but the name `ItemPatch` in the type namespace is also re-exported here
...
192 | pub use crate::os_vcs::*;
    |         ^^^^^^^^^^^^^^^^ the name `ItemPatch` in the type namespace is first re-exported here

warning: ambiguous glob re-exports
   --> 🧰️framework/🛍️products/💻️os/📦️packages/🦀️rust/📦️glue.rs:192:9
    |
187 | pub use crate::os_spr::*;
    |         ---------------- but the name `CollectionDiff` in the type namespace is also re-exported here
...
192 | pub use crate::os_vcs::*;
    |         ^^^^^^^^^^^^^^^^ the name `CollectionDiff` in the type namespace is first re-exported here

warning: ambiguous glob re-exports
   --> 🧰️framework/🛍️products/💻️os/📦️packages/🦀️rust/📦️glue.rs:192:9
    |
187 | pub use crate::os_spr::*;
    |         ---------------- but the name `CollectionOperation` in the type namespace is also re-exported here
...
192 | pub use crate::os_vcs::*;
    |         ^^^^^^^^^^^^^^^^ the name `CollectionOperation` in the type namespace is first re-exported here

warning: ambiguous glob re-exports
   --> 🧰️framework/🛍️products/💻️os/📦️packages/🦀️rust/📦️glue.rs:198:9
    |
186 | pub use crate::os_store::*;
    |         ------------------ but the name `Alternative` in the type namespace is also re-exported here
...
198 | pub use crate::os_dsl::grammar::*;
    |         ^^^^^^^^^^^^^^^^^^^^^^^^^ the name `Alternative` in the type namespace is first re-exported here

warning: unused import: `crate::os_dsl::core::*`
   --> 🧰️framework/🛍️products/💻️os/📦️packages/🦀️rust/📦️glue.rs:199:9
    |
199 | pub use crate::os_dsl::core::*;
    |         ^^^^^^^^^^^^^^^^^^^^^^
    |
    = note: `#[warn(unused_imports)]` (part of `#[warn(unused)]`) on by default

warning: unused variable: `len`
    --> 🧰️framework/🛍️products/💻️os/📦️packages/🦀️rust/./../../🔨️modules/🗣️dsl/🫀️core/🦀️component.rs:1083:21
     |
1083 |                 let len = end_j - i;
     |                     ^^^ help: if this is intentional, prefix it with an underscore: `_len`
     |
     = note: `#[warn(unused_variables)]` (part of `#[warn(unused)]`) on by default

warning: method `set_envelope` is never used
    --> 🧰️framework/🛍️products/💻️os/📦️packages/🦀️rust/./../../🔨️modules/🏪️store/🦀️component.rs:2075:19
     |
1969 | / impl<P, Operation> DocumentStore<P, Operation>
1970 | | where
1971 | |     P: Clone + Serialize + DeserializeOwned + DocumentPack,
1972 | |     Operation: Clone + Serialize + DeserializeOwned + self::Operation<P> + OpBinary + OpText,
     | |_____________________________________________________________________________________________- method in this implementation
...
2075 |       pub(crate) fn set_envelope(&mut self, envelope: DocumentEnvelope<P, Operation>, applied_edit_ids: Vec<String>) {
     |                     ^^^^^^^^^^^^
     |
     = note: `#[warn(dead_code)]` (part of `#[warn(unused)]`) on by default

warning: function `print_edge_label` is never used
   --> 🧰️framework/🛍️products/💻️os/📦️packages/🦀️rust/./../../🔨️modules/🗣️dsl/🖋️notation/🦀️component.rs:269:4
    |
269 | fn print_edge_label(label: &EdgeLabel, out: &mut String) {
    |    ^^^^^^^^^^^^^^^^

warning: `semio-framework-os-kernel` (lib) generated 35 warnings (run `cargo fix --lib -p semio-framework-os-kernel` to apply 6 suggestions)
warning: unused extern crate
 --> 🧰️framework/🛍️products/💻️os/🔨️modules/🔌️plugin/📦️packages/🦀️rust/📦️glue.rs:5:1
  |
5 | extern crate semio_framework_os_kernel as pack;
  | ^^^^^^^^^^^^^^^^^^^^^^^^^^^^^^^^^^^^^^^^^^^^^^^ unused
  |
  = note: `-W unused-extern-crates` implied by `-W rust-2018-idioms`
  = help: to override `-W rust-2018-idioms` add `#[allow(unused_extern_crates)]`
help: remove the unused `extern crate`
  |
5 - extern crate semio_framework_os_kernel as pack;
  |

warning: unused extern crate
 --> 🧰️framework/🛍️products/💻️os/🔨️modules/🔌️plugin/📦️packages/🦀️rust/📦️glue.rs:6:1
  |
6 | extern crate semio_framework_os_kernel as spr;
  | ^^^^^^^^^^^^^^^^^^^^^^^^^^^^^^^^^^^^^^^^^^^^^^ unused
  |
help: remove the unused `extern crate`
  |
6 - extern crate semio_framework_os_kernel as spr;
  |

warning: unnecessary qualification
    --> 🧰️framework/🛍️products/💻️os/🔨️modules/🔌️plugin/📦️packages/🦀️rust/../../🦀️component.rs:3327:61
     |
3327 |         fn command_from_action(action: &str, _args: Option<&serde_json::Value>) -> Result<Self::Command, Fault> {
     |                                                             ^^^^^^^^^^^^^^^^^
     |
     = note: requested on the command line with `-W unused-qualifications`
help: remove the unnecessary path segments
     |
3327 -         fn command_from_action(action: &str, _args: Option<&serde_json::Value>) -> Result<Self::Command, Fault> {
3327 +         fn command_from_action(action: &str, _args: Option<&Value>) -> Result<Self::Command, Fault> {
     |

warning: unused variable: `app`
    --> 🧰️framework/🛍️products/💻️os/🔨️modules/🔌️plugin/📦️packages/🦀️rust/../../🦀️component.rs:4870:34
     |
4870 |             let VcsDocumentApp { app, cache, .. } = self;
     |                                  ^^^ help: try ignoring the field: `app: _`
     |
     = note: `#[warn(unused_variables)]` (part of `#[warn(unused)]`) on by default

warning: unused variable: `app`
    --> 🧰️framework/🛍️products/💻️os/🔨️modules/🔌️plugin/📦️packages/🦀️rust/../../🦀️component.rs:1679:17
     |
1679 |             let app = A::default();
     |                 ^^^ help: if this is intentional, prefix it with an underscore: `_app`

warning: unused variable: `app`
    --> 🧰️framework/🛍️products/💻️os/🔨️modules/🔌️plugin/📦️packages/🦀️rust/../../🦀️component.rs:4598:38
     |
4598 |                 let VcsDocumentApp { app, cache, .. } = self;
     |                                      ^^^ help: try ignoring the field: `app: _`

warning: unused variable: `app`
    --> 🧰️framework/🛍️products/💻️os/🔨️modules/🔌️plugin/📦️packages/🦀️rust/../../🦀️component.rs:4562:38
     |
4562 |                 let VcsDocumentApp { app, cache, .. } = self;
     |                                      ^^^ help: try ignoring the field: `app: _`

warning: unused variable: `app`
    --> 🧰️framework/🛍️products/💻️os/🔨️modules/🔌️plugin/📦️packages/🦀️rust/../../🦀️component.rs:4820:34
     |
4820 |             let VcsDocumentApp { app, cache, .. } = self;
     |                                  ^^^ help: try ignoring the field: `app: _`

warning: unused variable: `app`
    --> 🧰️framework/🛍️products/💻️os/🔨️modules/🔌️plugin/📦️packages/🦀️rust/../../🦀️component.rs:4831:34
     |
4831 |             let VcsDocumentApp { app, cache, .. } = self;
     |                                  ^^^ help: try ignoring the field: `app: _`

warning: unused variable: `app`
    --> 🧰️framework/🛍️products/💻️os/🔨️modules/🔌️plugin/📦️packages/🦀️rust/../../🦀️component.rs:4845:34
     |
4845 |             let VcsDocumentApp { app, cache, registry, .. } = self;
     |                                  ^^^ help: try ignoring the field: `app: _`

warning: unused variable: `app`
    --> 🧰️framework/🛍️products/💻️os/🔨️modules/🔌️plugin/📦️packages/🦀️rust/../../🦀️component.rs:4789:34
     |
4789 |             let VcsDocumentApp { app, cache, .. } = self;
     |                                  ^^^ help: try ignoring the field: `app: _`

warning: unused variable: `app`
    --> 🧰️framework/🛍️products/💻️os/🔨️modules/🔌️plugin/📦️packages/🦀️rust/../../🦀️component.rs:4855:34
     |
4855 |             let VcsDocumentApp { app, cache, .. } = self;
     |                                  ^^^ help: try ignoring the field: `app: _`

warning: unused variable: `app`
    --> 🧰️framework/🛍️products/💻️os/🔨️modules/🔌️plugin/📦️packages/🦀️rust/../../🦀️component.rs:4478:42
     |
4478 |                     let VcsDocumentApp { app, cache, .. } = self;
     |                                          ^^^ help: try ignoring the field: `app: _`

    Checking semio-framework-os-flow v0.1.0 (/Users/ueli/Documents/semio/🧰️framework/🛍️products/💻️os/🔨️modules/🌊️flow/📦️packages/🦀️rust)
warning: `semio-framework-plugin` (lib) generated 13 warnings (run `cargo fix --lib -p semio-framework-plugin` to apply 13 suggestions)
    Checking semio-framework-os-infinite v0.1.0 (/Users/ueli/Documents/semio/🧰️framework/🛍️products/💻️os/🔨️modules/♾️infinite/📦️packages/🦀️rust)
🧰️framework/🛍️products/💻️os/🔨️modules/🌊️flow/📦️packages/🦀️rust/📦️glue.rs:16:3: error: couldn't read `🧰️framework/🛍️products/💻️os/🔨️modules/🌊️flow/📦️packages/🦀️rust/./../../../🧩️extensions/📃️list/🦀️component.rs`: No such file or directory (os error 2)
error: could not compile `semio-framework-os-flow` (lib) due to 1 previous error
warning: build failed, waiting for other jobs to finish...
🧰️framework/🛍️products/💻️os/🔨️modules/♾️infinite/📦️packages/🦀️rust/../../🖼️canvas/🦀️component.rs:360:53: error: couldn't read `🧰️framework/🛍️products/💻️os/🔨️modules/♾️infinite/📦️packages/🦀️rust/../../🖼️canvas/../../../🖼️canvas/⚡️implementations/🦀️rust/🖼️assets/🔤️NotoColorEmoji-subset.ttf`: No such file or directory (os error 2)
🧰️framework/🛍️products/💻️os/🔨️modules/♾️infinite/📦️packages/🦀️rust/../../🖼️canvas/🦀️component.rs:362:44: error: couldn't read `🧰️framework/🛍️products/💻️os/🔨️modules/♾️infinite/📦️packages/🦀️rust/../../🖼️canvas/../../../🖼️canvas/⚡️implementations/🦀️rust/🖼️assets/🔤️MapLabelSans.ttf`: No such file or directory (os error 2)
🧰️framework/🛍️products/💻️os/🔨️modules/♾️infinite/📦️packages/🦀️rust/../../🖼️canvas/🦀️component.rs:1235:26: error: environment variable `OUT_DIR` not defined at compile time
🧰️framework/🛍️products/💻️os/🔨️modules/♾️infinite/📦️packages/🦀️rust/././../../🎲️board/🔌️ports/➡️directed/🕸️dag/🦀️component.rs:1900:81: error: couldn't read `🧰️framework/🛍️products/💻️os/🔨️modules/♾️infinite/📦️packages/🦀️rust/././../../🎲️board/🔌️ports/➡️directed/🕸️dag/../../../../../../../../../../../✏️s/🔌️plugins/🕸️dag/🗿️artifacts/🕸️dag/📚️examples/♻️reuse/🗣️dsls/♻️reuse/🧬️component.dag.dag.dsl.semio`: No such file or directory (os error 2)
🧰️framework/🛍️products/💻️os/🔨️modules/♾️infinite/📦️packages/🦀️rust/../../🦀️component.rs:15:21: error[E0432]: unresolved imports `ui_wgpu::wgpu::draw_text`, `ui_wgpu::wgpu::mesh_content_version`, `ui_wgpu::wgpu::paint_selection_marquee`, `ui_wgpu::wgpu::widgets`, `ui_wgpu::wgpu::GpuContext`, `ui_wgpu::wgpu::HitKind`, `ui_wgpu::wgpu::HitTarget`, `ui_wgpu::wgpu::PointerModifiers`, `ui_wgpu::wgpu::WidgetContext`: no `draw_text` in `wgpu`, no `mesh_content_version` in `wgpu`, no `paint_selection_marquee` in `wgpu`, could not find `widgets` in `wgpu`, no `GpuContext` in `wgpu`, no `HitKind` in `wgpu`, no `HitTarget` in `wgpu`, no `PointerModifiers` in `wgpu`, no `WidgetContext` in `wgpu`
🧰️framework/🛍️products/💻️os/🔨️modules/♾️infinite/📦️packages/🦀️rust/../../🌍️world/🦀️component.rs:15:21: error[E0432]: unresolved imports `ui_wgpu::wgpu::draw_text`, `ui_wgpu::wgpu::mesh_content_version`, `ui_wgpu::wgpu::paint_selection_marquee`, `ui_wgpu::wgpu::widgets`, `ui_wgpu::wgpu::GpuContext`, `ui_wgpu::wgpu::HitKind`, `ui_wgpu::wgpu::HitTarget`, `ui_wgpu::wgpu::PointerModifiers`, `ui_wgpu::wgpu::WidgetContext`: no `draw_text` in `wgpu`, no `mesh_content_version` in `wgpu`, no `paint_selection_marquee` in `wgpu`, could not find `widgets` in `wgpu`, no `GpuContext` in `wgpu`, no `HitKind` in `wgpu`, no `HitTarget` in `wgpu`, no `PointerModifiers` in `wgpu`, no `WidgetContext` in `wgpu`
🧰️framework/🛍️products/💻️os/🔨️modules/♾️infinite/📦️packages/🦀️rust/../../🖼️canvas/🦀️component.rs:292:9: error[E0432]: unresolved import `self::Color`
🧰️framework/🛍️products/💻️os/🔨️modules/♾️infinite/📦️packages/🦀️rust/../../🖼️canvas/🦀️component.rs:370:9: error[E0432]: unresolved import `self::usvg`
🧰️framework/🛍️products/💻️os/🔨️modules/♾️infinite/📦️packages/🦀️rust/../../🖼️canvas/🦀️component.rs:371:16: error[E0432]: unresolved imports `self::Affine`, `self::BezPath`, `self::Color`, `self::FillRule`, `self::Point`, `self::Scene`, `self::ShapeRef`, `self::Stroke`: no `Affine` in `canvas::svg_icon`, no `BezPath` in `canvas::svg_icon`, no `Color` in `canvas::svg_icon`, no `FillRule` in `canvas::svg_icon`, no `Point` in `canvas::svg_icon`, no `Scene` in `canvas::svg_icon`, no `ShapeRef` in `canvas::svg_icon`, no `Stroke` in `canvas::svg_icon`
🧰️framework/🛍️products/💻️os/🔨️modules/♾️infinite/📦️packages/🦀️rust/../../🖼️canvas/🦀️component.rs:1095:16: error[E0432]: unresolved imports `self::Affine`, `self::Scene`: no `Affine` in `canvas::render`, no `Scene` in `canvas::render`
🧰️framework/🛍️products/💻️os/🔨️modules/♾️infinite/📦️packages/🦀️rust/../../🖼️canvas/🦀️component.rs:1112:16: error[E0432]: unresolved imports `self::Color`, `self::Scene`: no `Color` in `canvas::canvas_content`, no `Scene` in `canvas::canvas_content`
🧰️framework/🛍️products/💻️os/🔨️modules/♾️infinite/📦️packages/🦀️rust/././../../🎲️board/🔌️ports/➡️directed/🕸️dag/🦀️component.rs:1918:22: error[E0433]: `crate` in paths can only be used in start position: can only be used in path start position
🧰️framework/🛍️products/💻️os/🔨️modules/♾️infinite/📦️packages/🦀️rust/././../../🎲️board/🔌️ports/➡️directed/🕸️dag/🦀️component.rs:1934:22: error[E0433]: `crate` in paths can only be used in start position: can only be used in path start position
🧰️framework/🛍️products/💻️os/🔨️modules/♾️infinite/📦️packages/🦀️rust/././../../🎲️board/🔌️ports/➡️directed/🦀️component.rs:743:9: error[E0432]: unresolved import `self::board_json_visible_or_true`
🧰️framework/🛍️products/💻️os/🔨️modules/♾️infinite/📦️packages/🦀️rust/../../🦀️component.rs:4:5: error[E0432]: unresolved import `framework_surface_terrain`: use of unresolved module or unlinked crate `framework_surface_terrain`
🧰️framework/🛍️products/💻️os/🔨️modules/♾️infinite/📦️packages/🦀️rust/../../🌍️world/🦀️component.rs:4:5: error[E0432]: unresolved import `framework_surface_terrain`: use of unresolved module or unlinked crate `framework_surface_terrain`
🧰️framework/🛍️products/💻️os/🔨️modules/♾️infinite/📦️packages/🦀️rust/../../🖼️canvas/🦀️component.rs:703:15: error[E0432]: unresolved import `self::svg_icon`: could not find `svg_icon` in `self`
🧰️framework/🛍️products/💻️os/🔨️modules/♾️infinite/📦️packages/🦀️rust/../../🖼️canvas/🦀️component.rs:704:9: error[E0432]: unresolved import `self::usvg`
🧰️framework/🛍️products/💻️os/🔨️modules/♾️infinite/📦️packages/🦀️rust/../../🖼️canvas/🦀️component.rs:705:16: error[E0432]: unresolved imports `self::Affine`, `self::Color`, `self::Point`, `self::Scene`, `self::Vec2`: no `Affine` in `canvas::text`, no `Color` in `canvas::text`, no `Point` in `canvas::text`, no `Scene` in `canvas::text`, no `Vec2` in `canvas::text`
🧰️framework/🛍️products/💻️os/🔨️modules/♾️infinite/📦️packages/🦀️rust/../../🖼️canvas/🦀️component.rs:933:16: error[E0432]: unresolved imports `self::Affine`, `self::Point`: no `Affine` in `canvas::camera`, no `Point` in `canvas::camera`
🧰️framework/🛍️products/💻️os/🔨️modules/♾️infinite/📦️packages/🦀️rust/../../🖼️canvas/🦀️component.rs:1062:16: error[E0432]: unresolved imports `self::Affine`, `self::RasterImage`, `self::Scene`: no `Affine` in `canvas::raster`, no `RasterImage` in `canvas::raster`, no `Scene` in `canvas::raster`
🧰️framework/🛍️products/💻️os/🔨️modules/♾️infinite/📦️packages/🦀️rust/././../../🎲️board/🔌️ports/🦀️component.rs:3:16: error[E0433]: cannot find `infinite` in `crate`: could not find `infinite` in the crate root
🧰️framework/🛍️products/💻️os/🔨️modules/♾️infinite/📦️packages/🦀️rust/././../../🎲️board/🔌️ports/➡️directed/🦀️component.rs:9:20: error[E0433]: cannot find `infinite` in `crate`: could not find `infinite` in the crate root
🧰️framework/🛍️products/💻️os/🔨️modules/♾️infinite/📦️packages/🦀️rust/././../../🎲️board/🔌️ports/➡️directed/🦀️component.rs:10:20: error[E0433]: cannot find `infinite` in `crate`: could not find `infinite` in the crate root
🧰️framework/🛍️products/💻️os/🔨️modules/♾️infinite/📦️packages/🦀️rust/././../../🎲️board/🔌️ports/➡️directed/🦀️component.rs:139:15: error[E0433]: cannot find `canvas` in `self`: could not find `canvas` in `self`
🧰️framework/🛍️products/💻️os/🔨️modules/♾️infinite/📦️packages/🦀️rust/./../../🎲️board/🦀️component.rs:3:16: error[E0432]: unresolved import `crate::infinite`: could not find `infinite` in the crate root
🧰️framework/🛍️products/💻️os/🔨️modules/♾️infinite/📦️packages/🦀️rust/././../../🎲️board/🔌️ports/➡️directed/🦀️component.rs:140:15: error[E0432]: unresolved import `self::canvas`: could not find `canvas` in `self`
🧰️framework/🛍️products/💻️os/🔨️modules/♾️infinite/📦️packages/🦀️rust/././../../🎲️board/🔌️ports/➡️directed/🦀️component.rs:141:15: error[E0432]: unresolved import `self::canvas`: could not find `canvas` in `self`
🧰️framework/🛍️products/💻️os/🔨️modules/♾️infinite/📦️packages/🦀️rust/././../../🎲️board/🔌️ports/➡️directed/🦀️component.rs:142:9: error[E0432]: unresolved import `self::NodeKindHandleTemplate`
🧰️framework/🛍️products/💻️os/🔨️modules/♾️infinite/📦️packages/🦀️rust/././../../🎲️board/🔌️ports/➡️directed/🦀️component.rs:707:16: error[E0433]: cannot find `infinite` in `crate`: could not find `infinite` in the crate root
🧰️framework/🛍️products/💻️os/🔨️modules/♾️infinite/📦️packages/🦀️rust/././../../🎲️board/🔌️ports/➡️directed/🦀️component.rs:712:16: error[E0433]: cannot find `infinite` in `crate`: could not find `infinite` in the crate root
🧰️framework/🛍️products/💻️os/🔨️modules/♾️infinite/📦️packages/🦀️rust/././../../🎲️board/🔌️ports/➡️directed/🦀️component.rs:541:15: error[E0432]: unresolved import `self::canvas`: could not find `canvas` in `self`
🧰️framework/🛍️products/💻️os/🔨️modules/♾️infinite/📦️packages/🦀️rust/././../../🎲️board/🔌️ports/➡️directed/🦀️component.rs:744:20: error[E0433]: cannot find `infinite` in `crate`: could not find `infinite` in the crate root
🧰️framework/🛍️products/💻️os/🔨️modules/♾️infinite/📦️packages/🦀️rust/././../../🎲️board/🔌️ports/➡️directed/🦀️component.rs:713:16: error[E0432]: unresolved import `crate::infinite`: could not find `infinite` in the crate root
🧰️framework/🛍️products/💻️os/🔨️modules/♾️infinite/📦️packages/🦀️rust/././../../🎲️board/🔌️ports/➡️directed/🦀️component.rs:803:9: error[E0432]: unresolved import `self::board_json_visible_or_true`
🧰️framework/🛍️products/💻️os/🔨️modules/♾️infinite/📦️packages/🦀️rust/././../../🎲️board/🔌️ports/➡️directed/🦀️component.rs:804:9: error[E0432]: unresolved import `self::fixture_edge_handle_ids_from_object`
🧰️framework/🛍️products/💻️os/🔨️modules/♾️infinite/📦️packages/🦀️rust/././../../🎲️board/🔌️ports/➡️directed/🦀️component.rs:1358:15: error[E0432]: unresolved import `self::canvas`: could not find `canvas` in `self`
🧰️framework/🛍️products/💻️os/🔨️modules/♾️infinite/📦️packages/🦀️rust/././../../🎲️board/🔌️ports/➡️directed/🦀️component.rs:1363:9: error[E0432]: unresolved import `self::board_json_visible_or_true`
🧰️framework/🛍️products/💻️os/🔨️modules/♾️infinite/📦️packages/🦀️rust/././../../🎲️board/🔌️ports/➡️directed/🦀️component.rs:1364:9: error[E0432]: unresolved import `self::fixture_edge_handle_ids_from_object`
🧰️framework/🛍️products/💻️os/🔨️modules/♾️infinite/📦️packages/🦀️rust/././../../🎲️board/🔌️ports/➡️directed/🦀️component.rs:1365:15: error[E0432]: unresolved import `self::force_graph`: could not find `force_graph` in `self`
🧰️framework/🛍️products/💻️os/🔨️modules/♾️infinite/📦️packages/🦀️rust/././../../🎲️board/🔌️ports/➡️directed/🦀️component.rs:1366:15: error[E0432]: unresolved import `self::hierarchical_tree`: could not find `hierarchical_tree` in `self`
🧰️framework/🛍️products/💻️os/🔨️modules/♾️infinite/📦️packages/🦀️rust/././../../🎲️board/🔌️ports/➡️directed/➕️normal/🦀️component.rs:10:16: error[E0433]: cannot find `infinite` in `crate`: could not find `infinite` in the crate root
🧰️framework/🛍️products/💻️os/🔨️modules/♾️infinite/📦️packages/🦀️rust/././../../🎲️board/🔌️ports/➡️directed/🦀️component.rs:1367:16: error[E0432]: unresolved imports `self::circle_handle_angle_toward`, `self::distance_between`, `self::rectangle_handle_angle_toward`: no `circle_handle_angle_toward` in `board::ports::directed::redraw_layout`, no `distance_between` in `board::ports::directed::redraw_layout`, no `rectangle_handle_angle_toward` in `board::ports::directed::redraw_layout`
🧰️framework/🛍️products/💻️os/🔨️modules/♾️infinite/📦️packages/🦀️rust/././../../🎲️board/🔌️ports/➡️directed/➕️normal/🦀️component.rs:22:16: error[E0433]: cannot find `infinite` in `crate`: could not find `infinite` in the crate root
🧰️framework/🛍️products/💻️os/🔨️modules/♾️infinite/📦️packages/🦀️rust/././../../🎲️board/🔌️ports/➡️directed/➕️normal/🦀️component.rs:23:16: error[E0433]: cannot find `infinite` in `crate`: could not find `infinite` in the crate root
🧰️framework/🛍️products/💻️os/🔨️modules/♾️infinite/📦️packages/🦀️rust/././../../🎲️board/🔌️ports/➡️directed/➕️normal/🦀️component.rs:32:20: error[E0433]: cannot find `infinite` in `crate`: could not find `infinite` in the crate root
🧰️framework/🛍️products/💻️os/🔨️modules/♾️infinite/📦️packages/🦀️rust/././../../🎲️board/🔌️ports/➡️directed/➕️normal/🦀️component.rs:34:16: error[E0433]: cannot find `infinite` in `crate`: could not find `infinite` in the crate root
🧰️framework/🛍️products/💻️os/🔨️modules/♾️infinite/📦️packages/🦀️rust/././../../🎲️board/🔌️ports/➡️directed/➕️normal/🦀️component.rs:1323:24: error[E0433]: cannot find `infinite` in `crate`: could not find `infinite` in the crate root
🧰️framework/🛍️products/💻️os/🔨️modules/♾️infinite/📦️packages/🦀️rust/././../../🎲️board/🔌️ports/➡️directed/➕️normal/🦀️component.rs:1376:24: error[E0433]: cannot find `infinite` in `crate`: could not find `infinite` in the crate root
🧰️framework/🛍️products/💻️os/🔨️modules/♾️infinite/📦️packages/🦀️rust/././../../🎲️board/🔌️ports/➡️directed/➕️normal/🦀️component.rs:5696:16: error[E0433]: cannot find `infinite` in `crate`: could not find `infinite` in the crate root
🧰️framework/🛍️products/💻️os/🔨️modules/♾️infinite/📦️packages/🦀️rust/././../../🎲️board/🔌️ports/➡️directed/➕️normal/🦀️component.rs:5700:16: error[E0433]: cannot find `infinite` in `crate`: could not find `infinite` in the crate root
🧰️framework/🛍️products/💻️os/🔨️modules/♾️infinite/📦️packages/🦀️rust/././../../🎲️board/🔌️ports/➡️directed/➕️normal/🦀️component.rs:16:9: error[E0432]: unresolved imports `self::board_json_locked_option`, `self::board_json_visible_option`, `self::builtin_edge_tips`, `self::circle_handle_angle_toward`, `self::compute_edge_bezier_points`, `self::distance_between`, `self::distance_point_to_cubic_bezier`, `self::fixture_edge_handle_ids_from_object`, `self::handle_exterior_cap_fill_path`, `self::handle_exterior_cap_stroke_path`, `self::handle_outward_at_node_rim`, `self::handle_position_on_circle`, `self::handle_position_on_rectangle`, `self::merge_ids_into_selection`, `self::merge_pick_into_selection`, `self::normalize_or_zero`, `self::normalize_selection_mode`, `self::pick_merge_mode_for_modifiers`, `self::property_bag_from_json`, `self::rectangle_handle_angle_toward`, `self::selection_drag_enclosing`, `self::selection_drag_shape`, `self::ActiveUtility`, `self::BoardElementStyleKind`, `self::CachedIconBody`, `self::CanvasPalette`, `self::CompatSpecificity`, `self::EdgeData`, `self::EdgeDescJson`, `self::EdgeKindDef`, `self::EdgeStrokePattern`, `self::EdgeTipDef`, `self::EdgeTipGeometry`, `self::FixtureJson`, `self::GraphPortMode`, `self::HandleData`, `self::HandleDescJson`, `self::HandleKindDef`, `self::IconPaintCache`, `self::Interaction`, `self::LinkCompatRule`, `self::NodeData`, `self::NodeDescJson`, `self::NodeKindDef`, `self::NodeKindHandleTemplate`, `self::NodeShape`, `self::SceneDescriptorJson`, `self::SelectionOptions`, `self::WireData`, `self::WireKindDef`: no `board_json_locked_option` in `board::ports::directed_normal::board_host`, no `board_json_visible_option` in `board::ports::directed_normal::board_host`, no `builtin_edge_tips` in `board::ports::directed_normal::board_host`, no `circle_handle_angle_toward` in `board::ports::directed_normal::board_host`, no `compute_edge_bezier_points` in `board::ports::directed_normal::board_host`, no `distance_between` in `board::ports::directed_normal::board_host`, no `distance_point_to_cubic_bezier` in `board::ports::directed_normal::board_host`, no `fixture_edge_handle_ids_from_object` in `board::ports::directed_normal::board_host`, no `handle_exterior_cap_fill_path` in `board::ports::directed_normal::board_host`, no `handle_exterior_cap_stroke_path` in `board::ports::directed_normal::board_host`
🧰️framework/🛍️products/💻️os/🔨️modules/♾️infinite/📦️packages/🦀️rust/././../../🎲️board/🔌️ports/➡️directed/➕️normal/🦀️component.rs:5701:16: error[E0432]: unresolved import `crate::infinite`: could not find `infinite` in the crate root
🧰️framework/🛍️products/💻️os/🔨️modules/♾️infinite/📦️packages/🦀️rust/././../../🎲️board/🔌️ports/➡️directed/🕸️dag/🦀️component.rs:14:16: error[E0433]: cannot find `infinite` in `crate`: could not find `infinite` in the crate root
🧰️framework/🛍️products/💻️os/🔨️modules/♾️infinite/📦️packages/🦀️rust/././../../🎲️board/🔌️ports/➡️directed/🕸️dag/🦀️component.rs:6:12: error[E0432]: unresolved import `crate::os_dsl`: unresolved import
🧰️framework/🛍️products/💻️os/🔨️modules/♾️infinite/📦️packages/🦀️rust/././../../🎲️board/🔌️ports/➡️directed/🕸️dag/🦀️component.rs:18:16: error[E0432]: unresolved import `crate::infinite`: could not find `infinite` in the crate root
🧰️framework/🛍️products/💻️os/🔨️modules/♾️infinite/📦️packages/🦀️rust/././../../🎲️board/🔌️ports/➡️directed/🕸️dag/🦀️component.rs:7264:12: error[E0432]: unresolved import `crate::os_spr`: unresolved import
🧰️framework/🛍️products/💻️os/🔨️modules/♾️infinite/📦️packages/🦀️rust/././../../🎲️board/🔌️ports/↔undirected/🦀️component.rs:3:16: error[E0433]: cannot find `infinite` in `crate`: could not find `infinite` in the crate root
🧰️framework/🛍️products/💻️os/🔨️modules/♾️infinite/📦️packages/🦀️rust/././../../🎲️board/➕️normal/➡️directed/🦀️component.rs:3:16: error[E0433]: cannot find `infinite` in `crate`: could not find `infinite` in the crate root
🧰️framework/🛍️products/💻️os/🔨️modules/♾️infinite/📦️packages/🦀️rust/././../../🎲️board/➕️normal/↔undirected/🦀️component.rs:13:16: error[E0433]: cannot find `infinite` in `crate`: could not find `infinite` in the crate root
🧰️framework/🛍️products/💻️os/🔨️modules/♾️infinite/📦️packages/🦀️rust/././../../🎲️board/➕️normal/↔undirected/🦀️component.rs:368:16: error[E0433]: cannot find `infinite` in `crate`: could not find `infinite` in the crate root
🧰️framework/🛍️products/💻️os/🔨️modules/♾️infinite/📦️packages/🦀️rust/././../../🎲️board/🔌️ports/➡️directed/🕸️dag/🦀️component.rs:7271:12: error[E0432]: unresolved import `crate::os_store`: unresolved import
🧰️framework/🛍️products/💻️os/🔨️modules/♾️infinite/📦️packages/🦀️rust/././../../🎲️board/🔌️ports/🦀️component.rs:40:5: error[E0432]: unresolved import `canvas`
🧰️framework/🛍️products/💻️os/🔨️modules/♾️infinite/📦️packages/🦀️rust/././../../🎲️board/🔌️ports/➡️directed/🕸️dag/🦀️component.rs:233:85: error[E0433]: cannot find `os_dsl` in `crate`: unresolved import
🧰️framework/🛍️products/💻️os/🔨️modules/♾️infinite/📦️packages/🦀️rust/././../../🎲️board/🔌️ports/➡️directed/🕸️dag/🦀️component.rs:242:85: error[E0433]: cannot find `os_dsl` in `crate`: unresolved import
🧰️framework/🛍️products/💻️os/🔨️modules/♾️infinite/📦️packages/🦀️rust/././../../🎲️board/🔌️ports/➡️directed/🕸️dag/🦀️component.rs:251:66: error[E0433]: cannot find `os_dsl` in `crate`: unresolved import
🧰️framework/🛍️products/💻️os/🔨️modules/♾️infinite/📦️packages/🦀️rust/././../../🎲️board/🔌️ports/➡️directed/🕸️dag/🦀️component.rs:348:66: error[E0433]: cannot find `os_dsl` in `crate`: unresolved import
🧰️framework/🛍️products/💻️os/🔨️modules/♾️infinite/📦️packages/🦀️rust/././../../🎲️board/🔌️ports/➡️directed/🕸️dag/🦀️component.rs:356:76: error[E0433]: cannot find `os_dsl` in `crate`: unresolved import
🧰️framework/🛍️products/💻️os/🔨️modules/♾️infinite/📦️packages/🦀️rust/././../../🎲️board/🔌️ports/➡️directed/🕸️dag/🦀️component.rs:375:75: error[E0433]: cannot find `os_dsl` in `crate`: unresolved import
🧰️framework/🛍️products/💻️os/🔨️modules/♾️infinite/📦️packages/🦀️rust/././../../🎲️board/🔌️ports/➡️directed/🕸️dag/🦀️component.rs:1884:75: error[E0433]: cannot find `os_dsl` in `crate`: unresolved import
🧰️framework/🛍️products/💻️os/🔨️modules/♾️infinite/📦️packages/🦀️rust/././../../🎲️board/🔌️ports/➡️directed/🕸️dag/🦀️component.rs:7376:75: error[E0433]: cannot find `os_dsl` in `crate`: unresolved import
🧰️framework/🛍️products/💻️os/🔨️modules/♾️infinite/📦️packages/🦀️rust/././../../🎲️board/🔌️ports/➡️directed/🕸️dag/🦀️component.rs:7547:42: error[E0433]: cannot find `os_dsl` in `crate`: unresolved import
🧰️framework/🛍️products/💻️os/🔨️modules/♾️infinite/📦️packages/🦀️rust/././../../🎲️board/🔌️ports/➡️directed/🕸️dag/🦀️component.rs:7650:42: error[E0433]: cannot find `os_dsl` in `crate`: unresolved import
🧰️framework/🛍️products/💻️os/🔨️modules/♾️infinite/📦️packages/🦀️rust/././../../🎲️board/🔌️ports/➡️directed/🕸️dag/🦀️component.rs:7700:51: error[E0433]: cannot find `os_dsl` in `crate`: unresolved import
🧰️framework/🛍️products/💻️os/🔨️modules/♾️infinite/📦️packages/🦀️rust/././../../🎲️board/🔌️ports/➡️directed/🕸️dag/🦀️component.rs:7721:42: error[E0433]: cannot find `os_dsl` in `crate`: unresolved import
🧰️framework/🛍️products/💻️os/🔨️modules/♾️infinite/📦️packages/🦀️rust/././../../🎲️board/🔌️ports/➡️directed/🕸️dag/🦀️component.rs:7773:42: error[E0433]: cannot find `os_dsl` in `crate`: unresolved import
🧰️framework/🛍️products/💻️os/🔨️modules/♾️infinite/📦️packages/🦀️rust/././../../🎲️board/🔌️ports/➡️directed/🕸️dag/🦀️component.rs:263:7: error: cannot find attribute `dsl` in this scope
🧰️framework/🛍️products/💻️os/🔨️modules/♾️infinite/📦️packages/🦀️rust/././../../🎲️board/🔌️ports/➡️directed/🕸️dag/🦀️component.rs:7550:11: error: cannot find attribute `dsl` in this scope
🧰️framework/🛍️products/💻️os/🔨️modules/♾️infinite/📦️packages/🦀️rust/././../../🎲️board/🔌️ports/➡️directed/🕸️dag/🦀️component.rs:7552:11: error: cannot find attribute `dsl` in this scope
🧰️framework/🛍️products/💻️os/🔨️modules/♾️infinite/📦️packages/🦀️rust/././../../🎲️board/🔌️ports/➡️directed/🕸️dag/🦀️component.rs:7582:11: error: cannot find attribute `dsl` in this scope
🧰️framework/🛍️products/💻️os/🔨️modules/♾️infinite/📦️packages/🦀️rust/././../../🎲️board/🔌️ports/➡️directed/🕸️dag/🦀️component.rs:7597:11: error: cannot find attribute `dsl` in this scope
🧰️framework/🛍️products/💻️os/🔨️modules/♾️infinite/📦️packages/🦀️rust/././../../🎲️board/🔌️ports/➡️directed/🕸️dag/🦀️component.rs:7599:11: error: cannot find attribute `dsl` in this scope
🧰️framework/🛍️products/💻️os/🔨️modules/♾️infinite/📦️packages/🦀️rust/././../../🎲️board/🔌️ports/➡️directed/🕸️dag/🦀️component.rs:7607:11: error: cannot find attribute `dsl` in this scope
🧰️framework/🛍️products/💻️os/🔨️modules/♾️infinite/📦️packages/🦀️rust/././../../🎲️board/🔌️ports/➡️directed/🕸️dag/🦀️component.rs:7609:11: error: cannot find attribute `dsl` in this scope
🧰️framework/🛍️products/💻️os/🔨️modules/♾️infinite/📦️packages/🦀️rust/././../../🎲️board/🔌️ports/➡️directed/🕸️dag/🦀️component.rs:7662:7: error: cannot find attribute `dsl` in this scope
🧰️framework/🛍️products/💻️os/🔨️modules/♾️infinite/📦️packages/🦀️rust/././../../🎲️board/🔌️ports/➡️directed/🕸️dag/🦀️component.rs:7707:7: error: cannot find attribute `dsl` in this scope
🧰️framework/🛍️products/💻️os/🔨️modules/♾️infinite/📦️packages/🦀️rust/././../../🎲️board/🔌️ports/➡️directed/🕸️dag/🦀️component.rs:7722:3: error: cannot find attribute `dsl` in this scope
🧰️framework/🛍️products/💻️os/🔨️modules/♾️infinite/📦️packages/🦀️rust/././../../🎲️board/🔌️ports/➡️directed/🕸️dag/🦀️component.rs:7723:3: error: cannot find attribute `dsl` in this scope
🧰️framework/🛍️products/💻️os/🔨️modules/♾️infinite/📦️packages/🦀️rust/././../../🎲️board/🔌️ports/➡️directed/🕸️dag/🦀️component.rs:7727:7: error: cannot find attribute `dsl` in this scope
🧰️framework/🛍️products/💻️os/🔨️modules/♾️infinite/📦️packages/🦀️rust/././../../🎲️board/🔌️ports/➡️directed/🕸️dag/🦀️component.rs:7784:11: error: cannot find attribute `dsl` in this scope
🧰️framework/🛍️products/💻️os/🔨️modules/♾️infinite/📦️packages/🦀️rust/././../../🎲️board/🔌️ports/➡️directed/🕸️dag/🦀️component.rs:7800:11: error: cannot find attribute `dsl` in this scope
🧰️framework/🛍️products/💻️os/🔨️modules/♾️infinite/📦️packages/🦀️rust/././../../🎲️board/🔌️ports/➡️directed/🕸️dag/🦀️component.rs:7811:11: error: cannot find attribute `dsl` in this scope
🧰️framework/🛍️products/💻️os/🔨️modules/♾️infinite/📦️packages/🦀️rust/../../🖼️canvas/🦀️component.rs:1516:39: error[E0433]: cannot find `ShortcodeResolved` in `icon_shortcodes`: could not find `ShortcodeResolved` in `icon_shortcodes`
🧰️framework/🛍️products/💻️os/🔨️modules/♾️infinite/📦️packages/🦀️rust/../../🖼️canvas/🦀️component.rs:1517:39: error[E0433]: cannot find `ShortcodeResolved` in `icon_shortcodes`: could not find `ShortcodeResolved` in `icon_shortcodes`
🧰️framework/🛍️products/💻️os/🔨️modules/♾️infinite/📦️packages/🦀️rust/../../🖼️canvas/🦀️component.rs:1518:39: error[E0433]: cannot find `ShortcodeResolved` in `icon_shortcodes`: could not find `ShortcodeResolved` in `icon_shortcodes`
🧰️framework/🛍️products/💻️os/🔨️modules/♾️infinite/📦️packages/🦀️rust/../../🖼️canvas/🦀️component.rs:1533:39: error[E0433]: cannot find `ShortcodeResolved` in `icon_shortcodes`: could not find `ShortcodeResolved` in `icon_shortcodes`
🧰️framework/🛍️products/💻️os/🔨️modules/♾️infinite/📦️packages/🦀️rust/../../🖼️canvas/🦀️component.rs:1534:39: error[E0433]: cannot find `ShortcodeResolved` in `icon_shortcodes`: could not find `ShortcodeResolved` in `icon_shortcodes`
🧰️framework/🛍️products/💻️os/🔨️modules/♾️infinite/📦️packages/🦀️rust/../../🖼️canvas/🦀️component.rs:1538:39: error[E0433]: cannot find `ShortcodeResolved` in `icon_shortcodes`: could not find `ShortcodeResolved` in `icon_shortcodes`
🧰️framework/🛍️products/💻️os/🔨️modules/♾️infinite/📦️packages/🦀️rust/././../../🎲️board/🔌️ports/➡️directed/🕸️dag/🦀️component.rs:1933:121: error[E0433]: `crate` in paths can only be used in start position: can only be used in path start position
🧰️framework/🛍️products/💻️os/🔨️modules/♾️infinite/📦️packages/🦀️rust/../../🦀️component.rs:2793:56: error[E0425]: cannot find function `project_point` in crate `semio_s_3d`: not found in `semio_s_3d`
🧰️framework/🛍️products/💻️os/🔨️modules/♾️infinite/📦️packages/🦀️rust/../../🦀️component.rs:2825:77: error[E0425]: cannot find function `project_point` in crate `semio_s_3d`: not found in `semio_s_3d`
🧰️framework/🛍️products/💻️os/🔨️modules/♾️infinite/📦️packages/🦀️rust/../../🦀️component.rs:2825:134: error[E0425]: cannot find function `project_point` in crate `semio_s_3d`: not found in `semio_s_3d`
🧰️framework/🛍️products/💻️os/🔨️modules/♾️infinite/📦️packages/🦀️rust/../../🦀️component.rs:2828:55: error[E0425]: cannot find function `screen_segment_distance` in crate `semio_s_3d`: not found in `semio_s_3d`
🧰️framework/🛍️products/💻️os/🔨️modules/♾️infinite/📦️packages/🦀️rust/../../🦀️component.rs:2832:52: error[E0425]: cannot find function `ray_segment_distance` in crate `semio_s_3d`: not found in `semio_s_3d`
🧰️framework/🛍️products/💻️os/🔨️modules/♾️infinite/📦️packages/🦀️rust/../../🌍️world/🦀️component.rs:2793:56: error[E0425]: cannot find function `project_point` in crate `semio_s_3d`: not found in `semio_s_3d`
🧰️framework/🛍️products/💻️os/🔨️modules/♾️infinite/📦️packages/🦀️rust/../../🌍️world/🦀️component.rs:2825:77: error[E0425]: cannot find function `project_point` in crate `semio_s_3d`: not found in `semio_s_3d`
🧰️framework/🛍️products/💻️os/🔨️modules/♾️infinite/📦️packages/🦀️rust/../../🌍️world/🦀️component.rs:2825:134: error[E0425]: cannot find function `project_point` in crate `semio_s_3d`: not found in `semio_s_3d`
🧰️framework/🛍️products/💻️os/🔨️modules/♾️infinite/📦️packages/🦀️rust/../../🌍️world/🦀️component.rs:2828:55: error[E0425]: cannot find function `screen_segment_distance` in crate `semio_s_3d`: not found in `semio_s_3d`
🧰️framework/🛍️products/💻️os/🔨️modules/♾️infinite/📦️packages/🦀️rust/../../🌍️world/🦀️component.rs:2832:52: error[E0425]: cannot find function `ray_segment_distance` in crate `semio_s_3d`: not found in `semio_s_3d`
🧰️framework/🛍️products/💻️os/🔨️modules/♾️infinite/📦️packages/🦀️rust/../../🖼️canvas/🦀️component.rs:658:106: error[E0425]: cannot find type `CanvasError` in module `self`: not found in `self`
🧰️framework/🛍️products/💻️os/🔨️modules/♾️infinite/📦️packages/🦀️rust/../../🖼️canvas/🦀️component.rs:659:86: error[E0433]: cannot find `CanvasError` in `self`: could not find `CanvasError` in `self`
🧰️framework/🛍️products/💻️os/🔨️modules/♾️infinite/📦️packages/🦀️rust/../../🖼️canvas/🦀️component.rs:665:77: error[E0425]: cannot find type `CanvasError` in module `self`: not found in `self`
🧰️framework/🛍️products/💻️os/🔨️modules/♾️infinite/📦️packages/🦀️rust/../../🖼️canvas/🦀️component.rs:666:49: error[E0433]: cannot find `theme` in `self`: could not find `theme` in `self`
🧰️framework/🛍️products/💻️os/🔨️modules/♾️infinite/📦️packages/🦀️rust/../../🖼️canvas/🦀️component.rs:666:81: error[E0433]: cannot find `theme` in `self`: could not find `theme` in `self`
🧰️framework/🛍️products/💻️os/🔨️modules/♾️infinite/📦️packages/🦀️rust/../../🖼️canvas/🦀️component.rs:670:94: error[E0425]: cannot find type `CanvasError` in module `self`: not found in `self`
🧰️framework/🛍️products/💻️os/🔨️modules/♾️infinite/📦️packages/🦀️rust/../../🖼️canvas/🦀️component.rs:671:86: error[E0433]: cannot find `CanvasError` in `self`: could not find `CanvasError` in `self`
🧰️framework/🛍️products/💻️os/🔨️modules/♾️infinite/📦️packages/🦀️rust/../../🖼️canvas/🦀️component.rs:789:37: error[E0433]: cannot find `svg_icon` in `self`: could not find `svg_icon` in `self`
🧰️framework/🛍️products/💻️os/🔨️modules/♾️infinite/📦️packages/🦀️rust/../../🖼️canvas/🦀️component.rs:824:37: error[E0433]: cannot find `svg_icon` in `self`: could not find `svg_icon` in `self`
🧰️framework/🛍️products/💻️os/🔨️modules/♾️infinite/📦️packages/🦀️rust/../../🖼️canvas/🦀️component.rs:871:38: error[E0433]: cannot find `svg_icon` in `self`: could not find `svg_icon` in `self`
🧰️framework/🛍️products/💻️os/🔨️modules/♾️infinite/📦️packages/🦀️rust/../../🖼️canvas/🦀️component.rs:918:38: error[E0433]: cannot find `svg_icon` in `self`: could not find `svg_icon` in `self`
🧰️framework/🛍️products/💻️os/🔨️modules/♾️infinite/📦️packages/🦀️rust/../../🖼️canvas/🦀️component.rs:1515:64: error[E0425]: cannot find function `icon_shortcode_resolve` in module `icon_shortcodes`: not found in `icon_shortcodes`
🧰️framework/🛍️products/💻️os/🔨️modules/♾️infinite/📦️packages/🦀️rust/../../🖼️canvas/🦀️component.rs:1532:61: error[E0425]: cannot find function `icon_shortcode_resolve` in module `icon_shortcodes`: not found in `icon_shortcodes`
🧰️framework/🛍️products/💻️os/🔨️modules/♾️infinite/📦️packages/🦀️rust/../../🖼️canvas/🦀️component.rs:1537:60: error[E0425]: cannot find function `icon_shortcode_resolve` in module `icon_shortcodes`: not found in `icon_shortcodes`
🧰️framework/🛍️products/💻️os/🔨️modules/♾️infinite/📦️packages/🦀️rust/././../../🎲️board/🔌️ports/🦀️component.rs:73:21: error[E0425]: cannot find type `PropertyBag` in this scope: not found in this scope
🧰️framework/🛍️products/💻️os/🔨️modules/♾️infinite/📦️packages/🦀️rust/././../../🎲️board/🔌️ports/➡️directed/🦀️component.rs:191:31: error[E0425]: cannot find type `PropertyBag` in module `self`: not found in `self`
🧰️framework/🛍️products/💻️os/🔨️modules/♾️infinite/📦️packages/🦀️rust/././../../🎲️board/🔌️ports/➡️directed/🦀️component.rs:325:31: error[E0425]: cannot find type `PropertyBag` in module `self`: not found in `self`
🧰️framework/🛍️products/💻️os/🔨️modules/♾️infinite/📦️packages/🦀️rust/././../../🎲️board/🔌️ports/➡️directed/🦀️component.rs:340:31: error[E0425]: cannot find type `PropertyBag` in module `self`: not found in `self`
🧰️framework/🛍️products/💻️os/🔨️modules/♾️infinite/📦️packages/🦀️rust/././../../🎲️board/🔌️ports/➡️directed/🦀️component.rs:479:20: error[E0433]: cannot find `infinite` in `crate`: could not find `infinite` in the crate root
🧰️framework/🛍️products/💻️os/🔨️modules/♾️infinite/📦️packages/🦀️rust/././../../🎲️board/🔌️ports/➡️directed/🦀️component.rs:561:40: error[E0433]: cannot find `infinite` in `crate`: could not find `infinite` in the crate root
🧰️framework/🛍️products/💻️os/🔨️modules/♾️infinite/📦️packages/🦀️rust/././../../🎲️board/🔌️ports/➡️directed/🦀️component.rs:602:35: error[E0433]: cannot find `infinite` in `crate`: could not find `infinite` in the crate root
🧰️framework/🛍️products/💻️os/🔨️modules/♾️infinite/📦️packages/🦀️rust/././../../🎲️board/🔌️ports/➡️directed/🦀️component.rs:604:24: error[E0433]: cannot find `infinite` in `crate`: could not find `infinite` in the crate root
🧰️framework/🛍️products/💻️os/🔨️modules/♾️infinite/📦️packages/🦀️rust/././../../🎲️board/🔌️ports/➡️directed/🦀️component.rs:605:24: error[E0433]: cannot find `infinite` in `crate`: could not find `infinite` in the crate root
🧰️framework/🛍️products/💻️os/🔨️modules/♾️infinite/📦️packages/🦀️rust/././../../🎲️board/🔌️ports/➡️directed/🦀️component.rs:605:95: error[E0433]: cannot find `infinite` in `crate`: could not find `infinite` in the crate root
🧰️framework/🛍️products/💻️os/🔨️modules/♾️infinite/📦️packages/🦀️rust/././../../🎲️board/🔌️ports/➡️directed/🦀️component.rs:606:24: error[E0433]: cannot find `infinite` in `crate`: could not find `infinite` in the crate root
🧰️framework/🛍️products/💻️os/🔨️modules/♾️infinite/📦️packages/🦀️rust/././../../🎲️board/🔌️ports/➡️directed/🦀️component.rs:615:24: error[E0433]: cannot find `infinite` in `crate`: could not find `infinite` in the crate root
🧰️framework/🛍️products/💻️os/🔨️modules/♾️infinite/📦️packages/🦀️rust/././../../🎲️board/🔌️ports/➡️directed/🦀️component.rs:616:24: error[E0433]: cannot find `infinite` in `crate`: could not find `infinite` in the crate root
🧰️framework/🛍️products/💻️os/🔨️modules/♾️infinite/📦️packages/🦀️rust/././../../🎲️board/🔌️ports/➡️directed/🦀️component.rs:630:24: error[E0433]: cannot find `infinite` in `crate`: could not find `infinite` in the crate root
🧰️framework/🛍️products/💻️os/🔨️modules/♾️infinite/📦️packages/🦀️rust/././../../🎲️board/🔌️ports/➡️directed/🦀️component.rs:644:24: error[E0433]: cannot find `infinite` in `crate`: could not find `infinite` in the crate root
🧰️framework/🛍️products/💻️os/🔨️modules/♾️infinite/📦️packages/🦀️rust/././../../🎲️board/🔌️ports/➡️directed/🦀️component.rs:718:36: error[E0425]: cannot find type `GraphEngine` in this scope: not found in this scope
🧰️framework/🛍️products/💻️os/🔨️modules/♾️infinite/📦️packages/🦀️rust/././../../🎲️board/🔌️ports/➡️directed/🦀️component.rs:718:48: error[E0425]: cannot find type `Ported` in this scope: not found in this scope
🧰️framework/🛍️products/💻️os/🔨️modules/♾️infinite/📦️packages/🦀️rust/././../../🎲️board/🔌️ports/➡️directed/🦀️component.rs:718:56: error[E0425]: cannot find type `Directed` in this scope: not found in this scope
🧰️framework/🛍️products/💻️os/🔨️modules/♾️infinite/📦️packages/🦀️rust/././../../🎲️board/🔌️ports/➡️directed/🦀️component.rs:726:13: error[E0425]: cannot find type `EdgeId` in this scope: not found in this scope
🧰️framework/🛍️products/💻️os/🔨️modules/♾️infinite/📦️packages/🦀️rust/././../../🎲️board/🔌️ports/➡️directed/🦀️component.rs:727:24: error[E0425]: cannot find type `HandleId` in this scope: not found in this scope
🧰️framework/🛍️products/💻️os/🔨️modules/♾️infinite/📦️packages/🦀️rust/././../../🎲️board/🔌️ports/➡️directed/🦀️component.rs:728:24: error[E0425]: cannot find type `HandleId` in this scope: not found in this scope
🧰️framework/🛍️products/💻️os/🔨️modules/♾️infinite/📦️packages/🦀️rust/././../../🎲️board/🔌️ports/➡️directed/🦀️component.rs:780:16: error[E0433]: cannot find `infinite` in `crate`: could not find `infinite` in the crate root
🧰️framework/🛍️products/💻️os/🔨️modules/♾️infinite/📦️packages/🦀️rust/././../../🎲️board/🔌️ports/➡️directed/🦀️component.rs:1207:40: error[E0425]: cannot find function `resolve_endpoint_node_id` in module `self`: not found in `self`
🧰️framework/🛍️products/💻️os/🔨️modules/♾️infinite/📦️packages/🦀️rust/././../../🎲️board/🔌️ports/➡️directed/🦀️component.rs:1208:40: error[E0425]: cannot find function `resolve_endpoint_node_id` in module `self`: not found in `self`
🧰️framework/🛍️products/💻️os/🔨️modules/♾️infinite/📦️packages/🦀️rust/././../../🎲️board/🔌️ports/➡️directed/➕️normal/🦀️component.rs:468:38: error[E0433]: cannot find `infinite` in `crate`: could not find `infinite` in the crate root
🧰️framework/🛍️products/💻️os/🔨️modules/♾️infinite/📦️packages/🦀️rust/././../../🎲️board/🔌️ports/➡️directed/➕️normal/🦀️component.rs:469:20: error[E0433]: cannot find `infinite` in `crate`: could not find `infinite` in the crate root
🧰️framework/🛍️products/💻️os/🔨️modules/♾️infinite/📦️packages/🦀️rust/././../../🎲️board/🔌️ports/➡️directed/➕️normal/🦀️component.rs:473:20: error[E0433]: cannot find `infinite` in `crate`: could not find `infinite` in the crate root
🧰️framework/🛍️products/💻️os/🔨️modules/♾️infinite/📦️packages/🦀️rust/././../../🎲️board/🔌️ports/➡️directed/➕️normal/🦀️component.rs:643:31: error[E0433]: cannot find `infinite` in `crate`: could not find `infinite` in the crate root
🧰️framework/🛍️products/💻️os/🔨️modules/♾️infinite/📦️packages/🦀️rust/././../../🎲️board/🔌️ports/➡️directed/➕️normal/🦀️component.rs:2905:20: error[E0433]: cannot find `infinite` in `crate`: could not find `infinite` in the crate root
🧰️framework/🛍️products/💻️os/🔨️modules/♾️infinite/📦️packages/🦀️rust/././../../🎲️board/🔌️ports/➡️directed/➕️normal/🦀️component.rs:2909:20: error[E0433]: cannot find `infinite` in `crate`: could not find `infinite` in the crate root
🧰️framework/🛍️products/💻️os/🔨️modules/♾️infinite/📦️packages/🦀️rust/././../../🎲️board/🔌️ports/➡️directed/➕️normal/🦀️component.rs:4186:32: error[E0433]: cannot find `infinite` in `crate`: could not find `infinite` in the crate root
🧰️framework/🛍️products/💻️os/🔨️modules/♾️infinite/📦️packages/🦀️rust/././../../🎲️board/🔌️ports/➡️directed/➕️normal/🦀️component.rs:4706:43: error[E0433]: cannot find `infinite` in `crate`: could not find `infinite` in the crate root
🧰️framework/🛍️products/💻️os/🔨️modules/♾️infinite/📦️packages/🦀️rust/././../../🎲️board/🔌️ports/➡️directed/➕️normal/🦀️component.rs:4809:20: error[E0433]: cannot find `infinite` in `crate`: could not find `infinite` in the crate root
🧰️framework/🛍️products/💻️os/🔨️modules/♾️infinite/📦️packages/🦀️rust/././../../🎲️board/🔌️ports/➡️directed/➕️normal/🦀️component.rs:5107:39: error[E0433]: cannot find `PropertyBag` in `self`: could not find `PropertyBag` in `self`
🧰️framework/🛍️products/💻️os/🔨️modules/♾️infinite/📦️packages/🦀️rust/././../../🎲️board/🔌️ports/➡️directed/➕️normal/🦀️component.rs:5683:17: error[E0433]: cannot find `infinite` in `crate`: could not find `infinite` in the crate root
🧰️framework/🛍️products/💻️os/🔨️modules/♾️infinite/📦️packages/🦀️rust/././../../🎲️board/🔌️ports/➡️directed/🕸️dag/🦀️component.rs:1900:47: error[E0433]: cannot find `os_store` in `crate`: unresolved import
🧰️framework/🛍️products/💻️os/🔨️modules/♾️infinite/📦️packages/🦀️rust/././../../🎲️board/🔌️ports/➡️directed/🕸️dag/🦀️component.rs:1933:78: error[E0433]: `crate` in paths can only be used in start position: can only be used in path start position
🧰️framework/🛍️products/💻️os/🔨️modules/♾️infinite/📦️packages/🦀️rust/././../../🎲️board/🔌️ports/➡️directed/🕸️dag/🦀️component.rs:7739:13: error[E0433]: cannot find `os_store` in `crate`: unresolved import
🧰️framework/🛍️products/💻️os/🔨️modules/♾️infinite/📦️packages/🦀️rust/././../../🎲️board/🔌️ports/➡️directed/🕸️dag/🦀️component.rs:7742:53: error[E0433]: cannot find `os_store` in `crate`: unresolved import
🧰️framework/🛍️products/💻️os/🔨️modules/♾️infinite/📦️packages/🦀️rust/././../../🎲️board/🔌️ports/➡️directed/🕸️dag/🦀️component.rs:7743:60: error[E0433]: cannot find `os_store` in `crate`: unresolved import
🧰️framework/🛍️products/💻️os/🔨️modules/♾️infinite/📦️packages/🦀️rust/././../../🎲️board/🔌️ports/➡️directed/🕸️dag/🦀️component.rs:7747:35: error[E0433]: cannot find `os_store` in `crate`: unresolved import
🧰️framework/🛍️products/💻️os/🔨️modules/♾️infinite/📦️packages/🦀️rust/././../../🎲️board/🔌️ports/➡️directed/🕸️dag/🦀️component.rs:7754:13: error[E0433]: cannot find `os_store` in `crate`: unresolved import
🧰️framework/🛍️products/💻️os/🔨️modules/♾️infinite/📦️packages/🦀️rust/././../../🎲️board/🔌️ports/➡️directed/🕸️dag/🦀️component.rs:7755:49: error[E0433]: cannot find `os_store` in `crate`: unresolved import
🧰️framework/🛍️products/💻️os/🔨️modules/♾️infinite/📦️packages/🦀️rust/././../../🎲️board/🔌️ports/➡️directed/🕸️dag/🦀️component.rs:7755:104: error[E0433]: cannot find `os_store` in `crate`: unresolved import
🧰️framework/🛍️products/💻️os/🔨️modules/♾️infinite/📦️packages/🦀️rust/././../../🎲️board/🔌️ports/➡️directed/🕸️dag/🦀️component.rs:7756:35: error[E0433]: cannot find `os_store` in `crate`: unresolved import
🧰️framework/🛍️products/💻️os/🔨️modules/♾️infinite/📦️packages/🦀️rust/././../../🎲️board/🔌️ports/➡️directed/🕸️dag/🦀️component.rs:7759:56: error[E0433]: cannot find `os_store` in `crate`: unresolved import
🧰️framework/🛍️products/💻️os/🔨️modules/♾️infinite/📦️packages/🦀️rust/././../../🎲️board/🔌️ports/➡️directed/🕸️dag/🦀️component.rs:7759:108: error[E0433]: cannot find `os_store` in `crate`: unresolved import
🧰️framework/🛍️products/💻️os/🔨️modules/♾️infinite/📦️packages/🦀️rust/././../../🎲️board/🔌️ports/➡️directed/🕸️dag/🦀️component.rs:7760:60: error[E0433]: cannot find `os_store` in `crate`: unresolved import
🧰️framework/🛍️products/💻️os/🔨️modules/♾️infinite/📦️packages/🦀️rust/././../../🎲️board/🔌️ports/➡️directed/🕸️dag/🦀️component.rs:7855:52: error[E0433]: cannot find `os_store` in `crate`: unresolved import
🧰️framework/🛍️products/💻️os/🔨️modules/♾️infinite/📦️packages/🦀️rust/././../../🎲️board/🔌️ports/➡️directed/🕸️dag/🦀️component.rs:7866:13: error[E0433]: cannot find `os_spr` in `crate`: unresolved import
🧰️framework/🛍️products/💻️os/🔨️modules/♾️infinite/📦️packages/🦀️rust/././../../🎲️board/🔌️ports/➡️directed/🕸️dag/🦀️component.rs:7867:51: error[E0433]: cannot find `os_spr` in `crate`: unresolved import
🧰️framework/🛍️products/💻️os/🔨️modules/♾️infinite/📦️packages/🦀️rust/././../../🎲️board/🔌️ports/➡️directed/🕸️dag/🦀️component.rs:7871:55: error[E0433]: cannot find `os_spr` in `crate`: unresolved import
🧰️framework/🛍️products/💻️os/🔨️modules/♾️infinite/📦️packages/🦀️rust/././../../🎲️board/🔌️ports/↔undirected/🦀️component.rs:6:38: error[E0425]: cannot find type `GraphEngine` in this scope: not found in this scope
🧰️framework/🛍️products/💻️os/🔨️modules/♾️infinite/📦️packages/🦀️rust/././../../🎲️board/🔌️ports/↔undirected/🦀️component.rs:6:50: error[E0425]: cannot find type `Ported` in this scope: not found in this scope
🧰️framework/🛍️products/💻️os/🔨️modules/♾️infinite/📦️packages/🦀️rust/././../../🎲️board/🔌️ports/↔undirected/🦀️component.rs:6:58: error[E0425]: cannot find type `Undirected` in this scope: not found in this scope
🧰️framework/🛍️products/💻️os/🔨️modules/♾️infinite/📦️packages/🦀️rust/././../../🎲️board/🔌️ports/↔undirected/🦀️component.rs:9:17: error[E0425]: cannot find type `GraphEdge` in this scope: not found in this scope
🧰️framework/🛍️products/💻️os/🔨️modules/♾️infinite/📦️packages/🦀️rust/././../../🎲️board/🔌️ports/↔undirected/🦀️component.rs:9:27: error[E0425]: cannot find type `HandleId` in this scope: not found in this scope
🧰️framework/🛍️products/💻️os/🔨️modules/♾️infinite/📦️packages/🦀️rust/././../../🎲️board/➕️normal/➡️directed/🦀️component.rs:6:32: error[E0425]: cannot find type `GraphEngine` in this scope: not found in this scope
🧰️framework/🛍️products/💻️os/🔨️modules/♾️infinite/📦️packages/🦀️rust/././../../🎲️board/➕️normal/➡️directed/🦀️component.rs:6:44: error[E0425]: cannot find type `Normal` in this scope: not found in this scope
🧰️framework/🛍️products/💻️os/🔨️modules/♾️infinite/📦️packages/🦀️rust/././../../🎲️board/➕️normal/➡️directed/🦀️component.rs:6:52: error[E0425]: cannot find type `Directed` in this scope: not found in this scope
🧰️framework/🛍️products/💻️os/🔨️modules/♾️infinite/📦️packages/🦀️rust/././../../🎲️board/➕️normal/↔undirected/🦀️component.rs:371:34: error[E0425]: cannot find type `GraphEngine` in this scope: not found in this scope
🧰️framework/🛍️products/💻️os/🔨️modules/♾️infinite/📦️packages/🦀️rust/././../../🎲️board/➕️normal/↔undirected/🦀️component.rs:371:46: error[E0425]: cannot find type `Normal` in this scope: not found in this scope
🧰️framework/🛍️products/💻️os/🔨️modules/♾️infinite/📦️packages/🦀️rust/././../../🎲️board/➕️normal/↔undirected/🦀️component.rs:371:54: error[E0425]: cannot find type `Undirected` in this scope: not found in this scope
🧰️framework/🛍️products/💻️os/🔨️modules/♾️infinite/📦️packages/🦀️rust/📦️glue.rs:3:1: warning: unused extern crate: unused
🧰️framework/🛍️products/💻️os/🔨️modules/♾️infinite/📦️packages/🦀️rust/📦️glue.rs:4:1: warning: unused extern crate: unused
🧰️framework/🛍️products/💻️os/🔨️modules/♾️infinite/📦️packages/🦀️rust/📦️glue.rs:5:1: warning: unused extern crate: unused
🧰️framework/🛍️products/💻️os/🔨️modules/♾️infinite/📦️packages/🦀️rust/../../🦀️component.rs:1870:24: warning: unnecessary qualification
🧰️framework/🛍️products/💻️os/🔨️modules/♾️infinite/📦️packages/🦀️rust/../../🦀️component.rs:1873:23: warning: unnecessary qualification
🧰️framework/🛍️products/💻️os/🔨️modules/♾️infinite/📦️packages/🦀️rust/../../🦀️component.rs:1874:32: warning: unnecessary qualification
🧰️framework/🛍️products/💻️os/🔨️modules/♾️infinite/📦️packages/🦀️rust/📦️glue.rs:9:9: warning: ambiguous glob re-exports: the name `World3dState` in the type namespace is first re-exported here
🧰️framework/🛍️products/💻️os/🔨️modules/♾️infinite/📦️packages/🦀️rust/📦️glue.rs:9:9: warning: ambiguous glob re-exports: the name `orbit_camera_action` in the value namespace is first re-exported here
🧰️framework/🛍️products/💻️os/🔨️modules/♾️infinite/📦️packages/🦀️rust/📦️glue.rs:9:9: warning: ambiguous glob re-exports: the name `sync_world3d_state` in the value namespace is first re-exported here
🧰️framework/🛍️products/💻️os/🔨️modules/♾️infinite/📦️packages/🦀️rust/📦️glue.rs:9:9: warning: ambiguous glob re-exports: the name `render_world_3d` in the value namespace is first re-exported here
🧰️framework/🛍️products/💻️os/🔨️modules/♾️infinite/📦️packages/🦀️rust/📦️glue.rs:9:9: warning: ambiguous glob re-exports: the name `world3d_hit_target` in the value namespace is first re-exported here
🧰️framework/🛍️products/💻️os/🔨️modules/♾️infinite/📦️packages/🦀️rust/📦️glue.rs:9:9: warning: ambiguous glob re-exports: the name `handle_world3d_pointer_move` in the value namespace is first re-exported here
🧰️framework/🛍️products/💻️os/🔨️modules/♾️infinite/📦️packages/🦀️rust/📦️glue.rs:9:9: warning: ambiguous glob re-exports: the name `handle_world3d_paint_actions` in the value namespace is first re-exported here
🧰️framework/🛍️products/💻️os/🔨️modules/♾️infinite/📦️packages/🦀️rust/📦️glue.rs:9:9: warning: ambiguous glob re-exports: the name `handle_world3d_pointer_button` in the value namespace is first re-exported here
🧰️framework/🛍️products/💻️os/🔨️modules/♾️infinite/📦️packages/🦀️rust/📦️glue.rs:9:9: warning: ambiguous glob re-exports: the name `handle_world3d_pointer_drag` in the value namespace is first re-exported here
🧰️framework/🛍️products/💻️os/🔨️modules/♾️infinite/📦️packages/🦀️rust/📦️glue.rs:9:9: warning: ambiguous glob re-exports: the name `handle_world3d_wheel` in the value namespace is first re-exported here
🧰️framework/🛍️products/💻️os/🔨️modules/♾️infinite/📦️packages/🦀️rust/📦️glue.rs:9:9: warning: ambiguous glob re-exports: the name `apply_world_action_preview` in the value namespace is first re-exported here
🧰️framework/🛍️products/💻️os/🔨️modules/♾️infinite/📦️packages/🦀️rust/📦️glue.rs:9:9: warning: ambiguous glob re-exports: the name `ingest_glb_mesh` in the value namespace is first re-exported here
🧰️framework/🛍️products/💻️os/🔨️modules/♾️infinite/📦️packages/🦀️rust/📦️glue.rs:9:9: warning: ambiguous glob re-exports: the name `collect_pending_glb_fetches` in the value namespace is first re-exported here
🧰️framework/🛍️products/💻️os/🔨️modules/♾️infinite/📦️packages/🦀️rust/📦️glue.rs:9:9: warning: ambiguous glob re-exports: the name `apply_glb_bytes` in the value namespace is first re-exported here
🧰️framework/🛍️products/💻️os/🔨️modules/♾️infinite/📦️packages/🦀️rust/📦️glue.rs:9:9: warning: ambiguous glob re-exports: the name `fetch_url_bytes` in the value namespace is first re-exported here
🧰️framework/🛍️products/💻️os/🔨️modules/♾️infinite/📦️packages/🦀️rust/📦️glue.rs:9:9: warning: ambiguous glob re-exports: the name `fetch_pending_glb_meshes` in the value namespace is first re-exported here
🧰️framework/🛍️products/💻️os/🔨️modules/♾️infinite/📦️packages/🦀️rust/📦️glue.rs:9:9: warning: ambiguous glob re-exports: the name `apply_reference_image_bytes` in the value namespace is first re-exported here
🧰️framework/🛍️products/💻️os/🔨️modules/♾️infinite/📦️packages/🦀️rust/📦️glue.rs:9:9: warning: ambiguous glob re-exports: the name `fetch_pending_reference_images` in the value namespace is first re-exported here
🧰️framework/🛍️products/💻️os/🔨️modules/♾️infinite/📦️packages/🦀️rust/📦️glue.rs:9:9: warning: ambiguous glob re-exports: the name `collect_pending_terrain_tile_fetches` in the value namespace is first re-exported here
🧰️framework/🛍️products/💻️os/🔨️modules/♾️infinite/📦️packages/🦀️rust/📦️glue.rs:9:9: warning: ambiguous glob re-exports: the name `fetch_pending_terrain_tiles` in the value namespace is first re-exported here
🧰️framework/🛍️products/💻️os/🔨️modules/♾️infinite/📦️packages/🦀️rust/📦️glue.rs:9:9: warning: ambiguous glob re-exports: the name `PendingGlbFetch` in the type namespace is first re-exported here
🧰️framework/🛍️products/💻️os/🔨️modules/♾️infinite/📦️packages/🦀️rust/📦️glue.rs:9:9: warning: ambiguous glob re-exports: the name `PendingTerrainTileFetch` in the type namespace is first re-exported here
🧰️framework/🛍️products/💻️os/🔨️modules/♾️infinite/📦️packages/🦀️rust/../../🌍️world/🦀️component.rs:1870:24: warning: unnecessary qualification
🧰️framework/🛍️products/💻️os/🔨️modules/♾️infinite/📦️packages/🦀️rust/../../🌍️world/🦀️component.rs:1873:23: warning: unnecessary qualification
🧰️framework/🛍️products/💻️os/🔨️modules/♾️infinite/📦️packages/🦀️rust/../../🌍️world/🦀️component.rs:1874:32: warning: unnecessary qualification
🧰️framework/🛍️products/💻️os/🔨️modules/♾️infinite/📦️packages/🦀️rust/📦️glue.rs:13:9: warning: unused import: `world::*`
🧰️framework/🛍️products/💻️os/🔨️modules/♾️infinite/📦️packages/🦀️rust/././../../🎲️board/🔌️ports/➡️directed/🕸️dag/🦀️component.rs:2859:48: warning: unnecessary qualification
warning: `semio-framework-os-infinite` (lib) generated 33 warnings
error: could not compile `semio-framework-os-infinite` (lib) due to 186 previous errors; 33 warnings emitted
