🧰️framework/🛍️products/💻️os/📦️packages/🦀️rust/📦️glue.rs:7:1: warning: unused extern crate: unused
🧰️framework/🛍️products/💻️os/📦️packages/🦀️rust/📦️glue.rs:11:1: warning: unused extern crate: unused
🧰️framework/🛍️products/💻️os/📦️packages/🦀️rust/📦️glue.rs:12:1: warning: unused extern crate: unused
🧰️framework/🛍️products/💻️os/📦️packages/🦀️rust/📦️glue.rs:13:1: warning: unused extern crate: unused
🧰️framework/🛍️products/💻️os/📦️packages/🦀️rust/./../../🔨️modules/🗣️dsl/🫀️core/🦀️component.rs:345:11: warning: unexpected `cfg` condition value: `js`
🧰️framework/🛍️products/💻️os/📦️packages/🦀️rust/./../../🔨️modules/🗣️dsl/🫀️core/🦀️component.rs:351:11: warning: unexpected `cfg` condition value: `js`
🧰️framework/🛍️products/💻️os/📦️packages/🦀️rust/📦️glue.rs:185:9: warning: ambiguous glob re-exports: the name `canonicalize` in the value namespace is first re-exported here
🧰️framework/🛍️products/💻️os/📦️packages/🦀️rust/📦️glue.rs:185:9: warning: ambiguous glob re-exports: the name `test_support` in the type namespace is first re-exported here
🧰️framework/🛍️products/💻️os/📦️packages/🦀️rust/📦️glue.rs:185:9: warning: ambiguous glob re-exports: the name `core` in the type namespace is first re-exported here
🧰️framework/🛍️products/💻️os/📦️packages/🦀️rust/📦️glue.rs:185:9: warning: ambiguous glob re-exports: the name `Symbol` in the type namespace is first re-exported here
🧰️framework/🛍️products/💻️os/📦️packages/🦀️rust/📦️glue.rs:187:9: warning: ambiguous glob re-exports: the name `apply_collection_operation` in the value namespace is first re-exported here
🧰️framework/🛍️products/💻️os/📦️packages/🦀️rust/📦️glue.rs:187:9: warning: ambiguous glob re-exports: the name `collection_diff_from_operation` in the value namespace is first re-exported here
🧰️framework/🛍️products/💻️os/📦️packages/🦀️rust/📦️glue.rs:187:9: warning: ambiguous glob re-exports: the name `invert_collection_operation` in the value namespace is first re-exported here
🧰️framework/🛍️products/💻️os/📦️packages/🦀️rust/📦️glue.rs:187:9: warning: ambiguous glob re-exports: the name `Identified` in the type namespace is first re-exported here
🧰️framework/🛍️products/💻️os/📦️packages/🦀️rust/📦️glue.rs:187:9: warning: ambiguous glob re-exports: the name `Patchable` in the type namespace is first re-exported here
🧰️framework/🛍️products/💻️os/📦️packages/🦀️rust/📦️glue.rs:187:9: warning: ambiguous glob re-exports: the name `cli` in the type namespace is first re-exported here
🧰️framework/🛍️products/💻️os/📦️packages/🦀️rust/📦️glue.rs:187:9: warning: ambiguous glob re-exports: the name `format` in the type namespace is first re-exported here
🧰️framework/🛍️products/💻️os/📦️packages/🦀️rust/📦️glue.rs:187:9: warning: ambiguous glob re-exports: the name `io` in the type namespace is first re-exported here
🧰️framework/🛍️products/💻️os/📦️packages/🦀️rust/📦️glue.rs:187:9: warning: ambiguous glob re-exports: the name `testkit` in the type namespace is first re-exported here
🧰️framework/🛍️products/💻️os/📦️packages/🦀️rust/📦️glue.rs:188:9: warning: ambiguous glob re-exports: the name `read_varint_u64` in the value namespace is first re-exported here
🧰️framework/🛍️products/💻️os/📦️packages/🦀️rust/📦️glue.rs:188:9: warning: ambiguous glob re-exports: the name `write_varint_u64` in the value namespace is first re-exported here
🧰️framework/🛍️products/💻️os/📦️packages/🦀️rust/📦️glue.rs:188:9: warning: ambiguous glob re-exports: the name `recover_file` in the value namespace is first re-exported here
🧰️framework/🛍️products/💻️os/📦️packages/🦀️rust/📦️glue.rs:188:9: warning: ambiguous glob re-exports: the name `RecoveryReport` in the type namespace is first re-exported here
🧰️framework/🛍️products/💻️os/📦️packages/🦀️rust/📦️glue.rs:188:9: warning: ambiguous glob re-exports: the name `VerificationLevel` in the type namespace is first re-exported here
🧰️framework/🛍️products/💻️os/📦️packages/🦀️rust/📦️glue.rs:188:9: warning: ambiguous glob re-exports: the name `WriteOptions` in the type namespace is first re-exported here
🧰️framework/🛍️products/💻️os/📦️packages/🦀️rust/📦️glue.rs:188:9: warning: ambiguous glob re-exports: the name `DecodeOptions` in the type namespace is first re-exported here
🧰️framework/🛍️products/💻️os/📦️packages/🦀️rust/📦️glue.rs:188:9: warning: ambiguous glob re-exports: the name `EncodeOptions` in the type namespace is first re-exported here
🧰️framework/🛍️products/💻️os/📦️packages/🦀️rust/📦️glue.rs:192:9: warning: ambiguous glob re-exports: the name `ItemPatch` in the type namespace is first re-exported here
🧰️framework/🛍️products/💻️os/📦️packages/🦀️rust/📦️glue.rs:192:9: warning: ambiguous glob re-exports: the name `CollectionDiff` in the type namespace is first re-exported here
🧰️framework/🛍️products/💻️os/📦️packages/🦀️rust/📦️glue.rs:192:9: warning: ambiguous glob re-exports: the name `CollectionOperation` in the type namespace is first re-exported here
🧰️framework/🛍️products/💻️os/📦️packages/🦀️rust/📦️glue.rs:198:9: warning: ambiguous glob re-exports: the name `Alternative` in the type namespace is first re-exported here
🧰️framework/🛍️products/💻️os/📦️packages/🦀️rust/📦️glue.rs:199:9: warning: unused import: `crate::os_dsl::core::*`
🧰️framework/🛍️products/💻️os/📦️packages/🦀️rust/./../../🔨️modules/🗣️dsl/🫀️core/🦀️component.rs:1083:21: warning: unused variable: `len`: help: if this is intentional, prefix it with an underscore: `_len`
🧰️framework/🛍️products/💻️os/📦️packages/🦀️rust/./../../🔨️modules/🗣️dsl/🖋️notation/🦀️component.rs:269:4: warning: function `print_edge_label` is never used
🧰️framework/🛍️products/💻️os/📦️packages/🦀️rust/./../../🔨️modules/🏪️store/🦀️component.rs:2075:19: warning: method `set_envelope` is never used
warning: `semio-framework-os-kernel` (lib) generated 35 warnings (run `cargo fix --lib -p semio-framework-os-kernel` to apply 6 suggestions)
warning: unused extern crate
 --> 🧰️framework/🛍️products/💻️os/🔨️modules/🔌️plugin/📦️packages/🦀️rust/📦️glue.rs:5:1
  |
5 | extern crate semio_framework_os_kernel as pack;
  | ^^^^^^^^^^^^^^^^^^^^^^^^^^^^^^^^^^^^^^^^^^^^^^^ unused
  |
  = note: `-W unused-extern-crates` implied by `-W rust-2018-idioms`
  = help: to override `-W rust-2018-idioms` add `#[allow(unused_extern_crates)]`
help: remove the unused `extern crate`
  |
5 - extern crate semio_framework_os_kernel as pack;
  |

warning: unused extern crate
 --> 🧰️framework/🛍️products/💻️os/🔨️modules/🔌️plugin/📦️packages/🦀️rust/📦️glue.rs:6:1
  |
6 | extern crate semio_framework_os_kernel as spr;
  | ^^^^^^^^^^^^^^^^^^^^^^^^^^^^^^^^^^^^^^^^^^^^^^ unused
  |
help: remove the unused `extern crate`
  |
6 - extern crate semio_framework_os_kernel as spr;
  |

warning: unnecessary qualification
    --> 🧰️framework/🛍️products/💻️os/🔨️modules/🔌️plugin/📦️packages/🦀️rust/../../🦀️component.rs:3327:61
     |
3327 |         fn command_from_action(action: &str, _args: Option<&serde_json::Value>) -> Result<Self::Command, Fault> {
     |                                                             ^^^^^^^^^^^^^^^^^
     |
     = note: requested on the command line with `-W unused-qualifications`
help: remove the unnecessary path segments
     |
3327 -         fn command_from_action(action: &str, _args: Option<&serde_json::Value>) -> Result<Self::Command, Fault> {
3327 +         fn command_from_action(action: &str, _args: Option<&Value>) -> Result<Self::Command, Fault> {
     |

warning: unused variable: `app`
    --> 🧰️framework/🛍️products/💻️os/🔨️modules/🔌️plugin/📦️packages/🦀️rust/../../🦀️component.rs:4870:34
     |
4870 |             let VcsDocumentApp { app, cache, .. } = self;
     |                                  ^^^ help: try ignoring the field: `app: _`
     |
     = note: `#[warn(unused_variables)]` (part of `#[warn(unused)]`) on by default

warning: unused variable: `app`
    --> 🧰️framework/🛍️products/💻️os/🔨️modules/🔌️plugin/📦️packages/🦀️rust/../../🦀️component.rs:4598:38
     |
4598 |                 let VcsDocumentApp { app, cache, .. } = self;
     |                                      ^^^ help: try ignoring the field: `app: _`

warning: unused variable: `app`
    --> 🧰️framework/🛍️products/💻️os/🔨️modules/🔌️plugin/📦️packages/🦀️rust/../../🦀️component.rs:1679:17
     |
1679 |             let app = A::default();
     |                 ^^^ help: if this is intentional, prefix it with an underscore: `_app`

warning: unused variable: `app`
    --> 🧰️framework/🛍️products/💻️os/🔨️modules/🔌️plugin/📦️packages/🦀️rust/../../🦀️component.rs:4820:34
     |
4820 |             let VcsDocumentApp { app, cache, .. } = self;
     |                                  ^^^ help: try ignoring the field: `app: _`

warning: unused variable: `app`
    --> 🧰️framework/🛍️products/💻️os/🔨️modules/🔌️plugin/📦️packages/🦀️rust/../../🦀️component.rs:4562:38
     |
4562 |                 let VcsDocumentApp { app, cache, .. } = self;
     |                                      ^^^ help: try ignoring the field: `app: _`

warning: unused variable: `app`
    --> 🧰️framework/🛍️products/💻️os/🔨️modules/🔌️plugin/📦️packages/🦀️rust/../../🦀️component.rs:4478:42
     |
4478 |                     let VcsDocumentApp { app, cache, .. } = self;
     |                                          ^^^ help: try ignoring the field: `app: _`

warning: unused variable: `app`
    --> 🧰️framework/🛍️products/💻️os/🔨️modules/🔌️plugin/📦️packages/🦀️rust/../../🦀️component.rs:4831:34
     |
4831 |             let VcsDocumentApp { app, cache, .. } = self;
     |                                  ^^^ help: try ignoring the field: `app: _`

warning: unused variable: `app`
    --> 🧰️framework/🛍️products/💻️os/🔨️modules/🔌️plugin/📦️packages/🦀️rust/../../🦀️component.rs:4845:34
     |
4845 |             let VcsDocumentApp { app, cache, registry, .. } = self;
     |                                  ^^^ help: try ignoring the field: `app: _`

warning: unused variable: `app`
    --> 🧰️framework/🛍️products/💻️os/🔨️modules/🔌️plugin/📦️packages/🦀️rust/../../🦀️component.rs:4855:34
     |
4855 |             let VcsDocumentApp { app, cache, .. } = self;
     |                                  ^^^ help: try ignoring the field: `app: _`

warning: unused variable: `app`
    --> 🧰️framework/🛍️products/💻️os/🔨️modules/🔌️plugin/📦️packages/🦀️rust/../../🦀️component.rs:4789:34
     |
4789 |             let VcsDocumentApp { app, cache, .. } = self;
     |                                  ^^^ help: try ignoring the field: `app: _`

warning: `semio-framework-plugin` (lib) generated 13 warnings (run `cargo fix --lib -p semio-framework-plugin` to apply 13 suggestions)
    Checking semio-framework-os v0.1.0 (/Users/ueli/Documents/semio/🧰️framework/🛍️products/💻️os/🖥️host/📦️packages/🦀️rust)
🧰️framework/🛍️products/💻️os/🖥️host/📦️packages/🦀️rust/📦️glue.rs:5:1: warning: unused extern crate: unused
🧰️framework/🛍️products/💻️os/🖥️host/📦️packages/🦀️rust/📦️glue.rs:6:1: warning: unused extern crate: unused
🧰️framework/🛍️products/💻️os/🖥️host/📦️packages/🦀️rust/📦️glue.rs:8:1: warning: unused extern crate: unused
🧰️framework/🛍️products/💻️os/🖥️host/📦️packages/🦀️rust/📦️glue.rs:9:1: warning: unused extern crate: unused
🧰️framework/🛍️products/💻️os/🖥️host/📦️packages/🦀️rust/../../🦀️component.rs:2533:53: warning: unnecessary qualification
🧰️framework/🛍️products/💻️os/🖥️host/📦️packages/🦀️rust/../../🦀️component.rs:2534:37: warning: unnecessary qualification
🧰️framework/🛍️products/💻️os/🖥️host/📦️packages/🦀️rust/../../🦀️component.rs:2535:53: warning: unnecessary qualification
🧰️framework/🛍️products/💻️os/🖥️host/📦️packages/🦀️rust/../../🦀️component.rs:2536:37: warning: unnecessary qualification
🧰️framework/🛍️products/💻️os/🖥️host/📦️packages/🦀️rust/../../🦀️component.rs:4:1: warning: the `#![feature]` attribute can only be used at the crate root
🧰️framework/🛍️products/💻️os/🖥️host/📦️packages/🦀️rust/📦️glue.rs:2:12: warning: feature `linkage` is declared but not used
warning: `semio-framework-os` (lib) generated 10 warnings (run `cargo fix --lib -p semio-framework-os` to apply 8 suggestions)
    Checking semio-s-plugin-draw v0.1.0 (/Users/ueli/Documents/semio/✏️s/🔌️plugins/🖍️draw/📦️packages/🦀️rust)
✏️s/🔌️plugins/🖍️draw/📦️packages/🦀️rust/📦️glue.rs:20:1: error: an inner attribute is not permitted in this context
✏️s/🔌️plugins/🖍️draw/📦️packages/🦀️rust/📦️glue.rs:27:1: error: an inner attribute is not permitted in this context
✏️s/🔌️plugins/🖍️draw/📦️packages/🦀️rust/📦️glue.rs:32:1: error: an inner attribute is not permitted in this context
✏️s/🔌️plugins/🖍️draw/📦️packages/🦀️rust/./././../../🎛️apps/🖍️draw/🎮️commands/🖱️canvas/🦀️component.rs:498:1: warning: unexpected `cfg` condition value: `serde`
warning: `semio-s-plugin-draw` (lib) generated 1 warning
error: could not compile `semio-s-plugin-draw` (lib) due to 3 previous errors; 1 warning emitted
