    Checking image v0.25.10
    Checking rustybuzz v0.20.1
    Checking objc2-core-foundation v0.3.2
    Checking fontdb v0.23.0
    Checking naga v27.0.3
    Checking hayagriva v0.9.1
    Checking font-types v0.9.0
warning: unused extern crate
 --> 🧰️framework/🛍️products/💻️os/📦️packages/🦀️rust/📦️glue.rs:7:1
  |
7 | extern crate self as dsl_grammar;
  | ^^^^^^^^^^^^^^^^^^^^^^^^^^^^^^^^^ unused
  |
  = note: `-W unused-extern-crates` implied by `-W rust-2018-idioms`
  = help: to override `-W rust-2018-idioms` add `#[allow(unused_extern_crates)]`
help: remove the unused `extern crate`
  |
7 - extern crate self as dsl_grammar;
  |

warning: unused extern crate
  --> 🧰️framework/🛍️products/💻️os/📦️packages/🦀️rust/📦️glue.rs:11:1
   |
11 | extern crate self as pack;
   | ^^^^^^^^^^^^^^^^^^^^^^^^^^ unused
   |
help: remove the unused `extern crate`
   |
11 - extern crate self as pack;
   |

warning: unused extern crate
  --> 🧰️framework/🛍️products/💻️os/📦️packages/🦀️rust/📦️glue.rs:12:1
   |
12 | extern crate self as spr;
   | ^^^^^^^^^^^^^^^^^^^^^^^^^ unused
   |
help: remove the unused `extern crate`
   |
12 - extern crate self as spr;
   |

warning: unused extern crate
  --> 🧰️framework/🛍️products/💻️os/📦️packages/🦀️rust/📦️glue.rs:13:1
   |
13 | extern crate self as vcs;
   | ^^^^^^^^^^^^^^^^^^^^^^^^^ unused
   |
help: remove the unused `extern crate`
   |
13 - extern crate self as vcs;
   |

warning: unexpected `cfg` condition value: `js`
   --> 🧰️framework/🛍️products/💻️os/📦️packages/🦀️rust/./../../🔨️modules/🗣️dsl/🫀️core/🦀️component.rs:345:11
    |
345 | #[cfg(all(feature = "js", target_arch = "wasm32"))]
    |           ^^^^^^^^^^^^^^
    |
    = note: expected values for `feature` are: `default`, `deflate`, `sync`, `ureq`, and `worker`
    = help: consider adding `js` as a feature in `Cargo.toml`
    = note: see <https://doc.rust-lang.org/nightly/rustc/check-cfg/cargo-specifics.html> for more information about checking conditional configuration
    = note: `#[warn(unexpected_cfgs)]` on by default

warning: unexpected `cfg` condition value: `js`
   --> 🧰️framework/🛍️products/💻️os/📦️packages/🦀️rust/./../../🔨️modules/🗣️dsl/🫀️core/🦀️component.rs:351:11
    |
351 | #[cfg(all(feature = "js", target_arch = "wasm32"))]
    |           ^^^^^^^^^^^^^^
    |
    = note: expected values for `feature` are: `default`, `deflate`, `sync`, `ureq`, and `worker`
    = help: consider adding `js` as a feature in `Cargo.toml`
    = note: see <https://doc.rust-lang.org/nightly/rustc/check-cfg/cargo-specifics.html> for more information about checking conditional configuration

warning: ambiguous glob re-exports
   --> 🧰️framework/🛍️products/💻️os/📦️packages/🦀️rust/📦️glue.rs:185:9
    |
185 | pub use crate::os_dsl::*;
    |         ^^^^^^^^^^^^^^^^ the name `canonicalize` in the value namespace is first re-exported here
...
198 | pub use crate::os_dsl::grammar::*;
    |         ------------------------- but the name `canonicalize` in the value namespace is also re-exported here
    |
    = note: `#[warn(ambiguous_glob_reexports)]` on by default

warning: ambiguous glob re-exports
   --> 🧰️framework/🛍️products/💻️os/📦️packages/🦀️rust/📦️glue.rs:185:9
    |
185 | pub use crate::os_dsl::*;
    |         ^^^^^^^^^^^^^^^^ the name `test_support` in the type namespace is first re-exported here
186 | pub use crate::os_store::*;
    |         ------------------ but the name `test_support` in the type namespace is also re-exported here

warning: ambiguous glob re-exports
   --> 🧰️framework/🛍️products/💻️os/📦️packages/🦀️rust/📦️glue.rs:185:9
    |
185 | pub use crate::os_dsl::*;
    |         ^^^^^^^^^^^^^^^^ the name `core` in the type namespace is first re-exported here
...
188 | pub use crate::os_pack::*;
    |         ----------------- but the name `core` in the type namespace is also re-exported here

warning: ambiguous glob re-exports
   --> 🧰️framework/🛍️products/💻️os/📦️packages/🦀️rust/📦️glue.rs:185:9
    |
185 | pub use crate::os_dsl::*;
    |         ^^^^^^^^^^^^^^^^ the name `Symbol` in the type namespace is first re-exported here
...
198 | pub use crate::os_dsl::grammar::*;
    |         ------------------------- but the name `Symbol` in the type namespace is also re-exported here

warning: ambiguous glob re-exports
   --> 🧰️framework/🛍️products/💻️os/📦️packages/🦀️rust/📦️glue.rs:187:9
    |
187 | pub use crate::os_spr::*;
    |         ^^^^^^^^^^^^^^^^ the name `cli` in the type namespace is first re-exported here
...
194 | pub use crate::os_semio::*;
    |         ------------------ but the name `cli` in the type namespace is also re-exported here

warning: ambiguous glob re-exports
   --> 🧰️framework/🛍️products/💻️os/📦️packages/🦀️rust/📦️glue.rs:187:9
    |
187 | pub use crate::os_spr::*;
    |         ^^^^^^^^^^^^^^^^ the name `format` in the type namespace is first re-exported here
188 | pub use crate::os_pack::*;
    |         ----------------- but the name `format` in the type namespace is also re-exported here

warning: ambiguous glob re-exports
   --> 🧰️framework/🛍️products/💻️os/📦️packages/🦀️rust/📦️glue.rs:187:9
    |
187 | pub use crate::os_spr::*;
    |         ^^^^^^^^^^^^^^^^ the name `io` in the type namespace is first re-exported here
188 | pub use crate::os_pack::*;
    |         ----------------- but the name `io` in the type namespace is also re-exported here

warning: ambiguous glob re-exports
   --> 🧰️framework/🛍️products/💻️os/📦️packages/🦀️rust/📦️glue.rs:187:9
    |
187 | pub use crate::os_spr::*;
    |         ^^^^^^^^^^^^^^^^ the name `testkit` in the type namespace is first re-exported here
188 | pub use crate::os_pack::*;
    |         ----------------- but the name `testkit` in the type namespace is also re-exported here

warning: ambiguous glob re-exports
   --> 🧰️framework/🛍️products/💻️os/📦️packages/🦀️rust/📦️glue.rs:188:9
    |
187 | pub use crate::os_spr::*;
    |         ---------------- but the name `read_varint_u64` in the value namespace is also re-exported here
188 | pub use crate::os_pack::*;
    |         ^^^^^^^^^^^^^^^^^ the name `read_varint_u64` in the value namespace is first re-exported here

warning: ambiguous glob re-exports
   --> 🧰️framework/🛍️products/💻️os/📦️packages/🦀️rust/📦️glue.rs:188:9
    |
187 | pub use crate::os_spr::*;
    |         ---------------- but the name `write_varint_u64` in the value namespace is also re-exported here
188 | pub use crate::os_pack::*;
    |         ^^^^^^^^^^^^^^^^^ the name `write_varint_u64` in the value namespace is first re-exported here

warning: ambiguous glob re-exports
   --> 🧰️framework/🛍️products/💻️os/📦️packages/🦀️rust/📦️glue.rs:188:9
    |
187 | pub use crate::os_spr::*;
    |         ---------------- but the name `recover_file` in the value namespace is also re-exported here
188 | pub use crate::os_pack::*;
    |         ^^^^^^^^^^^^^^^^^ the name `recover_file` in the value namespace is first re-exported here

warning: ambiguous glob re-exports
   --> 🧰️framework/🛍️products/💻️os/📦️packages/🦀️rust/📦️glue.rs:188:9
    |
187 | pub use crate::os_spr::*;
    |         ---------------- but the name `RecoveryReport` in the type namespace is also re-exported here
188 | pub use crate::os_pack::*;
    |         ^^^^^^^^^^^^^^^^^ the name `RecoveryReport` in the type namespace is first re-exported here

warning: ambiguous glob re-exports
   --> 🧰️framework/🛍️products/💻️os/📦️packages/🦀️rust/📦️glue.rs:188:9
    |
187 | pub use crate::os_spr::*;
    |         ---------------- but the name `VerificationLevel` in the type namespace is also re-exported here
188 | pub use crate::os_pack::*;
    |         ^^^^^^^^^^^^^^^^^ the name `VerificationLevel` in the type namespace is first re-exported here

warning: ambiguous glob re-exports
   --> 🧰️framework/🛍️products/💻️os/📦️packages/🦀️rust/📦️glue.rs:188:9
    |
187 | pub use crate::os_spr::*;
    |         ---------------- but the name `WriteOptions` in the type namespace is also re-exported here
188 | pub use crate::os_pack::*;
    |         ^^^^^^^^^^^^^^^^^ the name `WriteOptions` in the type namespace is first re-exported here

warning: ambiguous glob re-exports
   --> 🧰️framework/🛍️products/💻️os/📦️packages/🦀️rust/📦️glue.rs:188:9
    |
187 | pub use crate::os_spr::*;
    |         ---------------- but the name `DecodeOptions` in the type namespace is also re-exported here
188 | pub use crate::os_pack::*;
    |         ^^^^^^^^^^^^^^^^^ the name `DecodeOptions` in the type namespace is first re-exported here

warning: ambiguous glob re-exports
   --> 🧰️framework/🛍️products/💻️os/📦️packages/🦀️rust/📦️glue.rs:188:9
    |
187 | pub use crate::os_spr::*;
    |         ---------------- but the name `EncodeOptions` in the type namespace is also re-exported here
188 | pub use crate::os_pack::*;
    |         ^^^^^^^^^^^^^^^^^ the name `EncodeOptions` in the type namespace is first re-exported here

warning: ambiguous glob re-exports
   --> 🧰️framework/🛍️products/💻️os/📦️packages/🦀️rust/📦️glue.rs:198:9
    |
186 | pub use crate::os_store::*;
    |         ------------------ but the name `Alternative` in the type namespace is also re-exported here
...
198 | pub use crate::os_dsl::grammar::*;
    |         ^^^^^^^^^^^^^^^^^^^^^^^^^ the name `Alternative` in the type namespace is first re-exported here

warning: unused import: `crate::os_dsl::core::*`
   --> 🧰️framework/🛍️products/💻️os/📦️packages/🦀️rust/📦️glue.rs:199:9
    |
199 | pub use crate::os_dsl::core::*;
    |         ^^^^^^^^^^^^^^^^^^^^^^
    |
    = note: `#[warn(unused_imports)]` (part of `#[warn(unused)]`) on by default

warning: unused variable: `len`
    --> 🧰️framework/🛍️products/💻️os/📦️packages/🦀️rust/./../../🔨️modules/🗣️dsl/🫀️core/🦀️component.rs:1083:21
     |
1083 |                 let len = end_j - i;
     |                     ^^^ help: if this is intentional, prefix it with an underscore: `_len`
     |
     = note: `#[warn(unused_variables)]` (part of `#[warn(unused)]`) on by default

warning: function `print_edge_label` is never used
   --> 🧰️framework/🛍️products/💻️os/📦️packages/🦀️rust/./../../🔨️modules/🗣️dsl/🖋️notation/🦀️component.rs:269:4
    |
269 | fn print_edge_label(label: &EdgeLabel, out: &mut String) {
    |    ^^^^^^^^^^^^^^^^
    |
    = note: `#[warn(dead_code)]` (part of `#[warn(unused)]`) on by default

warning: method `set_envelope` is never used
    --> 🧰️framework/🛍️products/💻️os/📦️packages/🦀️rust/./../../🔨️modules/🏪️store/🦀️component.rs:2125:19
     |
2019 | / impl<P, Operation> DocumentStore<P, Operation>
2020 | | where
2021 | |     P: Clone + Serialize + DeserializeOwned + DocumentPack,
2022 | |     Operation: Clone + Serialize + DeserializeOwned + self::Operation<P> + OpBinary + OpText,
     | |_____________________________________________________________________________________________- method in this implementation
...
2125 |       pub(crate) fn set_envelope(&mut self, envelope: DocumentEnvelope<P, Operation>, applied_edit_ids: Vec<String>) {
     |                     ^^^^^^^^^^^^

warning: `semio-framework-os-kernel` (lib) generated 27 warnings (run `cargo fix --lib -p semio-framework-os-kernel` to apply 6 suggestions)
    Checking hayro-interpret v0.4.0
    Checking swash v0.2.9
    Checking core-graphics v0.23.2
   Compiling semio-framework-ui v0.1.0 (/Users/ueli/Documents/semio/🧰️framework/🔨️modules/🖱️ui/📦️packages/🦀️rust)
    Checking winit v0.30.13
    Checking read-fonts v0.29.3
    Checking objc2-foundation v0.3.2
    Checking objc2-core-graphics v0.3.2
    Checking objc2-core-text v0.3.2
    Checking usvg v0.45.1
    Checking usvg v0.46.0
    Checking hayro-svg v0.2.0
    Checking hayro v0.4.0
   Compiling semio-framework-os-infinite v0.1.0 (/Users/ueli/Documents/semio/🧰️framework/🛍️products/💻️os/🔨️modules/♾️infinite/📦️packages/🦀️rust)
    Checking semio-framework-compiler v0.1.0 (/Users/ueli/Documents/semio/🧰️framework/🔨️modules/📚️compiler/📦️packages/🦀️rust)
error[E0433]: cannot find module or crate `serde` in this scope
 --> 🧰️framework/🛍️products/💻️os/🔨️modules/♾️infinite/📦️packages/🦀️rust/../../🖼️canvas/build.rs:8:10
  |
8 | #[derive(serde::Deserialize)]
  |          ^^^^^ use of unresolved module or unlinked crate `serde`

error[E0433]: cannot find module or crate `serde_json` in this scope
  --> 🧰️framework/🛍️products/💻️os/🔨️modules/♾️infinite/📦️packages/🦀️rust/../../🖼️canvas/build.rs:35:37
   |
35 |     let spec: GeneratedShortcodes = serde_json::from_str(&raw).expect("parse 🔣️shortcodes.json");
   |                                     ^^^^^^^^^^ use of unresolved module or unlinked crate `serde_json`
   |
   = help: if you wanted to use a crate named `serde_json`, use `cargo add serde_json` to add it to your `Cargo.toml`

For more information about this error, try `rustc --explain E0433`.
warning: unused import: `std::sync::OnceLock`
  --> 🧰️framework/🔨️modules/📚️compiler/📦️packages/🦀️rust/../../🦀️component.rs:13:5
   |
13 | use std::sync::OnceLock;
   |     ^^^^^^^^^^^^^^^^^^^
   |
   = note: `#[warn(unused_imports)]` (part of `#[warn(unused)]`) on by default

error: could not compile `semio-framework-os-infinite` (build script) due to 2 previous errors
warning: build failed, waiting for other jobs to finish...
warning: `semio-framework-compiler` (lib) generated 1 warning (run `cargo fix --lib -p semio-framework-compiler` to apply 1 suggestion)
