    Blocking waiting for file lock on package cache
    Blocking waiting for file lock on package cache
    Blocking waiting for file lock on package cache
    Blocking waiting for file lock on build directory
    Checking semio-framework-os-kernel v0.1.0 (/Users/ueli/Documents/semio/🧰️framework/🛍️products/💻️os/📦️packages/🦀️rust)
warning: unused extern crate
 --> 🧰️framework/🛍️products/💻️os/📦️packages/🦀️rust/📦️glue.rs:7:1
  |
7 | extern crate self as dsl_grammar;
  | ^^^^^^^^^^^^^^^^^^^^^^^^^^^^^^^^^ unused
  |
  = note: `-W unused-extern-crates` implied by `-W rust-2018-idioms`
  = help: to override `-W rust-2018-idioms` add `#[allow(unused_extern_crates)]`
help: remove the unused `extern crate`
  |
7 - extern crate self as dsl_grammar;
  |

warning: unused extern crate
  --> 🧰️framework/🛍️products/💻️os/📦️packages/🦀️rust/📦️glue.rs:11:1
   |
11 | extern crate self as pack;
   | ^^^^^^^^^^^^^^^^^^^^^^^^^^ unused
   |
help: remove the unused `extern crate`
   |
11 - extern crate self as pack;
   |

warning: unused extern crate
  --> 🧰️framework/🛍️products/💻️os/📦️packages/🦀️rust/📦️glue.rs:12:1
   |
12 | extern crate self as spr;
   | ^^^^^^^^^^^^^^^^^^^^^^^^^ unused
   |
help: remove the unused `extern crate`
   |
12 - extern crate self as spr;
   |

warning: unused extern crate
  --> 🧰️framework/🛍️products/💻️os/📦️packages/🦀️rust/📦️glue.rs:13:1
   |
13 | extern crate self as vcs;
   | ^^^^^^^^^^^^^^^^^^^^^^^^^ unused
   |
help: remove the unused `extern crate`
   |
13 - extern crate self as vcs;
   |

warning: unexpected `cfg` condition value: `js`
   --> 🧰️framework/🛍️products/💻️os/📦️packages/🦀️rust/./../../🔨️modules/🗣️dsl/🫀️core/🦀️component.rs:345:11
    |
345 | #[cfg(all(feature = "js", target_arch = "wasm32"))]
    |           ^^^^^^^^^^^^^^
    |
    = note: expected values for `feature` are: `default`, `deflate`, `sync`, `ureq`, and `worker`
    = help: consider adding `js` as a feature in `Cargo.toml`
    = note: see <https://doc.rust-lang.org/nightly/rustc/check-cfg/cargo-specifics.html> for more information about checking conditional configuration
    = note: `#[warn(unexpected_cfgs)]` on by default

warning: unexpected `cfg` condition value: `js`
   --> 🧰️framework/🛍️products/💻️os/📦️packages/🦀️rust/./../../🔨️modules/🗣️dsl/🫀️core/🦀️component.rs:351:11
    |
351 | #[cfg(all(feature = "js", target_arch = "wasm32"))]
    |           ^^^^^^^^^^^^^^
    |
    = note: expected values for `feature` are: `default`, `deflate`, `sync`, `ureq`, and `worker`
    = help: consider adding `js` as a feature in `Cargo.toml`
    = note: see <https://doc.rust-lang.org/nightly/rustc/check-cfg/cargo-specifics.html> for more information about checking conditional configuration

warning: ambiguous glob re-exports
   --> 🧰️framework/🛍️products/💻️os/📦️packages/🦀️rust/📦️glue.rs:185:9
    |
185 | pub use crate::os_dsl::*;
    |         ^^^^^^^^^^^^^^^^ the name `canonicalize` in the value namespace is first re-exported here
...
198 | pub use crate::os_dsl::grammar::*;
    |         ------------------------- but the name `canonicalize` in the value namespace is also re-exported here
    |
    = note: `#[warn(ambiguous_glob_reexports)]` on by default

warning: ambiguous glob re-exports
   --> 🧰️framework/🛍️products/💻️os/📦️packages/🦀️rust/📦️glue.rs:185:9
    |
185 | pub use crate::os_dsl::*;
    |         ^^^^^^^^^^^^^^^^ the name `test_support` in the type namespace is first re-exported here
186 | pub use crate::os_store::*;
    |         ------------------ but the name `test_support` in the type namespace is also re-exported here

warning: ambiguous glob re-exports
   --> 🧰️framework/🛍️products/💻️os/📦️packages/🦀️rust/📦️glue.rs:185:9
    |
185 | pub use crate::os_dsl::*;
    |         ^^^^^^^^^^^^^^^^ the name `core` in the type namespace is first re-exported here
...
188 | pub use crate::os_pack::*;
    |         ----------------- but the name `core` in the type namespace is also re-exported here

warning: ambiguous glob re-exports
   --> 🧰️framework/🛍️products/💻️os/📦️packages/🦀️rust/📦️glue.rs:185:9
    |
185 | pub use crate::os_dsl::*;
    |         ^^^^^^^^^^^^^^^^ the name `Symbol` in the type namespace is first re-exported here
...
198 | pub use crate::os_dsl::grammar::*;
    |         ------------------------- but the name `Symbol` in the type namespace is also re-exported here

warning: ambiguous glob re-exports
   --> 🧰️framework/🛍️products/💻️os/📦️packages/🦀️rust/📦️glue.rs:187:9
    |
187 | pub use crate::os_spr::*;
    |         ^^^^^^^^^^^^^^^^ the name `cli` in the type namespace is first re-exported here
...
194 | pub use crate::os_semio::*;
    |         ------------------ but the name `cli` in the type namespace is also re-exported here

warning: ambiguous glob re-exports
   --> 🧰️framework/🛍️products/💻️os/📦️packages/🦀️rust/📦️glue.rs:187:9
    |
187 | pub use crate::os_spr::*;
    |         ^^^^^^^^^^^^^^^^ the name `format` in the type namespace is first re-exported here
188 | pub use crate::os_pack::*;
    |         ----------------- but the name `format` in the type namespace is also re-exported here

warning: ambiguous glob re-exports
   --> 🧰️framework/🛍️products/💻️os/📦️packages/🦀️rust/📦️glue.rs:187:9
    |
187 | pub use crate::os_spr::*;
    |         ^^^^^^^^^^^^^^^^ the name `io` in the type namespace is first re-exported here
188 | pub use crate::os_pack::*;
    |         ----------------- but the name `io` in the type namespace is also re-exported here

warning: ambiguous glob re-exports
   --> 🧰️framework/🛍️products/💻️os/📦️packages/🦀️rust/📦️glue.rs:187:9
    |
187 | pub use crate::os_spr::*;
    |         ^^^^^^^^^^^^^^^^ the name `testkit` in the type namespace is first re-exported here
188 | pub use crate::os_pack::*;
    |         ----------------- but the name `testkit` in the type namespace is also re-exported here

warning: ambiguous glob re-exports
   --> 🧰️framework/🛍️products/💻️os/📦️packages/🦀️rust/📦️glue.rs:188:9
    |
187 | pub use crate::os_spr::*;
    |         ---------------- but the name `read_varint_u64` in the value namespace is also re-exported here
188 | pub use crate::os_pack::*;
    |         ^^^^^^^^^^^^^^^^^ the name `read_varint_u64` in the value namespace is first re-exported here

warning: ambiguous glob re-exports
   --> 🧰️framework/🛍️products/💻️os/📦️packages/🦀️rust/📦️glue.rs:188:9
    |
187 | pub use crate::os_spr::*;
    |         ---------------- but the name `write_varint_u64` in the value namespace is also re-exported here
188 | pub use crate::os_pack::*;
    |         ^^^^^^^^^^^^^^^^^ the name `write_varint_u64` in the value namespace is first re-exported here

warning: ambiguous glob re-exports
   --> 🧰️framework/🛍️products/💻️os/📦️packages/🦀️rust/📦️glue.rs:188:9
    |
187 | pub use crate::os_spr::*;
    |         ---------------- but the name `recover_file` in the value namespace is also re-exported here
188 | pub use crate::os_pack::*;
    |         ^^^^^^^^^^^^^^^^^ the name `recover_file` in the value namespace is first re-exported here

warning: ambiguous glob re-exports
   --> 🧰️framework/🛍️products/💻️os/📦️packages/🦀️rust/📦️glue.rs:188:9
    |
187 | pub use crate::os_spr::*;
    |         ---------------- but the name `RecoveryReport` in the type namespace is also re-exported here
188 | pub use crate::os_pack::*;
    |         ^^^^^^^^^^^^^^^^^ the name `RecoveryReport` in the type namespace is first re-exported here

warning: ambiguous glob re-exports
   --> 🧰️framework/🛍️products/💻️os/📦️packages/🦀️rust/📦️glue.rs:188:9
    |
187 | pub use crate::os_spr::*;
    |         ---------------- but the name `VerificationLevel` in the type namespace is also re-exported here
188 | pub use crate::os_pack::*;
    |         ^^^^^^^^^^^^^^^^^ the name `VerificationLevel` in the type namespace is first re-exported here

warning: ambiguous glob re-exports
   --> 🧰️framework/🛍️products/💻️os/📦️packages/🦀️rust/📦️glue.rs:188:9
    |
187 | pub use crate::os_spr::*;
    |         ---------------- but the name `WriteOptions` in the type namespace is also re-exported here
188 | pub use crate::os_pack::*;
    |         ^^^^^^^^^^^^^^^^^ the name `WriteOptions` in the type namespace is first re-exported here

warning: ambiguous glob re-exports
   --> 🧰️framework/🛍️products/💻️os/📦️packages/🦀️rust/📦️glue.rs:188:9
    |
187 | pub use crate::os_spr::*;
    |         ---------------- but the name `DecodeOptions` in the type namespace is also re-exported here
188 | pub use crate::os_pack::*;
    |         ^^^^^^^^^^^^^^^^^ the name `DecodeOptions` in the type namespace is first re-exported here

warning: ambiguous glob re-exports
   --> 🧰️framework/🛍️products/💻️os/📦️packages/🦀️rust/📦️glue.rs:188:9
    |
187 | pub use crate::os_spr::*;
    |         ---------------- but the name `EncodeOptions` in the type namespace is also re-exported here
188 | pub use crate::os_pack::*;
    |         ^^^^^^^^^^^^^^^^^ the name `EncodeOptions` in the type namespace is first re-exported here

warning: ambiguous glob re-exports
   --> 🧰️framework/🛍️products/💻️os/📦️packages/🦀️rust/📦️glue.rs:198:9
    |
186 | pub use crate::os_store::*;
    |         ------------------ but the name `Alternative` in the type namespace is also re-exported here
...
198 | pub use crate::os_dsl::grammar::*;
    |         ^^^^^^^^^^^^^^^^^^^^^^^^^ the name `Alternative` in the type namespace is first re-exported here

warning: unused import: `crate::os_dsl::core::*`
   --> 🧰️framework/🛍️products/💻️os/📦️packages/🦀️rust/📦️glue.rs:199:9
    |
199 | pub use crate::os_dsl::core::*;
    |         ^^^^^^^^^^^^^^^^^^^^^^
    |
    = note: `#[warn(unused_imports)]` (part of `#[warn(unused)]`) on by default

warning: unused variable: `len`
    --> 🧰️framework/🛍️products/💻️os/📦️packages/🦀️rust/./../../🔨️modules/🗣️dsl/🫀️core/🦀️component.rs:1083:21
     |
1083 |                 let len = end_j - i;
     |                     ^^^ help: if this is intentional, prefix it with an underscore: `_len`
     |
     = note: `#[warn(unused_variables)]` (part of `#[warn(unused)]`) on by default

warning: function `print_edge_label` is never used
   --> 🧰️framework/🛍️products/💻️os/📦️packages/🦀️rust/./../../🔨️modules/🗣️dsl/🖋️notation/🦀️component.rs:269:4
    |
269 | fn print_edge_label(label: &EdgeLabel, out: &mut String) {
    |    ^^^^^^^^^^^^^^^^
    |
    = note: `#[warn(dead_code)]` (part of `#[warn(unused)]`) on by default

warning: method `set_envelope` is never used
    --> 🧰️framework/🛍️products/💻️os/📦️packages/🦀️rust/./../../🔨️modules/🏪️store/🦀️component.rs:2075:19
     |
1969 | / impl<P, Operation> DocumentStore<P, Operation>
1970 | | where
1971 | |     P: Clone + Serialize + DeserializeOwned + DocumentPack,
1972 | |     Operation: Clone + Serialize + DeserializeOwned + self::Operation<P> + OpBinary + OpText,
     | |_____________________________________________________________________________________________- method in this implementation
...
2075 |       pub(crate) fn set_envelope(&mut self, envelope: DocumentEnvelope<P, Operation>, applied_edit_ids: Vec<String>) {
     |                     ^^^^^^^^^^^^

warning: `semio-framework-os-kernel` (lib) generated 27 warnings (run `cargo fix --lib -p semio-framework-os-kernel` to apply 6 suggestions)
    Checking semio-framework-ui v0.1.0 (/Users/ueli/Documents/semio/🧰️framework/🔨️modules/🖱️ui/📦️packages/🦀️rust)
    Checking semio-framework-core v0.1.0 (/Users/ueli/Documents/semio/🧰️framework/📦️packages/🦀️rust)
    Checking semio-framework-plugin-host v0.1.0 (/Users/ueli/Documents/semio/🧰️framework/🛍️products/💻️os/🔨️modules/🔌️plugin/🖥️host/📦️packages/🦀️rust)
error[E0407]: method `ensure_session` is not a member of trait `semio::framework::host::Host`
   --> 🧰️framework/🛍️products/💻️os/🔨️modules/🔌️plugin/🖥️host/📦️packages/🦀️rust/../../🦀️component.rs:242:5
    |
242 | /     fn ensure_session(&mut self, instance_id: u32) -> &mut DocumentSession {
243 | |         self.sessions.entry(instance_id).or_insert_with(DocumentSession::new)
244 | |     }
    | |_____^ not a member of trait `semio::framework::host::Host`

error[E0407]: method `adopt_document` is not a member of trait `semio::framework::host::Host`
   --> 🧰️framework/🛍️products/💻️os/🔨️modules/🔌️plugin/🖥️host/📦️packages/🦀️rust/../../🦀️component.rs:246:5
    |
246 | /     fn adopt_document(&mut self, instance_id: u32, pack: Vec<u8>, spr: Vec<u8>, ops: String) {
247 | |         let session = self.ensure_session(instance_id);
248 | |         session.document.adopt(pack, spr, ops);
249 | |         session.generation = session.generation.saturating_add(1);
250 | |     }
    | |_____^ not a member of trait `semio::framework::host::Host`

error[E0407]: method `adopt_config` is not a member of trait `semio::framework::host::Host`
   --> 🧰️framework/🛍️products/💻️os/🔨️modules/🔌️plugin/🖥️host/📦️packages/🦀️rust/../../🦀️component.rs:252:5
    |
252 | /     fn adopt_config(&mut self, instance_id: u32, pack: Vec<u8>, spr: Vec<u8>, ops: String) {
253 | |         let session = self.ensure_session(instance_id);
254 | |         session.config.adopt(pack, spr, ops);
255 | |         session.generation = session.generation.saturating_add(1);
256 | |     }
    | |_____^ not a member of trait `semio::framework::host::Host`

error[E0407]: method `adopt_draft` is not a member of trait `semio::framework::host::Host`
   --> 🧰️framework/🛍️products/💻️os/🔨️modules/🔌️plugin/🖥️host/📦️packages/🦀️rust/../../🦀️component.rs:258:5
    |
258 | /     fn adopt_draft(&mut self, instance_id: u32, pack: Vec<u8>, spr: Vec<u8>, ops: String) {
259 | |         let session = self.ensure_session(instance_id);
260 | |         session.draft.adopt(pack, spr, ops);
261 | |         session.generation = session.generation.saturating_add(1);
262 | |     }
    | |_____^ not a member of trait `semio::framework::host::Host`

warning: unused extern crate
 --> 🧰️framework/🛍️products/💻️os/🔨️modules/🔌️plugin/🖥️host/📦️packages/🦀️rust/📦️glue.rs:3:1
  |
3 | extern crate semio_framework_os_kernel as vcs;
  | ^^^^^^^^^^^^^^^^^^^^^^^^^^^^^^^^^^^^^^^^^^^^^^ unused
  |
  = note: `-W unused-extern-crates` implied by `-W rust-2018-idioms`
  = help: to override `-W rust-2018-idioms` add `#[allow(unused_extern_crates)]`
help: remove the unused `extern crate`
  |
3 - extern crate semio_framework_os_kernel as vcs;
  |

error[E0599]: no method named `adopt_document` found for mutable reference `&mut HostState` in the current scope
   --> 🧰️framework/🛍️products/💻️os/🔨️modules/🔌️plugin/🖥️host/📦️packages/🦀️rust/../../🦀️component.rs:462:26
    |
462 |                     host.adopt_document(instance_id, pack, spr, String::new());
    |                          ^^^^^^^^^^^^^^ method not found in `&mut HostState`

error[E0599]: no method named `ensure_session` found for mutable reference `&mut HostState` in the current scope
   --> 🧰️framework/🛍️products/💻️os/🔨️modules/🔌️plugin/🖥️host/📦️packages/🦀️rust/../../🦀️component.rs:259:28
    |
259 |         let session = self.ensure_session(instance_id);
    |                            ^^^^^^^^^^^^^^ method not found in `&mut HostState`

error[E0599]: no method named `adopt_document` found for mutable reference `&mut HostState` in the current scope
   --> 🧰️framework/🛍️products/💻️os/🔨️modules/🔌️plugin/🖥️host/📦️packages/🦀️rust/../../🦀️component.rs:494:26
    |
494 |                     host.adopt_document(instance_id, pack, spr, ops);
    |                          ^^^^^^^^^^^^^^ method not found in `&mut HostState`

error[E0599]: no method named `ensure_session` found for mutable reference `&mut HostState` in the current scope
   --> 🧰️framework/🛍️products/💻️os/🔨️modules/🔌️plugin/🖥️host/📦️packages/🦀️rust/../../🦀️component.rs:379:26
    |
379 |         store.data_mut().ensure_session(instance_id);
    |                          ^^^^^^^^^^^^^^ method not found in `&mut HostState`

error[E0599]: no method named `ensure_session` found for mutable reference `&mut HostState` in the current scope
   --> 🧰️framework/🛍️products/💻️os/🔨️modules/🔌️plugin/🖥️host/📦️packages/🦀️rust/../../🦀️component.rs:247:28
    |
247 |         let session = self.ensure_session(instance_id);
    |                            ^^^^^^^^^^^^^^ method not found in `&mut HostState`

error[E0599]: no method named `ensure_session` found for mutable reference `&mut HostState` in the current scope
   --> 🧰️framework/🛍️products/💻️os/🔨️modules/🔌️plugin/🖥️host/📦️packages/🦀️rust/../../🦀️component.rs:446:26
    |
446 |         store.data_mut().ensure_session(instance_id);
    |                          ^^^^^^^^^^^^^^ method not found in `&mut HostState`

error[E0599]: no method named `adopt_config` found for mutable reference `&mut HostState` in the current scope
   --> 🧰️framework/🛍️products/💻️os/🔨️modules/🔌️plugin/🖥️host/📦️packages/🦀️rust/../../🦀️component.rs:497:26
    |
497 |                     host.adopt_config(instance_id, pack, spr, ops);
    |                          ^^^^^^^^^^^^ method not found in `&mut HostState`

error[E0599]: no method named `adopt_config` found for mutable reference `&mut HostState` in the current scope
   --> 🧰️framework/🛍️products/💻️os/🔨️modules/🔌️plugin/🖥️host/📦️packages/🦀️rust/../../🦀️component.rs:465:26
    |
465 |                     host.adopt_config(instance_id, pack, spr, String::new());
    |                          ^^^^^^^^^^^^ method not found in `&mut HostState`

error[E0599]: no method named `ensure_session` found for mutable reference `&mut HostState` in the current scope
   --> 🧰️framework/🛍️products/💻️os/🔨️modules/🔌️plugin/🖥️host/📦️packages/🦀️rust/../../🦀️component.rs:253:28
    |
253 |         let session = self.ensure_session(instance_id);
    |                            ^^^^^^^^^^^^^^ method not found in `&mut HostState`

error[E0599]: no method named `adopt_draft` found for mutable reference `&mut HostState` in the current scope
   --> 🧰️framework/🛍️products/💻️os/🔨️modules/🔌️plugin/🖥️host/📦️packages/🦀️rust/../../🦀️component.rs:500:26
    |
500 |                     host.adopt_draft(instance_id, pack, spr, ops);
    |                          ^^^^^^^^^^^ method not found in `&mut HostState`

error[E0599]: no method named `adopt_config` found for mutable reference `&mut HostState` in the current scope
   --> 🧰️framework/🛍️products/💻️os/🔨️modules/🔌️plugin/🖥️host/📦️packages/🦀️rust/../../🦀️component.rs:469:30
    |
469 |                         host.adopt_config(instance_id, pack, spr, String::new());
    |                              ^^^^^^^^^^^^ method not found in `&mut HostState`

error[E0599]: no method named `ensure_session` found for mutable reference `&mut HostState` in the current scope
   --> 🧰️framework/🛍️products/💻️os/🔨️modules/🔌️plugin/🖥️host/📦️packages/🦀️rust/../../🦀️component.rs:503:40
    |
503 |                     let session = host.ensure_session(instance_id);
    |                                        ^^^^^^^^^^^^^^ method not found in `&mut HostState`

error[E0599]: no method named `adopt_document` found for mutable reference `&mut HostState` in the current scope
   --> 🧰️framework/🛍️products/💻️os/🔨️modules/🔌️plugin/🖥️host/📦️packages/🦀️rust/../../🦀️component.rs:474:30
    |
474 |                         host.adopt_document(instance_id, document, document_spr, String::new());
    |                              ^^^^^^^^^^^^^^ method not found in `&mut HostState`

error[E0599]: no method named `adopt_config` found for mutable reference `&mut HostState` in the current scope
   --> 🧰️framework/🛍️products/💻️os/🔨️modules/🔌️plugin/🖥️host/📦️packages/🦀️rust/../../🦀️component.rs:477:30
    |
477 |                         host.adopt_config(instance_id, config, config_spr, String::new());
    |                              ^^^^^^^^^^^^ method not found in `&mut HostState`

error[E0599]: no method named `adopt_draft` found for mutable reference `&mut HostState` in the current scope
   --> 🧰️framework/🛍️products/💻️os/🔨️modules/🔌️plugin/🖥️host/📦️packages/🦀️rust/../../🦀️component.rs:480:30
    |
480 |                         host.adopt_draft(instance_id, draft, draft_spr, String::new());
    |                              ^^^^^^^^^^^ method not found in `&mut HostState`

Some errors have detailed explanations: E0407, E0599.
For more information about an error, try `rustc --explain E0407`.
warning: `semio-framework-plugin-host` (lib) generated 1 warning
error: could not compile `semio-framework-plugin-host` (lib) due to 19 previous errors; 1 warning emitted
EXIT:0
