warning: unused extern crate
 --> 🧰️framework/🛍️products/💻️os/📦️packages/🦀️rust/📦️glue.rs:7:1
  |
7 | extern crate self as dsl_grammar;
  | ^^^^^^^^^^^^^^^^^^^^^^^^^^^^^^^^^ unused
  |
  = note: `-W unused-extern-crates` implied by `-W rust-2018-idioms`
  = help: to override `-W rust-2018-idioms` add `#[allow(unused_extern_crates)]`
help: remove the unused `extern crate`
  |
7 - extern crate self as dsl_grammar;
  |

warning: unused extern crate
  --> 🧰️framework/🛍️products/💻️os/📦️packages/🦀️rust/📦️glue.rs:11:1
   |
11 | extern crate self as pack;
   | ^^^^^^^^^^^^^^^^^^^^^^^^^^ unused
   |
help: remove the unused `extern crate`
   |
11 - extern crate self as pack;
   |

warning: unused extern crate
  --> 🧰️framework/🛍️products/💻️os/📦️packages/🦀️rust/📦️glue.rs:12:1
   |
12 | extern crate self as spr;
   | ^^^^^^^^^^^^^^^^^^^^^^^^^ unused
   |
help: remove the unused `extern crate`
   |
12 - extern crate self as spr;
   |

warning: unused extern crate
  --> 🧰️framework/🛍️products/💻️os/📦️packages/🦀️rust/📦️glue.rs:13:1
   |
13 | extern crate self as vcs;
   | ^^^^^^^^^^^^^^^^^^^^^^^^^ unused
   |
help: remove the unused `extern crate`
   |
13 - extern crate self as vcs;
   |

warning: private item shadows public glob re-export
   --> 🧰️framework/🛍️products/💻️os/📦️packages/🦀️rust/📦️glue.rs:14:1
    |
 14 | extern crate self as semio_format;
    | ^^^^^^^^^^^^^^^^^^^^^^^^^^^^^^^^^^
    |
note: the name `semio_format` in the type namespace is supposed to be publicly re-exported here
   --> 🧰️framework/🛍️products/💻️os/📦️packages/🦀️rust/📦️glue.rs:186:9
    |
186 | pub use crate::os_store::*;
    |         ^^^^^^^^^^^^^^^^^^
note: but the private item here shadows it
   --> 🧰️framework/🛍️products/💻️os/📦️packages/🦀️rust/📦️glue.rs:14:1
    |
 14 | extern crate self as semio_format;
    | ^^^^^^^^^^^^^^^^^^^^^^^^^^^^^^^^^^
    = note: `#[warn(hidden_glob_reexports)]` on by default

warning: unexpected `cfg` condition value: `js`
   --> 🧰️framework/🛍️products/💻️os/📦️packages/🦀️rust/./../../🔨️modules/🗣️dsl/🫀️core/🦀️component.rs:345:11
    |
345 | #[cfg(all(feature = "js", target_arch = "wasm32"))]
    |           ^^^^^^^^^^^^^^
    |
    = note: expected values for `feature` are: `default`, `deflate`, `sync`, `ureq`, and `worker`
    = help: consider adding `js` as a feature in `Cargo.toml`
    = note: see <https://doc.rust-lang.org/nightly/rustc/check-cfg/cargo-specifics.html> for more information about checking conditional configuration
    = note: `#[warn(unexpected_cfgs)]` on by default

warning: unexpected `cfg` condition value: `js`
   --> 🧰️framework/🛍️products/💻️os/📦️packages/🦀️rust/./../../🔨️modules/🗣️dsl/🫀️core/🦀️component.rs:351:11
    |
351 | #[cfg(all(feature = "js", target_arch = "wasm32"))]
    |           ^^^^^^^^^^^^^^
    |
    = note: expected values for `feature` are: `default`, `deflate`, `sync`, `ureq`, and `worker`
    = help: consider adding `js` as a feature in `Cargo.toml`
    = note: see <https://doc.rust-lang.org/nightly/rustc/check-cfg/cargo-specifics.html> for more information about checking conditional configuration

warning: ambiguous glob re-exports
   --> 🧰️framework/🛍️products/💻️os/📦️packages/🦀️rust/📦️glue.rs:185:9
    |
185 | pub use crate::os_dsl::*;
    |         ^^^^^^^^^^^^^^^^ the name `canonicalize` in the value namespace is first re-exported here
...
198 | pub use crate::os_dsl::grammar::*;
    |         ------------------------- but the name `canonicalize` in the value namespace is also re-exported here
    |
    = note: `#[warn(ambiguous_glob_reexports)]` on by default

warning: ambiguous glob re-exports
   --> 🧰️framework/🛍️products/💻️os/📦️packages/🦀️rust/📦️glue.rs:185:9
    |
185 | pub use crate::os_dsl::*;
    |         ^^^^^^^^^^^^^^^^ the name `test_support` in the type namespace is first re-exported here
186 | pub use crate::os_store::*;
    |         ------------------ but the name `test_support` in the type namespace is also re-exported here

warning: ambiguous glob re-exports
   --> 🧰️framework/🛍️products/💻️os/📦️packages/🦀️rust/📦️glue.rs:185:9
    |
185 | pub use crate::os_dsl::*;
    |         ^^^^^^^^^^^^^^^^ the name `core` in the type namespace is first re-exported here
...
188 | pub use crate::os_pack::*;
    |         ----------------- but the name `core` in the type namespace is also re-exported here

warning: ambiguous glob re-exports
   --> 🧰️framework/🛍️products/💻️os/📦️packages/🦀️rust/📦️glue.rs:185:9
    |
185 | pub use crate::os_dsl::*;
    |         ^^^^^^^^^^^^^^^^ the name `Symbol` in the type namespace is first re-exported here
...
198 | pub use crate::os_dsl::grammar::*;
    |         ------------------------- but the name `Symbol` in the type namespace is also re-exported here

warning: ambiguous glob re-exports
   --> 🧰️framework/🛍️products/💻️os/📦️packages/🦀️rust/📦️glue.rs:187:9
    |
187 | pub use crate::os_spr::*;
    |         ^^^^^^^^^^^^^^^^ the name `apply_collection_operation` in the value namespace is first re-exported here
...
192 | pub use crate::os_vcs::*;
    |         ---------------- but the name `apply_collection_operation` in the value namespace is also re-exported here

warning: ambiguous glob re-exports
   --> 🧰️framework/🛍️products/💻️os/📦️packages/🦀️rust/📦️glue.rs:187:9
    |
187 | pub use crate::os_spr::*;
    |         ^^^^^^^^^^^^^^^^ the name `collection_diff_from_operation` in the value namespace is first re-exported here
...
192 | pub use crate::os_vcs::*;
    |         ---------------- but the name `collection_diff_from_operation` in the value namespace is also re-exported here

warning: ambiguous glob re-exports
   --> 🧰️framework/🛍️products/💻️os/📦️packages/🦀️rust/📦️glue.rs:187:9
    |
187 | pub use crate::os_spr::*;
    |         ^^^^^^^^^^^^^^^^ the name `invert_collection_operation` in the value namespace is first re-exported here
...
192 | pub use crate::os_vcs::*;
    |         ---------------- but the name `invert_collection_operation` in the value namespace is also re-exported here

warning: ambiguous glob re-exports
   --> 🧰️framework/🛍️products/💻️os/📦️packages/🦀️rust/📦️glue.rs:187:9
    |
187 | pub use crate::os_spr::*;
    |         ^^^^^^^^^^^^^^^^ the name `Identified` in the type namespace is first re-exported here
...
192 | pub use crate::os_vcs::*;
    |         ---------------- but the name `Identified` in the type namespace is also re-exported here

warning: ambiguous glob re-exports
   --> 🧰️framework/🛍️products/💻️os/📦️packages/🦀️rust/📦️glue.rs:187:9
    |
187 | pub use crate::os_spr::*;
    |         ^^^^^^^^^^^^^^^^ the name `Patchable` in the type namespace is first re-exported here
...
192 | pub use crate::os_vcs::*;
    |         ---------------- but the name `Patchable` in the type namespace is also re-exported here

warning: ambiguous glob re-exports
   --> 🧰️framework/🛍️products/💻️os/📦️packages/🦀️rust/📦️glue.rs:187:9
    |
187 | pub use crate::os_spr::*;
    |         ^^^^^^^^^^^^^^^^ the name `cli` in the type namespace is first re-exported here
...
194 | pub use crate::os_semio::*;
    |         ------------------ but the name `cli` in the type namespace is also re-exported here

warning: ambiguous glob re-exports
   --> 🧰️framework/🛍️products/💻️os/📦️packages/🦀️rust/📦️glue.rs:187:9
    |
187 | pub use crate::os_spr::*;
    |         ^^^^^^^^^^^^^^^^ the name `format` in the type namespace is first re-exported here
188 | pub use crate::os_pack::*;
    |         ----------------- but the name `format` in the type namespace is also re-exported here

warning: ambiguous glob re-exports
   --> 🧰️framework/🛍️products/💻️os/📦️packages/🦀️rust/📦️glue.rs:187:9
    |
187 | pub use crate::os_spr::*;
    |         ^^^^^^^^^^^^^^^^ the name `io` in the type namespace is first re-exported here
188 | pub use crate::os_pack::*;
    |         ----------------- but the name `io` in the type namespace is also re-exported here

warning: ambiguous glob re-exports
   --> 🧰️framework/🛍️products/💻️os/📦️packages/🦀️rust/📦️glue.rs:187:9
    |
187 | pub use crate::os_spr::*;
    |         ^^^^^^^^^^^^^^^^ the name `testkit` in the type namespace is first re-exported here
188 | pub use crate::os_pack::*;
    |         ----------------- but the name `testkit` in the type namespace is also re-exported here

warning: ambiguous glob re-exports
   --> 🧰️framework/🛍️products/💻️os/📦️packages/🦀️rust/📦️glue.rs:188:9
    |
187 | pub use crate::os_spr::*;
    |         ---------------- but the name `read_varint_u64` in the value namespace is also re-exported here
188 | pub use crate::os_pack::*;
    |         ^^^^^^^^^^^^^^^^^ the name `read_varint_u64` in the value namespace is first re-exported here

warning: ambiguous glob re-exports
   --> 🧰️framework/🛍️products/💻️os/📦️packages/🦀️rust/📦️glue.rs:188:9
    |
187 | pub use crate::os_spr::*;
    |         ---------------- but the name `write_varint_u64` in the value namespace is also re-exported here
188 | pub use crate::os_pack::*;
    |         ^^^^^^^^^^^^^^^^^ the name `write_varint_u64` in the value namespace is first re-exported here

warning: ambiguous glob re-exports
   --> 🧰️framework/🛍️products/💻️os/📦️packages/🦀️rust/📦️glue.rs:188:9
    |
187 | pub use crate::os_spr::*;
    |         ---------------- but the name `recover_file` in the value namespace is also re-exported here
188 | pub use crate::os_pack::*;
    |         ^^^^^^^^^^^^^^^^^ the name `recover_file` in the value namespace is first re-exported here

warning: ambiguous glob re-exports
   --> 🧰️framework/🛍️products/💻️os/📦️packages/🦀️rust/📦️glue.rs:188:9
    |
187 | pub use crate::os_spr::*;
    |         ---------------- but the name `RecoveryReport` in the type namespace is also re-exported here
188 | pub use crate::os_pack::*;
    |         ^^^^^^^^^^^^^^^^^ the name `RecoveryReport` in the type namespace is first re-exported here

warning: ambiguous glob re-exports
   --> 🧰️framework/🛍️products/💻️os/📦️packages/🦀️rust/📦️glue.rs:188:9
    |
187 | pub use crate::os_spr::*;
    |         ---------------- but the name `VerificationLevel` in the type namespace is also re-exported here
188 | pub use crate::os_pack::*;
    |         ^^^^^^^^^^^^^^^^^ the name `VerificationLevel` in the type namespace is first re-exported here

warning: ambiguous glob re-exports
   --> 🧰️framework/🛍️products/💻️os/📦️packages/🦀️rust/📦️glue.rs:188:9
    |
187 | pub use crate::os_spr::*;
    |         ---------------- but the name `WriteOptions` in the type namespace is also re-exported here
188 | pub use crate::os_pack::*;
    |         ^^^^^^^^^^^^^^^^^ the name `WriteOptions` in the type namespace is first re-exported here

warning: ambiguous glob re-exports
   --> 🧰️framework/🛍️products/💻️os/📦️packages/🦀️rust/📦️glue.rs:188:9
    |
187 | pub use crate::os_spr::*;
    |         ---------------- but the name `DecodeOptions` in the type namespace is also re-exported here
188 | pub use crate::os_pack::*;
    |         ^^^^^^^^^^^^^^^^^ the name `DecodeOptions` in the type namespace is first re-exported here

warning: ambiguous glob re-exports
   --> 🧰️framework/🛍️products/💻️os/📦️packages/🦀️rust/📦️glue.rs:188:9
    |
187 | pub use crate::os_spr::*;
    |         ---------------- but the name `EncodeOptions` in the type namespace is also re-exported here
188 | pub use crate::os_pack::*;
    |         ^^^^^^^^^^^^^^^^^ the name `EncodeOptions` in the type namespace is first re-exported here

warning: ambiguous glob re-exports
   --> 🧰️framework/🛍️products/💻️os/📦️packages/🦀️rust/📦️glue.rs:192:9
    |
187 | pub use crate::os_spr::*;
    |         ---------------- but the name `ItemPatch` in the type namespace is also re-exported here
...
192 | pub use crate::os_vcs::*;
    |         ^^^^^^^^^^^^^^^^ the name `ItemPatch` in the type namespace is first re-exported here

warning: ambiguous glob re-exports
   --> 🧰️framework/🛍️products/💻️os/📦️packages/🦀️rust/📦️glue.rs:192:9
    |
187 | pub use crate::os_spr::*;
    |         ---------------- but the name `CollectionDiff` in the type namespace is also re-exported here
...
192 | pub use crate::os_vcs::*;
    |         ^^^^^^^^^^^^^^^^ the name `CollectionDiff` in the type namespace is first re-exported here

warning: ambiguous glob re-exports
   --> 🧰️framework/🛍️products/💻️os/📦️packages/🦀️rust/📦️glue.rs:192:9
    |
187 | pub use crate::os_spr::*;
    |         ---------------- but the name `CollectionOperation` in the type namespace is also re-exported here
...
192 | pub use crate::os_vcs::*;
    |         ^^^^^^^^^^^^^^^^ the name `CollectionOperation` in the type namespace is first re-exported here

warning: ambiguous glob re-exports
   --> 🧰️framework/🛍️products/💻️os/📦️packages/🦀️rust/📦️glue.rs:198:9
    |
186 | pub use crate::os_store::*;
    |         ------------------ but the name `Alternative` in the type namespace is also re-exported here
...
198 | pub use crate::os_dsl::grammar::*;
    |         ^^^^^^^^^^^^^^^^^^^^^^^^^ the name `Alternative` in the type namespace is first re-exported here

warning: unused import: `crate::os_dsl::core::*`
   --> 🧰️framework/🛍️products/💻️os/📦️packages/🦀️rust/📦️glue.rs:199:9
    |
199 | pub use crate::os_dsl::core::*;
    |         ^^^^^^^^^^^^^^^^^^^^^^
    |
    = note: `#[warn(unused_imports)]` (part of `#[warn(unused)]`) on by default

warning: unused variable: `len`
    --> 🧰️framework/🛍️products/💻️os/📦️packages/🦀️rust/./../../🔨️modules/🗣️dsl/🫀️core/🦀️component.rs:1083:21
     |
1083 |                 let len = end_j - i;
     |                     ^^^ help: if this is intentional, prefix it with an underscore: `_len`
     |
     = note: `#[warn(unused_variables)]` (part of `#[warn(unused)]`) on by default

warning: function `print_edge_label` is never used
   --> 🧰️framework/🛍️products/💻️os/📦️packages/🦀️rust/./../../🔨️modules/🗣️dsl/🖋️notation/🦀️component.rs:269:4
    |
269 | fn print_edge_label(label: &EdgeLabel, out: &mut String) {
    |    ^^^^^^^^^^^^^^^^
    |
    = note: `#[warn(dead_code)]` (part of `#[warn(unused)]`) on by default

warning: method `set_envelope` is never used
    --> 🧰️framework/🛍️products/💻️os/📦️packages/🦀️rust/./../../🔨️modules/🏪️store/🦀️component.rs:2075:19
     |
1969 | / impl<P, Operation> DocumentStore<P, Operation>
1970 | | where
1971 | |     P: Clone + Serialize + DeserializeOwned + DocumentPack,
1972 | |     Operation: Clone + Serialize + DeserializeOwned + self::Operation<P> + OpBinary + OpText,
     | |_____________________________________________________________________________________________- method in this implementation
...
2075 |       pub(crate) fn set_envelope(&mut self, envelope: DocumentEnvelope<P, Operation>, applied_edit_ids: Vec<String>) {
     |                     ^^^^^^^^^^^^

warning: `semio-framework-os-kernel` (lib) generated 36 warnings (run `cargo fix --lib -p semio-framework-os-kernel` to apply 6 suggestions)
    Checking semio-framework-os-kernel-neural-engine v0.1.0 (/Users/ueli/Documents/semio/🧰️framework/🛍️products/💻️os/🔨️modules/🧠️neural/⚙️engine/📦️packages/🦀️rust)
warning: unused extern crate
 --> 🧰️framework/🛍️products/💻️os/🔨️modules/🔌️plugin/📦️packages/🦀️rust/📦️glue.rs:5:1
  |
5 | extern crate semio_framework_os_kernel as pack;
  | ^^^^^^^^^^^^^^^^^^^^^^^^^^^^^^^^^^^^^^^^^^^^^^^ unused
  |
  = note: `-W unused-extern-crates` implied by `-W rust-2018-idioms`
  = help: to override `-W rust-2018-idioms` add `#[allow(unused_extern_crates)]`
help: remove the unused `extern crate`
  |
5 - extern crate semio_framework_os_kernel as pack;
  |

warning: unused extern crate
 --> 🧰️framework/🛍️products/💻️os/🔨️modules/🔌️plugin/📦️packages/🦀️rust/📦️glue.rs:6:1
  |
6 | extern crate semio_framework_os_kernel as spr;
  | ^^^^^^^^^^^^^^^^^^^^^^^^^^^^^^^^^^^^^^^^^^^^^^ unused
  |
help: remove the unused `extern crate`
  |
6 - extern crate semio_framework_os_kernel as spr;
  |

warning: unnecessary qualification
    --> 🧰️framework/🛍️products/💻️os/🔨️modules/🔌️plugin/📦️packages/🦀️rust/../../🦀️component.rs:3332:68
     |
3332 |         fn command_from_action(&self, action: &str, _args: Option<&serde_json::Value>) -> Result<Self::Command, Fault> {
     |                                                                    ^^^^^^^^^^^^^^^^^
     |
     = note: requested on the command line with `-W unused-qualifications`
help: remove the unnecessary path segments
     |
3332 -         fn command_from_action(&self, action: &str, _args: Option<&serde_json::Value>) -> Result<Self::Command, Fault> {
3332 +         fn command_from_action(&self, action: &str, _args: Option<&Value>) -> Result<Self::Command, Fault> {
     |

   Compiling semio-s-plugin-draw-fsm-macros v0.1.0 (/Users/ueli/Documents/semio/✏️s/🔌️plugins/🖍️draw/🔄️fsm/✨️macros/📦️packages/🦀️rust)
warning: `semio-framework-plugin` (lib) generated 3 warnings (run `cargo fix --lib -p semio-framework-plugin` to apply 3 suggestions)
    Checking semio-s-2d v0.1.0 (/Users/ueli/Documents/semio/✏️s/🔨️modules/◻2d/📦️packages/🦀️rust)
    Checking semio-framework-math v0.1.0 (/Users/ueli/Documents/semio/🧰️framework/🔨️modules/🧮️math/📦️packages/🦀️rust)
    Checking semio-s-plugin-draw-fsm v0.1.0 (/Users/ueli/Documents/semio/✏️s/🔌️plugins/🖍️draw/🔄️fsm/📦️packages/🦀️rust)
    Checking semio-s-3d v0.1.0 (/Users/ueli/Documents/semio/✏️s/🔨️modules/🧊️3d/📦️packages/🦀️rust)
error[E0609]: no field `registry` on type `&mut BrepkitKernel`
    --> ✏️s/🔨️modules/🧊️3d/📦️packages/🦀️rust/./../../📐️brep/🧰️kernel/🦀️component.rs:1942:72
     |
1942 |         if let Some(Entry { entity: Entity::Solid(solid), .. }) = self.registry.remove(handle.as_str()) {
     |                                                                        ^^^^^^^^ unknown field
     |
     = note: available fields are: `session_id`, `topo`, `cache`, `live`, `entity_lut` ... and 2 others

error[E0609]: no field `registry` on type `&mut BrepkitKernel`
    --> ✏️s/🔨️modules/🧊️3d/📦️packages/🦀️rust/./../../📐️brep/🧰️kernel/🦀️component.rs:1950:14
     |
1950 |             .registry
     |              ^^^^^^^^ unknown field
     |
     = note: available fields are: `session_id`, `topo`, `cache`, `live`, `entity_lut` ... and 2 others

error[E0609]: no field `registry` on type `&mut BrepkitKernel`
    --> ✏️s/🔨️modules/🧊️3d/📦️packages/🦀️rust/./../../📐️brep/🧰️kernel/🦀️component.rs:1958:14
     |
1958 |         self.registry.retain(|handle, _| live.contains(handle));
     |              ^^^^^^^^ unknown field
     |
     = note: available fields are: `session_id`, `topo`, `cache`, `live`, `entity_lut` ... and 2 others

error[E0609]: no field `registry` on type `&BrepkitKernel`
    --> ✏️s/🔨️modules/🧊️3d/📦️packages/🦀️rust/./../../📐️brep/🧰️kernel/🦀️component.rs:1965:14
     |
1965 |         self.registry.len()
     |              ^^^^^^^^ unknown field
     |
     = note: available fields are: `session_id`, `topo`, `cache`, `live`, `entity_lut` ... and 2 others

error[E0609]: no field `registry` on type `&mut BrepkitKernel`
   --> ✏️s/🔨️modules/🧊️3d/📦️packages/🦀️rust/./../../📐️brep/🧰️kernel/🦀️component.rs:465:28
    |
465 |         let ordinal = self.registry.len() as u32;
    |                            ^^^^^^^^ unknown field
    |
    = note: available fields are: `session_id`, `topo`, `cache`, `live`, `entity_lut` ... and 2 others

error[E0599]: no associated function or constant named `content_addressed` found for struct `GeometryHandle` in the current scope
   --> ✏️s/🔨️modules/🧊️3d/📦️packages/🦀️rust/./../../📐️brep/🧰️kernel/🦀️component.rs:467:38
    |
467 |         let handle = GeometryHandle::content_addressed(kind, &self.session_id, ordinal, &material);
    |                                      ^^^^^^^^^^^^^^^^^ associated function or constant not found in `GeometryHandle`
    |
   ::: ✏️s/🔨️modules/🧊️3d/📦️packages/🦀️rust/./../../📐️brep/⚙️engine/🦀️component.rs:52:1
    |
 52 | pub struct GeometryHandle(pub String);
    | ------------------------- associated function or constant `content_addressed` not found for this struct

error[E0609]: no field `registry` on type `&mut BrepkitKernel`
   --> ✏️s/🔨️modules/🧊️3d/📦️packages/🦀️rust/./../../📐️brep/🧰️kernel/🦀️component.rs:468:14
    |
468 |         self.registry.insert(handle.as_str().to_string(), Entry { kind, entity });
    |              ^^^^^^^^ unknown field
    |
    = note: available fields are: `session_id`, `topo`, `cache`, `live`, `entity_lut` ... and 2 others

error[E0308]: mismatched types
   --> ✏️s/🔨️modules/🧊️3d/📦️packages/🦀️rust/./../../📐️brep/🧰️kernel/🦀️component.rs:473:41
    |
473 |         self.mesh_boolean_cache.retain(|(id, _), _| *id != solid);
    |                                         ^^^^^^^
    |                                         |
    |                                         expected `EngineKey`, found `(_, _)`
    |                                         expected due to this
    |
    = note: expected struct `EngineKey`
                found tuple `(_, _)`

error[E0308]: mismatched types
   --> ✏️s/🔨️modules/🧊️3d/📦️packages/🦀️rust/./../../📐️brep/🧰️kernel/🦀️component.rs:323:94
    |
323 |             Self::Vertex { id } => Entity::Vertex(parse_topo_id(&id, topo, |t, raw| t.vertex(raw))?),
    |                                                                                       ------ ^^^ expected `Id<Vertex>`, found `u32`
    |                                                                                       |
    |                                                                                       arguments to this method are incorrect
    |
    = note: expected struct `Id<brepkit_topology::vertex::Vertex>`
                 found type `u32`
note: method defined here
   --> /Users/ueli/.cargo/git/checkouts/brepkit-760d3602f95e00d3/d470b7c/crates/topology/src/topology.rs:149:16
    |
149 |     arena_get!(vertex, vertices, Vertex, VertexId, VertexNotFound);
    |                ^^^^^^

error[E0308]: mismatched types
    --> ✏️s/🔨️modules/🧊️3d/📦️packages/🦀️rust/./../../📐️brep/🧰️kernel/🦀️component.rs:478:57
     |
 478 |         if let Some(mesh) = self.mesh_boolean_cache.get(&key) {
     |                                                     --- ^^^^ expected `&EngineKey`, found `&(Id<Solid>, u64)`
     |                                                     |
     |                                                     arguments to this method are incorrect
     |
     = note: expected reference `&EngineKey`
                found reference `&(Id<brepkit_topology::solid::Solid>, u64)`
note: method defined here
    --> /Users/ueli/.rustup/toolchains/nightly-2026-07-07-aarch64-apple-darwin/lib/rustlib/src/rust/library/std/src/collections/hash/map.rs:1035:12
     |
1035 |     pub fn get<Q: ?Sized>(&self, k: &Q) -> Option<&V>
     |            ^^^

error[E0308]: `?` operator has incompatible types
   --> ✏️s/🔨️modules/🧊️3d/📦️packages/🦀️rust/./../../📐️brep/🧰️kernel/🦀️component.rs:323:51
    |
323 |             Self::Vertex { id } => Entity::Vertex(parse_topo_id(&id, topo, |t, raw| t.vertex(raw))?),
    |                                                   ^^^^^^^^^^^^^^^^^^^^^^^^^^^^^^^^^^^^^^^^^^^^^^^^^ expected `Id<Vertex>`, found `&Vertex`
    |
    = note: `?` operator cannot convert from `&brepkit_topology::vertex::Vertex` to `Id<brepkit_topology::vertex::Vertex>`
    = note: expected struct `Id<brepkit_topology::vertex::Vertex>`
            found reference `&brepkit_topology::vertex::Vertex`

error[E0308]: mismatched types
   --> ✏️s/🔨️modules/🧊️3d/📦️packages/🦀️rust/./../../📐️brep/🧰️kernel/🦀️component.rs:324:88
    |
324 |             Self::Edge { id } => Entity::Edge(parse_topo_id(&id, topo, |t, raw| t.edge(raw))?),
    |                                                                                   ---- ^^^ expected `Id<Edge>`, found `u32`
    |                                                                                   |
    |                                                                                   arguments to this method are incorrect
    |
    = note: expected struct `Id<brepkit_topology::edge::Edge>`
                 found type `u32`
note: method defined here
   --> /Users/ueli/.cargo/git/checkouts/brepkit-760d3602f95e00d3/d470b7c/crates/topology/src/topology.rs:152:16
    |
152 |     arena_get!(edge, edges, Edge, EdgeId, EdgeNotFound);
    |                ^^^^

error[E0308]: mismatched types
    --> ✏️s/🔨️modules/🧊️3d/📦️packages/🦀️rust/./../../📐️brep/🧰️kernel/🦀️component.rs:482:40
     |
 482 |         self.mesh_boolean_cache.insert(key, mesh.clone());
     |                                 ------ ^^^ expected `EngineKey`, found `(Id<Solid>, u64)`
     |                                 |
     |                                 arguments to this method are incorrect
     |
     = note: expected struct `EngineKey`
                 found tuple `(Id<brepkit_topology::solid::Solid>, u64)`
note: method defined here
    --> /Users/ueli/.rustup/toolchains/nightly-2026-07-07-aarch64-apple-darwin/lib/rustlib/src/rust/library/std/src/collections/hash/map.rs:1333:12
     |
1333 |     pub fn insert(&mut self, k: K, v: V) -> Option<V> {
     |            ^^^^^^

error[E0308]: `?` operator has incompatible types
   --> ✏️s/🔨️modules/🧊️3d/📦️packages/🦀️rust/./../../📐️brep/🧰️kernel/🦀️component.rs:324:47
    |
324 |             Self::Edge { id } => Entity::Edge(parse_topo_id(&id, topo, |t, raw| t.edge(raw))?),
    |                                               ^^^^^^^^^^^^^^^^^^^^^^^^^^^^^^^^^^^^^^^^^^^^^^^ expected `Id<Edge>`, found `&Edge`
    |
    = note: `?` operator cannot convert from `&brepkit_topology::edge::Edge` to `Id<brepkit_topology::edge::Edge>`
    = note: expected struct `Id<brepkit_topology::edge::Edge>`
            found reference `&brepkit_topology::edge::Edge`

error[E0609]: no field `registry` on type `&BrepkitKernel`
   --> ✏️s/🔨️modules/🧊️3d/📦️packages/🦀️rust/./../../📐️brep/🧰️kernel/🦀️component.rs:491:14
    |
491 |         self.registry.get(handle.as_str()).ok_or_else(|| BrepError::MissingHandle(handle.as_str().to_string()))
    |              ^^^^^^^^ unknown field
    |
    = note: available fields are: `session_id`, `topo`, `cache`, `live`, `entity_lut` ... and 2 others

error[E0599]: no method named `semi_angle` found for reference `&ConicalSurface` in the current scope
   --> ✏️s/🔨️modules/🧊️3d/📦️packages/🦀️rust/./../../📐️brep/🧰️kernel/🦀️component.rs:291:34
    |
291 |                 semi_angle: cone.semi_angle(),
    |                                  ^^^^^^^^^^ method not found in `&ConicalSurface`

error[E0308]: mismatched types
   --> ✏️s/🔨️modules/🧊️3d/📦️packages/🦀️rust/./../../📐️brep/🧰️kernel/🦀️component.rs:325:88
    |
325 |             Self::Wire { id } => Entity::Wire(parse_topo_id(&id, topo, |t, raw| t.wire(raw))?),
    |                                                                                   ---- ^^^ expected `Id<Wire>`, found `u32`
    |                                                                                   |
    |                                                                                   arguments to this method are incorrect
    |
    = note: expected struct `Id<brepkit_topology::wire::Wire>`
                 found type `u32`
note: method defined here
   --> /Users/ueli/.cargo/git/checkouts/brepkit-760d3602f95e00d3/d470b7c/crates/topology/src/topology.rs:155:16
    |
155 |     arena_get!(wire, wires, Wire, WireId, WireNotFound);
    |                ^^^^

error[E0308]: `?` operator has incompatible types
   --> ✏️s/🔨️modules/🧊️3d/📦️packages/🦀️rust/./../../📐️brep/🧰️kernel/🦀️component.rs:325:47
    |
325 |             Self::Wire { id } => Entity::Wire(parse_topo_id(&id, topo, |t, raw| t.wire(raw))?),
    |                                               ^^^^^^^^^^^^^^^^^^^^^^^^^^^^^^^^^^^^^^^^^^^^^^^ expected `Id<Wire>`, found `&Wire`
    |
    = note: `?` operator cannot convert from `&brepkit_topology::wire::Wire` to `Id<brepkit_topology::wire::Wire>`
    = note: expected struct `Id<brepkit_topology::wire::Wire>`
            found reference `&brepkit_topology::wire::Wire`

error[E0308]: mismatched types
   --> ✏️s/🔨️modules/🧊️3d/📦️packages/🦀️rust/./../../📐️brep/🧰️kernel/🦀️component.rs:326:88
    |
326 |             Self::Face { id } => Entity::Face(parse_topo_id(&id, topo, |t, raw| t.face(raw))?),
    |                                                                                   ---- ^^^ expected `Id<Face>`, found `u32`
    |                                                                                   |
    |                                                                                   arguments to this method are incorrect
    |
    = note: expected struct `Id<brepkit_topology::face::Face>`
                 found type `u32`
note: method defined here
   --> /Users/ueli/.cargo/git/checkouts/brepkit-760d3602f95e00d3/d470b7c/crates/topology/src/topology.rs:158:16
    |
158 |     arena_get!(face, faces, Face, FaceId, FaceNotFound);
    |                ^^^^

error[E0308]: `?` operator has incompatible types
   --> ✏️s/🔨️modules/🧊️3d/📦️packages/🦀️rust/./../../📐️brep/🧰️kernel/🦀️component.rs:326:47
    |
326 |             Self::Face { id } => Entity::Face(parse_topo_id(&id, topo, |t, raw| t.face(raw))?),
    |                                               ^^^^^^^^^^^^^^^^^^^^^^^^^^^^^^^^^^^^^^^^^^^^^^^ expected `Id<Face>`, found `&Face`
    |
    = note: `?` operator cannot convert from `&brepkit_topology::face::Face` to `Id<brepkit_topology::face::Face>`
    = note: expected struct `Id<brepkit_topology::face::Face>`
            found reference `&brepkit_topology::face::Face`

error[E0599]: no method named `ref_radius` found for reference `&ConicalSurface` in the current scope
   --> ✏️s/🔨️modules/🧊️3d/📦️packages/🦀️rust/./../../📐️brep/🧰️kernel/🦀️component.rs:292:30
    |
292 |                 radius: cone.ref_radius(),
    |                              ^^^^^^^^^^ method not found in `&ConicalSurface`

error[E0308]: mismatched types
   --> ✏️s/🔨️modules/🧊️3d/📦️packages/🦀️rust/./../../📐️brep/🧰️kernel/🦀️component.rs:327:91
    |
327 |             Self::Solid { id } => Entity::Solid(parse_topo_id(&id, topo, |t, raw| t.solid(raw))?),
    |                                                                                     ----- ^^^ expected `Id<Solid>`, found `u32`
    |                                                                                     |
    |                                                                                     arguments to this method are incorrect
    |
    = note: expected struct `Id<brepkit_topology::solid::Solid>`
                 found type `u32`
note: method defined here
   --> /Users/ueli/.cargo/git/checkouts/brepkit-760d3602f95e00d3/d470b7c/crates/topology/src/topology.rs:164:16
    |
164 |     arena_get!(solid, solids, Solid, SolidId, SolidNotFound);
    |                ^^^^^

error[E0308]: `?` operator has incompatible types
   --> ✏️s/🔨️modules/🧊️3d/📦️packages/🦀️rust/./../../📐️brep/🧰️kernel/🦀️component.rs:327:49
    |
327 |             Self::Solid { id } => Entity::Solid(parse_topo_id(&id, topo, |t, raw| t.solid(raw))?),
    |                                                 ^^^^^^^^^^^^^^^^^^^^^^^^^^^^^^^^^^^^^^^^^^^^^^^^ expected `Id<Solid>`, found `&Solid`
    |
    = note: `?` operator cannot convert from `&brepkit_topology::solid::Solid` to `Id<brepkit_topology::solid::Solid>`
    = note: expected struct `Id<brepkit_topology::solid::Solid>`
            found reference `&brepkit_topology::solid::Solid`

error[E0308]: mismatched types
   --> ✏️s/🔨️modules/🧊️3d/📦️packages/🦀️rust/./../../📐️brep/🧰️kernel/🦀️component.rs:328:100
    |
328 |             Self::Compound { id } => Entity::Compound(parse_topo_id(&id, topo, |t, raw| t.compound(raw))?),
    |                                                                                           -------- ^^^ expected `Id<Compound>`, found `u32`
    |                                                                                           |
    |                                                                                           arguments to this method are incorrect
    |
    = note: expected struct `Id<Compound>`
                 found type `u32`
note: method defined here
   --> /Users/ueli/.cargo/git/checkouts/brepkit-760d3602f95e00d3/d470b7c/crates/topology/src/topology.rs:167:16
    |
167 |     arena_get!(compound, compounds, Compound, CompoundId, CompoundNotFound);
    |                ^^^^^^^^

error[E0599]: no method named `origin` found for reference `&ToroidalSurface` in the current scope
   --> ✏️s/🔨️modules/🧊️3d/📦️packages/🦀️rust/./../../📐️brep/🧰️kernel/🦀️component.rs:299:39
    |
299 |                 origin: from_p3(torus.origin()),
    |                                       ^^^^^^ method not found in `&ToroidalSurface`

error[E0308]: `?` operator has incompatible types
   --> ✏️s/🔨️modules/🧊️3d/📦️packages/🦀️rust/./../../📐️brep/🧰️kernel/🦀️component.rs:328:55
    |
328 |             Self::Compound { id } => Entity::Compound(parse_topo_id(&id, topo, |t, raw| t.compound(raw))?),
    |                                                       ^^^^^^^^^^^^^^^^^^^^^^^^^^^^^^^^^^^^^^^^^^^^^^^^^^^ expected `Id<Compound>`, found `&Compound`
    |
    = note: `?` operator cannot convert from `&Compound` to `Id<Compound>`
    = note: expected struct `Id<Compound>`
            found reference `&Compound`

error[E0599]: no associated function or constant named `from_point_direction` found for struct `Line3D` in the current scope
   --> ✏️s/🔨️modules/🧊️3d/📦️packages/🦀️rust/./../../📐️brep/🧰️kernel/🦀️component.rs:330:36
    |
330 |                 let line = Line3D::from_point_direction(p3(origin), v3(direction)).map_err(|e| BrepError::Operation(e.to_string()))?;
    |                                    ^^^^^^^^^^^^^^^^^^^^ associated function or constant not found in `Line3D`
    |
note: if you're trying to build a new `Line3D`, consider using `Line3D::new` which returns `Result<Line3D, MathError>`
   --> /Users/ueli/.cargo/git/checkouts/brepkit-760d3602f95e00d3/d470b7c/crates/math/src/curves.rs:29:5
    |
 29 |     pub fn new(origin: Point3, direction: Vec3) -> Result<Self, MathError> {
    |     ^^^^^^^^^^^^^^^^^^^^^^^^^^^^^^^^^^^^^^^^^^^^^^^^^^^^^^^^^^^^^^^^^^^^^^

error[E0599]: no associated function or constant named `from_knots_control_points` found for struct `brepkit_math::nurbs::NurbsCurve` in the current scope
   --> ✏️s/🔨️modules/🧊️3d/📦️packages/🦀️rust/./../../📐️brep/🧰️kernel/🦀️component.rs:343:41
    |
343 | ...NurbsCurve::from_knots_control_points(degree, knots, points).map_err(|e| BrepError::Operation(e.to_string()))?;
    |                ^^^^^^^^^^^^^^^^^^^^^^^^^ associated function or constant not found in `brepkit_math::nurbs::NurbsCurve`
    |
note: if you're trying to build a new `brepkit_math::nurbs::NurbsCurve`, consider using `brepkit_math::nurbs::NurbsCurve::new` which returns `Result<brepkit_math::nurbs::NurbsCurve, MathError>`
   --> /Users/ueli/.cargo/git/checkouts/brepkit-760d3602f95e00d3/d470b7c/crates/math/src/nurbs/curve.rs:35:5
    |
 35 | /     pub fn new(
 36 | |         degree: usize,
 37 | |         knots: Vec<f64>,
 38 | |         control_points: Vec<Point3>,
 39 | |         weights: Vec<f64>,
 40 | |     ) -> Result<Self, MathError> {
    | |________________________________^
help: there is a method `control_points` with a similar name, but with different arguments
   --> /Users/ueli/.cargo/git/checkouts/brepkit-760d3602f95e00d3/d470b7c/crates/math/src/nurbs/curve.rs:146:5
    |
146 |     pub fn control_points(&self) -> &[Point3] {
    |     ^^^^^^^^^^^^^^^^^^^^^^^^^^^^^^^^^^^^^^^^^

error[E0599]: no method named `axis` found for reference `&ToroidalSurface` in the current scope
   --> ✏️s/🔨️modules/🧊️3d/📦️packages/🦀️rust/./../../📐️brep/🧰️kernel/🦀️component.rs:300:37
    |
300 |                 axis: from_v3(torus.axis()),
    |                                     ^^^^
    |
help: there is a method `x_axis` with a similar name
    |
300 |                 axis: from_v3(torus.x_axis()),
    |                                     ++

error[E0061]: this function takes 3 arguments but 4 arguments were supplied
   --> ✏️s/🔨️modules/🧊️3d/📦️packages/🦀️rust/./../../📐️brep/🧰️kernel/🦀️component.rs:352:28
    |
352 | ...   let cone = ConicalSurface::new(p3(apex), v3(axis), semi_angle, radius).map_err(|e| BrepError::Operation(e.to_string()))?;
    |                  ^^^^^^^^^^^^^^^^^^^                                 ------ unexpected argument #4 of type `f64`
    |
note: associated function defined here
   --> /Users/ueli/.cargo/git/checkouts/brepkit-760d3602f95e00d3/d470b7c/crates/math/src/surfaces.rs:219:12
    |
219 |     pub fn new(apex: Point3, axis: Vec3, half_angle: f64) -> Result<Self, MathError> {
    |            ^^^
help: remove the extra argument
    |
352 -                 let cone = ConicalSurface::new(p3(apex), v3(axis), semi_angle, radius).map_err(|e| BrepError::Operation(e.to_string()))?;
352 +                 let cone = ConicalSurface::new(p3(apex), v3(axis), semi_angle).map_err(|e| BrepError::Operation(e.to_string()))?;
    |

error[E0061]: this function takes 3 arguments but 4 arguments were supplied
   --> ✏️s/🔨️modules/🧊️3d/📦️packages/🦀️rust/./../../📐️brep/🧰️kernel/🦀️component.rs:360:29
    |
360 | ...   let torus = ToroidalSurface::new(p3(origin), v3(axis), major, minor).map_err(|e| BrepError::Operation(e.to_string()))?;
    |                   ^^^^^^^^^^^^^^^^^^^^             -------- unexpected argument #2 of type `brepkit_math::vec::Vector<3>`
    |
note: associated function defined here
   --> /Users/ueli/.cargo/git/checkouts/brepkit-760d3602f95e00d3/d470b7c/crates/math/src/surfaces.rs:551:12
    |
551 |     pub fn new(center: Point3, major_radius: f64, minor_radius: f64) -> Result<Self, MathError> {
    |            ^^^
help: remove the extra argument
    |
360 -                 let torus = ToroidalSurface::new(p3(origin), v3(axis), major, minor).map_err(|e| BrepError::Operation(e.to_string()))?;
360 +                 let torus = ToroidalSurface::new(p3(origin), major, minor).map_err(|e| BrepError::Operation(e.to_string()))?;
    |

error[E0599]: no associated function or constant named `from_knots_control_points` found for struct `NurbsSurface` in the current scope
   --> ✏️s/🔨️modules/🧊️3d/📦️packages/🦀️rust/./../../📐️brep/🧰️kernel/🦀️component.rs:365:45
    |
365 | ...   let surface = NurbsSurface::from_knots_control_points(degree_u, degree_v, knots_u, knots_v, grid).map_err(|e| BrepError::Oper...
    |                                   ^^^^^^^^^^^^^^^^^^^^^^^^^ associated function or constant not found in `NurbsSurface`
    |
note: if you're trying to build a new `NurbsSurface`, consider using `NurbsSurface::new` which returns `Result<NurbsSurface, MathError>`
   --> /Users/ueli/.cargo/git/checkouts/brepkit-760d3602f95e00d3/d470b7c/crates/math/src/nurbs/surface.rs:44:5
    |
 44 | /     pub fn new(
 45 | |         degree_u: usize,
 46 | |         degree_v: usize,
 47 | |         knots_u: Vec<f64>,
...   |
 50 | |         weights: Vec<Vec<f64>>,
 51 | |     ) -> Result<Self, MathError> {
    | |________________________________^
help: there is a method `control_points` with a similar name, but with different arguments
   --> /Users/ueli/.cargo/git/checkouts/brepkit-760d3602f95e00d3/d470b7c/crates/math/src/nurbs/surface.rs:193:5
    |
193 |     pub fn control_points(&self) -> &[Vec<Point3>] {
    |     ^^^^^^^^^^^^^^^^^^^^^^^^^^^^^^^^^^^^^^^^^^^^^^

error[E0433]: cannot find `Self` in this scope
   --> ✏️s/🔨️modules/🧊️3d/📦️packages/🦀️rust/./../../📐️brep/🧰️kernel/🦀️component.rs:378:33
    |
378 |     access(topo, index).map_err(Self::map_topo_err)
    |                                 ^^^^ `Self` is only available in impls, traits, and type definitions

Some errors have detailed explanations: E0061, E0308, E0433, E0599, E0609.
For more information about an error, try `rustc --explain E0061`.
error: could not compile `semio-s-3d` (lib) due to 33 previous errors
