    Checking semio-framework-os-kernel v0.1.0 (/Users/ueli/Documents/semio/🧰️framework/🛍️products/💻️os/📦️packages/🦀️rust)
🧰️framework/🛍️products/💻️os/📦️packages/🦀️rust/📦️glue.rs:7:1: warning: unused extern crate: unused
🧰️framework/🛍️products/💻️os/📦️packages/🦀️rust/📦️glue.rs:11:1: warning: unused extern crate: unused
🧰️framework/🛍️products/💻️os/📦️packages/🦀️rust/📦️glue.rs:12:1: warning: unused extern crate: unused
🧰️framework/🛍️products/💻️os/📦️packages/🦀️rust/📦️glue.rs:13:1: warning: unused extern crate: unused
🧰️framework/🛍️products/💻️os/📦️packages/🦀️rust/./../../🔨️modules/🗣️dsl/🫀️core/🦀️component.rs:345:11: warning: unexpected `cfg` condition value: `js`
🧰️framework/🛍️products/💻️os/📦️packages/🦀️rust/./../../🔨️modules/🗣️dsl/🫀️core/🦀️component.rs:351:11: warning: unexpected `cfg` condition value: `js`
🧰️framework/🛍️products/💻️os/📦️packages/🦀️rust/📦️glue.rs:185:9: warning: ambiguous glob re-exports: the name `canonicalize` in the value namespace is first re-exported here
🧰️framework/🛍️products/💻️os/📦️packages/🦀️rust/📦️glue.rs:185:9: warning: ambiguous glob re-exports: the name `test_support` in the type namespace is first re-exported here
🧰️framework/🛍️products/💻️os/📦️packages/🦀️rust/📦️glue.rs:185:9: warning: ambiguous glob re-exports: the name `core` in the type namespace is first re-exported here
🧰️framework/🛍️products/💻️os/📦️packages/🦀️rust/📦️glue.rs:185:9: warning: ambiguous glob re-exports: the name `Symbol` in the type namespace is first re-exported here
🧰️framework/🛍️products/💻️os/📦️packages/🦀️rust/📦️glue.rs:187:9: warning: ambiguous glob re-exports: the name `cli` in the type namespace is first re-exported here
🧰️framework/🛍️products/💻️os/📦️packages/🦀️rust/📦️glue.rs:187:9: warning: ambiguous glob re-exports: the name `format` in the type namespace is first re-exported here
🧰️framework/🛍️products/💻️os/📦️packages/🦀️rust/📦️glue.rs:187:9: warning: ambiguous glob re-exports: the name `io` in the type namespace is first re-exported here
🧰️framework/🛍️products/💻️os/📦️packages/🦀️rust/📦️glue.rs:187:9: warning: ambiguous glob re-exports: the name `testkit` in the type namespace is first re-exported here
🧰️framework/🛍️products/💻️os/📦️packages/🦀️rust/📦️glue.rs:188:9: warning: ambiguous glob re-exports: the name `read_varint_u64` in the value namespace is first re-exported here
🧰️framework/🛍️products/💻️os/📦️packages/🦀️rust/📦️glue.rs:188:9: warning: ambiguous glob re-exports: the name `write_varint_u64` in the value namespace is first re-exported here
🧰️framework/🛍️products/💻️os/📦️packages/🦀️rust/📦️glue.rs:188:9: warning: ambiguous glob re-exports: the name `recover_file` in the value namespace is first re-exported here
🧰️framework/🛍️products/💻️os/📦️packages/🦀️rust/📦️glue.rs:188:9: warning: ambiguous glob re-exports: the name `RecoveryReport` in the type namespace is first re-exported here
🧰️framework/🛍️products/💻️os/📦️packages/🦀️rust/📦️glue.rs:188:9: warning: ambiguous glob re-exports: the name `VerificationLevel` in the type namespace is first re-exported here
🧰️framework/🛍️products/💻️os/📦️packages/🦀️rust/📦️glue.rs:188:9: warning: ambiguous glob re-exports: the name `WriteOptions` in the type namespace is first re-exported here
🧰️framework/🛍️products/💻️os/📦️packages/🦀️rust/📦️glue.rs:188:9: warning: ambiguous glob re-exports: the name `DecodeOptions` in the type namespace is first re-exported here
🧰️framework/🛍️products/💻️os/📦️packages/🦀️rust/📦️glue.rs:188:9: warning: ambiguous glob re-exports: the name `EncodeOptions` in the type namespace is first re-exported here
🧰️framework/🛍️products/💻️os/📦️packages/🦀️rust/📦️glue.rs:198:9: warning: ambiguous glob re-exports: the name `Alternative` in the type namespace is first re-exported here
🧰️framework/🛍️products/💻️os/📦️packages/🦀️rust/📦️glue.rs:199:9: warning: unused import: `crate::os_dsl::core::*`
🧰️framework/🛍️products/💻️os/📦️packages/🦀️rust/./../../🔨️modules/🗣️dsl/🫀️core/🦀️component.rs:1083:21: warning: unused variable: `len`: help: if this is intentional, prefix it with an underscore: `_len`
🧰️framework/🛍️products/💻️os/📦️packages/🦀️rust/./../../🔨️modules/🗣️dsl/🖋️notation/🦀️component.rs:269:4: warning: function `print_edge_label` is never used
🧰️framework/🛍️products/💻️os/📦️packages/🦀️rust/./../../🔨️modules/🏪️store/🦀️component.rs:2075:19: warning: method `set_envelope` is never used
warning: `semio-framework-os-kernel` (lib) generated 27 warnings (run `cargo fix --lib -p semio-framework-os-kernel` to apply 6 suggestions)
    Checking semio-framework-ui v0.1.0 (/Users/ueli/Documents/semio/🧰️framework/🔨️modules/🖱️ui/📦️packages/🦀️rust)
    Checking semio-framework-math v0.1.0 (/Users/ueli/Documents/semio/🧰️framework/🔨️modules/🧮️math/📦️packages/🦀️rust)
    Checking semio-framework-core v0.1.0 (/Users/ueli/Documents/semio/🧰️framework/📦️packages/🦀️rust)
    Checking semio-framework-plugin v0.1.0 (/Users/ueli/Documents/semio/🧰️framework/🛍️products/💻️os/🔨️modules/🔌️plugin/📦️packages/🦀️rust)
🧰️framework/🛍️products/💻️os/🔨️modules/🔌️plugin/📦️packages/🦀️rust/📦️glue.rs:5:1: warning: unused extern crate: unused
🧰️framework/🛍️products/💻️os/🔨️modules/🔌️plugin/📦️packages/🦀️rust/📦️glue.rs:6:1: warning: unused extern crate: unused
🧰️framework/🛍️products/💻️os/🔨️modules/🔌️plugin/📦️packages/🦀️rust/../../🦀️component.rs:3327:61: warning: unnecessary qualification
🧰️framework/🛍️products/💻️os/🔨️modules/🔌️plugin/📦️packages/🦀️rust/../../🦀️component.rs:1679:17: warning: unused variable: `app`: help: if this is intentional, prefix it with an underscore: `_app`
🧰️framework/🛍️products/💻️os/🔨️modules/🔌️plugin/📦️packages/🦀️rust/../../🦀️component.rs:4822:34: warning: unused variable: `app`: help: try ignoring the field: `app: _`
🧰️framework/🛍️products/💻️os/🔨️modules/🔌️plugin/📦️packages/🦀️rust/../../🦀️component.rs:4833:34: warning: unused variable: `app`: help: try ignoring the field: `app: _`
🧰️framework/🛍️products/💻️os/🔨️modules/🔌️plugin/📦️packages/🦀️rust/../../🦀️component.rs:4847:34: warning: unused variable: `app`: help: try ignoring the field: `app: _`
🧰️framework/🛍️products/💻️os/🔨️modules/🔌️plugin/📦️packages/🦀️rust/../../🦀️component.rs:4872:34: warning: unused variable: `app`: help: try ignoring the field: `app: _`
🧰️framework/🛍️products/💻️os/🔨️modules/🔌️plugin/📦️packages/🦀️rust/../../🦀️component.rs:4857:34: warning: unused variable: `app`: help: try ignoring the field: `app: _`
🧰️framework/🛍️products/💻️os/🔨️modules/🔌️plugin/📦️packages/🦀️rust/../../🦀️component.rs:4600:38: warning: unused variable: `app`: help: try ignoring the field: `app: _`
🧰️framework/🛍️products/💻️os/🔨️modules/🔌️plugin/📦️packages/🦀️rust/../../🦀️component.rs:4564:38: warning: unused variable: `app`: help: try ignoring the field: `app: _`
🧰️framework/🛍️products/💻️os/🔨️modules/🔌️plugin/📦️packages/🦀️rust/../../🦀️component.rs:4791:34: warning: unused variable: `app`: help: try ignoring the field: `app: _`
🧰️framework/🛍️products/💻️os/🔨️modules/🔌️plugin/📦️packages/🦀️rust/../../🦀️component.rs:4480:42: warning: unused variable: `app`: help: try ignoring the field: `app: _`
warning: `semio-framework-plugin` (lib) generated 13 warnings (run `cargo fix --lib -p semio-framework-plugin` to apply 13 suggestions)
    Checking semio-s-plugin-architect v0.1.0 (/Users/ueli/Documents/semio/✏️s/🔌️plugins/🏛️architect/📦️packages/🦀️rust)
✏️s/🔌️plugins/🏛️architect/📦️packages/🦀️rust/././../../🗿️artifacts/🏛️program/🗄️registers/🦀️component.rs:545:5: error[E0407]: method `diff_patch` is not a member of trait `Patchable`: not a member of trait `Patchable`
✏️s/🔌️plugins/🏛️architect/📦️packages/🦀️rust/././../../🗿️artifacts/🏛️program/🔧️op/🦀️component.rs:162:45: error[E0425]: cannot find value `other` in this scope: not found in this scope
✏️s/🔌️plugins/🏛️architect/📦️packages/🦀️rust/././../../🗿️artifacts/🏛️program/🔧️op/🦀️component.rs:162:81: error[E0425]: cannot find value `other` in this scope: not found in this scope
✏️s/🔌️plugins/🏛️architect/📦️packages/🦀️rust/././../../🗿️artifacts/🏛️program/🔧️op/🦀️component.rs:162:114: error[E0425]: cannot find value `other` in this scope: not found in this scope
✏️s/🔌️plugins/🏛️architect/📦️packages/🦀️rust/././../../🗿️artifacts/🏛️program/🔧️op/🦀️component.rs:162:147: error[E0425]: cannot find value `other` in this scope: not found in this scope
✏️s/🔌️plugins/🏛️architect/📦️packages/🦀️rust/././../../🗿️artifacts/🏛️program/🗄️registers/🦀️component.rs:527:56: error[E0053]: method `apply_patch` has an incompatible type for trait: expected `registers::ProgramMetaPatch`, found `()`
✏️s/🔌️plugins/🏛️architect/📦️packages/🦀️rust/././../../🗿️artifacts/🏛️program/🔧️op/🦀️component.rs:162:9: error[E0308]: mismatched types: expected `TraceLinkPatch`, found `Option<TraceLinkPatch>`
✏️s/🔌️plugins/🏛️architect/📦️packages/🦀️rust/././../../🗿️artifacts/🏛️program/🔧️op/🦀️component.rs:327:33: error[E0599]: no method named `diff_patch` found for struct `registers::ProgramMeta` in the current scope: method not found in `registers::ProgramMeta`
✏️s/🔌️plugins/🏛️architect/📦️packages/🦀️rust/././../../🗿️artifacts/🏛️program/🔧️op/🦀️component.rs:334:33: error[E0599]: no method named `diff_patch` found for struct `registers::ProjectDefinition` in the current scope: method not found in `registers::ProjectDefinition`
✏️s/🔌️plugins/🏛️architect/📦️packages/🦀️rust/././../../🗿️artifacts/🏛️program/🔧️op/🦀️component.rs:341:33: error[E0599]: no method named `diff_patch` found for struct `registers::Governance` in the current scope: method not found in `registers::Governance`
error: could not compile `semio-s-plugin-architect` (lib) due to 10 previous errors
