🧰️framework/🛍️products/💻️os/📦️packages/🦀️rust/📦️glue.rs:7:1: warning: unused extern crate: unused
🧰️framework/🛍️products/💻️os/📦️packages/🦀️rust/📦️glue.rs:11:1: warning: unused extern crate: unused
🧰️framework/🛍️products/💻️os/📦️packages/🦀️rust/📦️glue.rs:12:1: warning: unused extern crate: unused
🧰️framework/🛍️products/💻️os/📦️packages/🦀️rust/📦️glue.rs:13:1: warning: unused extern crate: unused
🧰️framework/🛍️products/💻️os/📦️packages/🦀️rust/./../../🔨️modules/🗣️dsl/🫀️core/🦀️component.rs:345:11: warning: unexpected `cfg` condition value: `js`
🧰️framework/🛍️products/💻️os/📦️packages/🦀️rust/./../../🔨️modules/🗣️dsl/🫀️core/🦀️component.rs:351:11: warning: unexpected `cfg` condition value: `js`
🧰️framework/🛍️products/💻️os/📦️packages/🦀️rust/📦️glue.rs:185:9: warning: ambiguous glob re-exports: the name `canonicalize` in the value namespace is first re-exported here
🧰️framework/🛍️products/💻️os/📦️packages/🦀️rust/📦️glue.rs:185:9: warning: ambiguous glob re-exports: the name `test_support` in the type namespace is first re-exported here
🧰️framework/🛍️products/💻️os/📦️packages/🦀️rust/📦️glue.rs:185:9: warning: ambiguous glob re-exports: the name `core` in the type namespace is first re-exported here
🧰️framework/🛍️products/💻️os/📦️packages/🦀️rust/📦️glue.rs:185:9: warning: ambiguous glob re-exports: the name `Symbol` in the type namespace is first re-exported here
🧰️framework/🛍️products/💻️os/📦️packages/🦀️rust/📦️glue.rs:187:9: warning: ambiguous glob re-exports: the name `cli` in the type namespace is first re-exported here
🧰️framework/🛍️products/💻️os/📦️packages/🦀️rust/📦️glue.rs:187:9: warning: ambiguous glob re-exports: the name `format` in the type namespace is first re-exported here
🧰️framework/🛍️products/💻️os/📦️packages/🦀️rust/📦️glue.rs:187:9: warning: ambiguous glob re-exports: the name `io` in the type namespace is first re-exported here
🧰️framework/🛍️products/💻️os/📦️packages/🦀️rust/📦️glue.rs:187:9: warning: ambiguous glob re-exports: the name `testkit` in the type namespace is first re-exported here
🧰️framework/🛍️products/💻️os/📦️packages/🦀️rust/📦️glue.rs:188:9: warning: ambiguous glob re-exports: the name `read_varint_u64` in the value namespace is first re-exported here
🧰️framework/🛍️products/💻️os/📦️packages/🦀️rust/📦️glue.rs:188:9: warning: ambiguous glob re-exports: the name `write_varint_u64` in the value namespace is first re-exported here
🧰️framework/🛍️products/💻️os/📦️packages/🦀️rust/📦️glue.rs:188:9: warning: ambiguous glob re-exports: the name `recover_file` in the value namespace is first re-exported here
🧰️framework/🛍️products/💻️os/📦️packages/🦀️rust/📦️glue.rs:188:9: warning: ambiguous glob re-exports: the name `RecoveryReport` in the type namespace is first re-exported here
🧰️framework/🛍️products/💻️os/📦️packages/🦀️rust/📦️glue.rs:188:9: warning: ambiguous glob re-exports: the name `VerificationLevel` in the type namespace is first re-exported here
🧰️framework/🛍️products/💻️os/📦️packages/🦀️rust/📦️glue.rs:188:9: warning: ambiguous glob re-exports: the name `WriteOptions` in the type namespace is first re-exported here
🧰️framework/🛍️products/💻️os/📦️packages/🦀️rust/📦️glue.rs:188:9: warning: ambiguous glob re-exports: the name `DecodeOptions` in the type namespace is first re-exported here
🧰️framework/🛍️products/💻️os/📦️packages/🦀️rust/📦️glue.rs:188:9: warning: ambiguous glob re-exports: the name `EncodeOptions` in the type namespace is first re-exported here
🧰️framework/🛍️products/💻️os/📦️packages/🦀️rust/📦️glue.rs:198:9: warning: ambiguous glob re-exports: the name `Alternative` in the type namespace is first re-exported here
🧰️framework/🛍️products/💻️os/📦️packages/🦀️rust/📦️glue.rs:199:9: warning: unused import: `crate::os_dsl::core::*`
🧰️framework/🛍️products/💻️os/📦️packages/🦀️rust/./../../🔨️modules/🗣️dsl/🫀️core/🦀️component.rs:1083:21: warning: unused variable: `len`: help: if this is intentional, prefix it with an underscore: `_len`
🧰️framework/🛍️products/💻️os/📦️packages/🦀️rust/./../../🔨️modules/🗣️dsl/🖋️notation/🦀️component.rs:269:4: warning: function `print_edge_label` is never used
🧰️framework/🛍️products/💻️os/📦️packages/🦀️rust/./../../🔨️modules/🏪️store/🦀️component.rs:2075:19: warning: method `set_envelope` is never used
warning: `semio-framework-os-kernel` (lib) generated 27 warnings (run `cargo fix --lib -p semio-framework-os-kernel` to apply 6 suggestions)
    Checking semio-framework-os-infinite v0.1.0 (/Users/ueli/Documents/semio/🧰️framework/🛍️products/💻️os/🔨️modules/♾️infinite/📦️packages/🦀️rust)
🧰️framework/🛍️products/💻️os/🔨️modules/♾️infinite/📦️packages/🦀️rust/../../🖼️canvas/🦀️component.rs:360:53: error: couldn't read `🧰️framework/🛍️products/💻️os/🔨️modules/♾️infinite/📦️packages/🦀️rust/../../🖼️canvas/../../../🖼️canvas/⚡️implementations/🦀️rust/🖼️assets/🔤️NotoColorEmoji-subset.ttf`: No such file or directory (os error 2)
🧰️framework/🛍️products/💻️os/🔨️modules/♾️infinite/📦️packages/🦀️rust/../../🖼️canvas/🦀️component.rs:362:44: error: couldn't read `🧰️framework/🛍️products/💻️os/🔨️modules/♾️infinite/📦️packages/🦀️rust/../../🖼️canvas/../../../🖼️canvas/⚡️implementations/🦀️rust/🖼️assets/🔤️MapLabelSans.ttf`: No such file or directory (os error 2)
🧰️framework/🛍️products/💻️os/🔨️modules/♾️infinite/📦️packages/🦀️rust/../../🖼️canvas/🦀️component.rs:1235:26: error: environment variable `OUT_DIR` not defined at compile time
🧰️framework/🛍️products/💻️os/🔨️modules/♾️infinite/📦️packages/🦀️rust/././../../🎲️board/🔌️ports/➡️directed/🕸️dag/🦀️component.rs:1900:81: error: couldn't read `🧰️framework/🛍️products/💻️os/🔨️modules/♾️infinite/📦️packages/🦀️rust/././../../🎲️board/🔌️ports/➡️directed/🕸️dag/../../../../../../../../../../../✏️s/🔌️plugins/🕸️dag/🗿️artifacts/🕸️dag/📚️examples/♻️reuse/🗣️dsls/♻️reuse/🧬️component.dag.dag.dsl.semio`: No such file or directory (os error 2)
🧰️framework/🛍️products/💻️os/🔨️modules/♾️infinite/📦️packages/🦀️rust/../../🦀️component.rs:15:21: error[E0432]: unresolved imports `ui_wgpu::wgpu::draw_text`, `ui_wgpu::wgpu::mesh_content_version`, `ui_wgpu::wgpu::paint_selection_marquee`, `ui_wgpu::wgpu::widgets`, `ui_wgpu::wgpu::GpuContext`, `ui_wgpu::wgpu::HitKind`, `ui_wgpu::wgpu::HitTarget`, `ui_wgpu::wgpu::PointerModifiers`, `ui_wgpu::wgpu::WidgetContext`: no `draw_text` in `wgpu`, no `mesh_content_version` in `wgpu`, no `paint_selection_marquee` in `wgpu`, could not find `widgets` in `wgpu`, no `GpuContext` in `wgpu`, no `HitKind` in `wgpu`, no `HitTarget` in `wgpu`, no `PointerModifiers` in `wgpu`, no `WidgetContext` in `wgpu`
🧰️framework/🛍️products/💻️os/🔨️modules/♾️infinite/📦️packages/🦀️rust/../../🌍️world/🦀️component.rs:15:21: error[E0432]: unresolved imports `ui_wgpu::wgpu::draw_text`, `ui_wgpu::wgpu::mesh_content_version`, `ui_wgpu::wgpu::paint_selection_marquee`, `ui_wgpu::wgpu::widgets`, `ui_wgpu::wgpu::GpuContext`, `ui_wgpu::wgpu::HitKind`, `ui_wgpu::wgpu::HitTarget`, `ui_wgpu::wgpu::PointerModifiers`, `ui_wgpu::wgpu::WidgetContext`: no `draw_text` in `wgpu`, no `mesh_content_version` in `wgpu`, no `paint_selection_marquee` in `wgpu`, could not find `widgets` in `wgpu`, no `GpuContext` in `wgpu`, no `HitKind` in `wgpu`, no `HitTarget` in `wgpu`, no `PointerModifiers` in `wgpu`, no `WidgetContext` in `wgpu`
🧰️framework/🛍️products/💻️os/🔨️modules/♾️infinite/📦️packages/🦀️rust/../../🖼️canvas/🦀️component.rs:292:9: error[E0432]: unresolved import `self::Color`
🧰️framework/🛍️products/💻️os/🔨️modules/♾️infinite/📦️packages/🦀️rust/../../🖼️canvas/🦀️component.rs:370:9: error[E0432]: unresolved import `self::usvg`
🧰️framework/🛍️products/💻️os/🔨️modules/♾️infinite/📦️packages/🦀️rust/../../🖼️canvas/🦀️component.rs:371:16: error[E0432]: unresolved imports `self::Affine`, `self::BezPath`, `self::Color`, `self::FillRule`, `self::Point`, `self::Scene`, `self::ShapeRef`, `self::Stroke`: no `Affine` in `canvas::svg_icon`, no `BezPath` in `canvas::svg_icon`, no `Color` in `canvas::svg_icon`, no `FillRule` in `canvas::svg_icon`, no `Point` in `canvas::svg_icon`, no `Scene` in `canvas::svg_icon`, no `ShapeRef` in `canvas::svg_icon`, no `Stroke` in `canvas::svg_icon`
🧰️framework/🛍️products/💻️os/🔨️modules/♾️infinite/📦️packages/🦀️rust/../../🖼️canvas/🦀️component.rs:1095:16: error[E0432]: unresolved imports `self::Affine`, `self::Scene`: no `Affine` in `canvas::render`, no `Scene` in `canvas::render`
🧰️framework/🛍️products/💻️os/🔨️modules/♾️infinite/📦️packages/🦀️rust/../../🖼️canvas/🦀️component.rs:1112:16: error[E0432]: unresolved imports `self::Color`, `self::Scene`: no `Color` in `canvas::canvas_content`, no `Scene` in `canvas::canvas_content`
🧰️framework/🛍️products/💻️os/🔨️modules/♾️infinite/📦️packages/🦀️rust/././../../🎲️board/🔌️ports/➡️directed/🕸️dag/🦀️component.rs:1918:22: error[E0433]: `crate` in paths can only be used in start position: can only be used in path start position
🧰️framework/🛍️products/💻️os/🔨️modules/♾️infinite/📦️packages/🦀️rust/././../../🎲️board/🔌️ports/➡️directed/🕸️dag/🦀️component.rs:1934:22: error[E0433]: `crate` in paths can only be used in start position: can only be used in path start position
🧰️framework/🛍️products/💻️os/🔨️modules/♾️infinite/📦️packages/🦀️rust/././../../🎲️board/🔌️ports/➡️directed/🦀️component.rs:743:9: error[E0432]: unresolved import `self::board_json_visible_or_true`
🧰️framework/🛍️products/💻️os/🔨️modules/♾️infinite/📦️packages/🦀️rust/../../🦀️component.rs:4:5: error[E0432]: unresolved import `framework_surface_terrain`
🧰️framework/🛍️products/💻️os/🔨️modules/♾️infinite/📦️packages/🦀️rust/../../🌍️world/🦀️component.rs:4:5: error[E0432]: unresolved import `framework_surface_terrain`
🧰️framework/🛍️products/💻️os/🔨️modules/♾️infinite/📦️packages/🦀️rust/../../🖼️canvas/🦀️component.rs:703:15: error[E0432]: unresolved import `self::svg_icon`: could not find `svg_icon` in `self`
🧰️framework/🛍️products/💻️os/🔨️modules/♾️infinite/📦️packages/🦀️rust/../../🖼️canvas/🦀️component.rs:704:9: error[E0432]: unresolved import `self::usvg`
🧰️framework/🛍️products/💻️os/🔨️modules/♾️infinite/📦️packages/🦀️rust/../../🖼️canvas/🦀️component.rs:705:16: error[E0432]: unresolved imports `self::Affine`, `self::Color`, `self::Point`, `self::Scene`, `self::Vec2`: no `Affine` in `canvas::text`, no `Color` in `canvas::text`, no `Point` in `canvas::text`, no `Scene` in `canvas::text`, no `Vec2` in `canvas::text`
🧰️framework/🛍️products/💻️os/🔨️modules/♾️infinite/📦️packages/🦀️rust/../../🖼️canvas/🦀️component.rs:933:16: error[E0432]: unresolved imports `self::Affine`, `self::Point`: no `Affine` in `canvas::camera`, no `Point` in `canvas::camera`
🧰️framework/🛍️products/💻️os/🔨️modules/♾️infinite/📦️packages/🦀️rust/././../../🎲️board/🔌️ports/➡️directed/🦀️component.rs:139:15: error[E0433]: cannot find `canvas` in `self`: could not find `canvas` in `self`
🧰️framework/🛍️products/💻️os/🔨️modules/♾️infinite/📦️packages/🦀️rust/../../🖼️canvas/🦀️component.rs:1062:16: error[E0432]: unresolved imports `self::Affine`, `self::RasterImage`, `self::Scene`: no `Affine` in `canvas::raster`, no `RasterImage` in `canvas::raster`, no `Scene` in `canvas::raster`
🧰️framework/🛍️products/💻️os/🔨️modules/♾️infinite/📦️packages/🦀️rust/././../../🎲️board/🔌️ports/➡️directed/🦀️component.rs:140:15: error[E0432]: unresolved import `self::canvas`: could not find `canvas` in `self`
🧰️framework/🛍️products/💻️os/🔨️modules/♾️infinite/📦️packages/🦀️rust/././../../🎲️board/🔌️ports/➡️directed/🦀️component.rs:141:15: error[E0432]: unresolved import `self::canvas`: could not find `canvas` in `self`
🧰️framework/🛍️products/💻️os/🔨️modules/♾️infinite/📦️packages/🦀️rust/././../../🎲️board/🔌️ports/➡️directed/🦀️component.rs:142:9: error[E0432]: unresolved import `self::NodeKindHandleTemplate`
🧰️framework/🛍️products/💻️os/🔨️modules/♾️infinite/📦️packages/🦀️rust/././../../🎲️board/🔌️ports/➡️directed/🦀️component.rs:541:15: error[E0432]: unresolved import `self::canvas`: could not find `canvas` in `self`
🧰️framework/🛍️products/💻️os/🔨️modules/♾️infinite/📦️packages/🦀️rust/././../../🎲️board/🔌️ports/➡️directed/🦀️component.rs:803:9: error[E0432]: unresolved import `self::board_json_visible_or_true`
🧰️framework/🛍️products/💻️os/🔨️modules/♾️infinite/📦️packages/🦀️rust/././../../🎲️board/🔌️ports/➡️directed/🦀️component.rs:804:9: error[E0432]: unresolved import `self::fixture_edge_handle_ids_from_object`
🧰️framework/🛍️products/💻️os/🔨️modules/♾️infinite/📦️packages/🦀️rust/././../../🎲️board/🔌️ports/➡️directed/🦀️component.rs:1358:15: error[E0432]: unresolved import `self::canvas`: could not find `canvas` in `self`
🧰️framework/🛍️products/💻️os/🔨️modules/♾️infinite/📦️packages/🦀️rust/././../../🎲️board/🔌️ports/➡️directed/🦀️component.rs:1363:9: error[E0432]: unresolved import `self::board_json_visible_or_true`
🧰️framework/🛍️products/💻️os/🔨️modules/♾️infinite/📦️packages/🦀️rust/././../../🎲️board/🔌️ports/➡️directed/🦀️component.rs:1364:9: error[E0432]: unresolved import `self::fixture_edge_handle_ids_from_object`
🧰️framework/🛍️products/💻️os/🔨️modules/♾️infinite/📦️packages/🦀️rust/././../../🎲️board/🔌️ports/➡️directed/🦀️component.rs:1365:15: error[E0432]: unresolved import `self::force_graph`: could not find `force_graph` in `self`
🧰️framework/🛍️products/💻️os/🔨️modules/♾️infinite/📦️packages/🦀️rust/././../../🎲️board/🔌️ports/➡️directed/🦀️component.rs:1366:15: error[E0432]: unresolved import `self::hierarchical_tree`: could not find `hierarchical_tree` in `self`
🧰️framework/🛍️products/💻️os/🔨️modules/♾️infinite/📦️packages/🦀️rust/././../../🎲️board/🔌️ports/➡️directed/🦀️component.rs:1367:16: error[E0432]: unresolved imports `self::circle_handle_angle_toward`, `self::distance_between`, `self::rectangle_handle_angle_toward`: no `circle_handle_angle_toward` in `board::ports::directed::redraw_layout`, no `distance_between` in `board::ports::directed::redraw_layout`, no `rectangle_handle_angle_toward` in `board::ports::directed::redraw_layout`
🧰️framework/🛍️products/💻️os/🔨️modules/♾️infinite/📦️packages/🦀️rust/././../../🎲️board/🔌️ports/➡️directed/➕️normal/🦀️component.rs:16:9: error[E0432]: unresolved imports `self::board_json_locked_option`, `self::board_json_visible_option`, `self::builtin_edge_tips`, `self::circle_handle_angle_toward`, `self::compute_edge_bezier_points`, `self::distance_between`, `self::distance_point_to_cubic_bezier`, `self::fixture_edge_handle_ids_from_object`, `self::handle_exterior_cap_fill_path`, `self::handle_exterior_cap_stroke_path`, `self::handle_outward_at_node_rim`, `self::handle_position_on_circle`, `self::handle_position_on_rectangle`, `self::merge_ids_into_selection`, `self::merge_pick_into_selection`, `self::normalize_or_zero`, `self::normalize_selection_mode`, `self::pick_merge_mode_for_modifiers`, `self::property_bag_from_json`, `self::rectangle_handle_angle_toward`, `self::selection_drag_enclosing`, `self::selection_drag_shape`, `self::ActiveUtility`, `self::BoardElementStyleKind`, `self::CachedIconBody`, `self::CanvasPalette`, `self::CompatSpecificity`, `self::EdgeData`, `self::EdgeDescJson`, `self::EdgeKindDef`, `self::EdgeStrokePattern`, `self::EdgeTipDef`, `self::EdgeTipGeometry`, `self::FixtureJson`, `self::GraphPortMode`, `self::HandleData`, `self::HandleDescJson`, `self::HandleKindDef`, `self::IconPaintCache`, `self::Interaction`, `self::LinkCompatRule`, `self::NodeData`, `self::NodeDescJson`, `self::NodeKindDef`, `self::NodeKindHandleTemplate`, `self::NodeShape`, `self::SceneDescriptorJson`, `self::SelectionOptions`, `self::WireData`, `self::WireKindDef`: no `board_json_locked_option` in `board::ports::directed_normal::board_host`, no `board_json_visible_option` in `board::ports::directed_normal::board_host`, no `builtin_edge_tips` in `board::ports::directed_normal::board_host`, no `circle_handle_angle_toward` in `board::ports::directed_normal::board_host`, no `compute_edge_bezier_points` in `board::ports::directed_normal::board_host`, no `distance_between` in `board::ports::directed_normal::board_host`, no `distance_point_to_cubic_bezier` in `board::ports::directed_normal::board_host`, no `fixture_edge_handle_ids_from_object` in `board::ports::directed_normal::board_host`, no `handle_exterior_cap_fill_path` in `board::ports::directed_normal::board_host`, no `handle_exterior_cap_stroke_path` in `board::ports::directed_normal::board_host`
🧰️framework/🛍️products/💻️os/🔨️modules/♾️infinite/📦️packages/🦀️rust/../../🖼️canvas/🦀️component.rs:1516:39: error[E0433]: cannot find `ShortcodeResolved` in `icon_shortcodes`: could not find `ShortcodeResolved` in `icon_shortcodes`
🧰️framework/🛍️products/💻️os/🔨️modules/♾️infinite/📦️packages/🦀️rust/../../🖼️canvas/🦀️component.rs:1517:39: error[E0433]: cannot find `ShortcodeResolved` in `icon_shortcodes`: could not find `ShortcodeResolved` in `icon_shortcodes`
🧰️framework/🛍️products/💻️os/🔨️modules/♾️infinite/📦️packages/🦀️rust/../../🖼️canvas/🦀️component.rs:1518:39: error[E0433]: cannot find `ShortcodeResolved` in `icon_shortcodes`: could not find `ShortcodeResolved` in `icon_shortcodes`
🧰️framework/🛍️products/💻️os/🔨️modules/♾️infinite/📦️packages/🦀️rust/../../🖼️canvas/🦀️component.rs:1533:39: error[E0433]: cannot find `ShortcodeResolved` in `icon_shortcodes`: could not find `ShortcodeResolved` in `icon_shortcodes`
🧰️framework/🛍️products/💻️os/🔨️modules/♾️infinite/📦️packages/🦀️rust/../../🖼️canvas/🦀️component.rs:1534:39: error[E0433]: cannot find `ShortcodeResolved` in `icon_shortcodes`: could not find `ShortcodeResolved` in `icon_shortcodes`
🧰️framework/🛍️products/💻️os/🔨️modules/♾️infinite/📦️packages/🦀️rust/../../🖼️canvas/🦀️component.rs:1538:39: error[E0433]: cannot find `ShortcodeResolved` in `icon_shortcodes`: could not find `ShortcodeResolved` in `icon_shortcodes`
🧰️framework/🛍️products/💻️os/🔨️modules/♾️infinite/📦️packages/🦀️rust/././../../🎲️board/🔌️ports/➡️directed/🕸️dag/🦀️component.rs:1933:121: error[E0433]: `crate` in paths can only be used in start position: can only be used in path start position
🧰️framework/🛍️products/💻️os/🔨️modules/♾️infinite/📦️packages/🦀️rust/../../🦀️component.rs:2793:56: error[E0425]: cannot find function `project_point` in crate `semio_s_3d`: not found in `semio_s_3d`
🧰️framework/🛍️products/💻️os/🔨️modules/♾️infinite/📦️packages/🦀️rust/../../🦀️component.rs:2825:77: error[E0425]: cannot find function `project_point` in crate `semio_s_3d`: not found in `semio_s_3d`
🧰️framework/🛍️products/💻️os/🔨️modules/♾️infinite/📦️packages/🦀️rust/../../🦀️component.rs:2825:134: error[E0425]: cannot find function `project_point` in crate `semio_s_3d`: not found in `semio_s_3d`
🧰️framework/🛍️products/💻️os/🔨️modules/♾️infinite/📦️packages/🦀️rust/../../🦀️component.rs:2828:55: error[E0425]: cannot find function `screen_segment_distance` in crate `semio_s_3d`: not found in `semio_s_3d`
🧰️framework/🛍️products/💻️os/🔨️modules/♾️infinite/📦️packages/🦀️rust/../../🦀️component.rs:2832:52: error[E0425]: cannot find function `ray_segment_distance` in crate `semio_s_3d`: not found in `semio_s_3d`
🧰️framework/🛍️products/💻️os/🔨️modules/♾️infinite/📦️packages/🦀️rust/../../🌍️world/🦀️component.rs:2793:56: error[E0425]: cannot find function `project_point` in crate `semio_s_3d`: not found in `semio_s_3d`
🧰️framework/🛍️products/💻️os/🔨️modules/♾️infinite/📦️packages/🦀️rust/../../🌍️world/🦀️component.rs:2825:77: error[E0425]: cannot find function `project_point` in crate `semio_s_3d`: not found in `semio_s_3d`
🧰️framework/🛍️products/💻️os/🔨️modules/♾️infinite/📦️packages/🦀️rust/../../🌍️world/🦀️component.rs:2825:134: error[E0425]: cannot find function `project_point` in crate `semio_s_3d`: not found in `semio_s_3d`
🧰️framework/🛍️products/💻️os/🔨️modules/♾️infinite/📦️packages/🦀️rust/../../🌍️world/🦀️component.rs:2828:55: error[E0425]: cannot find function `screen_segment_distance` in crate `semio_s_3d`: not found in `semio_s_3d`
🧰️framework/🛍️products/💻️os/🔨️modules/♾️infinite/📦️packages/🦀️rust/../../🌍️world/🦀️component.rs:2832:52: error[E0425]: cannot find function `ray_segment_distance` in crate `semio_s_3d`: not found in `semio_s_3d`
🧰️framework/🛍️products/💻️os/🔨️modules/♾️infinite/📦️packages/🦀️rust/../../🖼️canvas/🦀️component.rs:658:106: error[E0425]: cannot find type `CanvasError` in module `self`: not found in `self`
🧰️framework/🛍️products/💻️os/🔨️modules/♾️infinite/📦️packages/🦀️rust/../../🖼️canvas/🦀️component.rs:659:86: error[E0433]: cannot find `CanvasError` in `self`: could not find `CanvasError` in `self`
🧰️framework/🛍️products/💻️os/🔨️modules/♾️infinite/📦️packages/🦀️rust/../../🖼️canvas/🦀️component.rs:665:77: error[E0425]: cannot find type `CanvasError` in module `self`: not found in `self`
🧰️framework/🛍️products/💻️os/🔨️modules/♾️infinite/📦️packages/🦀️rust/../../🖼️canvas/🦀️component.rs:666:49: error[E0433]: cannot find `theme` in `self`: could not find `theme` in `self`
🧰️framework/🛍️products/💻️os/🔨️modules/♾️infinite/📦️packages/🦀️rust/../../🖼️canvas/🦀️component.rs:666:81: error[E0433]: cannot find `theme` in `self`: could not find `theme` in `self`
🧰️framework/🛍️products/💻️os/🔨️modules/♾️infinite/📦️packages/🦀️rust/../../🖼️canvas/🦀️component.rs:670:94: error[E0425]: cannot find type `CanvasError` in module `self`: not found in `self`
🧰️framework/🛍️products/💻️os/🔨️modules/♾️infinite/📦️packages/🦀️rust/../../🖼️canvas/🦀️component.rs:671:86: error[E0433]: cannot find `CanvasError` in `self`: could not find `CanvasError` in `self`
🧰️framework/🛍️products/💻️os/🔨️modules/♾️infinite/📦️packages/🦀️rust/../../🖼️canvas/🦀️component.rs:789:37: error[E0433]: cannot find `svg_icon` in `self`: could not find `svg_icon` in `self`
🧰️framework/🛍️products/💻️os/🔨️modules/♾️infinite/📦️packages/🦀️rust/../../🖼️canvas/🦀️component.rs:824:37: error[E0433]: cannot find `svg_icon` in `self`: could not find `svg_icon` in `self`
🧰️framework/🛍️products/💻️os/🔨️modules/♾️infinite/📦️packages/🦀️rust/../../🖼️canvas/🦀️component.rs:871:38: error[E0433]: cannot find `svg_icon` in `self`: could not find `svg_icon` in `self`
🧰️framework/🛍️products/💻️os/🔨️modules/♾️infinite/📦️packages/🦀️rust/../../🖼️canvas/🦀️component.rs:918:38: error[E0433]: cannot find `svg_icon` in `self`: could not find `svg_icon` in `self`
🧰️framework/🛍️products/💻️os/🔨️modules/♾️infinite/📦️packages/🦀️rust/../../🖼️canvas/🦀️component.rs:1515:64: error[E0425]: cannot find function `icon_shortcode_resolve` in module `icon_shortcodes`: not found in `icon_shortcodes`
🧰️framework/🛍️products/💻️os/🔨️modules/♾️infinite/📦️packages/🦀️rust/../../🖼️canvas/🦀️component.rs:1532:61: error[E0425]: cannot find function `icon_shortcode_resolve` in module `icon_shortcodes`: not found in `icon_shortcodes`
🧰️framework/🛍️products/💻️os/🔨️modules/♾️infinite/📦️packages/🦀️rust/../../🖼️canvas/🦀️component.rs:1537:60: error[E0425]: cannot find function `icon_shortcode_resolve` in module `icon_shortcodes`: not found in `icon_shortcodes`
🧰️framework/🛍️products/💻️os/🔨️modules/♾️infinite/📦️packages/🦀️rust/././../../🎲️board/🔌️ports/➡️directed/🦀️component.rs:191:31: error[E0425]: cannot find type `PropertyBag` in module `self`: not found in `self`
🧰️framework/🛍️products/💻️os/🔨️modules/♾️infinite/📦️packages/🦀️rust/././../../🎲️board/🔌️ports/➡️directed/🦀️component.rs:325:31: error[E0425]: cannot find type `PropertyBag` in module `self`: not found in `self`
🧰️framework/🛍️products/💻️os/🔨️modules/♾️infinite/📦️packages/🦀️rust/././../../🎲️board/🔌️ports/➡️directed/🦀️component.rs:340:31: error[E0425]: cannot find type `PropertyBag` in module `self`: not found in `self`
🧰️framework/🛍️products/💻️os/🔨️modules/♾️infinite/📦️packages/🦀️rust/././../../🎲️board/🔌️ports/➡️directed/🦀️component.rs:1207:40: error[E0425]: cannot find function `resolve_endpoint_node_id` in module `self`: not found in `self`
🧰️framework/🛍️products/💻️os/🔨️modules/♾️infinite/📦️packages/🦀️rust/././../../🎲️board/🔌️ports/➡️directed/🦀️component.rs:1208:40: error[E0425]: cannot find function `resolve_endpoint_node_id` in module `self`: not found in `self`
🧰️framework/🛍️products/💻️os/🔨️modules/♾️infinite/📦️packages/🦀️rust/././../../🎲️board/🔌️ports/➡️directed/➕️normal/🦀️component.rs:5107:39: error[E0433]: cannot find `PropertyBag` in `self`: could not find `PropertyBag` in `self`
🧰️framework/🛍️products/💻️os/🔨️modules/♾️infinite/📦️packages/🦀️rust/././../../🎲️board/🔌️ports/➡️directed/🕸️dag/🦀️component.rs:1933:78: error[E0433]: `crate` in paths can only be used in start position: can only be used in path start position
🧰️framework/🛍️products/💻️os/🔨️modules/♾️infinite/📦️packages/🦀️rust/📦️glue.rs:6:1: warning: unused extern crate: unused
🧰️framework/🛍️products/💻️os/🔨️modules/♾️infinite/📦️packages/🦀️rust/📦️glue.rs:7:1: warning: unused extern crate: unused
🧰️framework/🛍️products/💻️os/🔨️modules/♾️infinite/📦️packages/🦀️rust/📦️glue.rs:8:1: warning: unused extern crate: unused
🧰️framework/🛍️products/💻️os/🔨️modules/♾️infinite/📦️packages/🦀️rust/📦️glue.rs:10:1: warning: unused extern crate: unused
🧰️framework/🛍️products/💻️os/🔨️modules/♾️infinite/📦️packages/🦀️rust/📦️glue.rs:11:1: warning: unused extern crate: unused
🧰️framework/🛍️products/💻️os/🔨️modules/♾️infinite/📦️packages/🦀️rust/📦️glue.rs:12:1: warning: unused extern crate: unused
🧰️framework/🛍️products/💻️os/🔨️modules/♾️infinite/📦️packages/🦀️rust/../../🦀️component.rs:1870:24: warning: unnecessary qualification
🧰️framework/🛍️products/💻️os/🔨️modules/♾️infinite/📦️packages/🦀️rust/../../🦀️component.rs:1873:23: warning: unnecessary qualification
🧰️framework/🛍️products/💻️os/🔨️modules/♾️infinite/📦️packages/🦀️rust/../../🦀️component.rs:1874:32: warning: unnecessary qualification
🧰️framework/🛍️products/💻️os/🔨️modules/♾️infinite/📦️packages/🦀️rust/📦️glue.rs:32:9: warning: ambiguous glob re-exports: the name `World3dState` in the type namespace is first re-exported here
🧰️framework/🛍️products/💻️os/🔨️modules/♾️infinite/📦️packages/🦀️rust/📦️glue.rs:32:9: warning: ambiguous glob re-exports: the name `orbit_camera_action` in the value namespace is first re-exported here
🧰️framework/🛍️products/💻️os/🔨️modules/♾️infinite/📦️packages/🦀️rust/📦️glue.rs:32:9: warning: ambiguous glob re-exports: the name `sync_world3d_state` in the value namespace is first re-exported here
🧰️framework/🛍️products/💻️os/🔨️modules/♾️infinite/📦️packages/🦀️rust/📦️glue.rs:32:9: warning: ambiguous glob re-exports: the name `render_world_3d` in the value namespace is first re-exported here
🧰️framework/🛍️products/💻️os/🔨️modules/♾️infinite/📦️packages/🦀️rust/📦️glue.rs:32:9: warning: ambiguous glob re-exports: the name `world3d_hit_target` in the value namespace is first re-exported here
🧰️framework/🛍️products/💻️os/🔨️modules/♾️infinite/📦️packages/🦀️rust/📦️glue.rs:32:9: warning: ambiguous glob re-exports: the name `handle_world3d_pointer_move` in the value namespace is first re-exported here
🧰️framework/🛍️products/💻️os/🔨️modules/♾️infinite/📦️packages/🦀️rust/📦️glue.rs:32:9: warning: ambiguous glob re-exports: the name `handle_world3d_paint_actions` in the value namespace is first re-exported here
🧰️framework/🛍️products/💻️os/🔨️modules/♾️infinite/📦️packages/🦀️rust/📦️glue.rs:32:9: warning: ambiguous glob re-exports: the name `handle_world3d_pointer_button` in the value namespace is first re-exported here
🧰️framework/🛍️products/💻️os/🔨️modules/♾️infinite/📦️packages/🦀️rust/📦️glue.rs:32:9: warning: ambiguous glob re-exports: the name `handle_world3d_pointer_drag` in the value namespace is first re-exported here
🧰️framework/🛍️products/💻️os/🔨️modules/♾️infinite/📦️packages/🦀️rust/📦️glue.rs:32:9: warning: ambiguous glob re-exports: the name `handle_world3d_wheel` in the value namespace is first re-exported here
🧰️framework/🛍️products/💻️os/🔨️modules/♾️infinite/📦️packages/🦀️rust/📦️glue.rs:32:9: warning: ambiguous glob re-exports: the name `apply_world_action_preview` in the value namespace is first re-exported here
🧰️framework/🛍️products/💻️os/🔨️modules/♾️infinite/📦️packages/🦀️rust/📦️glue.rs:32:9: warning: ambiguous glob re-exports: the name `ingest_glb_mesh` in the value namespace is first re-exported here
🧰️framework/🛍️products/💻️os/🔨️modules/♾️infinite/📦️packages/🦀️rust/📦️glue.rs:32:9: warning: ambiguous glob re-exports: the name `collect_pending_glb_fetches` in the value namespace is first re-exported here
🧰️framework/🛍️products/💻️os/🔨️modules/♾️infinite/📦️packages/🦀️rust/📦️glue.rs:32:9: warning: ambiguous glob re-exports: the name `apply_glb_bytes` in the value namespace is first re-exported here
🧰️framework/🛍️products/💻️os/🔨️modules/♾️infinite/📦️packages/🦀️rust/📦️glue.rs:32:9: warning: ambiguous glob re-exports: the name `fetch_url_bytes` in the value namespace is first re-exported here
🧰️framework/🛍️products/💻️os/🔨️modules/♾️infinite/📦️packages/🦀️rust/📦️glue.rs:32:9: warning: ambiguous glob re-exports: the name `fetch_pending_glb_meshes` in the value namespace is first re-exported here
🧰️framework/🛍️products/💻️os/🔨️modules/♾️infinite/📦️packages/🦀️rust/📦️glue.rs:32:9: warning: ambiguous glob re-exports: the name `apply_reference_image_bytes` in the value namespace is first re-exported here
🧰️framework/🛍️products/💻️os/🔨️modules/♾️infinite/📦️packages/🦀️rust/📦️glue.rs:32:9: warning: ambiguous glob re-exports: the name `fetch_pending_reference_images` in the value namespace is first re-exported here
🧰️framework/🛍️products/💻️os/🔨️modules/♾️infinite/📦️packages/🦀️rust/📦️glue.rs:32:9: warning: ambiguous glob re-exports: the name `collect_pending_terrain_tile_fetches` in the value namespace is first re-exported here
🧰️framework/🛍️products/💻️os/🔨️modules/♾️infinite/📦️packages/🦀️rust/📦️glue.rs:32:9: warning: ambiguous glob re-exports: the name `fetch_pending_terrain_tiles` in the value namespace is first re-exported here
🧰️framework/🛍️products/💻️os/🔨️modules/♾️infinite/📦️packages/🦀️rust/📦️glue.rs:32:9: warning: ambiguous glob re-exports: the name `PendingGlbFetch` in the type namespace is first re-exported here
🧰️framework/🛍️products/💻️os/🔨️modules/♾️infinite/📦️packages/🦀️rust/📦️glue.rs:32:9: warning: ambiguous glob re-exports: the name `PendingTerrainTileFetch` in the type namespace is first re-exported here
🧰️framework/🛍️products/💻️os/🔨️modules/♾️infinite/📦️packages/🦀️rust/../../🌍️world/🦀️component.rs:1870:24: warning: unnecessary qualification
🧰️framework/🛍️products/💻️os/🔨️modules/♾️infinite/📦️packages/🦀️rust/../../🌍️world/🦀️component.rs:1873:23: warning: unnecessary qualification
🧰️framework/🛍️products/💻️os/🔨️modules/♾️infinite/📦️packages/🦀️rust/../../🌍️world/🦀️component.rs:1874:32: warning: unnecessary qualification
🧰️framework/🛍️products/💻️os/🔨️modules/♾️infinite/📦️packages/🦀️rust/📦️glue.rs:36:9: warning: unused import: `world::*`
🧰️framework/🛍️products/💻️os/🔨️modules/♾️infinite/📦️packages/🦀️rust/././../../🎲️board/🔌️ports/➡️directed/🦀️component.rs:479:13: warning: unnecessary qualification
🧰️framework/🛍️products/💻️os/🔨️modules/♾️infinite/📦️packages/🦀️rust/././../../🎲️board/🔌️ports/➡️directed/🦀️component.rs:561:33: warning: unnecessary qualification
🧰️framework/🛍️products/💻️os/🔨️modules/♾️infinite/📦️packages/🦀️rust/././../../🎲️board/🔌️ports/➡️directed/🦀️component.rs:602:28: warning: unnecessary qualification
🧰️framework/🛍️products/💻️os/🔨️modules/♾️infinite/📦️packages/🦀️rust/././../../🎲️board/🔌️ports/➡️directed/🦀️component.rs:604:17: warning: unnecessary qualification
🧰️framework/🛍️products/💻️os/🔨️modules/♾️infinite/📦️packages/🦀️rust/././../../🎲️board/🔌️ports/➡️directed/🦀️component.rs:605:17: warning: unnecessary qualification
🧰️framework/🛍️products/💻️os/🔨️modules/♾️infinite/📦️packages/🦀️rust/././../../🎲️board/🔌️ports/➡️directed/🦀️component.rs:605:88: warning: unnecessary qualification
🧰️framework/🛍️products/💻️os/🔨️modules/♾️infinite/📦️packages/🦀️rust/././../../🎲️board/🔌️ports/➡️directed/🦀️component.rs:606:17: warning: unnecessary qualification
🧰️framework/🛍️products/💻️os/🔨️modules/♾️infinite/📦️packages/🦀️rust/././../../🎲️board/🔌️ports/➡️directed/🦀️component.rs:615:17: warning: unnecessary qualification
🧰️framework/🛍️products/💻️os/🔨️modules/♾️infinite/📦️packages/🦀️rust/././../../🎲️board/🔌️ports/➡️directed/🦀️component.rs:616:17: warning: unnecessary qualification
🧰️framework/🛍️products/💻️os/🔨️modules/♾️infinite/📦️packages/🦀️rust/././../../🎲️board/🔌️ports/➡️directed/🦀️component.rs:630:17: warning: unnecessary qualification
🧰️framework/🛍️products/💻️os/🔨️modules/♾️infinite/📦️packages/🦀️rust/././../../🎲️board/🔌️ports/➡️directed/🦀️component.rs:644:17: warning: unnecessary qualification
🧰️framework/🛍️products/💻️os/🔨️modules/♾️infinite/📦️packages/🦀️rust/././../../🎲️board/🔌️ports/➡️directed/🦀️component.rs:780:9: warning: unnecessary qualification
🧰️framework/🛍️products/💻️os/🔨️modules/♾️infinite/📦️packages/🦀️rust/././../../🎲️board/🔌️ports/➡️directed/➕️normal/🦀️component.rs:468:31: warning: unnecessary qualification
🧰️framework/🛍️products/💻️os/🔨️modules/♾️infinite/📦️packages/🦀️rust/././../../🎲️board/🔌️ports/➡️directed/➕️normal/🦀️component.rs:469:13: warning: unnecessary qualification
🧰️framework/🛍️products/💻️os/🔨️modules/♾️infinite/📦️packages/🦀️rust/././../../🎲️board/🔌️ports/➡️directed/➕️normal/🦀️component.rs:473:13: warning: unnecessary qualification
🧰️framework/🛍️products/💻️os/🔨️modules/♾️infinite/📦️packages/🦀️rust/././../../🎲️board/🔌️ports/➡️directed/➕️normal/🦀️component.rs:643:24: warning: unnecessary qualification
🧰️framework/🛍️products/💻️os/🔨️modules/♾️infinite/📦️packages/🦀️rust/././../../🎲️board/🔌️ports/➡️directed/➕️normal/🦀️component.rs:2905:13: warning: unnecessary qualification
🧰️framework/🛍️products/💻️os/🔨️modules/♾️infinite/📦️packages/🦀️rust/././../../🎲️board/🔌️ports/➡️directed/➕️normal/🦀️component.rs:2909:13: warning: unnecessary qualification
🧰️framework/🛍️products/💻️os/🔨️modules/♾️infinite/📦️packages/🦀️rust/././../../🎲️board/🔌️ports/➡️directed/➕️normal/🦀️component.rs:4186:25: warning: unnecessary qualification
🧰️framework/🛍️products/💻️os/🔨️modules/♾️infinite/📦️packages/🦀️rust/././../../🎲️board/🔌️ports/➡️directed/➕️normal/🦀️component.rs:4706:36: warning: unnecessary qualification
🧰️framework/🛍️products/💻️os/🔨️modules/♾️infinite/📦️packages/🦀️rust/././../../🎲️board/🔌️ports/➡️directed/➕️normal/🦀️component.rs:4809:13: warning: unnecessary qualification
🧰️framework/🛍️products/💻️os/🔨️modules/♾️infinite/📦️packages/🦀️rust/././../../🎲️board/🔌️ports/➡️directed/➕️normal/🦀️component.rs:5683:10: warning: unnecessary qualification
🧰️framework/🛍️products/💻️os/🔨️modules/♾️infinite/📦️packages/🦀️rust/././../../🎲️board/🔌️ports/➡️directed/🕸️dag/🦀️component.rs:2859:48: warning: unnecessary qualification
🧰️framework/🛍️products/💻️os/🔨️modules/♾️infinite/📦️packages/🦀️rust/././../../🎲️board/🔌️ports/➡️directed/🕸️dag/🦀️component.rs:7842:108: error[E0559]: variant `CollectionOperation<std::string::String, DagNodeSpec, DagNodePatch>::Move` has no field named `to`: `CollectionOperation<_, _, _>::Move` does not have this field
🧰️framework/🛍️products/💻️os/🔨️modules/♾️infinite/📦️packages/🦀️rust/././../../🎲️board/🔌️ports/➡️directed/🕸️dag/🦀️component.rs:7846:108: error[E0559]: variant `CollectionOperation<std::string::String, DagFixtureEdge, DagEdgePatch>::Move` has no field named `to`: `CollectionOperation<_, _, _>::Move` does not have this field
🧰️framework/🛍️products/💻️os/🔨️modules/♾️infinite/📦️packages/🦀️rust/././../../🎲️board/🔌️ports/➡️directed/➕️normal/🦀️component.rs:5150:28: error[E0277]: the size for values of type `str` cannot be known at compilation time: doesn't have a size known at compile-time
🧰️framework/🛍️products/💻️os/🔨️modules/♾️infinite/📦️packages/🦀️rust/././../../🎲️board/🔌️ports/➡️directed/➕️normal/🦀️component.rs:5152:70: error[E0658]: use of unstable library feature `str_as_str`
🧰️framework/🛍️products/💻️os/🔨️modules/♾️infinite/📦️packages/🦀️rust/././../../🎲️board/🔌️ports/➡️directed/➕️normal/🦀️component.rs:5386:28: error[E0277]: the size for values of type `str` cannot be known at compilation time: doesn't have a size known at compile-time
🧰️framework/🛍️products/💻️os/🔨️modules/♾️infinite/📦️packages/🦀️rust/././../../🎲️board/🔌️ports/➡️directed/➕️normal/🦀️component.rs:5418:81: error[E0277]: the size for values of type `str` cannot be known at compilation time: doesn't have a size known at compile-time
🧰️framework/🛍️products/💻️os/🔨️modules/♾️infinite/📦️packages/🦀️rust/././../../🎲️board/🔌️ports/➡️directed/➕️normal/🦀️component.rs:5418:86: error[E0277]: the size for values of type `str` cannot be known at compilation time: doesn't have a size known at compile-time
🧰️framework/🛍️products/💻️os/🔨️modules/♾️infinite/📦️packages/🦀️rust/././../../🎲️board/🔌️ports/➡️directed/➕️normal/🦀️component.rs:5418:75: error[E0277]: the size for values of type `str` cannot be known at compilation time: doesn't have a size known at compile-time
warning: `semio-framework-os-infinite` (lib) generated 58 warnings
error: could not compile `semio-framework-os-infinite` (lib) due to 81 previous errors; 58 warnings emitted
