warning: unused variable: `len`
    --> 🧰️framework/🛍️products/💻️os/🔨️modules/🗣️dsl/🫀️core/⚡️implementations/🦀️rust/../../../🫀️core/⚡️implementations/🦀️rust/📦️lib.rs:1083:21
     |
1083 |                 let len = end_j - i;
     |                     ^^^ help: if this is intentional, prefix it with an underscore: `_len`
     |
     = note: `#[warn(unused_variables)]` (part of `#[warn(unused)]`) on by default

warning: `semio-framework-os-kernel-dsl-core` (lib) generated 1 warning (run `cargo fix --lib -p semio-framework-os-kernel-dsl-core` to apply 1 suggestion)
🧰️framework/🛍️products/💻️os/🔨️modules/🗣️dsl/🖋️notation/⚡️implementations/🦀️rust/../../../🖋️notation/⚡️implementations/🦀️rust/📦️lib.rs:269:4: warning: function `print_edge_label` is never used
warning: `semio-framework-os-kernel-dsl-notation` (lib) generated 1 warning
    Checking semio-framework-os-kernel-protocol-history v0.1.0 (/Users/ueli/Documents/semio/🧰️framework/🛍️products/💻️os/🔨️modules/📡️protocol/📜️history/⚡️implementations/🦀️rust)
    Checking semio-framework-os-kernel-pack-index v0.1.0 (/Users/ueli/Documents/semio/🧰️framework/🛍️products/💻️os/🔨️modules/🎒️pack/🔢️index/⚡️implementations/🦀️rust)
    Checking semio-framework-os-kernel-pack v0.1.0 (/Users/ueli/Documents/semio/🧰️framework/🛍️products/💻️os/🔨️modules/🎒️pack/⚡️implementations/🦀️rust)
    Checking semio-framework-os-kernel-protocol-io v0.1.0 (/Users/ueli/Documents/semio/🧰️framework/🛍️products/💻️os/🔨️modules/📡️protocol/🔌️io/⚡️implementations/🦀️rust)
    Checking semio-framework-os-kernel-protocol-materialize v0.1.0 (/Users/ueli/Documents/semio/🧰️framework/🛍️products/💻️os/🔨️modules/📡️protocol/💎️materialize/⚡️implementations/🦀️rust)
    Checking semio-framework-os-kernel-protocol v0.1.0 (/Users/ueli/Documents/semio/🧰️framework/🛍️products/💻️os/🔨️modules/📡️protocol/⚡️implementations/🦀️rust)
    Checking semio-framework-os-kernel-dsl v0.1.0 (/Users/ueli/Documents/semio/🧰️framework/🛍️products/💻️os/🔨️modules/🗣️dsl/⚡️implementations/🦀️rust)
🧰️framework/🛍️products/💻️os/🔨️modules/🗣️dsl/⚡️implementations/🦀️rust/../../../../../../../🧰️framework/🛍️products/💻️os/🔨️modules/🗣️dsl/⚡️implementations/🦀️rust/📦️lib.rs:497:20: error[E0433]: cannot find module or crate `store` in this scope: use of unresolved module or unlinked crate `store`
🧰️framework/🛍️products/💻️os/🔨️modules/🗣️dsl/⚡️implementations/🦀️rust/../../../../../../../🧰️framework/🛍️products/💻️os/🔨️modules/🗣️dsl/⚡️implementations/🦀️rust/📦️lib.rs:498:30: error[E0433]: cannot find module or crate `store` in this scope: use of unresolved module or unlinked crate `store`
error: could not compile `semio-framework-os-kernel-dsl` (lib) due to 2 previous errors
