🧰️framework/🛍️products/💻️os/🔨️modules/🗣️dsl/🫀️core/⚡️implementations/🦀️rust/../../../🫀️core/⚡️implementations/🦀️rust/📦️lib.rs:1083:21: warning: unused variable: `len`: help: if this is intentional, prefix it with an underscore: `_len`
warning: `semio-framework-os-kernel-dsl-core` (lib) generated 1 warning (run `cargo fix --lib -p semio-framework-os-kernel-dsl-core` to apply 1 suggestion)
🧰️framework/🛍️products/💻️os/🔨️modules/🗣️dsl/🖋️notation/⚡️implementations/🦀️rust/../../../🖋️notation/⚡️implementations/🦀️rust/📦️lib.rs:269:4: warning: function `print_edge_label` is never used
warning: `semio-framework-os-kernel-dsl-notation` (lib) generated 1 warning
🧰️framework/🛍️products/💻️os/🔨️modules/🔌️plugin/⚡️implementations/🦀️rust/../../../../../../../🧰️framework/🛍️products/💻️os/🔨️modules/🔌️plugin/⚡️implementations/🦀️rust/📦️lib.rs:3296:68: warning: unnecessary qualification
    Checking semio-framework-os-kernel-math-graph-manifest v0.1.0 (/Users/ueli/Documents/semio/🧰️framework/🔨️modules/🧮️math/🕸️graph/🛂️manifest/⚡️implementations/🦀️rust)
🧰️framework/🛍️products/💻️os/🔨️modules/🏪️store/🔄️sync/⚡️implementations/🦀️rust/../../../🔄️sync/⚡️implementations/🦀️rust/📦️lib.rs:19:5: warning: unused import: `serde_json::Value`
🧰️framework/🛍️products/💻️os/🔨️modules/🏪️store/🔄️sync/⚡️implementations/🦀️rust/../../../🔄️sync/⚡️implementations/🦀️rust/📦️lib.rs:481:16: warning: unnecessary qualification
🧰️framework/🛍️products/💻️os/🔨️modules/🏪️store/🔄️sync/⚡️implementations/🦀️rust/../../../🔄️sync/⚡️implementations/🦀️rust/📦️lib.rs:482:24: warning: unnecessary qualification
🧰️framework/🛍️products/💻️os/🔨️modules/🏪️store/🔄️sync/⚡️implementations/🦀️rust/../../../🔄️sync/⚡️implementations/🦀️rust/📦️lib.rs:492:16: warning: unnecessary qualification
🧰️framework/🛍️products/💻️os/🔨️modules/🏪️store/🔄️sync/⚡️implementations/🦀️rust/../../../🔄️sync/⚡️implementations/🦀️rust/📦️lib.rs:493:24: warning: unnecessary qualification
🧰️framework/🛍️products/💻️os/🔨️modules/🏪️store/🔄️sync/⚡️implementations/🦀️rust/../../../🔄️sync/⚡️implementations/🦀️rust/📦️lib.rs:553:41: warning: unnecessary qualification
🧰️framework/🛍️products/💻️os/🔨️modules/🏪️store/🔄️sync/⚡️implementations/🦀️rust/../../../🔄️sync/⚡️implementations/🦀️rust/📦️lib.rs:735:42: warning: unnecessary qualification
🧰️framework/🛍️products/💻️os/🔨️modules/🏪️store/🔄️sync/⚡️implementations/🦀️rust/../../../🔄️sync/⚡️implementations/🦀️rust/📦️lib.rs:739:38: warning: unnecessary qualification
🧰️framework/🛍️products/💻️os/🔨️modules/🏪️store/🔄️sync/⚡️implementations/🦀️rust/../../../🔄️sync/⚡️implementations/🦀️rust/📦️lib.rs:1208:37: warning: unnecessary qualification
🧰️framework/🛍️products/💻️os/🔨️modules/🏪️store/🔄️sync/⚡️implementations/🦀️rust/../../../🔄️sync/⚡️implementations/🦀️rust/📦️lib.rs:1208:100: warning: unnecessary qualification
🧰️framework/🛍️products/💻️os/🔨️modules/🏪️store/🔄️sync/⚡️implementations/🦀️rust/../../../🔄️sync/⚡️implementations/🦀️rust/📦️lib.rs:1275:37: warning: unnecessary qualification
🧰️framework/🛍️products/💻️os/🔨️modules/🏪️store/🔄️sync/⚡️implementations/🦀️rust/../../../🔄️sync/⚡️implementations/🦀️rust/📦️lib.rs:153:9: warning: structure field `pendingOperations` should have a snake case name: help: convert the identifier to snake case: `pending_operations`
warning: `semio-framework-plugin` (lib) generated 1 warning (run `cargo fix --lib -p semio-framework-plugin` to apply 1 suggestion)
warning: `semio-framework-os-kernel-store-sync` (lib) generated 12 warnings (run `cargo fix --lib -p semio-framework-os-kernel-store-sync` to apply 11 suggestions)
    Checking semio-framework-os-kernel-math-graph-dsl v0.1.0 (/Users/ueli/Documents/semio/🧰️framework/🔨️modules/🧮️math/🕸️graph/🗣️dsl/⚡️implementations/🦀️rust)
    Checking semio-s-plugin-cad v0.1.0 (/Users/ueli/Documents/semio/✏️s/🔌️plugins/📐️cad/📦️packages/🦀️rust)
✏️s/🔌️plugins/📐️cad/📦️packages/🦀️rust/././../../🗿️artifacts/📐️cad/🗣️dsl/🦀️component.rs:9:44: error: couldn't read `✏️s/🔌️plugins/📐️cad/📦️packages/🦀️rust/././../../🗿️artifacts/📐️cad/🗣️dsl/../../📚️examples/♻️default/🗣️dsls/♻️default/🧬️component.cad.cad.dsl.semio`: No such file or directory (os error 2)
error: could not compile `semio-s-plugin-cad` (lib) due to 1 previous error
