    Checking semio-framework-os-kernel v0.1.0 (/Users/ueli/Documents/semio/🧰️framework/🛍️products/💻️os/📦️packages/🦀️rust)
    Checking semio-framework-geometry v0.1.0 (/Users/ueli/Documents/semio/🧰️framework/🔨️modules/📐️geometry/📦️packages/🦀️rust)
   Compiling semio-framework-ui v0.1.0 (/Users/ueli/Documents/semio/🧰️framework/🔨️modules/🖱️ui/📦️packages/🦀️rust)
    Checking spade v2.15.1
    Checking typst-layout v0.14.2
    Checking i_overlay v1.9.4
    Checking usvg v0.46.0
    Checking libz-sys v1.1.29
    Checking geo-types v0.7.19
    Checking typst-eval v0.14.2
    Checking semio-framework-ui-scene v0.1.0 (/Users/ueli/Documents/semio/🧰️framework/🔨️modules/🖱️ui/🎬️scene/📦️packages/🦀️rust)
    Checking semio-framework-math v0.1.0 (/Users/ueli/Documents/semio/🧰️framework/🔨️modules/🧮️math/📦️packages/🦀️rust)
    Checking wiggle v47.0.3
    Checking wasmtime-wasi-io v47.0.3
    Checking typst-realize v0.14.2
   Compiling semio-framework-os-infinite v0.1.0 (/Users/ueli/Documents/semio/🧰️framework/🛍️products/💻️os/🔨️modules/♾️infinite/📦️packages/🦀️rust)
    Checking geographiclib-rs v0.2.7
    Checking float_next_after v1.0.0
    Checking semio-framework-os-services v0.1.0 (/Users/ueli/Documents/semio/🧰️framework/🛍️products/💻️os/🔨️modules/🛎️services/📦️packages/🦀️rust)
    Checking tiny-skia v0.11.4
    Checking gif v0.13.3
    Checking vello_svg v0.9.0
    Checking semio-framework-3d v0.1.0 (/Users/ueli/Documents/semio/🧰️framework/🔨️modules/🧊️3d/📦️packages/🦀️rust)
    Checking semio-framework-graph v0.1.0 (/Users/ueli/Documents/semio/🧰️framework/🔨️modules/🕸️graph/📦️packages/🦀️rust)
    Checking semio-framework-schema v0.1.0 (/Users/ueli/Documents/semio/🧰️framework/🔨️modules/🧬️schema/📦️packages/🦀️rust)
    Checking semio-framework-compiler v0.1.0 (/Users/ueli/Documents/semio/🧰️framework/🔨️modules/📚️compiler/📦️packages/🦀️rust)
    Checking rgb v0.8.53
    Checking wasmtime-wasi v47.0.3
    Checking semio-framework v0.1.0 (/Users/ueli/Documents/semio/🧰️framework/📦️packages/🦀️rust)
    Checking typst v0.14.2
    Checking geo v0.29.3
    Checking resvg v0.45.1
    Checking semio-framework-plugin v0.1.0 (/Users/ueli/Documents/semio/🧰️framework/🛍️products/💻️os/🔨️modules/🔌️plugin/📦️packages/🦀️rust)
    Checking semio-s-plugin-stdio v0.1.0 (/Users/ueli/Documents/semio/✏️s/🔌️plugins/🗄️stdio/📦️packages/🦀️rust)
    Checking semio-framework-plugin-host v0.1.0 (/Users/ueli/Documents/semio/🧰️framework/🛍️products/💻️os/🔨️modules/🔌️plugin/🖥️host/📦️packages/🦀️rust)
    Checking semio-framework-2d v0.1.0 (/Users/ueli/Documents/semio/🧰️framework/🔨️modules/◻2d/📦️packages/🦀️rust)
error: could not compile `semio-s-plugin-stdio` (lib) due to 96 previous errors; 176 warnings emitted
