    Checking arrayvec v0.7.6
    Checking cfg-if v1.0.4
    Checking memchr v2.8.0
    Checking serde_core v1.0.228
    Checking zmij v1.0.21
    Checking itoa v1.0.18
    Checking simd-adler32 v0.3.9
    Checking semio-framework-trace v0.1.0 (/Users/ueli/Documents/semio/🧰️framework/🔨️modules/⏱️trace/📦️packages/🦀️rust)
    Checking adler2 v2.0.1
    Checking libc v0.2.186
    Checking pin-project-lite v0.2.17
    Checking constant_time_eq v0.4.2
    Checking arrayref v0.3.9
    Checking crc32fast v1.5.0
    Checking futures-core v0.3.32
    Checking thiserror v2.0.18
    Checking polycool v0.4.0
    Checking serde v1.0.228
    Checking serde_json v1.0.149
    Checking miniz_oxide v0.8.9
    Checking base64 v0.22.1
    Checking parking v2.2.1
    Checking blake3 v1.8.5
    Checking log v0.4.29
    Checking bumpalo v3.20.2
    Checking equivalent v1.0.2
    Checking smallvec v1.15.1
    Checking semio-framework-async v0.1.0 (/Users/ueli/Documents/semio/🧰️framework/🔨️modules/⏳️async/📦️packages/🦀️rust)
    Checking fastrand v2.4.1
    Checking futures-io v0.3.32
    Checking hashbrown v0.17.1
    Checking flate2 v1.1.9
    Checking socket2 v0.6.4
    Checking semio-framework-replication v0.1.0 (/Users/ueli/Documents/semio/🧰️framework/🔨️modules/📡️replication/📦️packages/🦀️rust)
    Checking mio v1.2.1
    Checking zopfli v0.8.3
    Checking futures-sink v0.3.32
    Checking kurbo v0.13.1
    Checking slab v0.4.12
    Checking futures-lite v2.6.1
    Checking indexmap v2.14.0
    Checking futures-task v0.3.32
    Checking semio-framework-hash v0.1.0 (/Users/ueli/Documents/semio/🧰️framework/🔨️modules/#⃣hash/📦️packages/🦀️rust)
    Checking semio-framework-ui-styling v0.1.0 (/Users/ueli/Documents/semio/🧰️framework/🔨️modules/🖱️ui/🎨️styling/📦️packages/🦀️rust)
    Checking semio-framework-ui-contract v0.1.0 (/Users/ueli/Documents/semio/🧰️framework/🔨️modules/🖱️ui/🧬️contract/📦️packages/🦀️rust)
    Checking gltf-json v1.4.1
    Checking semio-framework-job v0.1.0 (/Users/ueli/Documents/semio/🧰️framework/🔨️modules/🧵️job/📦️packages/🦀️rust)
    Checking tokio v1.52.3
    Checking lazy_static v1.5.0
    Checking byteorder v1.5.0
   Compiling semio-framework-ui v0.1.0 (/Users/ueli/Documents/semio/🧰️framework/🔨️modules/🖱️ui/📦️packages/🦀️rust)
    Checking semio-framework-actor v0.1.0 (/Users/ueli/Documents/semio/🧰️framework/🔨️modules/🎭️actor/📦️packages/🦀️rust)
    Checking semio-framework-geometry v0.1.0 (/Users/ueli/Documents/semio/🧰️framework/🔨️modules/📐️geometry/📦️packages/🦀️rust)
    Checking bitflags v2.11.1
    Checking semio-framework-ui-scene v0.1.0 (/Users/ueli/Documents/semio/🧰️framework/🔨️modules/🖱️ui/🎬️scene/📦️packages/🦀️rust)
    Checking semio-framework-pack v0.1.0 (/Users/ueli/Documents/semio/🧰️framework/🔨️modules/🎒️pack/📦️packages/🦀️rust)
    Checking zip v2.4.2
    Checking futures-util v0.3.32
    Checking semio-framework-ui-runtime v0.1.0 (/Users/ueli/Documents/semio/🧰️framework/🔨️modules/🖱️ui/🧠️runtime/📦️packages/🦀️rust)
    Checking semio-framework-os-kernel-neural-engine v0.1.0 (/Users/ueli/Documents/semio/🧰️framework/🛍️products/💻️os/🔨️modules/🧠️neural/⚙️engine/📦️packages/🦀️rust)
    Checking semio-framework-number v0.1.0 (/Users/ueli/Documents/semio/🧰️framework/🔨️modules/🔢️number/📦️packages/🦀️rust)
    Checking libz-sys v1.1.29
    Checking semio-framework-math v0.1.0 (/Users/ueli/Documents/semio/🧰️framework/🔨️modules/🧮️math/📦️packages/🦀️rust)
    Checking gltf v1.4.1
    Checking wit-bindgen v0.57.1
    Checking semio-framework-os-kernel v0.1.0 (/Users/ueli/Documents/semio/🧰️framework/🛍️products/💻️os/📦️packages/🦀️rust)
    Checking semio-framework-mesh-engine v0.1.0 (/Users/ueli/Documents/semio/🧰️framework/🔨️modules/🔺️mesh-engine/📦️packages/🦀️rust)
    Checking semio-framework-schema v0.1.0 (/Users/ueli/Documents/semio/🧰️framework/🔨️modules/🧬️schema/📦️packages/🦀️rust)
    Checking semio-framework-graph v0.1.0 (/Users/ueli/Documents/semio/🧰️framework/🔨️modules/🕸️graph/📦️packages/🦀️rust)
    Checking semio-framework-3d v0.1.0 (/Users/ueli/Documents/semio/🧰️framework/🔨️modules/🧊️3d/📦️packages/🦀️rust)
    Checking semio-framework v0.1.0 (/Users/ueli/Documents/semio/🧰️framework/📦️packages/🦀️rust)
    Checking semio-framework-plugin v0.1.0 (/Users/ueli/Documents/semio/🧰️framework/🛍️products/💻️os/🔨️modules/🔌️plugin/📦️packages/🦀️rust)
error: could not compile `semio-framework-plugin` (lib) due to 31 previous errors; 39 warnings emitted
