    Checking semio-framework-os-kernel v0.1.0 (/Users/ueli/Documents/semio/🧰️framework/🛍️products/💻️os/📦️packages/🦀️rust)
error[E0753]: expected outer doc comment
 --> 🧰️framework/🛍️products/💻️os/📦️packages/🦀️rust/./../../🔨️modules/📡️spr/📡️wire/🦀️component.rs:2:1
  |
2 | //! 🎞️ Protocol semio_hub wire frames: the lane-tagged `ClientFrame`/`ServerFrame` envelopes a
  | ^^^^^^^^^^^^^^^^^^^^^^^^^^^^^^^^^^^^^^^^^^^^^^^^^^^^^^^^^^^^^^^^^^^^^^^^^^^^^^^^^^^^^^^^^^^^^
  |
  = note: inner doc comments like this (starting with `//!` or `/*!`) can only appear before items
help: you might have meant to write a regular comment
  |
2 - //! 🎞️ Protocol semio_hub wire frames: the lane-tagged `ClientFrame`/`ServerFrame` envelopes a
2 + // 🎞️ Protocol semio_hub wire frames: the lane-tagged `ClientFrame`/`ServerFrame` envelopes a
  |

error[E0753]: expected outer doc comment
 --> 🧰️framework/🛍️products/💻️os/📦️packages/🦀️rust/./../../🔨️modules/📡️spr/📡️wire/🦀️component.rs:3:1
  |
3 | //! browser/native sync client exchanges with the collaboration semio_hub, plus their binary codec. Frozen
  | ^^^^^^^^^^^^^^^^^^^^^^^^^^^^^^^^^^^^^^^^^^^^^^^^^^^^^^^^^^^^^^^^^^^^^^^^^^^^^^^^^^^^^^^^^^^^^^^^^^^^^^^^^^
  |
  = note: inner doc comments like this (starting with `//!` or `/*!`) can only appear before items
help: you might have meant to write a regular comment
  |
3 - //! browser/native sync client exchanges with the collaboration semio_hub, plus their binary codec. Frozen
3 + // browser/native sync client exchanges with the collaboration semio_hub, plus their binary codec. Frozen
  |

error[E0753]: expected outer doc comment
 --> 🧰️framework/🛍️products/💻️os/📦️packages/🦀️rust/./../../🔨️modules/📡️spr/📡️wire/🦀️component.rs:4:1
  |
4 | //! contract: `.🦑️repo/🎫️tickets/26/07/27/PROTOCOL-BINARY-OP-LOG-LAYER/contract.md` `## Amendment`
  | ^^^^^^^^^^^^^^^^^^^^^^^^^^^^^^^^^^^^^^^^^^^^^^^^^^^^^^^^^^^^^^^^^^^^^^^^^^^^^^^^^^^^^^^^^^^^^^^^^^
  |
  = note: inner doc comments like this (starting with `//!` or `/*!`) can only appear before items
help: you might have meant to write a regular comment
  |
4 - //! contract: `.🦑️repo/🎫️tickets/26/07/27/PROTOCOL-BINARY-OP-LOG-LAYER/contract.md` `## Amendment`
4 + // contract: `.🦑️repo/🎫️tickets/26/07/27/PROTOCOL-BINARY-OP-LOG-LAYER/contract.md` `## Amendment`
  |

error[E0753]: expected outer doc comment
 --> 🧰️framework/🛍️products/💻️os/📦️packages/🦀️rust/./../../🔨️modules/📡️spr/📡️wire/🦀️component.rs:5:1
  |
5 | //! §`protocol_wire`.
  | ^^^^^^^^^^^^^^^^^^^^^
  |
  = note: inner doc comments like this (starting with `//!` or `/*!`) can only appear before items
help: you might have meant to write a regular comment
  |
5 - //! §`protocol_wire`.
5 + // §`protocol_wire`.
  |

error[E0753]: expected outer doc comment
 --> 🧰️framework/🛍️products/💻️os/📦️packages/🦀️rust/./../../🔨️modules/📡️spr/📡️wire/🦀️component.rs:6:1
  |
6 | //!
  | ^^^
  |
  = note: inner doc comments like this (starting with `//!` or `/*!`) can only appear before items
help: you might have meant to write a regular comment
  |
6 - //!
6 + //
  |

error[E0753]: expected outer doc comment
 --> 🧰️framework/🛍️products/💻️os/📦️packages/🦀️rust/./../../🔨️modules/📡️spr/📡️wire/🦀️component.rs:7:1
  |
7 | //! 🎯️ W5: the byte encoding is now a fully hand-rolled binary layout — `lane: u8` followed by
  | ^^^^^^^^^^^^^^^^^^^^^^^^^^^^^^^^^^^^^^^^^^^^^^^^^^^^^^^^^^^^^^^^^^^^^^^^^^^^^^^^^^^^^^^^^^^^^^
  |
  = note: inner doc comments like this (starting with `//!` or `/*!`) can only appear before items
help: you might have meant to write a regular comment
  |
7 - //! 🎯️ W5: the byte encoding is now a fully hand-rolled binary layout — `lane: u8` followed by
7 + // 🎯️ W5: the byte encoding is now a fully hand-rolled binary layout — `lane: u8` followed by
  |

error[E0753]: expected outer doc comment
 --> 🧰️framework/🛍️products/💻️os/📦️packages/🦀️rust/./../../🔨️modules/📡️spr/📡️wire/🦀️component.rs:8:1
  |
8 | //! `frame tag: u8` (the frame enum's variant declaration order) and its fields in declaration
  | ^^^^^^^^^^^^^^^^^^^^^^^^^^^^^^^^^^^^^^^^^^^^^^^^^^^^^^^^^^^^^^^^^^^^^^^^^^^^^^^^^^^^^^^^^^^^^^
  |
  = note: inner doc comments like this (starting with `//!` or `/*!`) can only appear before items
help: you might have meant to write a regular comment
  |
8 - //! `frame tag: u8` (the frame enum's variant declaration order) and its fields in declaration
8 + // `frame tag: u8` (the frame enum's variant declaration order) and its fields in declaration
  |

error[E0753]: expected outer doc comment
 --> 🧰️framework/🛍️products/💻️os/📦️packages/🦀️rust/./../../🔨️modules/📡️spr/📡️wire/🦀️component.rs:9:1
  |
9 | //! order, with no body-length prefix (one frame per WS message) and no per-field tags. This
  | ^^^^^^^^^^^^^^^^^^^^^^^^^^^^^^^^^^^^^^^^^^^^^^^^^^^^^^^^^^^^^^^^^^^^^^^^^^^^^^^^^^^^^^^^^^^^
  |
  = note: inner doc comments like this (starting with `//!` or `/*!`) can only appear before items
help: you might have meant to write a regular comment
  |
9 - //! order, with no body-length prefix (one frame per WS message) and no per-field tags. This
9 + // order, with no body-length prefix (one frame per WS message) and no per-field tags. This
  |

error[E0753]: expected outer doc comment
  --> 🧰️framework/🛍️products/💻️os/📦️packages/🦀️rust/./../../🔨️modules/📡️spr/📡️wire/🦀️component.rs:10:1
   |
10 | //! matches `crate::os_spr::core::🔖️WireCodec`'s convention (also used by `crate::os_spr::causal::🔖️EnvelopeCodec`
   | ^^^^^^^^^^^^^^^^^^^^^^^^^^^^^^^^^^^^^^^^^^^^^^^^^^^^^^^^^^^^^^^^^^^^^^^^^^^^^^^^^^^^^^^^^^^^^^^^^^^^^^^^^^^^^^^^^^
   |
   = note: inner doc comments like this (starting with `//!` or `/*!`) can only appear before items
help: you might have meant to write a regular comment
   |
10 - //! matches `crate::os_spr::core::🔖️WireCodec`'s convention (also used by `crate::os_spr::causal::🔖️EnvelopeCodec`
10 + // matches `crate::os_spr::core::🔖️WireCodec`'s convention (also used by `crate::os_spr::causal::🔖️EnvelopeCodec`
   |

error[E0753]: expected outer doc comment
  --> 🧰️framework/🛍️products/💻️os/📦️packages/🦀️rust/./../../🔨️modules/📡️spr/📡️wire/🦀️component.rs:11:1
   |
11 | //! and `crate::os_dsl::op_rt`). `DocumentDiff`/`InverseOperation` payloads are opaque `Vec<u8>` (never
   | ^^^^^^^^^^^^^^^^^^^^^^^^^^^^^^^^^^^^^^^^^^^^^^^^^^^^^^^^^^^^^^^^^^^^^^^^^^^^^^^^^^^^^^^^^^^^^^^^^^^^^^^
   |
   = note: inner doc comments like this (starting with `//!` or `/*!`) can only appear before items
help: you might have meant to write a regular comment
   |
11 - //! and `crate::os_dsl::op_rt`). `DocumentDiff`/`InverseOperation` payloads are opaque `Vec<u8>` (never
11 + // and `crate::os_dsl::op_rt`). `DocumentDiff`/`InverseOperation` payloads are opaque `Vec<u8>` (never
   |

error[E0753]: expected outer doc comment
  --> 🧰️framework/🛍️products/💻️os/📦️packages/🦀️rust/./../../🔨️modules/📡️spr/📡️wire/🦀️component.rs:12:1
   |
12 | //! `serde_json::Value`). `ClientFrame::Presence`/`ServerFrame::Presence` carry opaque presence
   | ^^^^^^^^^^^^^^^^^^^^^^^^^^^^^^^^^^^^^^^^^^^^^^^^^^^^^^^^^^^^^^^^^^^^^^^^^^^^^^^^^^^^^^^^^^^^^^^
   |
   = note: inner doc comments like this (starting with `//!` or `/*!`) can only appear before items
help: you might have meant to write a regular comment
   |
12 - //! `serde_json::Value`). `ClientFrame::Presence`/`ServerFrame::Presence` carry opaque presence
12 + // `serde_json::Value`). `ClientFrame::Presence`/`ServerFrame::Presence` carry opaque presence
   |

error[E0753]: expected outer doc comment
  --> 🧰️framework/🛍️products/💻️os/📦️packages/🦀️rust/./../../🔨️modules/📡️spr/📡️wire/🦀️component.rs:13:1
   |
13 | //! payload bytes (`peer: Vec<u8>` / `peers: Vec<Vec<u8>>`) — this crate has no dependency on
   | ^^^^^^^^^^^^^^^^^^^^^^^^^^^^^^^^^^^^^^^^^^^^^^^^^^^^^^^^^^^^^^^^^^^^^^^^^^^^^^^^^^^^^^^^^^^^^
   |
   = note: inner doc comments like this (starting with `//!` or `/*!`) can only appear before items
help: you might have meant to write a regular comment
   |
13 - //! payload bytes (`peer: Vec<u8>` / `peers: Vec<Vec<u8>>`) — this crate has no dependency on
13 + // payload bytes (`peer: Vec<u8>` / `peers: Vec<Vec<u8>>`) — this crate has no dependency on
   |

error[E0753]: expected outer doc comment
  --> 🧰️framework/🛍️products/💻️os/📦️packages/🦀️rust/./../../🔨️modules/📡️spr/📡️wire/🦀️component.rs:14:1
   |
14 | //! `framework_core` (where the concrete `PresencePeer` type and its binary codec live), so the
   | ^^^^^^^^^^^^^^^^^^^^^^^^^^^^^^^^^^^^^^^^^^^^^^^^^^^^^^^^^^^^^^^^^^^^^^^^^^^^^^^^^^^^^^^^^^^^^^^
   |
   = note: inner doc comments like this (starting with `//!` or `/*!`) can only appear before items
help: you might have meant to write a regular comment
   |
14 - //! `framework_core` (where the concrete `PresencePeer` type and its binary codec live), so the
14 + // `framework_core` (where the concrete `PresencePeer` type and its binary codec live), so the
   |

error[E0753]: expected outer doc comment
  --> 🧰️framework/🛍️products/💻️os/📦️packages/🦀️rust/./../../🔨️modules/📡️spr/📡️wire/🦀️component.rs:15:1
   |
15 | //! frame only ever moves the already-encoded blob a caller supplies. `protocol_core` supplies the
   | ^^^^^^^^^^^^^^^^^^^^^^^^^^^^^^^^^^^^^^^^^^^^^^^^^^^^^^^^^^^^^^^^^^^^^^^^^^^^^^^^^^^^^^^^^^^^^^^^^^
   |
   = note: inner doc comments like this (starting with `//!` or `/*!`) can only appear before items
help: you might have meant to write a regular comment
   |
15 - //! frame only ever moves the already-encoded blob a caller supplies. `protocol_core` supplies the
15 + // frame only ever moves the already-encoded blob a caller supplies. `protocol_core` supplies the
   |

error[E0753]: expected outer doc comment
  --> 🧰️framework/🛍️products/💻️os/📦️packages/🦀️rust/./../../🔨️modules/📡️spr/📡️wire/🦀️component.rs:16:1
   |
16 | //! primitive codec (`write_varint_u64`/`write_str`/`write_bytes`/`write_hash32`/`write_bool` and
   | ^^^^^^^^^^^^^^^^^^^^^^^^^^^^^^^^^^^^^^^^^^^^^^^^^^^^^^^^^^^^^^^^^^^^^^^^^^^^^^^^^^^^^^^^^^^^^^^^^
   |
   = note: inner doc comments like this (starting with `//!` or `/*!`) can only appear before items
help: you might have meant to write a regular comment
   |
16 - //! primitive codec (`write_varint_u64`/`write_str`/`write_bytes`/`write_hash32`/`write_bool` and
16 + // primitive codec (`write_varint_u64`/`write_str`/`write_bytes`/`write_hash32`/`write_bool` and
   |

error[E0753]: expected outer doc comment
  --> 🧰️framework/🛍️products/💻️os/📦️packages/🦀️rust/./../../🔨️modules/📡️spr/📡️wire/🦀️component.rs:17:1
   |
17 | //! their `read_*` twins); this crate adds only the option/vec combinators and the frame/nested-enum
   | ^^^^^^^^^^^^^^^^^^^^^^^^^^^^^^^^^^^^^^^^^^^^^^^^^^^^^^^^^^^^^^^^^^^^^^^^^^^^^^^^^^^^^^^^^^^^^^^^^^^^
   |
   = note: inner doc comments like this (starting with `//!` or `/*!`) can only appear before items
help: you might have meant to write a regular comment
   |
17 - //! their `read_*` twins); this crate adds only the option/vec combinators and the frame/nested-enum
17 + // their `read_*` twins); this crate adds only the option/vec combinators and the frame/nested-enum
   |

error[E0753]: expected outer doc comment
  --> 🧰️framework/🛍️products/💻️os/📦️packages/🦀️rust/./../../🔨️modules/📡️spr/📡️wire/🦀️component.rs:18:1
   |
18 | //! tag dispatch below.
   | ^^^^^^^^^^^^^^^^^^^^^^^
   |
   = note: inner doc comments like this (starting with `//!` or `/*!`) can only appear before items
help: you might have meant to write a regular comment
   |
18 - //! tag dispatch below.
18 + // tag dispatch below.
   |

warning: unused extern crate
 --> 🧰️framework/🛍️products/💻️os/📦️packages/🦀️rust/📦️glue.rs:7:1
  |
7 | extern crate self as dsl_grammar;
  | ^^^^^^^^^^^^^^^^^^^^^^^^^^^^^^^^^ unused
  |
  = note: `-W unused-extern-crates` implied by `-W rust-2018-idioms`
  = help: to override `-W rust-2018-idioms` add `#[allow(unused_extern_crates)]`
help: remove the unused `extern crate`
  |
7 - extern crate self as dsl_grammar;
  |

warning: unused extern crate
  --> 🧰️framework/🛍️products/💻️os/📦️packages/🦀️rust/📦️glue.rs:11:1
   |
11 | extern crate self as pack;
   | ^^^^^^^^^^^^^^^^^^^^^^^^^^ unused
   |
help: remove the unused `extern crate`
   |
11 - extern crate self as pack;
   |

warning: unused extern crate
  --> 🧰️framework/🛍️products/💻️os/📦️packages/🦀️rust/📦️glue.rs:12:1
   |
12 | extern crate self as spr;
   | ^^^^^^^^^^^^^^^^^^^^^^^^^ unused
   |
help: remove the unused `extern crate`
   |
12 - extern crate self as spr;
   |

warning: unused extern crate
  --> 🧰️framework/🛍️products/💻️os/📦️packages/🦀️rust/📦️glue.rs:13:1
   |
13 | extern crate self as vcs;
   | ^^^^^^^^^^^^^^^^^^^^^^^^^ unused
   |
help: remove the unused `extern crate`
   |
13 - extern crate self as vcs;
   |

warning: private item shadows public glob re-export
   --> 🧰️framework/🛍️products/💻️os/📦️packages/🦀️rust/📦️glue.rs:14:1
    |
 14 | extern crate self as semio_format;
    | ^^^^^^^^^^^^^^^^^^^^^^^^^^^^^^^^^^
    |
note: the name `semio_format` in the type namespace is supposed to be publicly re-exported here
   --> 🧰️framework/🛍️products/💻️os/📦️packages/🦀️rust/📦️glue.rs:179:9
    |
179 | pub use crate::os_store::*;
    |         ^^^^^^^^^^^^^^^^^^
note: but the private item here shadows it
   --> 🧰️framework/🛍️products/💻️os/📦️packages/🦀️rust/📦️glue.rs:14:1
    |
 14 | extern crate self as semio_format;
    | ^^^^^^^^^^^^^^^^^^^^^^^^^^^^^^^^^^
    = note: `#[warn(hidden_glob_reexports)]` on by default

warning: unexpected `cfg` condition value: `js`
   --> 🧰️framework/🛍️products/💻️os/📦️packages/🦀️rust/./../../🔨️modules/🗣️dsl/🫀️core/🦀️component.rs:345:11
    |
345 | #[cfg(all(feature = "js", target_arch = "wasm32"))]
    |           ^^^^^^^^^^^^^^
    |
    = note: expected values for `feature` are: `default`, `deflate`, `sync`, `ureq`, and `worker`
    = help: consider adding `js` as a feature in `Cargo.toml`
    = note: see <https://doc.rust-lang.org/nightly/rustc/check-cfg/cargo-specifics.html> for more information about checking conditional configuration
    = note: `#[warn(unexpected_cfgs)]` on by default

warning: unexpected `cfg` condition value: `js`
   --> 🧰️framework/🛍️products/💻️os/📦️packages/🦀️rust/./../../🔨️modules/🗣️dsl/🫀️core/🦀️component.rs:351:11
    |
351 | #[cfg(all(feature = "js", target_arch = "wasm32"))]
    |           ^^^^^^^^^^^^^^
    |
    = note: expected values for `feature` are: `default`, `deflate`, `sync`, `ureq`, and `worker`
    = help: consider adding `js` as a feature in `Cargo.toml`
    = note: see <https://doc.rust-lang.org/nightly/rustc/check-cfg/cargo-specifics.html> for more information about checking conditional configuration

warning: ambiguous glob re-exports
   --> 🧰️framework/🛍️products/💻️os/📦️packages/🦀️rust/📦️glue.rs:178:9
    |
178 | pub use crate::os_dsl::*;
    |         ^^^^^^^^^^^^^^^^ the name `canonicalize` in the value namespace is first re-exported here
...
190 | pub use crate::os_dsl::grammar::*;
    |         ------------------------- but the name `canonicalize` in the value namespace is also re-exported here
    |
    = note: `#[warn(ambiguous_glob_reexports)]` on by default

warning: ambiguous glob re-exports
   --> 🧰️framework/🛍️products/💻️os/📦️packages/🦀️rust/📦️glue.rs:178:9
    |
178 | pub use crate::os_dsl::*;
    |         ^^^^^^^^^^^^^^^^ the name `test_support` in the type namespace is first re-exported here
179 | pub use crate::os_store::*;
    |         ------------------ but the name `test_support` in the type namespace is also re-exported here

warning: ambiguous glob re-exports
   --> 🧰️framework/🛍️products/💻️os/📦️packages/🦀️rust/📦️glue.rs:178:9
    |
178 | pub use crate::os_dsl::*;
    |         ^^^^^^^^^^^^^^^^ the name `core` in the type namespace is first re-exported here
...
181 | pub use crate::os_pack::*;
    |         ----------------- but the name `core` in the type namespace is also re-exported here

warning: ambiguous glob re-exports
   --> 🧰️framework/🛍️products/💻️os/📦️packages/🦀️rust/📦️glue.rs:178:9
    |
178 | pub use crate::os_dsl::*;
    |         ^^^^^^^^^^^^^^^^ the name `Symbol` in the type namespace is first re-exported here
...
190 | pub use crate::os_dsl::grammar::*;
    |         ------------------------- but the name `Symbol` in the type namespace is also re-exported here

warning: ambiguous glob re-exports
   --> 🧰️framework/🛍️products/💻️os/📦️packages/🦀️rust/📦️glue.rs:180:9
    |
180 | pub use crate::os_spr::*;
    |         ^^^^^^^^^^^^^^^^ the name `apply_collection_operation` in the value namespace is first re-exported here
...
185 | pub use crate::os_vcs::*;
    |         ---------------- but the name `apply_collection_operation` in the value namespace is also re-exported here

warning: ambiguous glob re-exports
   --> 🧰️framework/🛍️products/💻️os/📦️packages/🦀️rust/📦️glue.rs:180:9
    |
180 | pub use crate::os_spr::*;
    |         ^^^^^^^^^^^^^^^^ the name `collection_diff_from_operation` in the value namespace is first re-exported here
...
185 | pub use crate::os_vcs::*;
    |         ---------------- but the name `collection_diff_from_operation` in the value namespace is also re-exported here

warning: ambiguous glob re-exports
   --> 🧰️framework/🛍️products/💻️os/📦️packages/🦀️rust/📦️glue.rs:180:9
    |
180 | pub use crate::os_spr::*;
    |         ^^^^^^^^^^^^^^^^ the name `invert_collection_operation` in the value namespace is first re-exported here
...
185 | pub use crate::os_vcs::*;
    |         ---------------- but the name `invert_collection_operation` in the value namespace is also re-exported here

warning: ambiguous glob re-exports
   --> 🧰️framework/🛍️products/💻️os/📦️packages/🦀️rust/📦️glue.rs:180:9
    |
180 | pub use crate::os_spr::*;
    |         ^^^^^^^^^^^^^^^^ the name `Identified` in the type namespace is first re-exported here
...
185 | pub use crate::os_vcs::*;
    |         ---------------- but the name `Identified` in the type namespace is also re-exported here

warning: ambiguous glob re-exports
   --> 🧰️framework/🛍️products/💻️os/📦️packages/🦀️rust/📦️glue.rs:180:9
    |
180 | pub use crate::os_spr::*;
    |         ^^^^^^^^^^^^^^^^ the name `Patchable` in the type namespace is first re-exported here
...
185 | pub use crate::os_vcs::*;
    |         ---------------- but the name `Patchable` in the type namespace is also re-exported here

warning: ambiguous glob re-exports
   --> 🧰️framework/🛍️products/💻️os/📦️packages/🦀️rust/📦️glue.rs:180:9
    |
180 | pub use crate::os_spr::*;
    |         ^^^^^^^^^^^^^^^^ the name `cli` in the type namespace is first re-exported here
...
186 | pub use crate::os_semio::*;
    |         ------------------ but the name `cli` in the type namespace is also re-exported here

warning: ambiguous glob re-exports
   --> 🧰️framework/🛍️products/💻️os/📦️packages/🦀️rust/📦️glue.rs:180:9
    |
180 | pub use crate::os_spr::*;
    |         ^^^^^^^^^^^^^^^^ the name `format` in the type namespace is first re-exported here
181 | pub use crate::os_pack::*;
    |         ----------------- but the name `format` in the type namespace is also re-exported here

warning: ambiguous glob re-exports
   --> 🧰️framework/🛍️products/💻️os/📦️packages/🦀️rust/📦️glue.rs:180:9
    |
180 | pub use crate::os_spr::*;
    |         ^^^^^^^^^^^^^^^^ the name `io` in the type namespace is first re-exported here
181 | pub use crate::os_pack::*;
    |         ----------------- but the name `io` in the type namespace is also re-exported here

warning: ambiguous glob re-exports
   --> 🧰️framework/🛍️products/💻️os/📦️packages/🦀️rust/📦️glue.rs:180:9
    |
180 | pub use crate::os_spr::*;
    |         ^^^^^^^^^^^^^^^^ the name `testkit` in the type namespace is first re-exported here
181 | pub use crate::os_pack::*;
    |         ----------------- but the name `testkit` in the type namespace is also re-exported here

warning: ambiguous glob re-exports
   --> 🧰️framework/🛍️products/💻️os/📦️packages/🦀️rust/📦️glue.rs:181:9
    |
180 | pub use crate::os_spr::*;
    |         ---------------- but the name `read_varint_u64` in the value namespace is also re-exported here
181 | pub use crate::os_pack::*;
    |         ^^^^^^^^^^^^^^^^^ the name `read_varint_u64` in the value namespace is first re-exported here

warning: ambiguous glob re-exports
   --> 🧰️framework/🛍️products/💻️os/📦️packages/🦀️rust/📦️glue.rs:181:9
    |
180 | pub use crate::os_spr::*;
    |         ---------------- but the name `write_varint_u64` in the value namespace is also re-exported here
181 | pub use crate::os_pack::*;
    |         ^^^^^^^^^^^^^^^^^ the name `write_varint_u64` in the value namespace is first re-exported here

warning: ambiguous glob re-exports
   --> 🧰️framework/🛍️products/💻️os/📦️packages/🦀️rust/📦️glue.rs:181:9
    |
180 | pub use crate::os_spr::*;
    |         ---------------- but the name `recover_file` in the value namespace is also re-exported here
181 | pub use crate::os_pack::*;
    |         ^^^^^^^^^^^^^^^^^ the name `recover_file` in the value namespace is first re-exported here

warning: ambiguous glob re-exports
   --> 🧰️framework/🛍️products/💻️os/📦️packages/🦀️rust/📦️glue.rs:181:9
    |
180 | pub use crate::os_spr::*;
    |         ---------------- but the name `RecoveryReport` in the type namespace is also re-exported here
181 | pub use crate::os_pack::*;
    |         ^^^^^^^^^^^^^^^^^ the name `RecoveryReport` in the type namespace is first re-exported here

warning: ambiguous glob re-exports
   --> 🧰️framework/🛍️products/💻️os/📦️packages/🦀️rust/📦️glue.rs:181:9
    |
180 | pub use crate::os_spr::*;
    |         ---------------- but the name `VerificationLevel` in the type namespace is also re-exported here
181 | pub use crate::os_pack::*;
    |         ^^^^^^^^^^^^^^^^^ the name `VerificationLevel` in the type namespace is first re-exported here

warning: ambiguous glob re-exports
   --> 🧰️framework/🛍️products/💻️os/📦️packages/🦀️rust/📦️glue.rs:181:9
    |
180 | pub use crate::os_spr::*;
    |         ---------------- but the name `WriteOptions` in the type namespace is also re-exported here
181 | pub use crate::os_pack::*;
    |         ^^^^^^^^^^^^^^^^^ the name `WriteOptions` in the type namespace is first re-exported here

warning: ambiguous glob re-exports
   --> 🧰️framework/🛍️products/💻️os/📦️packages/🦀️rust/📦️glue.rs:181:9
    |
180 | pub use crate::os_spr::*;
    |         ---------------- but the name `DecodeOptions` in the type namespace is also re-exported here
181 | pub use crate::os_pack::*;
    |         ^^^^^^^^^^^^^^^^^ the name `DecodeOptions` in the type namespace is first re-exported here

warning: ambiguous glob re-exports
   --> 🧰️framework/🛍️products/💻️os/📦️packages/🦀️rust/📦️glue.rs:181:9
    |
180 | pub use crate::os_spr::*;
    |         ---------------- but the name `EncodeOptions` in the type namespace is also re-exported here
181 | pub use crate::os_pack::*;
    |         ^^^^^^^^^^^^^^^^^ the name `EncodeOptions` in the type namespace is first re-exported here

warning: ambiguous glob re-exports
   --> 🧰️framework/🛍️products/💻️os/📦️packages/🦀️rust/📦️glue.rs:185:9
    |
180 | pub use crate::os_spr::*;
    |         ---------------- but the name `ItemPatch` in the type namespace is also re-exported here
...
185 | pub use crate::os_vcs::*;
    |         ^^^^^^^^^^^^^^^^ the name `ItemPatch` in the type namespace is first re-exported here

warning: ambiguous glob re-exports
   --> 🧰️framework/🛍️products/💻️os/📦️packages/🦀️rust/📦️glue.rs:185:9
    |
180 | pub use crate::os_spr::*;
    |         ---------------- but the name `CollectionDiff` in the type namespace is also re-exported here
...
185 | pub use crate::os_vcs::*;
    |         ^^^^^^^^^^^^^^^^ the name `CollectionDiff` in the type namespace is first re-exported here

warning: ambiguous glob re-exports
   --> 🧰️framework/🛍️products/💻️os/📦️packages/🦀️rust/📦️glue.rs:185:9
    |
180 | pub use crate::os_spr::*;
    |         ---------------- but the name `CollectionOperation` in the type namespace is also re-exported here
...
185 | pub use crate::os_vcs::*;
    |         ^^^^^^^^^^^^^^^^ the name `CollectionOperation` in the type namespace is first re-exported here

warning: ambiguous glob re-exports
   --> 🧰️framework/🛍️products/💻️os/📦️packages/🦀️rust/📦️glue.rs:190:9
    |
179 | pub use crate::os_store::*;
    |         ------------------ but the name `Alternative` in the type namespace is also re-exported here
...
190 | pub use crate::os_dsl::grammar::*;
    |         ^^^^^^^^^^^^^^^^^^^^^^^^^ the name `Alternative` in the type namespace is first re-exported here

warning: unused import: `crate::os_dsl::core::*`
   --> 🧰️framework/🛍️products/💻️os/📦️packages/🦀️rust/📦️glue.rs:191:9
    |
191 | pub use crate::os_dsl::core::*;
    |         ^^^^^^^^^^^^^^^^^^^^^^
    |
    = note: `#[warn(unused_imports)]` (part of `#[warn(unused)]`) on by default

warning: unused variable: `len`
    --> 🧰️framework/🛍️products/💻️os/📦️packages/🦀️rust/./../../🔨️modules/🗣️dsl/🫀️core/🦀️component.rs:1083:21
     |
1083 |                 let len = end_j - i;
     |                     ^^^ help: if this is intentional, prefix it with an underscore: `_len`
     |
     = note: `#[warn(unused_variables)]` (part of `#[warn(unused)]`) on by default

error[E0004]: non-exhaustive patterns: `&schema::Shape::EmbedFrom(_)` not covered
    --> 🧰️framework/🛍️products/💻️os/📦️packages/🦀️rust/./../../🔨️modules/🎒️pack/🔢️value/🦀️component.rs:1188:11
     |
1188 |     match shape {
     |           ^^^^^ pattern `&schema::Shape::EmbedFrom(_)` not covered
     |
note: `schema::Shape` defined here
    --> 🧰️framework/🛍️products/💻️os/📦️packages/🦀️rust/./../../🔨️modules/🗣️dsl/🧬️schema/🦀️component.rs:33:10
     |
  33 | pub enum Shape {
     |          ^^^^^
...
 116 |     EmbedFrom(&'static str),
     |     --------- not covered
     = note: the matched value is of type `&schema::Shape`
help: ensure that all possible cases are being handled by adding a match arm with a wildcard pattern or an explicit pattern as shown
     |
1214 ~         Shape::Embed(_) => 26,
1215 ~         &schema::Shape::EmbedFrom(_) => todo!(),
     |

Some errors have detailed explanations: E0004, E0753.
For more information about an error, try `rustc --explain E0004`.
warning: `semio-framework-os-kernel` (lib) generated 34 warnings
error: could not compile `semio-framework-os-kernel` (lib) due to 18 previous errors; 34 warnings emitted
