   Compiling proc-macro2 v1.0.106
   Compiling unicode-ident v1.0.24
   Compiling quote v1.0.45
   Compiling zmij v1.0.21
   Compiling serde_core v1.0.228
   Compiling serde v1.0.228
   Compiling shlex v1.3.0
   Compiling find-msvc-tools v0.1.9
    Checking arrayvec v0.7.6
    Checking cfg-if v1.0.4
   Compiling serde_json v1.0.149
    Checking memchr v2.8.0
    Checking itoa v1.0.18
   Compiling libc v0.2.186
   Compiling cc v1.2.62
    Checking simd-adler32 v0.3.9
   Compiling thiserror v2.0.18
    Checking adler2 v2.0.1
   Compiling crc32fast v1.5.0
    Checking semio-framework-trace v0.1.0 (/Users/ueli/Documents/semio/🧰️framework/🔨️modules/⏱️trace/📦️packages/🦀️rust)
   Compiling foldhash v0.2.0
    Checking equivalent v1.0.2
   Compiling blake3 v1.8.5
    Checking arrayref v0.3.9
    Checking constant_time_eq v0.4.2
    Checking miniz_oxide v0.8.9
   Compiling hashbrown v0.17.1
    Checking pin-project-lite v0.2.17
   Compiling anyhow v1.0.104
    Checking smallvec v1.15.1
   Compiling semver v1.0.28
   Compiling bitflags v2.11.1
    Checking futures-core v0.3.32
   Compiling indexmap v2.14.0
    Checking polycool v0.4.0
   Compiling zip v2.4.2
    Checking futures-io v0.3.32
    Checking base64 v0.22.1
    Checking bumpalo v3.20.2
    Checking fastrand v2.4.1
   Compiling syn v2.0.117
    Checking log v0.4.29
   Compiling wasmparser v0.247.0
    Checking parking v2.2.1
    Checking kurbo v0.13.1
    Checking flate2 v1.1.9
    Checking socket2 v0.6.4
   Compiling serde_derive v1.0.228
   Compiling thiserror-impl v2.0.18
    Checking futures-lite v2.6.1
    Checking zopfli v0.8.3
   Compiling futures-macro v0.3.32
   Compiling tokio-macros v2.7.0
   Compiling displaydoc v0.2.5
    Checking mio v1.2.1
    Checking futures-task v0.3.32
    Checking slab v0.4.12
   Compiling prettyplease v0.2.37
    Checking futures-sink v0.3.32
    Checking semio-framework-async v0.1.0 (/Users/ueli/Documents/semio/🧰️framework/🔨️modules/⏳️async/📦️packages/🦀️rust)
    Checking semio-framework-replication v0.1.0 (/Users/ueli/Documents/semio/🧰️framework/🔨️modules/📡️replication/📦️packages/🦀️rust)
    Checking semio-framework-geometry v0.1.0 (/Users/ueli/Documents/semio/🧰️framework/🔨️modules/📐️geometry/📦️packages/🦀️rust)
   Compiling semio-framework-os-kernel-dsl-derive v0.1.0 (/Users/ueli/Documents/semio/🧰️framework/🛍️products/💻️os/🔨️modules/🗣️dsl/✨️derive/📦️packages/🦀️rust)
   Compiling async-trait v0.1.89
    Checking tokio v1.52.3
    Checking semio-framework-hash v0.1.0 (/Users/ueli/Documents/semio/🧰️framework/🔨️modules/#⃣hash/📦️packages/🦀️rust)
    Checking semio-framework-pack v0.1.0 (/Users/ueli/Documents/semio/🧰️framework/🔨️modules/🎒️pack/📦️packages/🦀️rust)
    Checking semio-framework-ui-styling v0.1.0 (/Users/ueli/Documents/semio/🧰️framework/🔨️modules/🖱️ui/🎨️styling/📦️packages/🦀️rust)
   Compiling id-arena v2.3.0
   Compiling leb128fmt v0.1.0
    Checking futures-util v0.3.32
   Compiling unicode-xid v0.2.6
    Checking semio-framework-ui-contract v0.1.0 (/Users/ueli/Documents/semio/🧰️framework/🔨️modules/🖱️ui/🧬️contract/📦️packages/🦀️rust)
   Compiling inflections v1.1.1
   Compiling wit-bindgen-rust v0.57.1
   Compiling heck v0.5.0
    Checking semio-framework-job v0.1.0 (/Users/ueli/Documents/semio/🧰️framework/🔨️modules/🧵️job/📦️packages/🦀️rust)
    Checking byteorder v1.5.0
   Compiling wit-bindgen-rust-macro v0.57.1
    Checking lazy_static v1.5.0
   Compiling semio-framework-ui v0.1.0 (/Users/ueli/Documents/semio/🧰️framework/🔨️modules/🖱️ui/📦️packages/🦀️rust)
   Compiling wasm-encoder v0.247.0
    Checking semio-framework-ui-scene v0.1.0 (/Users/ueli/Documents/semio/🧰️framework/🔨️modules/🖱️ui/🎬️scene/📦️packages/🦀️rust)
   Compiling macro-string v0.2.0
    Checking semio-framework-os-kernel v0.1.0 (/Users/ueli/Documents/semio/🧰️framework/🛍️products/💻️os/📦️packages/🦀️rust)
   Compiling wit-parser v0.247.0
   Compiling wit-bindgen v0.57.1
   Compiling autocfg v1.5.0
   Compiling gltf-derive v1.4.1
   Compiling pkg-config v0.3.33
    Checking gltf-json v1.4.1
   Compiling semio-framework-schema v0.1.0 (/Users/ueli/Documents/semio/🧰️framework/🔨️modules/🧬️schema/📦️packages/🦀️rust)
   Compiling vcpkg v0.2.15
    Checking semio-framework-actor v0.1.0 (/Users/ueli/Documents/semio/🧰️framework/🔨️modules/🎭️actor/📦️packages/🦀️rust)
   Compiling semio-framework-schema-derive v0.1.0 (/Users/ueli/Documents/semio/🧰️framework/🔨️modules/🧬️schema/✨️derive/📦️packages/🦀️rust)
   Compiling semio-framework-dispatch-macros v0.1.0 (/Users/ueli/Documents/semio/🧰️framework/🔨️modules/🔀️dispatch/📦️packages/🦀️rust)
   Compiling semio-framework-graph v0.1.0 (/Users/ueli/Documents/semio/🧰️framework/🔨️modules/🕸️graph/📦️packages/🦀️rust)
    Checking semio-framework-ui-runtime v0.1.0 (/Users/ueli/Documents/semio/🧰️framework/🔨️modules/🖱️ui/🧠️runtime/📦️packages/🦀️rust)
    Checking semio-framework-os-kernel-neural-engine v0.1.0 (/Users/ueli/Documents/semio/🧰️framework/🛍️products/💻️os/🔨️modules/🧠️neural/⚙️engine/📦️packages/🦀️rust)
    Checking allocator-api2 v0.2.21
   Compiling wasm-metadata v0.247.0
    Checking semio-framework-number v0.1.0 (/Users/ueli/Documents/semio/🧰️framework/🔨️modules/🔢️number/📦️packages/🦀️rust)
    Checking semio-framework-3d v0.1.0 (/Users/ueli/Documents/semio/🧰️framework/🔨️modules/🧊️3d/📦️packages/🦀️rust)
    Checking semio-framework-math v0.1.0 (/Users/ueli/Documents/semio/🧰️framework/🔨️modules/🧮️math/📦️packages/🦀️rust)
    Checking robust v1.2.0
   Compiling wit-bindgen-core v0.57.1
   Compiling num-traits v0.2.19
    Checking pollster v0.4.0
    Checking gltf v1.4.1
   Compiling libz-sys v1.1.29
   Compiling wit-component v0.247.0
    Checking hashbrown v0.16.1
    Checking semio-framework-mesh-engine v0.1.0 (/Users/ueli/Documents/semio/🧰️framework/🔨️modules/🔺️mesh-engine/📦️packages/🦀️rust)
    Checking semio-framework v0.1.0 (/Users/ueli/Documents/semio/🧰️framework/📦️packages/🦀️rust)
    Checking spade v2.15.1
    Checking semio-framework-plugin v0.1.0 (/Users/ueli/Documents/semio/🧰️framework/🛍️products/💻️os/🔨️modules/🔌️plugin/📦️packages/🦀️rust)
    Checking semio-s-plugin-stdio v0.1.0 (/Users/ueli/Documents/semio/✏️s/🔌️plugins/🗄️stdio/📦️packages/🦀️rust)
error: could not compile `semio-s-plugin-stdio` (lib) due to 856 previous errors; 176 warnings emitted
